WARNING:__main__:
*****************************************
Setting OMP_NUM_THREADS environment variable for each process to be 1 in default, to avoid your system being overloaded, please further tune the variable for optimal performance in your application as needed. 
*****************************************
[*] Image size: 1280
[*] Starting new training using pretrained weight: ./pretrained/yolov12s.pt
task: detect
Transferred 739/739 items from pretrained weights
Ultralytics 8.3.63 🚀 Python-3.11.13 torch-2.2.2+cu121 CUDA:0 (NVIDIA RTX 6000 Ada Generation, 48509MiB)
                                                       CUDA:1 (NVIDIA RTX 6000 Ada Generation, 48509MiB)
Overriding model.yaml nc=80 with nc=10
Transferred 733/739 items from pretrained weights
Not transferred items (6):
  - [Shape Mismatch] model.21.cv3.0.2.bias: model [10] != pretrained [80]
  - [Shape Mismatch] model.21.cv3.0.2.weight: model [10, 128, 1, 1] != pretrained [80, 128, 1, 1]
  - [Shape Mismatch] model.21.cv3.1.2.bias: model [10] != pretrained [80]
  - [Shape Mismatch] model.21.cv3.1.2.weight: model [10, 128, 1, 1] != pretrained [80, 128, 1, 1]
  - [Shape Mismatch] model.21.cv3.2.2.bias: model [10] != pretrained [80]
  - [Shape Mismatch] model.21.cv3.2.2.weight: model [10, 128, 1, 1] != pretrained [80, 128, 1, 1]
Freezing layer 'model.21.dfl.conv.weight'
[34m[1mAMP: [0mrunning Automatic Mixed Precision (AMP) checks...
task: None
[34m[1mAMP: [0mchecks passed ✅
[34m[1mtrain: [0mScanning /media/data/bdd100k_yolo/train/labels.cache... 70000 images, 0 backgrounds, 0 corrupt: 100%|██████████| 70000/70000 [00:00<?, ?it/s][34m[1mtrain: [0mScanning /media/data/bdd100k_yolo/train/labels.cache... 70000 images, 0 backgrounds, 0 corrupt: 100%|██████████| 70000/70000 [00:00<?, ?it/s]
[34m[1mtrain: [0mWARNING ⚠️ /media/data/bdd100k_yolo/train/images/75055858-7d04a650.jpg: 1 duplicate labels removed
/home/hslee/anaconda3/envs/yolov12/lib/python3.11/site-packages/albumentations/__init__.py:28: UserWarning: A new version of Albumentations is available: '2.0.8' (you have '2.0.4'). Upgrade using: pip install -U albumentations. To disable automatic update checks, set the environment variable NO_ALBUMENTATIONS_UPDATE to 1.
  check_for_updates()
[34m[1malbumentations: [0mBlur(p=0.01, blur_limit=(3, 7)), MedianBlur(p=0.01, blur_limit=(3, 7)), ToGray(p=0.01, num_output_channels=3, method='weighted_average'), CLAHE(p=0.01, clip_limit=(1.0, 4.0), tile_grid_size=(8, 8))
WARNING ⚠️ 'rect=True' is incompatible with DataLoader shuffle, setting shuffle=False
[34m[1mval: [0mScanning /media/data/bdd100k_yolo/val/labels.cache... 10000 images, 0 backgrounds, 0 corrupt: 100%|██████████| 10000/10000 [00:00<?, ?it/s][34m[1mval: [0mScanning /media/data/bdd100k_yolo/val/labels.cache... 10000 images, 0 backgrounds, 0 corrupt: 100%|██████████| 10000/10000 [00:00<?, ?it/s]
/home/hslee/anaconda3/envs/yolov12/lib/python3.11/site-packages/albumentations/__init__.py:28: UserWarning: A new version of Albumentations is available: '2.0.8' (you have '2.0.4'). Upgrade using: pip install -U albumentations. To disable automatic update checks, set the environment variable NO_ALBUMENTATIONS_UPDATE to 1.
  check_for_updates()
Plotting labels to runs/bdd100k/detect/baseline-yolov12s/train/labels.jpg... 
[34m[1moptimizer:[0m SGD(lr=0.001, momentum=0.9) with parameter groups 121 weight(decay=0.0), 128 weight(decay=0.0005), 127 bias(decay=0.0)
DistributedDataParallel(
  (module): DetectionModel(
    (model): Sequential(
      (0): Conv(
        (conv): Conv2d(3, 32, kernel_size=(3, 3), stride=(2, 2), padding=(1, 1), bias=False)
        (bn): BatchNorm2d(32, eps=0.001, momentum=0.03, affine=True, track_running_stats=True)
        (act): SiLU(inplace=True)
      )
      (1): Conv(
        (conv): Conv2d(32, 64, kernel_size=(3, 3), stride=(2, 2), padding=(1, 1), groups=2, bias=False)
        (bn): BatchNorm2d(64, eps=0.001, momentum=0.03, affine=True, track_running_stats=True)
        (act): SiLU(inplace=True)
      )
      (2): C3k2(
        (cv1): Conv(
          (conv): Conv2d(64, 64, kernel_size=(1, 1), stride=(1, 1), bias=False)
          (bn): BatchNorm2d(64, eps=0.001, momentum=0.03, affine=True, track_running_stats=True)
          (act): SiLU(inplace=True)
        )
        (cv2): Conv(
          (conv): Conv2d(96, 128, kernel_size=(1, 1), stride=(1, 1), bias=False)
          (bn): BatchNorm2d(128, eps=0.001, momentum=0.03, affine=True, track_running_stats=True)
          (act): SiLU(inplace=True)
        )
        (m): ModuleList(
          (0): Bottleneck(
            (cv1): Conv(
              (conv): Conv2d(32, 16, kernel_size=(3, 3), stride=(1, 1), padding=(1, 1), bias=False)
              (bn): BatchNorm2d(16, eps=0.001, momentum=0.03, affine=True, track_running_stats=True)
              (act): SiLU(inplace=True)
            )
            (cv2): Conv(
              (conv): Conv2d(16, 32, kernel_size=(3, 3), stride=(1, 1), padding=(1, 1), bias=False)
              (bn): BatchNorm2d(32, eps=0.001, momentum=0.03, affine=True, track_running_stats=True)
              (act): SiLU(inplace=True)
            )
          )
        )
      )
      (3): Conv(
        (conv): Conv2d(128, 128, kernel_size=(3, 3), stride=(2, 2), padding=(1, 1), groups=4, bias=False)
        (bn): BatchNorm2d(128, eps=0.001, momentum=0.03, affine=True, track_running_stats=True)
        (act): SiLU(inplace=True)
      )
      (4): C3k2(
        (cv1): Conv(
          (conv): Conv2d(128, 128, kernel_size=(1, 1), stride=(1, 1), bias=False)
          (bn): BatchNorm2d(128, eps=0.001, momentum=0.03, affine=True, track_running_stats=True)
          (act): SiLU(inplace=True)
        )
        (cv2): Conv(
          (conv): Conv2d(192, 256, kernel_size=(1, 1), stride=(1, 1), bias=False)
          (bn): BatchNorm2d(256, eps=0.001, momentum=0.03, affine=True, track_running_stats=True)
          (act): SiLU(inplace=True)
        )
        (m): ModuleList(
          (0): Bottleneck(
            (cv1): Conv(
              (conv): Conv2d(64, 32, kernel_size=(3, 3), stride=(1, 1), padding=(1, 1), bias=False)
              (bn): BatchNorm2d(32, eps=0.001, momentum=0.03, affine=True, track_running_stats=True)
              (act): SiLU(inplace=True)
            )
            (cv2): Conv(
              (conv): Conv2d(32, 64, kernel_size=(3, 3), stride=(1, 1), padding=(1, 1), bias=False)
              (bn): BatchNorm2d(64, eps=0.001, momentum=0.03, affine=True, track_running_stats=True)
              (act): SiLU(inplace=True)
            )
          )
        )
      )
      (5): Conv(
        (conv): Conv2d(256, 256, kernel_size=(3, 3), stride=(2, 2), padding=(1, 1), bias=False)
        (bn): BatchNorm2d(256, eps=0.001, momentum=0.03, affine=True, track_running_stats=True)
        (act): SiLU(inplace=True)
      )
      (6): A2C2f(
        (cv1): Conv(
          (conv): Conv2d(256, 128, kernel_size=(1, 1), stride=(1, 1), bias=False)
          (bn): BatchNorm2d(128, eps=0.001, momentum=0.03, affine=True, track_running_stats=True)
          (act): SiLU(inplace=True)
        )
        (cv2): Conv(
          (conv): Conv2d(384, 256, kernel_size=(1, 1), stride=(1, 1), bias=False)
          (bn): BatchNorm2d(256, eps=0.001, momentum=0.03, affine=True, track_running_stats=True)
          (act): SiLU(inplace=True)
        )
        (m): ModuleList(
          (0-1): 2 x Sequential(
            (0): ABlock(
              (attn): AAttn(
                (qk): Conv(
                  (conv): Conv2d(128, 256, kernel_size=(1, 1), stride=(1, 1), bias=False)
                  (bn): BatchNorm2d(256, eps=0.001, momentum=0.03, affine=True, track_running_stats=True)
                  (act): Identity()
                )
                (v): Conv(
                  (conv): Conv2d(128, 128, kernel_size=(1, 1), stride=(1, 1), bias=False)
                  (bn): BatchNorm2d(128, eps=0.001, momentum=0.03, affine=True, track_running_stats=True)
                  (act): Identity()
                )
                (proj): Conv(
                  (conv): Conv2d(128, 128, kernel_size=(1, 1), stride=(1, 1), bias=False)
                  (bn): BatchNorm2d(128, eps=0.001, momentum=0.03, affine=True, track_running_stats=True)
                  (act): Identity()
                )
                (pe): Conv(
                  (conv): Conv2d(128, 128, kernel_size=(5, 5), stride=(1, 1), padding=(2, 2), groups=128, bias=False)
                  (bn): BatchNorm2d(128, eps=0.001, momentum=0.03, affine=True, track_running_stats=True)
                  (act): Identity()
                )
              )
              (mlp): Sequential(
                (0): Conv(
                  (conv): Conv2d(128, 256, kernel_size=(1, 1), stride=(1, 1), bias=False)
                  (bn): BatchNorm2d(256, eps=0.001, momentum=0.03, affine=True, track_running_stats=True)
                  (act): SiLU(inplace=True)
                )
                (1): Conv(
                  (conv): Conv2d(256, 128, kernel_size=(1, 1), stride=(1, 1), bias=False)
                  (bn): BatchNorm2d(128, eps=0.001, momentum=0.03, affine=True, track_running_stats=True)
                  (act): Identity()
                )
              )
            )
            (1): ABlock(
              (attn): AAttn(
                (qk): Conv(
                  (conv): Conv2d(128, 256, kernel_size=(1, 1), stride=(1, 1), bias=False)
                  (bn): BatchNorm2d(256, eps=0.001, momentum=0.03, affine=True, track_running_stats=True)
                  (act): Identity()
                )
                (v): Conv(
                  (conv): Conv2d(128, 128, kernel_size=(1, 1), stride=(1, 1), bias=False)
                  (bn): BatchNorm2d(128, eps=0.001, momentum=0.03, affine=True, track_running_stats=True)
                  (act): Identity()
                )
                (proj): Conv(
                  (conv): Conv2d(128, 128, kernel_size=(1, 1), stride=(1, 1), bias=False)
                  (bn): BatchNorm2d(128, eps=0.001, momentum=0.03, affine=True, track_running_stats=True)
                  (act): Identity()
                )
                (pe): Conv(
                  (conv): Conv2d(128, 128, kernel_size=(5, 5), stride=(1, 1), padding=(2, 2), groups=128, bias=False)
                  (bn): BatchNorm2d(128, eps=0.001, momentum=0.03, affine=True, track_running_stats=True)
                  (act): Identity()
                )
              )
              (mlp): Sequential(
                (0): Conv(
                  (conv): Conv2d(128, 256, kernel_size=(1, 1), stride=(1, 1), bias=False)
                  (bn): BatchNorm2d(256, eps=0.001, momentum=0.03, affine=True, track_running_stats=True)
                  (act): SiLU(inplace=True)
                )
                (1): Conv(
                  (conv): Conv2d(256, 128, kernel_size=(1, 1), stride=(1, 1), bias=False)
                  (bn): BatchNorm2d(128, eps=0.001, momentum=0.03, affine=True, track_running_stats=True)
                  (act): Identity()
                )
              )
            )
          )
        )
      )
      (7): Conv(
        (conv): Conv2d(256, 512, kernel_size=(3, 3), stride=(2, 2), padding=(1, 1), bias=False)
        (bn): BatchNorm2d(512, eps=0.001, momentum=0.03, affine=True, track_running_stats=True)
        (act): SiLU(inplace=True)
      )
      (8): A2C2f(
        (cv1): Conv(
          (conv): Conv2d(512, 256, kernel_size=(1, 1), stride=(1, 1), bias=False)
          (bn): BatchNorm2d(256, eps=0.001, momentum=0.03, affine=True, track_running_stats=True)
          (act): SiLU(inplace=True)
        )
        (cv2): Conv(
          (conv): Conv2d(768, 512, kernel_size=(1, 1), stride=(1, 1), bias=False)
          (bn): BatchNorm2d(512, eps=0.001, momentum=0.03, affine=True, track_running_stats=True)
          (act): SiLU(inplace=True)
        )
        (m): ModuleList(
          (0-1): 2 x Sequential(
            (0): ABlock(
              (attn): AAttn(
                (qk): Conv(
                  (conv): Conv2d(256, 512, kernel_size=(1, 1), stride=(1, 1), bias=False)
                  (bn): BatchNorm2d(512, eps=0.001, momentum=0.03, affine=True, track_running_stats=True)
                  (act): Identity()
                )
                (v): Conv(
                  (conv): Conv2d(256, 256, kernel_size=(1, 1), stride=(1, 1), bias=False)
                  (bn): BatchNorm2d(256, eps=0.001, momentum=0.03, affine=True, track_running_stats=True)
                  (act): Identity()
                )
                (proj): Conv(
                  (conv): Conv2d(256, 256, kernel_size=(1, 1), stride=(1, 1), bias=False)
                  (bn): BatchNorm2d(256, eps=0.001, momentum=0.03, affine=True, track_running_stats=True)
                  (act): Identity()
                )
                (pe): Conv(
                  (conv): Conv2d(256, 256, kernel_size=(5, 5), stride=(1, 1), padding=(2, 2), groups=256, bias=False)
                  (bn): BatchNorm2d(256, eps=0.001, momentum=0.03, affine=True, track_running_stats=True)
                  (act): Identity()
                )
              )
              (mlp): Sequential(
                (0): Conv(
                  (conv): Conv2d(256, 512, kernel_size=(1, 1), stride=(1, 1), bias=False)
                  (bn): BatchNorm2d(512, eps=0.001, momentum=0.03, affine=True, track_running_stats=True)
                  (act): SiLU(inplace=True)
                )
                (1): Conv(
                  (conv): Conv2d(512, 256, kernel_size=(1, 1), stride=(1, 1), bias=False)
                  (bn): BatchNorm2d(256, eps=0.001, momentum=0.03, affine=True, track_running_stats=True)
                  (act): Identity()
                )
              )
            )
            (1): ABlock(
              (attn): AAttn(
                (qk): Conv(
                  (conv): Conv2d(256, 512, kernel_size=(1, 1), stride=(1, 1), bias=False)
                  (bn): BatchNorm2d(512, eps=0.001, momentum=0.03, affine=True, track_running_stats=True)
                  (act): Identity()
                )
                (v): Conv(
                  (conv): Conv2d(256, 256, kernel_size=(1, 1), stride=(1, 1), bias=False)
                  (bn): BatchNorm2d(256, eps=0.001, momentum=0.03, affine=True, track_running_stats=True)
                  (act): Identity()
                )
                (proj): Conv(
                  (conv): Conv2d(256, 256, kernel_size=(1, 1), stride=(1, 1), bias=False)
                  (bn): BatchNorm2d(256, eps=0.001, momentum=0.03, affine=True, track_running_stats=True)
                  (act): Identity()
                )
                (pe): Conv(
                  (conv): Conv2d(256, 256, kernel_size=(5, 5), stride=(1, 1), padding=(2, 2), groups=256, bias=False)
                  (bn): BatchNorm2d(256, eps=0.001, momentum=0.03, affine=True, track_running_stats=True)
                  (act): Identity()
                )
              )
              (mlp): Sequential(
                (0): Conv(
                  (conv): Conv2d(256, 512, kernel_size=(1, 1), stride=(1, 1), bias=False)
                  (bn): BatchNorm2d(512, eps=0.001, momentum=0.03, affine=True, track_running_stats=True)
                  (act): SiLU(inplace=True)
                )
                (1): Conv(
                  (conv): Conv2d(512, 256, kernel_size=(1, 1), stride=(1, 1), bias=False)
                  (bn): BatchNorm2d(256, eps=0.001, momentum=0.03, affine=True, track_running_stats=True)
                  (act): Identity()
                )
              )
            )
          )
        )
      )
      (9): Upsample(scale_factor=2.0, mode='nearest')
      (10): Concat()
      (11): A2C2f(
        (cv1): Conv(
          (conv): Conv2d(768, 128, kernel_size=(1, 1), stride=(1, 1), bias=False)
          (bn): BatchNorm2d(128, eps=0.001, momentum=0.03, affine=True, track_running_stats=True)
          (act): SiLU(inplace=True)
        )
        (cv2): Conv(
          (conv): Conv2d(256, 256, kernel_size=(1, 1), stride=(1, 1), bias=False)
          (bn): BatchNorm2d(256, eps=0.001, momentum=0.03, affine=True, track_running_stats=True)
          (act): SiLU(inplace=True)
        )
        (m): ModuleList(
          (0): C3k(
            (cv1): Conv(
              (conv): Conv2d(128, 64, kernel_size=(1, 1), stride=(1, 1), bias=False)
              (bn): BatchNorm2d(64, eps=0.001, momentum=0.03, affine=True, track_running_stats=True)
              (act): SiLU(inplace=True)
            )
            (cv2): Conv(
              (conv): Conv2d(128, 64, kernel_size=(1, 1), stride=(1, 1), bias=False)
              (bn): BatchNorm2d(64, eps=0.001, momentum=0.03, affine=True, track_running_stats=True)
              (act): SiLU(inplace=True)
            )
            (cv3): Conv(
              (conv): Conv2d(128, 128, kernel_size=(1, 1), stride=(1, 1), bias=False)
              (bn): BatchNorm2d(128, eps=0.001, momentum=0.03, affine=True, track_running_stats=True)
              (act): SiLU(inplace=True)
            )
            (m): Sequential(
              (0): Bottleneck(
                (cv1): Conv(
                  (conv): Conv2d(64, 64, kernel_size=(3, 3), stride=(1, 1), padding=(1, 1), bias=False)
                  (bn): BatchNorm2d(64, eps=0.001, momentum=0.03, affine=True, track_running_stats=True)
                  (act): SiLU(inplace=True)
                )
                (cv2): Conv(
                  (conv): Conv2d(64, 64, kernel_size=(3, 3), stride=(1, 1), padding=(1, 1), bias=False)
                  (bn): BatchNorm2d(64, eps=0.001, momentum=0.03, affine=True, track_running_stats=True)
                  (act): SiLU(inplace=True)
                )
              )
              (1): Bottleneck(
                (cv1): Conv(
                  (conv): Conv2d(64, 64, kernel_size=(3, 3), stride=(1, 1), padding=(1, 1), bias=False)
                  (bn): BatchNorm2d(64, eps=0.001, momentum=0.03, affine=True, track_running_stats=True)
                  (act): SiLU(inplace=True)
                )
                (cv2): Conv(
                  (conv): Conv2d(64, 64, kernel_size=(3, 3), stride=(1, 1), padding=(1, 1), bias=False)
                  (bn): BatchNorm2d(64, eps=0.001, momentum=0.03, affine=True, track_running_stats=True)
                  (act): SiLU(inplace=True)
                )
              )
            )
          )
        )
      )
      (12): Upsample(scale_factor=2.0, mode='nearest')
      (13): Concat()
      (14): A2C2f(
        (cv1): Conv(
          (conv): Conv2d(512, 64, kernel_size=(1, 1), stride=(1, 1), bias=False)
          (bn): BatchNorm2d(64, eps=0.001, momentum=0.03, affine=True, track_running_stats=True)
          (act): SiLU(inplace=True)
        )
        (cv2): Conv(
          (conv): Conv2d(128, 128, kernel_size=(1, 1), stride=(1, 1), bias=False)
          (bn): BatchNorm2d(128, eps=0.001, momentum=0.03, affine=True, track_running_stats=True)
          (act): SiLU(inplace=True)
        )
        (m): ModuleList(
          (0): C3k(
            (cv1): Conv(
              (conv): Conv2d(64, 32, kernel_size=(1, 1), stride=(1, 1), bias=False)
              (bn): BatchNorm2d(32, eps=0.001, momentum=0.03, affine=True, track_running_stats=True)
              (act): SiLU(inplace=True)
            )
            (cv2): Conv(
              (conv): Conv2d(64, 32, kernel_size=(1, 1), stride=(1, 1), bias=False)
              (bn): BatchNorm2d(32, eps=0.001, momentum=0.03, affine=True, track_running_stats=True)
              (act): SiLU(inplace=True)
            )
            (cv3): Conv(
              (conv): Conv2d(64, 64, kernel_size=(1, 1), stride=(1, 1), bias=False)
              (bn): BatchNorm2d(64, eps=0.001, momentum=0.03, affine=True, track_running_stats=True)
              (act): SiLU(inplace=True)
            )
            (m): Sequential(
              (0): Bottleneck(
                (cv1): Conv(
                  (conv): Conv2d(32, 32, kernel_size=(3, 3), stride=(1, 1), padding=(1, 1), bias=False)
                  (bn): BatchNorm2d(32, eps=0.001, momentum=0.03, affine=True, track_running_stats=True)
                  (act): SiLU(inplace=True)
                )
                (cv2): Conv(
                  (conv): Conv2d(32, 32, kernel_size=(3, 3), stride=(1, 1), padding=(1, 1), bias=False)
                  (bn): BatchNorm2d(32, eps=0.001, momentum=0.03, affine=True, track_running_stats=True)
                  (act): SiLU(inplace=True)
                )
              )
              (1): Bottleneck(
                (cv1): Conv(
                  (conv): Conv2d(32, 32, kernel_size=(3, 3), stride=(1, 1), padding=(1, 1), bias=False)
                  (bn): BatchNorm2d(32, eps=0.001, momentum=0.03, affine=True, track_running_stats=True)
                  (act): SiLU(inplace=True)
                )
                (cv2): Conv(
                  (conv): Conv2d(32, 32, kernel_size=(3, 3), stride=(1, 1), padding=(1, 1), bias=False)
                  (bn): BatchNorm2d(32, eps=0.001, momentum=0.03, affine=True, track_running_stats=True)
                  (act): SiLU(inplace=True)
                )
              )
            )
          )
        )
      )
      (15): Conv(
        (conv): Conv2d(128, 128, kernel_size=(3, 3), stride=(2, 2), padding=(1, 1), bias=False)
        (bn): BatchNorm2d(128, eps=0.001, momentum=0.03, affine=True, track_running_stats=True)
        (act): SiLU(inplace=True)
      )
      (16): Concat()
      (17): A2C2f(
        (cv1): Conv(
          (conv): Conv2d(384, 128, kernel_size=(1, 1), stride=(1, 1), bias=False)
          (bn): BatchNorm2d(128, eps=0.001, momentum=0.03, affine=True, track_running_stats=True)
          (act): SiLU(inplace=True)
        )
        (cv2): Conv(
          (conv): Conv2d(256, 256, kernel_size=(1, 1), stride=(1, 1), bias=False)
          (bn): BatchNorm2d(256, eps=0.001, momentum=0.03, affine=True, track_running_stats=True)
          (act): SiLU(inplace=True)
        )
        (m): ModuleList(
          (0): C3k(
            (cv1): Conv(
              (conv): Conv2d(128, 64, kernel_size=(1, 1), stride=(1, 1), bias=False)
              (bn): BatchNorm2d(64, eps=0.001, momentum=0.03, affine=True, track_running_stats=True)
              (act): SiLU(inplace=True)
            )
            (cv2): Conv(
              (conv): Conv2d(128, 64, kernel_size=(1, 1), stride=(1, 1), bias=False)
              (bn): BatchNorm2d(64, eps=0.001, momentum=0.03, affine=True, track_running_stats=True)
              (act): SiLU(inplace=True)
            )
            (cv3): Conv(
              (conv): Conv2d(128, 128, kernel_size=(1, 1), stride=(1, 1), bias=False)
              (bn): BatchNorm2d(128, eps=0.001, momentum=0.03, affine=True, track_running_stats=True)
              (act): SiLU(inplace=True)
            )
            (m): Sequential(
              (0): Bottleneck(
                (cv1): Conv(
                  (conv): Conv2d(64, 64, kernel_size=(3, 3), stride=(1, 1), padding=(1, 1), bias=False)
                  (bn): BatchNorm2d(64, eps=0.001, momentum=0.03, affine=True, track_running_stats=True)
                  (act): SiLU(inplace=True)
                )
                (cv2): Conv(
                  (conv): Conv2d(64, 64, kernel_size=(3, 3), stride=(1, 1), padding=(1, 1), bias=False)
                  (bn): BatchNorm2d(64, eps=0.001, momentum=0.03, affine=True, track_running_stats=True)
                  (act): SiLU(inplace=True)
                )
              )
              (1): Bottleneck(
                (cv1): Conv(
                  (conv): Conv2d(64, 64, kernel_size=(3, 3), stride=(1, 1), padding=(1, 1), bias=False)
                  (bn): BatchNorm2d(64, eps=0.001, momentum=0.03, affine=True, track_running_stats=True)
                  (act): SiLU(inplace=True)
                )
                (cv2): Conv(
                  (conv): Conv2d(64, 64, kernel_size=(3, 3), stride=(1, 1), padding=(1, 1), bias=False)
                  (bn): BatchNorm2d(64, eps=0.001, momentum=0.03, affine=True, track_running_stats=True)
                  (act): SiLU(inplace=True)
                )
              )
            )
          )
        )
      )
      (18): Conv(
        (conv): Conv2d(256, 256, kernel_size=(3, 3), stride=(2, 2), padding=(1, 1), bias=False)
        (bn): BatchNorm2d(256, eps=0.001, momentum=0.03, affine=True, track_running_stats=True)
        (act): SiLU(inplace=True)
      )
      (19): Concat()
      (20): C3k2(
        (cv1): Conv(
          (conv): Conv2d(768, 512, kernel_size=(1, 1), stride=(1, 1), bias=False)
          (bn): BatchNorm2d(512, eps=0.001, momentum=0.03, affine=True, track_running_stats=True)
          (act): SiLU(inplace=True)
        )
        (cv2): Conv(
          (conv): Conv2d(768, 512, kernel_size=(1, 1), stride=(1, 1), bias=False)
          (bn): BatchNorm2d(512, eps=0.001, momentum=0.03, affine=True, track_running_stats=True)
          (act): SiLU(inplace=True)
        )
        (m): ModuleList(
          (0): C3k(
            (cv1): Conv(
              (conv): Conv2d(256, 128, kernel_size=(1, 1), stride=(1, 1), bias=False)
              (bn): BatchNorm2d(128, eps=0.001, momentum=0.03, affine=True, track_running_stats=True)
              (act): SiLU(inplace=True)
            )
            (cv2): Conv(
              (conv): Conv2d(256, 128, kernel_size=(1, 1), stride=(1, 1), bias=False)
              (bn): BatchNorm2d(128, eps=0.001, momentum=0.03, affine=True, track_running_stats=True)
              (act): SiLU(inplace=True)
            )
            (cv3): Conv(
              (conv): Conv2d(256, 256, kernel_size=(1, 1), stride=(1, 1), bias=False)
              (bn): BatchNorm2d(256, eps=0.001, momentum=0.03, affine=True, track_running_stats=True)
              (act): SiLU(inplace=True)
            )
            (m): Sequential(
              (0): Bottleneck(
                (cv1): Conv(
                  (conv): Conv2d(128, 128, kernel_size=(3, 3), stride=(1, 1), padding=(1, 1), bias=False)
                  (bn): BatchNorm2d(128, eps=0.001, momentum=0.03, affine=True, track_running_stats=True)
                  (act): SiLU(inplace=True)
                )
                (cv2): Conv(
                  (conv): Conv2d(128, 128, kernel_size=(3, 3), stride=(1, 1), padding=(1, 1), bias=False)
                  (bn): BatchNorm2d(128, eps=0.001, momentum=0.03, affine=True, track_running_stats=True)
                  (act): SiLU(inplace=True)
                )
              )
              (1): Bottleneck(
                (cv1): Conv(
                  (conv): Conv2d(128, 128, kernel_size=(3, 3), stride=(1, 1), padding=(1, 1), bias=False)
                  (bn): BatchNorm2d(128, eps=0.001, momentum=0.03, affine=True, track_running_stats=True)
                  (act): SiLU(inplace=True)
                )
                (cv2): Conv(
                  (conv): Conv2d(128, 128, kernel_size=(3, 3), stride=(1, 1), padding=(1, 1), bias=False)
                  (bn): BatchNorm2d(128, eps=0.001, momentum=0.03, affine=True, track_running_stats=True)
                  (act): SiLU(inplace=True)
                )
              )
            )
          )
        )
      )
      (21): Detect(
        (cv2): ModuleList(
          (0): Sequential(
            (0): Conv(
              (conv): Conv2d(128, 64, kernel_size=(3, 3), stride=(1, 1), padding=(1, 1), bias=False)
              (bn): BatchNorm2d(64, eps=0.001, momentum=0.03, affine=True, track_running_stats=True)
              (act): SiLU(inplace=True)
            )
            (1): Conv(
              (conv): Conv2d(64, 64, kernel_size=(3, 3), stride=(1, 1), padding=(1, 1), bias=False)
              (bn): BatchNorm2d(64, eps=0.001, momentum=0.03, affine=True, track_running_stats=True)
              (act): SiLU(inplace=True)
            )
            (2): Conv2d(64, 64, kernel_size=(1, 1), stride=(1, 1))
          )
          (1): Sequential(
            (0): Conv(
              (conv): Conv2d(256, 64, kernel_size=(3, 3), stride=(1, 1), padding=(1, 1), bias=False)
              (bn): BatchNorm2d(64, eps=0.001, momentum=0.03, affine=True, track_running_stats=True)
              (act): SiLU(inplace=True)
            )
            (1): Conv(
              (conv): Conv2d(64, 64, kernel_size=(3, 3), stride=(1, 1), padding=(1, 1), bias=False)
              (bn): BatchNorm2d(64, eps=0.001, momentum=0.03, affine=True, track_running_stats=True)
              (act): SiLU(inplace=True)
            )
            (2): Conv2d(64, 64, kernel_size=(1, 1), stride=(1, 1))
          )
          (2): Sequential(
            (0): Conv(
              (conv): Conv2d(512, 64, kernel_size=(3, 3), stride=(1, 1), padding=(1, 1), bias=False)
              (bn): BatchNorm2d(64, eps=0.001, momentum=0.03, affine=True, track_running_stats=True)
              (act): SiLU(inplace=True)
            )
            (1): Conv(
              (conv): Conv2d(64, 64, kernel_size=(3, 3), stride=(1, 1), padding=(1, 1), bias=False)
              (bn): BatchNorm2d(64, eps=0.001, momentum=0.03, affine=True, track_running_stats=True)
              (act): SiLU(inplace=True)
            )
            (2): Conv2d(64, 64, kernel_size=(1, 1), stride=(1, 1))
          )
        )
        (cv3): ModuleList(
          (0): Sequential(
            (0): Sequential(
              (0): DWConv(
                (conv): Conv2d(128, 128, kernel_size=(3, 3), stride=(1, 1), padding=(1, 1), groups=128, bias=False)
                (bn): BatchNorm2d(128, eps=0.001, momentum=0.03, affine=True, track_running_stats=True)
                (act): SiLU(inplace=True)
              )
              (1): Conv(
                (conv): Conv2d(128, 128, kernel_size=(1, 1), stride=(1, 1), bias=False)
                (bn): BatchNorm2d(128, eps=0.001, momentum=0.03, affine=True, track_running_stats=True)
                (act): SiLU(inplace=True)
              )
            )
            (1): Sequential(
              (0): DWConv(
                (conv): Conv2d(128, 128, kernel_size=(3, 3), stride=(1, 1), padding=(1, 1), groups=128, bias=False)
                (bn): BatchNorm2d(128, eps=0.001, momentum=0.03, affine=True, track_running_stats=True)
                (act): SiLU(inplace=True)
              )
              (1): Conv(
                (conv): Conv2d(128, 128, kernel_size=(1, 1), stride=(1, 1), bias=False)
                (bn): BatchNorm2d(128, eps=0.001, momentum=0.03, affine=True, track_running_stats=True)
                (act): SiLU(inplace=True)
              )
            )
            (2): Conv2d(128, 10, kernel_size=(1, 1), stride=(1, 1))
          )
          (1): Sequential(
            (0): Sequential(
              (0): DWConv(
                (conv): Conv2d(256, 256, kernel_size=(3, 3), stride=(1, 1), padding=(1, 1), groups=256, bias=False)
                (bn): BatchNorm2d(256, eps=0.001, momentum=0.03, affine=True, track_running_stats=True)
                (act): SiLU(inplace=True)
              )
              (1): Conv(
                (conv): Conv2d(256, 128, kernel_size=(1, 1), stride=(1, 1), bias=False)
                (bn): BatchNorm2d(128, eps=0.001, momentum=0.03, affine=True, track_running_stats=True)
                (act): SiLU(inplace=True)
              )
            )
            (1): Sequential(
              (0): DWConv(
                (conv): Conv2d(128, 128, kernel_size=(3, 3), stride=(1, 1), padding=(1, 1), groups=128, bias=False)
                (bn): BatchNorm2d(128, eps=0.001, momentum=0.03, affine=True, track_running_stats=True)
                (act): SiLU(inplace=True)
              )
              (1): Conv(
                (conv): Conv2d(128, 128, kernel_size=(1, 1), stride=(1, 1), bias=False)
                (bn): BatchNorm2d(128, eps=0.001, momentum=0.03, affine=True, track_running_stats=True)
                (act): SiLU(inplace=True)
              )
            )
            (2): Conv2d(128, 10, kernel_size=(1, 1), stride=(1, 1))
          )
          (2): Sequential(
            (0): Sequential(
              (0): DWConv(
                (conv): Conv2d(512, 512, kernel_size=(3, 3), stride=(1, 1), padding=(1, 1), groups=512, bias=False)
                (bn): BatchNorm2d(512, eps=0.001, momentum=0.03, affine=True, track_running_stats=True)
                (act): SiLU(inplace=True)
              )
              (1): Conv(
                (conv): Conv2d(512, 128, kernel_size=(1, 1), stride=(1, 1), bias=False)
                (bn): BatchNorm2d(128, eps=0.001, momentum=0.03, affine=True, track_running_stats=True)
                (act): SiLU(inplace=True)
              )
            )
            (1): Sequential(
              (0): DWConv(
                (conv): Conv2d(128, 128, kernel_size=(3, 3), stride=(1, 1), padding=(1, 1), groups=128, bias=False)
                (bn): BatchNorm2d(128, eps=0.001, momentum=0.03, affine=True, track_running_stats=True)
                (act): SiLU(inplace=True)
              )
              (1): Conv(
                (conv): Conv2d(128, 128, kernel_size=(1, 1), stride=(1, 1), bias=False)
                (bn): BatchNorm2d(128, eps=0.001, momentum=0.03, affine=True, track_running_stats=True)
                (act): SiLU(inplace=True)
              )
            )
            (2): Conv2d(128, 10, kernel_size=(1, 1), stride=(1, 1))
          )
        )
        (dfl): DFL(
          (conv): Conv2d(16, 1, kernel_size=(1, 1), stride=(1, 1), bias=False)
        )
      )
    )
  )
)
[*] Training input tensor shape: torch.Size([16, 3, 736, 1280])

[*] FLOPs calculated at resolution: 736x1280
| module             | #parameters or shape   | #flops   |
|:-------------------|:-----------------------|:---------|
| model              | 9.1M                   | 22.623G  |
| 0                  | 0.928K                 | 0.241G   |
| 0.conv             | 0.864K                 | 0.203G   |
| 0.conv.weight      | (32, 3, 3, 3)          |          |
| 0.bn               | 64                     | 37.683M  |
| 0.bn.weight        | (32,)                  |          |
| 0.bn.bias          | (32,)                  |          |
| 1                  | 9.344K                 | 0.561G   |
| 1.conv             | 9.216K                 | 0.543G   |
| 1.conv.weight      | (64, 16, 3, 3)         |          |
| 1.bn               | 0.128K                 | 18.842M  |
| 1.bn.weight        | (64,)                  |          |
| 1.bn.bias          | (64,)                  |          |
| 2                  | 26.08K                 | 1.578G   |
| 2.cv1              | 4.224K                 | 0.26G    |
| 2.cv1.conv         | 4.096K                 | 0.241G   |
| 2.cv1.bn           | 0.128K                 | 18.842M  |
| 2.cv2              | 12.544K                | 0.761G   |
| 2.cv2.conv         | 12.288K                | 0.724G   |
| 2.cv2.bn           | 0.256K                 | 37.683M  |
| 2.m.0              | 9.312K                 | 0.557G   |
| 2.m.0.cv1          | 4.64K                  | 0.276G   |
| 2.m.0.cv2          | 4.672K                 | 0.281G   |
| 3                  | 37.12K                 | 0.552G   |
| 3.conv             | 36.864K                | 0.543G   |
| 3.conv.weight      | (128, 32, 3, 3)        |          |
| 3.bn               | 0.256K                 | 9.421M   |
| 3.bn.weight        | (128,)                 |          |
| 3.bn.bias          | (128,)                 |          |
| 4                  | 0.103M                 | 1.543G   |
| 4.cv1              | 16.64K                 | 0.251G   |
| 4.cv1.conv         | 16.384K                | 0.241G   |
| 4.cv1.bn           | 0.256K                 | 9.421M   |
| 4.cv2              | 49.664K                | 0.742G   |
| 4.cv2.conv         | 49.152K                | 0.724G   |
| 4.cv2.bn           | 0.512K                 | 18.842M  |
| 4.m.0              | 37.056K                | 0.55G    |
| 4.m.0.cv1          | 18.496K                | 0.274G   |
| 4.m.0.cv2          | 18.56K                 | 0.276G   |
| 5                  | 0.59M                  | 2.175G   |
| 5.conv             | 0.59M                  | 2.171G   |
| 5.conv.weight      | (256, 256, 3, 3)       |          |
| 5.bn               | 0.512K                 | 4.71M    |
| 5.bn.weight        | (256,)                 |          |
| 5.bn.bias          | (256,)                 |          |
| 6                  | 0.677M                 | 2.541G   |
| 6.cv1              | 33.024K                | 0.123G   |
| 6.cv1.conv         | 32.768K                | 0.121G   |
| 6.cv1.bn           | 0.256K                 | 2.355M   |
| 6.cv2              | 98.816K                | 0.366G   |
| 6.cv2.conv         | 98.304K                | 0.362G   |
| 6.cv2.bn           | 0.512K                 | 4.71M    |
| 6.m                | 0.545M                 | 2.052G   |
| 6.m.0              | 0.273M                 | 1.026G   |
| 6.m.1              | 0.273M                 | 1.026G   |
| 7                  | 1.181M                 | 1.088G   |
| 7.conv             | 1.18M                  | 1.085G   |
| 7.conv.weight      | (512, 256, 3, 3)       |          |
| 7.bn               | 1.024K                 | 2.355M   |
| 7.bn.weight        | (512,)                 |          |
| 7.bn.bias          | (512,)                 |          |
| 8                  | 2.665M                 | 2.476G   |
| 8.cv1              | 0.132M                 | 0.122G   |
| 8.cv1.conv         | 0.131M                 | 0.121G   |
| 8.cv1.bn           | 0.512K                 | 1.178M   |
| 8.cv2              | 0.394M                 | 0.364G   |
| 8.cv2.conv         | 0.393M                 | 0.362G   |
| 8.cv2.bn           | 1.024K                 | 2.355M   |
| 8.m                | 2.139M                 | 1.991G   |
| 8.m.0              | 1.07M                  | 0.995G   |
| 8.m.1              | 1.07M                  | 0.995G   |
| 11                 | 0.346M                 | 1.283G   |
| 11.cv1             | 98.56K                 | 0.364G   |
| 11.cv1.conv        | 98.304K                | 0.362G   |
| 11.cv1.bn          | 0.256K                 | 2.355M   |
| 11.cv2             | 66.048K                | 0.246G   |
| 11.cv2.conv        | 65.536K                | 0.241G   |
| 11.cv2.bn          | 0.512K                 | 4.71M    |
| 11.m.0             | 0.181M                 | 0.673G   |
| 11.m.0.cv1         | 8.32K                  | 31.324M  |
| 11.m.0.cv2         | 8.32K                  | 31.324M  |
| 11.m.0.cv3         | 16.64K                 | 62.648M  |
| 11.m.0.m           | 0.148M                 | 0.547G   |
| 14                 | 95.104K                | 1.42G    |
| 14.cv1             | 32.896K                | 0.487G   |
| 14.cv1.conv        | 32.768K                | 0.482G   |
| 14.cv1.bn          | 0.128K                 | 4.71M    |
| 14.cv2             | 16.64K                 | 0.251G   |
| 14.cv2.conv        | 16.384K                | 0.241G   |
| 14.cv2.bn          | 0.256K                 | 9.421M   |
| 14.m.0             | 45.568K                | 0.682G   |
| 14.m.0.cv1         | 2.112K                 | 32.502M  |
| 14.m.0.cv2         | 2.112K                 | 32.502M  |
| 14.m.0.cv3         | 4.224K                 | 65.004M  |
| 14.m.0.m           | 37.12K                 | 0.552G   |
| 15                 | 0.148M                 | 0.545G   |
| 15.conv            | 0.147M                 | 0.543G   |
| 15.conv.weight     | (128, 128, 3, 3)       |          |
| 15.bn              | 0.256K                 | 2.355M   |
| 15.bn.weight       | (128,)                 |          |
| 15.bn.bias         | (128,)                 |          |
| 17                 | 0.297M                 | 1.102G   |
| 17.cv1             | 49.408K                | 0.183G   |
| 17.cv1.conv        | 49.152K                | 0.181G   |
| 17.cv1.bn          | 0.256K                 | 2.355M   |
| 17.cv2             | 66.048K                | 0.246G   |
| 17.cv2.conv        | 65.536K                | 0.241G   |
| 17.cv2.bn          | 0.512K                 | 4.71M    |
| 17.m.0             | 0.181M                 | 0.673G   |
| 17.m.0.cv1         | 8.32K                  | 31.324M  |
| 17.m.0.cv2         | 8.32K                  | 31.324M  |
| 17.m.0.cv3         | 16.64K                 | 62.648M  |
| 17.m.0.m           | 0.148M                 | 0.547G   |
| 18                 | 0.59M                  | 0.544G   |
| 18.conv            | 0.59M                  | 0.543G   |
| 18.conv.weight     | (256, 256, 3, 3)       |          |
| 18.bn              | 0.512K                 | 1.178M   |
| 18.bn.weight       | (256,)                 |          |
| 18.bn.bias         | (256,)                 |          |
| 20                 | 1.511M                 | 1.396G   |
| 20.cv1             | 0.394M                 | 0.364G   |
| 20.cv1.conv        | 0.393M                 | 0.362G   |
| 20.cv1.bn          | 1.024K                 | 2.355M   |
| 20.cv2             | 0.394M                 | 0.364G   |
| 20.cv2.conv        | 0.393M                 | 0.362G   |
| 20.cv2.bn          | 1.024K                 | 2.355M   |
| 20.m.0             | 0.723M                 | 0.668G   |
| 20.m.0.cv1         | 33.024K                | 30.735M  |
| 20.m.0.cv2         | 33.024K                | 30.735M  |
| 20.m.0.cv3         | 66.048K                | 61.471M  |
| 20.m.0.m           | 0.591M                 | 0.545G   |
| 21                 | 0.823M                 | 3.572G   |
| 21.cv2             | 0.64M                  | 2.703G   |
| 21.cv2.0           | 0.115M                 | 1.698G   |
| 21.cv2.1           | 0.189M                 | 0.696G   |
| 21.cv2.2           | 0.336M                 | 0.31G    |
| 21.cv3             | 0.183M                 | 0.869G   |
| 21.cv3.0           | 37.386K                | 0.573G   |
| 21.cv3.1           | 55.178K                | 0.21G    |
| 21.cv3.2           | 90.762K                | 85.965M  |
| 21.dfl.conv        | 16                     |          |
| 21.dfl.conv.weight | (1, 16, 1, 1)          |          |
| 9                  |                        | 1.884M   |
| 12                 |                        | 3.768M   |
  MACs  : 22.62 GMACs
  FLOPs : 45.25 GFLOPs
Image sizes 1280 train(rect=True), val(rect=True)
Using 16 dataloader workers
Logging results to [1mruns/bdd100k/detect/baseline-yolov12s/train[0m
Starting training for 30 epochs...

           Epoch         GPU_mem        box_loss        cls_loss        dfl_loss       Instances            Size
[rank0]:[W reducer.cpp:1360] Warning: find_unused_parameters=True was specified in DDP constructor, but did not find any unused parameters in the forward pass. This flag results in an extra traversal of the autograd graph every iteration,  which can adversely affect performance. If your model indeed never has any unused parameters in the forward pass, consider turning this flag off. Note that this warning may be a false positive if your model has flow control causing later iterations to have unused parameters. (function operator())
[rank1]:[W reducer.cpp:1360] Warning: find_unused_parameters=True was specified in DDP constructor, but did not find any unused parameters in the forward pass. This flag results in an extra traversal of the autograd graph every iteration,  which can adversely affect performance. If your model indeed never has any unused parameters in the forward pass, consider turning this flag off. Note that this warning may be a false positive if your model has flow control causing later iterations to have unused parameters. (function operator())
/home/hslee/anaconda3/envs/yolov12/lib/python3.11/site-packages/torch/autograd/__init__.py:266: UserWarning: Grad strides do not match bucket view strides. This may indicate grad was not created according to the gradient layout contract, or that the param's strides changed since DDP was constructed.  This is not an error, but may impair performance.
grad.sizes() = [256, 256, 1, 1], strides() = [256, 1, 256, 256]
bucket_view.sizes() = [256, 256, 1, 1], strides() = [256, 1, 1, 1] (Triggered internally at ../torch/csrc/distributed/c10d/reducer.cpp:322.)
  Variable._execution_engine.run_backward(  # Calls into the C++ engine to run the backward pass
/home/hslee/anaconda3/envs/yolov12/lib/python3.11/site-packages/torch/autograd/__init__.py:266: UserWarning: Grad strides do not match bucket view strides. This may indicate grad was not created according to the gradient layout contract, or that the param's strides changed since DDP was constructed.  This is not an error, but may impair performance.
grad.sizes() = [256, 256, 1, 1], strides() = [256, 1, 256, 256]
bucket_view.sizes() = [256, 256, 1, 1], strides() = [256, 1, 1, 1] (Triggered internally at ../torch/csrc/distributed/c10d/reducer.cpp:322.)
  Variable._execution_engine.run_backward(  # Calls into the C++ engine to run the backward pass
Epoch 1/30, Batch 1/2188 (0.0%) - Loss: 246.948, box,cls,dfl: 1.764,4.558,1.395
Epoch 1/30, Batch 219/2188 (10.0%) - Loss: 169.792, box,cls,dfl: 1.746,2.276,1.284
Epoch 1/30, Batch 437/2188 (20.0%) - Loss: 151.699, box,cls,dfl: 1.787,1.700,1.254
Epoch 1/30, Batch 655/2188 (29.9%) - Loss: 122.456, box,cls,dfl: 1.475,1.230,1.122
Epoch 1/30, Batch 873/2188 (39.9%) - Loss: 130.105, box,cls,dfl: 1.527,1.395,1.144
Epoch 1/30, Batch 1091/2188 (49.9%) - Loss: 114.733, box,cls,dfl: 1.415,1.056,1.115
Epoch 1/30, Batch 1309/2188 (59.8%) - Loss: 109.356, box,cls,dfl: 1.335,1.011,1.072
Epoch 1/30, Batch 1527/2188 (69.8%) - Loss: 118.497, box,cls,dfl: 1.457,1.106,1.140
Epoch 1/30, Batch 1745/2188 (79.8%) - Loss: 109.903, box,cls,dfl: 1.354,0.994,1.086
Epoch 1/30, Batch 1963/2188 (89.7%) - Loss: 113.620, box,cls,dfl: 1.365,1.074,1.111
Epoch 1/30, Batch 2181/2188 (99.7%) - Loss: 109.903, box,cls,dfl: 1.392,0.945,1.098
[*] Validation input tensor shape: torch.Size([32, 3, 736, 1312])
                 Class     Images  Instances      Box(P          R      mAP50  mAP50-95)
                   all      10000     185578      0.636      0.425      0.458      0.258

           Epoch         GPU_mem        box_loss        cls_loss        dfl_loss       Instances            Size
Epoch 2/30, Batch 1/2188 (0.0%) - Loss: 120.286, box,cls,dfl: 1.474,1.077,1.208
Epoch 2/30, Batch 219/2188 (10.0%) - Loss: 112.018, box,cls,dfl: 1.452,0.966,1.083
Epoch 2/30, Batch 437/2188 (20.0%) - Loss: 130.475, box,cls,dfl: 1.681,1.175,1.221
Epoch 2/30, Batch 655/2188 (29.9%) - Loss: 107.667, box,cls,dfl: 1.374,0.908,1.083
Epoch 2/30, Batch 873/2188 (39.9%) - Loss: 122.219, box,cls,dfl: 1.502,1.137,1.180
Epoch 2/30, Batch 1091/2188 (49.9%) - Loss: 103.262, box,cls,dfl: 1.342,0.869,1.017
Epoch 2/30, Batch 1309/2188 (59.8%) - Loss: 101.323, box,cls,dfl: 1.308,0.841,1.017
Epoch 2/30, Batch 1527/2188 (69.8%) - Loss: 115.241, box,cls,dfl: 1.466,1.005,1.131
Epoch 2/30, Batch 1745/2188 (79.8%) - Loss: 107.622, box,cls,dfl: 1.388,0.885,1.090
Epoch 2/30, Batch 1963/2188 (89.7%) - Loss: 104.875, box,cls,dfl: 1.299,0.913,1.065
Epoch 2/30, Batch 2181/2188 (99.7%) - Loss: 107.304, box,cls,dfl: 1.372,0.882,1.099
[*] Validation input tensor shape: torch.Size([32, 3, 736, 1312])
                 Class     Images  Instances      Box(P          R      mAP50  mAP50-95)
                   all      10000     185578      0.695       0.46      0.513      0.292

           Epoch         GPU_mem        box_loss        cls_loss        dfl_loss       Instances            Size
Epoch 3/30, Batch 1/2188 (0.0%) - Loss: 109.409, box,cls,dfl: 1.373,0.933,1.113
Epoch 3/30, Batch 219/2188 (10.0%) - Loss: 114.518, box,cls,dfl: 1.498,0.932,1.149
Epoch 3/30, Batch 437/2188 (20.0%) - Loss: 120.194, box,cls,dfl: 1.641,0.995,1.120
Epoch 3/30, Batch 655/2188 (29.9%) - Loss: 104.824, box,cls,dfl: 1.366,0.840,1.070
Epoch 3/30, Batch 873/2188 (39.9%) - Loss: 113.129, box,cls,dfl: 1.450,0.998,1.087
Epoch 3/30, Batch 1091/2188 (49.9%) - Loss: 104.471, box,cls,dfl: 1.339,0.865,1.061
Epoch 3/30, Batch 1309/2188 (59.8%) - Loss: 104.587, box,cls,dfl: 1.332,0.819,1.118
Epoch 3/30, Batch 1527/2188 (69.8%) - Loss: 111.934, box,cls,dfl: 1.453,0.920,1.125
Epoch 3/30, Batch 1745/2188 (79.8%) - Loss: 107.241, box,cls,dfl: 1.380,0.879,1.092
Epoch 3/30, Batch 1963/2188 (89.7%) - Loss: 110.893, box,cls,dfl: 1.418,0.925,1.123
Epoch 3/30, Batch 2181/2188 (99.7%) - Loss: 111.086, box,cls,dfl: 1.454,0.882,1.135
[*] Validation input tensor shape: torch.Size([32, 3, 736, 1312])
                 Class     Images  Instances      Box(P          R      mAP50  mAP50-95)
                   all      10000     185578      0.717      0.484      0.538      0.309

           Epoch         GPU_mem        box_loss        cls_loss        dfl_loss       Instances            Size
Epoch 4/30, Batch 1/2188 (0.0%) - Loss: 109.199, box,cls,dfl: 1.389,0.907,1.116
Epoch 4/30, Batch 219/2188 (10.0%) - Loss: 111.749, box,cls,dfl: 1.458,0.913,1.121
Epoch 4/30, Batch 437/2188 (20.0%) - Loss: 114.845, box,cls,dfl: 1.567,0.936,1.085
Epoch 4/30, Batch 655/2188 (29.9%) - Loss: 101.684, box,cls,dfl: 1.288,0.843,1.047
Epoch 4/30, Batch 873/2188 (39.9%) - Loss: 114.621, box,cls,dfl: 1.467,0.972,1.143
Epoch 4/30, Batch 1091/2188 (49.9%) - Loss: 99.985, box,cls,dfl: 1.305,0.786,1.034
Epoch 4/30, Batch 1309/2188 (59.8%) - Loss: 99.416, box,cls,dfl: 1.290,0.762,1.054
Epoch 4/30, Batch 1527/2188 (69.8%) - Loss: 109.550, box,cls,dfl: 1.434,0.889,1.101
Epoch 4/30, Batch 1745/2188 (79.8%) - Loss: 103.635, box,cls,dfl: 1.352,0.825,1.061
Epoch 4/30, Batch 1963/2188 (89.7%) - Loss: 104.904, box,cls,dfl: 1.340,0.879,1.059
Epoch 4/30, Batch 2181/2188 (99.7%) - Loss: 107.289, box,cls,dfl: 1.414,0.793,1.147
[*] Validation input tensor shape: torch.Size([32, 3, 736, 1312])
                 Class     Images  Instances      Box(P          R      mAP50  mAP50-95)
                   all      10000     185578      0.627      0.491      0.548      0.316

           Epoch         GPU_mem        box_loss        cls_loss        dfl_loss       Instances            Size
Epoch 5/30, Batch 1/2188 (0.0%) - Loss: 107.314, box,cls,dfl: 1.377,0.882,1.095
Epoch 5/30, Batch 219/2188 (10.0%) - Loss: 107.862, box,cls,dfl: 1.447,0.878,1.046
Epoch 5/30, Batch 437/2188 (20.0%) - Loss: 115.748, box,cls,dfl: 1.593,0.901,1.124
Epoch 5/30, Batch 655/2188 (29.9%) - Loss: 101.479, box,cls,dfl: 1.322,0.808,1.041
Epoch 5/30, Batch 873/2188 (39.9%) - Loss: 114.240, box,cls,dfl: 1.452,1.002,1.116
Epoch 5/30, Batch 1091/2188 (49.9%) - Loss: 102.619, box,cls,dfl: 1.326,0.810,1.070
Epoch 5/30, Batch 1309/2188 (59.8%) - Loss: 99.254, box,cls,dfl: 1.271,0.774,1.057
Epoch 5/30, Batch 1527/2188 (69.8%) - Loss: 113.486, box,cls,dfl: 1.471,0.933,1.142
Epoch 5/30, Batch 1745/2188 (79.8%) - Loss: 102.428, box,cls,dfl: 1.334,0.797,1.070
Epoch 5/30, Batch 1963/2188 (89.7%) - Loss: 101.612, box,cls,dfl: 1.290,0.817,1.068
Epoch 5/30, Batch 2181/2188 (99.7%) - Loss: 106.634, box,cls,dfl: 1.391,0.811,1.130
[*] Validation input tensor shape: torch.Size([32, 3, 736, 1312])
                 Class     Images  Instances      Box(P          R      mAP50  mAP50-95)
                   all      10000     185578      0.734      0.498      0.558      0.321

           Epoch         GPU_mem        box_loss        cls_loss        dfl_loss       Instances            Size
Epoch 6/30, Batch 1/2188 (0.0%) - Loss: 104.688, box,cls,dfl: 1.350,0.837,1.084
Epoch 6/30, Batch 219/2188 (10.0%) - Loss: 104.185, box,cls,dfl: 1.380,0.817,1.059
Epoch 6/30, Batch 437/2188 (20.0%) - Loss: 116.181, box,cls,dfl: 1.600,0.923,1.107
Epoch 6/30, Batch 655/2188 (29.9%) - Loss: 101.550, box,cls,dfl: 1.325,0.771,1.077
Epoch 6/30, Batch 873/2188 (39.9%) - Loss: 113.238, box,cls,dfl: 1.434,0.964,1.141
Epoch 6/30, Batch 1091/2188 (49.9%) - Loss: 98.779, box,cls,dfl: 1.300,0.766,1.020
Epoch 6/30, Batch 1309/2188 (59.8%) - Loss: 101.050, box,cls,dfl: 1.294,0.796,1.068
Epoch 6/30, Batch 1527/2188 (69.8%) - Loss: 107.637, box,cls,dfl: 1.406,0.868,1.089
Epoch 6/30, Batch 1745/2188 (79.8%) - Loss: 98.768, box,cls,dfl: 1.299,0.762,1.025
Epoch 6/30, Batch 1963/2188 (89.7%) - Loss: 102.987, box,cls,dfl: 1.300,0.821,1.096
Epoch 6/30, Batch 2181/2188 (99.7%) - Loss: 103.416, box,cls,dfl: 1.382,0.764,1.086
[*] Validation input tensor shape: torch.Size([32, 3, 736, 1312])
                 Class     Images  Instances      Box(P          R      mAP50  mAP50-95)
                   all      10000     185578       0.73      0.503      0.564      0.326

           Epoch         GPU_mem        box_loss        cls_loss        dfl_loss       Instances            Size
Epoch 7/30, Batch 1/2188 (0.0%) - Loss: 106.167, box,cls,dfl: 1.394,0.830,1.094
Epoch 7/30, Batch 219/2188 (10.0%) - Loss: 105.891, box,cls,dfl: 1.411,0.844,1.054
Epoch 7/30, Batch 437/2188 (20.0%) - Loss: 112.989, box,cls,dfl: 1.572,0.873,1.086
Epoch 7/30, Batch 655/2188 (29.9%) - Loss: 98.048, box,cls,dfl: 1.291,0.743,1.031
Epoch 7/30, Batch 873/2188 (39.9%) - Loss: 110.196, box,cls,dfl: 1.431,0.932,1.081
Epoch 7/30, Batch 1091/2188 (49.9%) - Loss: 97.207, box,cls,dfl: 1.278,0.742,1.018
Epoch 7/30, Batch 1309/2188 (59.8%) - Loss: 98.780, box,cls,dfl: 1.249,0.784,1.054
Epoch 7/30, Batch 1527/2188 (69.8%) - Loss: 106.863, box,cls,dfl: 1.407,0.842,1.091
Epoch 7/30, Batch 1745/2188 (79.8%) - Loss: 100.602, box,cls,dfl: 1.327,0.778,1.039
Epoch 7/30, Batch 1963/2188 (89.7%) - Loss: 100.728, box,cls,dfl: 1.294,0.812,1.042
Epoch 7/30, Batch 2181/2188 (99.7%) - Loss: 106.241, box,cls,dfl: 1.415,0.762,1.143
[*] Validation input tensor shape: torch.Size([32, 3, 736, 1312])
                 Class     Images  Instances      Box(P          R      mAP50  mAP50-95)
                   all      10000     185578      0.727      0.509      0.569       0.33

           Epoch         GPU_mem        box_loss        cls_loss        dfl_loss       Instances            Size
Epoch 8/30, Batch 1/2188 (0.0%) - Loss: 104.273, box,cls,dfl: 1.344,0.818,1.097
Epoch 8/30, Batch 219/2188 (10.0%) - Loss: 101.369, box,cls,dfl: 1.357,0.774,1.037
Epoch 8/30, Batch 437/2188 (20.0%) - Loss: 114.646, box,cls,dfl: 1.587,0.901,1.095
Epoch 8/30, Batch 655/2188 (29.9%) - Loss: 96.805, box,cls,dfl: 1.252,0.763,1.010
Epoch 8/30, Batch 873/2188 (39.9%) - Loss: 115.742, box,cls,dfl: 1.497,0.987,1.134
Epoch 8/30, Batch 1091/2188 (49.9%) - Loss: 97.451, box,cls,dfl: 1.285,0.737,1.023
Epoch 8/30, Batch 1309/2188 (59.8%) - Loss: 98.261, box,cls,dfl: 1.270,0.758,1.043
Epoch 8/30, Batch 1527/2188 (69.8%) - Loss: 109.299, box,cls,dfl: 1.435,0.894,1.087
Epoch 8/30, Batch 1745/2188 (79.8%) - Loss: 102.384, box,cls,dfl: 1.345,0.785,1.069
Epoch 8/30, Batch 1963/2188 (89.7%) - Loss: 101.053, box,cls,dfl: 1.301,0.809,1.048
Epoch 8/30, Batch 2181/2188 (99.7%) - Loss: 105.229, box,cls,dfl: 1.392,0.785,1.111
[*] Validation input tensor shape: torch.Size([32, 3, 736, 1312])
                 Class     Images  Instances      Box(P          R      mAP50  mAP50-95)
                   all      10000     185578      0.725      0.514      0.573      0.332

           Epoch         GPU_mem        box_loss        cls_loss        dfl_loss       Instances            Size
Epoch 9/30, Batch 1/2188 (0.0%) - Loss: 102.074, box,cls,dfl: 1.346,0.805,1.039
Epoch 9/30, Batch 219/2188 (10.0%) - Loss: 108.006, box,cls,dfl: 1.432,0.856,1.087
Epoch 9/30, Batch 437/2188 (20.0%) - Loss: 113.983, box,cls,dfl: 1.587,0.878,1.097
Epoch 9/30, Batch 655/2188 (29.9%) - Loss: 96.878, box,cls,dfl: 1.286,0.728,1.013
Epoch 9/30, Batch 873/2188 (39.9%) - Loss: 110.795, box,cls,dfl: 1.429,0.911,1.123
Epoch 9/30, Batch 1091/2188 (49.9%) - Loss: 98.922, box,cls,dfl: 1.290,0.762,1.039
Epoch 9/30, Batch 1309/2188 (59.8%) - Loss: 100.304, box,cls,dfl: 1.304,0.767,1.063
Epoch 9/30, Batch 1527/2188 (69.8%) - Loss: 105.794, box,cls,dfl: 1.382,0.836,1.089
Epoch 9/30, Batch 1745/2188 (79.8%) - Loss: 99.764, box,cls,dfl: 1.298,0.771,1.049
Epoch 9/30, Batch 1963/2188 (89.7%) - Loss: 96.471, box,cls,dfl: 1.233,0.756,1.026
Epoch 9/30, Batch 2181/2188 (99.7%) - Loss: 105.757, box,cls,dfl: 1.397,0.809,1.099
[*] Validation input tensor shape: torch.Size([32, 3, 736, 1312])
                 Class     Images  Instances      Box(P          R      mAP50  mAP50-95)
                   all      10000     185578      0.731      0.514      0.574      0.331

           Epoch         GPU_mem        box_loss        cls_loss        dfl_loss       Instances            Size
Epoch 10/30, Batch 1/2188 (0.0%) - Loss: 106.700, box,cls,dfl: 1.401,0.837,1.097
Epoch 10/30, Batch 219/2188 (10.0%) - Loss: 108.198, box,cls,dfl: 1.433,0.828,1.120
Epoch 10/30, Batch 437/2188 (20.0%) - Loss: 114.803, box,cls,dfl: 1.593,0.873,1.121
Epoch 10/30, Batch 655/2188 (29.9%) - Loss: 100.949, box,cls,dfl: 1.329,0.779,1.047
Epoch 10/30, Batch 873/2188 (39.9%) - Loss: 112.573, box,cls,dfl: 1.429,0.963,1.126
Epoch 10/30, Batch 1091/2188 (49.9%) - Loss: 100.453, box,cls,dfl: 1.326,0.757,1.056
Epoch 10/30, Batch 1309/2188 (59.8%) - Loss: 98.384, box,cls,dfl: 1.254,0.758,1.062
Epoch 10/30, Batch 1527/2188 (69.8%) - Loss: 106.245, box,cls,dfl: 1.386,0.854,1.080
Epoch 10/30, Batch 1745/2188 (79.8%) - Loss: 101.337, box,cls,dfl: 1.339,0.771,1.057
Epoch 10/30, Batch 1963/2188 (89.7%) - Loss: 99.214, box,cls,dfl: 1.263,0.776,1.061
Epoch 10/30, Batch 2181/2188 (99.7%) - Loss: 104.173, box,cls,dfl: 1.369,0.781,1.106
[*] Validation input tensor shape: torch.Size([32, 3, 736, 1312])
                 Class     Images  Instances      Box(P          R      mAP50  mAP50-95)
                   all      10000     185578       0.73      0.519      0.584      0.339

           Epoch         GPU_mem        box_loss        cls_loss        dfl_loss       Instances            Size
Epoch 11/30, Batch 1/2188 (0.0%) - Loss: 103.569, box,cls,dfl: 1.347,0.795,1.094
Epoch 11/30, Batch 219/2188 (10.0%) - Loss: 113.412, box,cls,dfl: 1.525,0.873,1.146
Epoch 11/30, Batch 437/2188 (20.0%) - Loss: 111.879, box,cls,dfl: 1.575,0.858,1.063
Epoch 11/30, Batch 655/2188 (29.9%) - Loss: 97.522, box,cls,dfl: 1.286,0.735,1.026
Epoch 11/30, Batch 873/2188 (39.9%) - Loss: 113.476, box,cls,dfl: 1.463,0.941,1.142
Epoch 11/30, Batch 1091/2188 (49.9%) - Loss: 99.601, box,cls,dfl: 1.326,0.750,1.037
Epoch 11/30, Batch 1309/2188 (59.8%) - Loss: 93.839, box,cls,dfl: 1.222,0.714,0.996
Epoch 11/30, Batch 1527/2188 (69.8%) - Loss: 106.450, box,cls,dfl: 1.420,0.828,1.078
Epoch 11/30, Batch 1745/2188 (79.8%) - Loss: 101.527, box,cls,dfl: 1.344,0.760,1.068
Epoch 11/30, Batch 1963/2188 (89.7%) - Loss: 96.923, box,cls,dfl: 1.233,0.761,1.035
Epoch 11/30, Batch 2181/2188 (99.7%) - Loss: 105.091, box,cls,dfl: 1.388,0.749,1.147
[*] Validation input tensor shape: torch.Size([32, 3, 736, 1312])
                 Class     Images  Instances      Box(P          R      mAP50  mAP50-95)
                   all      10000     185578       0.74      0.521      0.588      0.342

           Epoch         GPU_mem        box_loss        cls_loss        dfl_loss       Instances            Size
Epoch 12/30, Batch 1/2188 (0.0%) - Loss: 102.673, box,cls,dfl: 1.328,0.793,1.088
Epoch 12/30, Batch 219/2188 (10.0%) - Loss: 106.521, box,cls,dfl: 1.430,0.816,1.083
Epoch 12/30, Batch 437/2188 (20.0%) - Loss: 110.882, box,cls,dfl: 1.545,0.842,1.079
Epoch 12/30, Batch 655/2188 (29.9%) - Loss: 98.871, box,cls,dfl: 1.291,0.753,1.045
Epoch 12/30, Batch 873/2188 (39.9%) - Loss: 115.870, box,cls,dfl: 1.458,1.005,1.159
Epoch 12/30, Batch 1091/2188 (49.9%) - Loss: 96.488, box,cls,dfl: 1.271,0.733,1.011
Epoch 12/30, Batch 1309/2188 (59.8%) - Loss: 96.404, box,cls,dfl: 1.242,0.748,1.022
Epoch 12/30, Batch 1527/2188 (69.8%) - Loss: 107.761, box,cls,dfl: 1.427,0.847,1.093
Epoch 12/30, Batch 1745/2188 (79.8%) - Loss: 101.048, box,cls,dfl: 1.348,0.748,1.062
Epoch 12/30, Batch 1963/2188 (89.7%) - Loss: 97.281, box,cls,dfl: 1.258,0.780,1.002
Epoch 12/30, Batch 2181/2188 (99.7%) - Loss: 104.787, box,cls,dfl: 1.384,0.805,1.086
[*] Validation input tensor shape: torch.Size([32, 3, 736, 1312])
                 Class     Images  Instances      Box(P          R      mAP50  mAP50-95)
                   all      10000     185578       0.74      0.522      0.584       0.34

           Epoch         GPU_mem        box_loss        cls_loss        dfl_loss       Instances            Size
Epoch 13/30, Batch 1/2188 (0.0%) - Loss: 106.114, box,cls,dfl: 1.378,0.837,1.101
Epoch 13/30, Batch 219/2188 (10.0%) - Loss: 105.085, box,cls,dfl: 1.406,0.802,1.076
Epoch 13/30, Batch 437/2188 (20.0%) - Loss: 110.773, box,cls,dfl: 1.543,0.835,1.084
Epoch 13/30, Batch 655/2188 (29.9%) - Loss: 96.801, box,cls,dfl: 1.300,0.712,1.012
Epoch 13/30, Batch 873/2188 (39.9%) - Loss: 108.108, box,cls,dfl: 1.396,0.893,1.090
Epoch 13/30, Batch 1091/2188 (49.9%) - Loss: 98.376, box,cls,dfl: 1.296,0.732,1.046
Epoch 13/30, Batch 1309/2188 (59.8%) - Loss: 96.098, box,cls,dfl: 1.245,0.709,1.050
Epoch 13/30, Batch 1527/2188 (69.8%) - Loss: 105.782, box,cls,dfl: 1.388,0.830,1.087
Epoch 13/30, Batch 1745/2188 (79.8%) - Loss: 102.251, box,cls,dfl: 1.354,0.759,1.082
Epoch 13/30, Batch 1963/2188 (89.7%) - Loss: 100.102, box,cls,dfl: 1.290,0.784,1.054
Epoch 13/30, Batch 2181/2188 (99.7%) - Loss: 103.693, box,cls,dfl: 1.364,0.768,1.109
[*] Validation input tensor shape: torch.Size([32, 3, 736, 1312])
                 Class     Images  Instances      Box(P          R      mAP50  mAP50-95)
                   all      10000     185578      0.744      0.525       0.59      0.345

           Epoch         GPU_mem        box_loss        cls_loss        dfl_loss       Instances            Size
Epoch 14/30, Batch 1/2188 (0.0%) - Loss: 101.245, box,cls,dfl: 1.295,0.795,1.074
Epoch 14/30, Batch 219/2188 (10.0%) - Loss: 107.649, box,cls,dfl: 1.431,0.835,1.098
Epoch 14/30, Batch 437/2188 (20.0%) - Loss: 111.111, box,cls,dfl: 1.554,0.840,1.078
Epoch 14/30, Batch 655/2188 (29.9%) - Loss: 96.728, box,cls,dfl: 1.265,0.720,1.038
Epoch 14/30, Batch 873/2188 (39.9%) - Loss: 112.795, box,cls,dfl: 1.458,0.945,1.122
Epoch 14/30, Batch 1091/2188 (49.9%) - Loss: 97.169, box,cls,dfl: 1.279,0.727,1.030
Epoch 14/30, Batch 1309/2188 (59.8%) - Loss: 99.594, box,cls,dfl: 1.297,0.747,1.069
Epoch 14/30, Batch 1527/2188 (69.8%) - Loss: 104.137, box,cls,dfl: 1.406,0.782,1.067
Epoch 14/30, Batch 1745/2188 (79.8%) - Loss: 95.096, box,cls,dfl: 1.275,0.696,1.001
Epoch 14/30, Batch 1963/2188 (89.7%) - Loss: 103.912, box,cls,dfl: 1.342,0.805,1.100
Epoch 14/30, Batch 2181/2188 (99.7%) - Loss: 101.737, box,cls,dfl: 1.343,0.760,1.077
[*] Validation input tensor shape: torch.Size([32, 3, 736, 1312])
                 Class     Images  Instances      Box(P          R      mAP50  mAP50-95)
                   all      10000     185578      0.745      0.525      0.592      0.346

           Epoch         GPU_mem        box_loss        cls_loss        dfl_loss       Instances            Size
Epoch 15/30, Batch 1/2188 (0.0%) - Loss: 104.551, box,cls,dfl: 1.372,0.808,1.087
Epoch 15/30, Batch 219/2188 (10.0%) - Loss: 109.411, box,cls,dfl: 1.462,0.817,1.140
Epoch 15/30, Batch 437/2188 (20.0%) - Loss: 112.618, box,cls,dfl: 1.561,0.856,1.102
Epoch 15/30, Batch 655/2188 (29.9%) - Loss: 97.130, box,cls,dfl: 1.307,0.717,1.012
Epoch 15/30, Batch 873/2188 (39.9%) - Loss: 109.088, box,cls,dfl: 1.421,0.893,1.095
Epoch 15/30, Batch 1091/2188 (49.9%) - Loss: 96.523, box,cls,dfl: 1.270,0.719,1.027
Epoch 15/30, Batch 1309/2188 (59.8%) - Loss: 96.815, box,cls,dfl: 1.278,0.728,1.019
Epoch 15/30, Batch 1527/2188 (69.8%) - Loss: 103.522, box,cls,dfl: 1.410,0.759,1.066
Epoch 15/30, Batch 1745/2188 (79.8%) - Loss: 97.969, box,cls,dfl: 1.319,0.721,1.021
Epoch 15/30, Batch 1963/2188 (89.7%) - Loss: 98.461, box,cls,dfl: 1.288,0.751,1.038
Epoch 15/30, Batch 2181/2188 (99.7%) - Loss: 101.596, box,cls,dfl: 1.337,0.774,1.064
[*] Validation input tensor shape: torch.Size([32, 3, 736, 1312])
                 Class     Images  Instances      Box(P          R      mAP50  mAP50-95)
                   all      10000     185578      0.744      0.527      0.592      0.347

           Epoch         GPU_mem        box_loss        cls_loss        dfl_loss       Instances            Size
Epoch 16/30, Batch 1/2188 (0.0%) - Loss: 104.370, box,cls,dfl: 1.349,0.818,1.095
Epoch 16/30, Batch 219/2188 (10.0%) - Loss: 105.607, box,cls,dfl: 1.402,0.798,1.100
Epoch 16/30, Batch 437/2188 (20.0%) - Loss: 111.302, box,cls,dfl: 1.559,0.826,1.093
Epoch 16/30, Batch 655/2188 (29.9%) - Loss: 97.344, box,cls,dfl: 1.282,0.726,1.034
Epoch 16/30, Batch 873/2188 (39.9%) - Loss: 109.363, box,cls,dfl: 1.414,0.900,1.103
Epoch 16/30, Batch 1091/2188 (49.9%) - Loss: 95.317, box,cls,dfl: 1.273,0.698,1.007
Epoch 16/30, Batch 1309/2188 (59.8%) - Loss: 96.141, box,cls,dfl: 1.235,0.733,1.036
Epoch 16/30, Batch 1527/2188 (69.8%) - Loss: 102.997, box,cls,dfl: 1.361,0.777,1.081
Epoch 16/30, Batch 1745/2188 (79.8%) - Loss: 101.683, box,cls,dfl: 1.351,0.769,1.057
Epoch 16/30, Batch 1963/2188 (89.7%) - Loss: 94.862, box,cls,dfl: 1.248,0.684,1.033
Epoch 16/30, Batch 2181/2188 (99.7%) - Loss: 101.736, box,cls,dfl: 1.347,0.775,1.057
[*] Validation input tensor shape: torch.Size([32, 3, 736, 1312])
                 Class     Images  Instances      Box(P          R      mAP50  mAP50-95)
                   all      10000     185578      0.744      0.523      0.587      0.343

           Epoch         GPU_mem        box_loss        cls_loss        dfl_loss       Instances            Size
Epoch 17/30, Batch 1/2188 (0.0%) - Loss: 109.274, box,cls,dfl: 1.418,0.847,1.150
Epoch 17/30, Batch 219/2188 (10.0%) - Loss: 104.014, box,cls,dfl: 1.400,0.784,1.066
Epoch 17/30, Batch 437/2188 (20.0%) - Loss: 110.893, box,cls,dfl: 1.554,0.824,1.088
Epoch 17/30, Batch 655/2188 (29.9%) - Loss: 101.118, box,cls,dfl: 1.346,0.778,1.036
Epoch 17/30, Batch 873/2188 (39.9%) - Loss: 105.410, box,cls,dfl: 1.359,0.854,1.081
Epoch 17/30, Batch 1091/2188 (49.9%) - Loss: 95.977, box,cls,dfl: 1.269,0.718,1.012
Epoch 17/30, Batch 1309/2188 (59.8%) - Loss: 94.658, box,cls,dfl: 1.241,0.711,1.006
Epoch 17/30, Batch 1527/2188 (69.8%) - Loss: 102.603, box,cls,dfl: 1.369,0.791,1.046
Epoch 17/30, Batch 1745/2188 (79.8%) - Loss: 99.945, box,cls,dfl: 1.322,0.768,1.034
Epoch 17/30, Batch 1963/2188 (89.7%) - Loss: 103.141, box,cls,dfl: 1.318,0.819,1.086
Epoch 17/30, Batch 2181/2188 (99.7%) - Loss: 103.938, box,cls,dfl: 1.403,0.759,1.086
[*] Validation input tensor shape: torch.Size([32, 3, 736, 1312])
                 Class     Images  Instances      Box(P          R      mAP50  mAP50-95)
                   all      10000     185578      0.664      0.558      0.592      0.346

           Epoch         GPU_mem        box_loss        cls_loss        dfl_loss       Instances            Size
Epoch 18/30, Batch 1/2188 (0.0%) - Loss: 100.865, box,cls,dfl: 1.313,0.768,1.071
Epoch 18/30, Batch 219/2188 (10.0%) - Loss: 105.286, box,cls,dfl: 1.410,0.788,1.092
Epoch 18/30, Batch 437/2188 (20.0%) - Loss: 110.174, box,cls,dfl: 1.546,0.806,1.091
Epoch 18/30, Batch 655/2188 (29.9%) - Loss: 96.752, box,cls,dfl: 1.301,0.702,1.021
Epoch 18/30, Batch 873/2188 (39.9%) - Loss: 109.717, box,cls,dfl: 1.403,0.915,1.110
Epoch 18/30, Batch 1091/2188 (49.9%) - Loss: 93.969, box,cls,dfl: 1.256,0.685,0.996
Epoch 18/30, Batch 1309/2188 (59.8%) - Loss: 95.992, box,cls,dfl: 1.240,0.718,1.042
Epoch 18/30, Batch 1527/2188 (69.8%) - Loss: 105.361, box,cls,dfl: 1.405,0.802,1.085
Epoch 18/30, Batch 1745/2188 (79.8%) - Loss: 103.019, box,cls,dfl: 1.331,0.798,1.091
Epoch 18/30, Batch 1963/2188 (89.7%) - Loss: 96.383, box,cls,dfl: 1.235,0.737,1.039
Epoch 18/30, Batch 2181/2188 (99.7%) - Loss: 102.828, box,cls,dfl: 1.357,0.798,1.059
[*] Validation input tensor shape: torch.Size([32, 3, 736, 1312])
                 Class     Images  Instances      Box(P          R      mAP50  mAP50-95)
                   all      10000     185578      0.705      0.532      0.593      0.347

           Epoch         GPU_mem        box_loss        cls_loss        dfl_loss       Instances            Size
Epoch 19/30, Batch 1/2188 (0.0%) - Loss: 103.731, box,cls,dfl: 1.349,0.801,1.092
Epoch 19/30, Batch 219/2188 (10.0%) - Loss: 105.305, box,cls,dfl: 1.411,0.818,1.062
Epoch 19/30, Batch 437/2188 (20.0%) - Loss: 107.372, box,cls,dfl: 1.496,0.808,1.052
Epoch 19/30, Batch 655/2188 (29.9%) - Loss: 97.360, box,cls,dfl: 1.304,0.717,1.022
Epoch 19/30, Batch 873/2188 (39.9%) - Loss: 112.124, box,cls,dfl: 1.460,0.893,1.151
Epoch 19/30, Batch 1091/2188 (49.9%) - Loss: 97.953, box,cls,dfl: 1.303,0.726,1.032
Epoch 19/30, Batch 1309/2188 (59.8%) - Loss: 98.862, box,cls,dfl: 1.283,0.762,1.044
Epoch 19/30, Batch 1527/2188 (69.8%) - Loss: 101.222, box,cls,dfl: 1.334,0.789,1.040
Epoch 19/30, Batch 1745/2188 (79.8%) - Loss: 101.637, box,cls,dfl: 1.367,0.731,1.078
Epoch 19/30, Batch 1963/2188 (89.7%) - Loss: 95.797, box,cls,dfl: 1.237,0.766,0.991
Epoch 19/30, Batch 2181/2188 (99.7%) - Loss: 101.730, box,cls,dfl: 1.348,0.748,1.083
[*] Validation input tensor shape: torch.Size([32, 3, 736, 1312])
                 Class     Images  Instances      Box(P          R      mAP50  mAP50-95)
                   all      10000     185578      0.717      0.536      0.596       0.35

           Epoch         GPU_mem        box_loss        cls_loss        dfl_loss       Instances            Size
Epoch 20/30, Batch 1/2188 (0.0%) - Loss: 102.616, box,cls,dfl: 1.348,0.793,1.065
Epoch 20/30, Batch 219/2188 (10.0%) - Loss: 111.573, box,cls,dfl: 1.498,0.825,1.164
Epoch 20/30, Batch 437/2188 (20.0%) - Loss: 108.201, box,cls,dfl: 1.520,0.778,1.083
Epoch 20/30, Batch 655/2188 (29.9%) - Loss: 94.591, box,cls,dfl: 1.248,0.696,1.012
Epoch 20/30, Batch 873/2188 (39.9%) - Loss: 109.069, box,cls,dfl: 1.440,0.839,1.130
Epoch 20/30, Batch 1091/2188 (49.9%) - Loss: 97.193, box,cls,dfl: 1.279,0.739,1.018
Epoch 20/30, Batch 1309/2188 (59.8%) - Loss: 95.144, box,cls,dfl: 1.220,0.709,1.044
Epoch 20/30, Batch 1527/2188 (69.8%) - Loss: 101.204, box,cls,dfl: 1.356,0.770,1.037
Epoch 20/30, Batch 1745/2188 (79.8%) - Loss: 97.691, box,cls,dfl: 1.296,0.726,1.031
Epoch 20/30, Batch 1963/2188 (89.7%) - Loss: 100.203, box,cls,dfl: 1.301,0.784,1.047
Epoch 20/30, Batch 2181/2188 (99.7%) - Loss: 100.316, box,cls,dfl: 1.328,0.758,1.049
[*] Validation input tensor shape: torch.Size([32, 3, 736, 1312])
                 Class     Images  Instances      Box(P          R      mAP50  mAP50-95)
                   all      10000     185578      0.746      0.531      0.592      0.347

           Epoch         GPU_mem        box_loss        cls_loss        dfl_loss       Instances            Size
Epoch 21/30, Batch 1/2188 (0.0%) - Loss: 102.339, box,cls,dfl: 1.337,0.779,1.082
Epoch 21/30, Batch 219/2188 (10.0%) - Loss: 106.633, box,cls,dfl: 1.406,0.817,1.109
Epoch 21/30, Batch 437/2188 (20.0%) - Loss: 111.263, box,cls,dfl: 1.552,0.836,1.089
Epoch 21/30, Batch 655/2188 (29.9%) - Loss: 96.090, box,cls,dfl: 1.273,0.717,1.013
Epoch 21/30, Batch 873/2188 (39.9%) - Loss: 106.863, box,cls,dfl: 1.360,0.893,1.086
Epoch 21/30, Batch 1091/2188 (49.9%) - Loss: 95.212, box,cls,dfl: 1.276,0.694,1.005
Epoch 21/30, Batch 1309/2188 (59.8%) - Loss: 94.660, box,cls,dfl: 1.244,0.683,1.031
Epoch 21/30, Batch 1527/2188 (69.8%) - Loss: 100.753, box,cls,dfl: 1.311,0.792,1.045
Epoch 21/30, Batch 1745/2188 (79.8%) - Loss: 98.532, box,cls,dfl: 1.310,0.719,1.049
Epoch 21/30, Batch 1963/2188 (89.7%) - Loss: 94.683, box,cls,dfl: 1.253,0.712,0.993
Epoch 21/30, Batch 2181/2188 (99.7%) - Loss: 101.830, box,cls,dfl: 1.359,0.739,1.084
[*] Validation input tensor shape: torch.Size([32, 3, 736, 1312])
                 Class     Images  Instances      Box(P          R      mAP50  mAP50-95)
                   all      10000     185578      0.674      0.548      0.591      0.347

           Epoch         GPU_mem        box_loss        cls_loss        dfl_loss       Instances            Size
Epoch 22/30, Batch 1/2188 (0.0%) - Loss: 103.115, box,cls,dfl: 1.350,0.770,1.102
Epoch 22/30, Batch 219/2188 (10.0%) - Loss: 104.590, box,cls,dfl: 1.426,0.764,1.078
Epoch 22/30, Batch 437/2188 (20.0%) - Loss: 109.684, box,cls,dfl: 1.531,0.815,1.082
Epoch 22/30, Batch 655/2188 (29.9%) - Loss: 97.106, box,cls,dfl: 1.299,0.704,1.031
Epoch 22/30, Batch 873/2188 (39.9%) - Loss: 108.557, box,cls,dfl: 1.424,0.857,1.112
Epoch 22/30, Batch 1091/2188 (49.9%) - Loss: 97.237, box,cls,dfl: 1.294,0.724,1.020
Epoch 22/30, Batch 1309/2188 (59.8%) - Loss: 97.463, box,cls,dfl: 1.243,0.747,1.055
Epoch 22/30, Batch 1527/2188 (69.8%) - Loss: 105.390, box,cls,dfl: 1.413,0.785,1.096
Epoch 22/30, Batch 1745/2188 (79.8%) - Loss: 98.049, box,cls,dfl: 1.296,0.707,1.061
Epoch 22/30, Batch 1963/2188 (89.7%) - Loss: 97.520, box,cls,dfl: 1.261,0.734,1.053
Epoch 22/30, Batch 2181/2188 (99.7%) - Loss: 98.537, box,cls,dfl: 1.311,0.704,1.065
[*] Validation input tensor shape: torch.Size([32, 3, 736, 1312])
                 Class     Images  Instances      Box(P          R      mAP50  mAP50-95)
                   all      10000     185578      0.708       0.54      0.597       0.35

           Epoch         GPU_mem        box_loss        cls_loss        dfl_loss       Instances            Size
Epoch 23/30, Batch 1/2188 (0.0%) - Loss: 100.739, box,cls,dfl: 1.312,0.771,1.065
Epoch 23/30, Batch 219/2188 (10.0%) - Loss: 104.629, box,cls,dfl: 1.419,0.753,1.097
Epoch 23/30, Batch 437/2188 (20.0%) - Loss: 112.895, box,cls,dfl: 1.589,0.807,1.131
Epoch 23/30, Batch 655/2188 (29.9%) - Loss: 95.092, box,cls,dfl: 1.257,0.709,1.006
Epoch 23/30, Batch 873/2188 (39.9%) - Loss: 105.612, box,cls,dfl: 1.385,0.859,1.056
Epoch 23/30, Batch 1091/2188 (49.9%) - Loss: 95.805, box,cls,dfl: 1.283,0.693,1.018
Epoch 23/30, Batch 1309/2188 (59.8%) - Loss: 97.835, box,cls,dfl: 1.271,0.731,1.055
Epoch 23/30, Batch 1527/2188 (69.8%) - Loss: 99.805, box,cls,dfl: 1.349,0.738,1.032
Epoch 23/30, Batch 1745/2188 (79.8%) - Loss: 98.166, box,cls,dfl: 1.319,0.692,1.057
Epoch 23/30, Batch 1963/2188 (89.7%) - Loss: 96.869, box,cls,dfl: 1.255,0.730,1.042
Epoch 23/30, Batch 2181/2188 (99.7%) - Loss: 99.597, box,cls,dfl: 1.328,0.726,1.059
[*] Validation input tensor shape: torch.Size([32, 3, 736, 1312])
                 Class     Images  Instances      Box(P          R      mAP50  mAP50-95)
                   all      10000     185578      0.653      0.552      0.594      0.347

           Epoch         GPU_mem        box_loss        cls_loss        dfl_loss       Instances            Size
Epoch 24/30, Batch 1/2188 (0.0%) - Loss: 98.320, box,cls,dfl: 1.286,0.748,1.038
Epoch 24/30, Batch 219/2188 (10.0%) - Loss: 103.741, box,cls,dfl: 1.390,0.740,1.111
Epoch 24/30, Batch 437/2188 (20.0%) - Loss: 108.086, box,cls,dfl: 1.504,0.807,1.067
Epoch 24/30, Batch 655/2188 (29.9%) - Loss: 93.767, box,cls,dfl: 1.233,0.705,0.991
Epoch 24/30, Batch 873/2188 (39.9%) - Loss: 107.316, box,cls,dfl: 1.355,0.909,1.089
Epoch 24/30, Batch 1091/2188 (49.9%) - Loss: 96.494, box,cls,dfl: 1.278,0.703,1.034
Epoch 24/30, Batch 1309/2188 (59.8%) - Loss: 98.135, box,cls,dfl: 1.277,0.701,1.089
Epoch 24/30, Batch 1527/2188 (69.8%) - Loss: 104.620, box,cls,dfl: 1.386,0.800,1.083
Epoch 24/30, Batch 1745/2188 (79.8%) - Loss: 98.299, box,cls,dfl: 1.311,0.704,1.056
Epoch 24/30, Batch 1963/2188 (89.7%) - Loss: 102.642, box,cls,dfl: 1.311,0.827,1.070
Epoch 24/30, Batch 2181/2188 (99.7%) - Loss: 98.989, box,cls,dfl: 1.337,0.711,1.046
[*] Validation input tensor shape: torch.Size([32, 3, 736, 1312])
                 Class     Images  Instances      Box(P          R      mAP50  mAP50-95)
                   all      10000     185578      0.691       0.54      0.594      0.347

           Epoch         GPU_mem        box_loss        cls_loss        dfl_loss       Instances            Size
Epoch 25/30, Batch 1/2188 (0.0%) - Loss: 97.558, box,cls,dfl: 1.291,0.704,1.054
Epoch 25/30, Batch 219/2188 (10.0%) - Loss: 103.803, box,cls,dfl: 1.401,0.753,1.089
Epoch 25/30, Batch 437/2188 (20.0%) - Loss: 112.440, box,cls,dfl: 1.576,0.818,1.120
Epoch 25/30, Batch 655/2188 (29.9%) - Loss: 97.731, box,cls,dfl: 1.300,0.732,1.022
Epoch 25/30, Batch 873/2188 (39.9%) - Loss: 105.748, box,cls,dfl: 1.399,0.821,1.086
Epoch 25/30, Batch 1091/2188 (49.9%) - Loss: 96.478, box,cls,dfl: 1.304,0.707,1.004
Epoch 25/30, Batch 1309/2188 (59.8%) - Loss: 98.046, box,cls,dfl: 1.277,0.721,1.066
Epoch 25/30, Batch 1527/2188 (69.8%) - Loss: 104.570, box,cls,dfl: 1.400,0.796,1.072
Epoch 25/30, Batch 1745/2188 (79.8%) - Loss: 100.249, box,cls,dfl: 1.315,0.765,1.053
Epoch 25/30, Batch 1963/2188 (89.7%) - Loss: 100.063, box,cls,dfl: 1.321,0.775,1.032
Epoch 25/30, Batch 2181/2188 (99.7%) - Loss: 104.476, box,cls,dfl: 1.397,0.745,1.123
[*] Validation input tensor shape: torch.Size([32, 3, 736, 1312])
                 Class     Images  Instances      Box(P          R      mAP50  mAP50-95)
                   all      10000     185578      0.694      0.539      0.598      0.351

           Epoch         GPU_mem        box_loss        cls_loss        dfl_loss       Instances            Size
Epoch 26/30, Batch 1/2188 (0.0%) - Loss: 103.019, box,cls,dfl: 1.360,0.755,1.105
Epoch 26/30, Batch 219/2188 (10.0%) - Loss: 105.952, box,cls,dfl: 1.423,0.826,1.062
Epoch 26/30, Batch 437/2188 (20.0%) - Loss: 108.763, box,cls,dfl: 1.517,0.821,1.060
Epoch 26/30, Batch 655/2188 (29.9%) - Loss: 97.824, box,cls,dfl: 1.312,0.710,1.035
Epoch 26/30, Batch 873/2188 (39.9%) - Loss: 103.037, box,cls,dfl: 1.356,0.802,1.063
Epoch 26/30, Batch 1091/2188 (49.9%) - Loss: 98.777, box,cls,dfl: 1.311,0.725,1.050
Epoch 26/30, Batch 1309/2188 (59.8%) - Loss: 93.472, box,cls,dfl: 1.229,0.683,1.009
Epoch 26/30, Batch 1527/2188 (69.8%) - Loss: 102.214, box,cls,dfl: 1.356,0.781,1.058
Epoch 26/30, Batch 1745/2188 (79.8%) - Loss: 100.164, box,cls,dfl: 1.334,0.725,1.071
Epoch 26/30, Batch 1963/2188 (89.7%) - Loss: 97.289, box,cls,dfl: 1.282,0.730,1.028
Epoch 26/30, Batch 2181/2188 (99.7%) - Loss: 100.739, box,cls,dfl: 1.322,0.767,1.059
[*] Validation input tensor shape: torch.Size([32, 3, 736, 1312])
                 Class     Images  Instances      Box(P          R      mAP50  mAP50-95)
                   all      10000     185578      0.685      0.544      0.598      0.351

           Epoch         GPU_mem        box_loss        cls_loss        dfl_loss       Instances            Size
Epoch 27/30, Batch 1/2188 (0.0%) - Loss: 101.965, box,cls,dfl: 1.319,0.776,1.092
Epoch 27/30, Batch 219/2188 (10.0%) - Loss: 100.780, box,cls,dfl: 1.372,0.757,1.020
Epoch 27/30, Batch 437/2188 (20.0%) - Loss: 110.109, box,cls,dfl: 1.542,0.812,1.087
Epoch 27/30, Batch 655/2188 (29.9%) - Loss: 96.910, box,cls,dfl: 1.307,0.693,1.028
Epoch 27/30, Batch 873/2188 (39.9%) - Loss: 108.521, box,cls,dfl: 1.412,0.876,1.103
Epoch 27/30, Batch 1091/2188 (49.9%) - Loss: 96.405, box,cls,dfl: 1.284,0.696,1.033
Epoch 27/30, Batch 1309/2188 (59.8%) - Loss: 95.507, box,cls,dfl: 1.234,0.704,1.047
Epoch 27/30, Batch 1527/2188 (69.8%) - Loss: 99.888, box,cls,dfl: 1.358,0.717,1.046
Epoch 27/30, Batch 1745/2188 (79.8%) - Loss: 101.327, box,cls,dfl: 1.356,0.742,1.068
Epoch 27/30, Batch 1963/2188 (89.7%) - Loss: 99.359, box,cls,dfl: 1.287,0.771,1.047
Epoch 27/30, Batch 2181/2188 (99.7%) - Loss: 104.753, box,cls,dfl: 1.396,0.744,1.133
[*] Validation input tensor shape: torch.Size([32, 3, 736, 1312])
                 Class     Images  Instances      Box(P          R      mAP50  mAP50-95)
                   all      10000     185578      0.681      0.545      0.598       0.35

           Epoch         GPU_mem        box_loss        cls_loss        dfl_loss       Instances            Size
Epoch 28/30, Batch 1/2188 (0.0%) - Loss: 98.607, box,cls,dfl: 1.288,0.722,1.072
Epoch 28/30, Batch 219/2188 (10.0%) - Loss: 99.444, box,cls,dfl: 1.343,0.741,1.024
Epoch 28/30, Batch 437/2188 (20.0%) - Loss: 107.587, box,cls,dfl: 1.513,0.783,1.067
Epoch 28/30, Batch 655/2188 (29.9%) - Loss: 95.632, box,cls,dfl: 1.291,0.684,1.013
Epoch 28/30, Batch 873/2188 (39.9%) - Loss: 106.075, box,cls,dfl: 1.367,0.849,1.099
Epoch 28/30, Batch 1091/2188 (49.9%) - Loss: 95.599, box,cls,dfl: 1.257,0.694,1.036
Epoch 28/30, Batch 1309/2188 (59.8%) - Loss: 91.084, box,cls,dfl: 1.175,0.678,0.993
Epoch 28/30, Batch 1527/2188 (69.8%) - Loss: 102.448, box,cls,dfl: 1.353,0.795,1.053
Epoch 28/30, Batch 1745/2188 (79.8%) - Loss: 97.231, box,cls,dfl: 1.295,0.719,1.024
Epoch 28/30, Batch 1963/2188 (89.7%) - Loss: 98.137, box,cls,dfl: 1.245,0.791,1.031
Epoch 28/30, Batch 2181/2188 (99.7%) - Loss: 101.870, box,cls,dfl: 1.350,0.756,1.077
[*] Validation input tensor shape: torch.Size([32, 3, 736, 1312])
                 Class     Images  Instances      Box(P          R      mAP50  mAP50-95)
                   all      10000     185578      0.684      0.543      0.598       0.35

           Epoch         GPU_mem        box_loss        cls_loss        dfl_loss       Instances            Size
Epoch 29/30, Batch 1/2188 (0.0%) - Loss: 100.526, box,cls,dfl: 1.307,0.764,1.071
Epoch 29/30, Batch 219/2188 (10.0%) - Loss: 99.316, box,cls,dfl: 1.334,0.743,1.027
Epoch 29/30, Batch 437/2188 (20.0%) - Loss: 110.662, box,cls,dfl: 1.544,0.824,1.090
Epoch 29/30, Batch 655/2188 (29.9%) - Loss: 94.927, box,cls,dfl: 1.274,0.696,0.996
Epoch 29/30, Batch 873/2188 (39.9%) - Loss: 103.411, box,cls,dfl: 1.338,0.833,1.061
Epoch 29/30, Batch 1091/2188 (49.9%) - Loss: 96.406, box,cls,dfl: 1.261,0.700,1.052
Epoch 29/30, Batch 1309/2188 (59.8%) - Loss: 93.242, box,cls,dfl: 1.208,0.689,1.016
Epoch 29/30, Batch 1527/2188 (69.8%) - Loss: 105.308, box,cls,dfl: 1.414,0.783,1.094
Epoch 29/30, Batch 1745/2188 (79.8%) - Loss: 98.726, box,cls,dfl: 1.307,0.725,1.054
Epoch 29/30, Batch 1963/2188 (89.7%) - Loss: 101.149, box,cls,dfl: 1.295,0.781,1.085
Epoch 29/30, Batch 2181/2188 (99.7%) - Loss: 101.178, box,cls,dfl: 1.361,0.716,1.085
[*] Validation input tensor shape: torch.Size([32, 3, 736, 1312])
                 Class     Images  Instances      Box(P          R      mAP50  mAP50-95)
                   all      10000     185578      0.685      0.541      0.598       0.35

           Epoch         GPU_mem        box_loss        cls_loss        dfl_loss       Instances            Size
Epoch 30/30, Batch 1/2188 (0.0%) - Loss: 101.229, box,cls,dfl: 1.311,0.769,1.084
Epoch 30/30, Batch 219/2188 (10.0%) - Loss: 103.501, box,cls,dfl: 1.377,0.775,1.083
Epoch 30/30, Batch 437/2188 (20.0%) - Loss: 109.432, box,cls,dfl: 1.540,0.794,1.086
Epoch 30/30, Batch 655/2188 (29.9%) - Loss: 98.194, box,cls,dfl: 1.316,0.709,1.044
Epoch 30/30, Batch 873/2188 (39.9%) - Loss: 109.781, box,cls,dfl: 1.419,0.872,1.140
Epoch 30/30, Batch 1091/2188 (49.9%) - Loss: 94.804, box,cls,dfl: 1.258,0.679,1.026
Epoch 30/30, Batch 1309/2188 (59.8%) - Loss: 92.204, box,cls,dfl: 1.209,0.663,1.010
Epoch 30/30, Batch 1527/2188 (69.8%) - Loss: 101.137, box,cls,dfl: 1.352,0.748,1.060
Epoch 30/30, Batch 1745/2188 (79.8%) - Loss: 97.271, box,cls,dfl: 1.294,0.708,1.037
Epoch 30/30, Batch 1963/2188 (89.7%) - Loss: 96.575, box,cls,dfl: 1.242,0.734,1.042
Epoch 30/30, Batch 2181/2188 (99.7%) - Loss: 99.774, box,cls,dfl: 1.321,0.735,1.063
[*] Validation input tensor shape: torch.Size([32, 3, 736, 1312])
                 Class     Images  Instances      Box(P          R      mAP50  mAP50-95)
                   all      10000     185578      0.685      0.541      0.598       0.35

30 epochs completed in 3.165 hours.
Optimizer stripped from runs/bdd100k/detect/baseline-yolov12s/train/weights/last.pt, 18.7MB
Optimizer stripped from runs/bdd100k/detect/baseline-yolov12s/train/weights/best.pt, 18.7MB

Validating runs/bdd100k/detect/baseline-yolov12s/train/weights/best.pt...
Ultralytics 8.3.63 🚀 Python-3.11.13 torch-2.2.2+cu121 CUDA:0 (NVIDIA RTX 6000 Ada Generation, 48509MiB)
                                                       CUDA:1 (NVIDIA RTX 6000 Ada Generation, 48509MiB)
YOLOv12s summary (fused): 376 layers, 9,078,078 parameters, 0 gradients, 19.3 GFLOPs

[*] FLOPs calculated at resolution: 736x1312
| module                 | #parameters or shape   | #flops   |
|:-----------------------|:-----------------------|:---------|
| base_model.model.model | 9.078M                 | 22.731G  |
| 0.conv                 | 0.896K                 | 0.209G   |
| 0.conv.weight          | (32, 3, 3, 3)          |          |
| 0.conv.bias            | (32,)                  |          |
| 1.conv                 | 9.28K                  | 0.556G   |
| 1.conv.weight          | (64, 16, 3, 3)         |          |
| 1.conv.bias            | (64,)                  |          |
| 2                      | 25.84K                 | 1.545G   |
| 2.cv1.conv             | 4.16K                  | 0.247G   |
| 2.cv1.conv.weight      | (64, 64, 1, 1)         |          |
| 2.cv1.conv.bias        | (64,)                  |          |
| 2.cv2.conv             | 12.416K                | 0.742G   |
| 2.cv2.conv.weight      | (128, 96, 1, 1)        |          |
| 2.cv2.conv.bias        | (128,)                 |          |
| 2.m.0                  | 9.264K                 | 0.556G   |
| 2.m.0.cv1.conv         | 4.624K                 | 0.278G   |
| 2.m.0.cv2.conv         | 4.64K                  | 0.278G   |
| 3.conv                 | 36.992K                | 0.556G   |
| 3.conv.weight          | (128, 32, 3, 3)        |          |
| 3.conv.bias            | (128,)                 |          |
| 4                      | 0.103M                 | 1.545G   |
| 4.cv1.conv             | 16.512K                | 0.247G   |
| 4.cv1.conv.weight      | (128, 128, 1, 1)       |          |
| 4.cv1.conv.bias        | (128,)                 |          |
| 4.cv2.conv             | 49.408K                | 0.742G   |
| 4.cv2.conv.weight      | (256, 192, 1, 1)       |          |
| 4.cv2.conv.bias        | (256,)                 |          |
| 4.m.0                  | 36.96K                 | 0.556G   |
| 4.m.0.cv1.conv         | 18.464K                | 0.278G   |
| 4.m.0.cv2.conv         | 18.496K                | 0.278G   |
| 5.conv                 | 0.59M                  | 2.225G   |
| 5.conv.weight          | (256, 256, 3, 3)       |          |
| 5.conv.bias            | (256,)                 |          |
| 6                      | 0.673M                 | 2.52G    |
| 6.cv1.conv             | 32.896K                | 0.124G   |
| 6.cv1.conv.weight      | (128, 256, 1, 1)       |          |
| 6.cv1.conv.bias        | (128,)                 |          |
| 6.cv2.conv             | 98.56K                 | 0.371G   |
| 6.cv2.conv.weight      | (256, 384, 1, 1)       |          |
| 6.cv2.conv.bias        | (256,)                 |          |
| 6.m                    | 0.541M                 | 2.026G   |
| 6.m.0                  | 0.271M                 | 1.013G   |
| 6.m.1                  | 0.271M                 | 1.013G   |
| 7.conv                 | 1.18M                  | 1.112G   |
| 7.conv.weight          | (512, 256, 3, 3)       |          |
| 7.conv.bias            | (512,)                 |          |
| 8                      | 2.656M                 | 2.496G   |
| 8.cv1.conv             | 0.131M                 | 0.124G   |
| 8.cv1.conv.weight      | (256, 512, 1, 1)       |          |
| 8.cv1.conv.bias        | (256,)                 |          |
| 8.cv2.conv             | 0.394M                 | 0.371G   |
| 8.cv2.conv.weight      | (512, 768, 1, 1)       |          |
| 8.cv2.conv.bias        | (512,)                 |          |
| 8.m                    | 2.131M                 | 2.002G   |
| 8.m.0                  | 1.065M                 | 1.001G   |
| 8.m.1                  | 1.065M                 | 1.001G   |
| 11                     | 0.345M                 | 1.298G   |
| 11.cv1.conv            | 98.432K                | 0.371G   |
| 11.cv1.conv.weight     | (128, 768, 1, 1)       |          |
| 11.cv1.conv.bias       | (128,)                 |          |
| 11.cv2.conv            | 65.792K                | 0.247G   |
| 11.cv2.conv.weight     | (256, 256, 1, 1)       |          |
| 11.cv2.conv.bias       | (256,)                 |          |
| 11.m.0                 | 0.181M                 | 0.68G    |
| 11.m.0.cv1.conv        | 8.256K                 | 30.9M    |
| 11.m.0.cv2.conv        | 8.256K                 | 30.9M    |
| 11.m.0.cv3.conv        | 16.512K                | 61.8M    |
| 11.m.0.m               | 0.148M                 | 0.556G   |
| 14                     | 94.656K                | 1.421G   |
| 14.cv1.conv            | 32.832K                | 0.494G   |
| 14.cv1.conv.weight     | (64, 512, 1, 1)        |          |
| 14.cv1.conv.bias       | (64,)                  |          |
| 14.cv2.conv            | 16.512K                | 0.247G   |
| 14.cv2.conv.weight     | (128, 128, 1, 1)       |          |
| 14.cv2.conv.bias       | (128,)                 |          |
| 14.m.0                 | 45.312K                | 0.68G    |
| 14.m.0.cv1.conv        | 2.08K                  | 30.9M    |
| 14.m.0.cv2.conv        | 2.08K                  | 30.9M    |
| 14.m.0.cv3.conv        | 4.16K                  | 61.8M    |
| 14.m.0.m               | 36.992K                | 0.556G   |
| 15.conv                | 0.148M                 | 0.556G   |
| 15.conv.weight         | (128, 128, 3, 3)       |          |
| 15.conv.bias           | (128,)                 |          |
| 17                     | 0.296M                 | 1.112G   |
| 17.cv1.conv            | 49.28K                 | 0.185G   |
| 17.cv1.conv.weight     | (128, 384, 1, 1)       |          |
| 17.cv1.conv.bias       | (128,)                 |          |
| 17.cv2.conv            | 65.792K                | 0.247G   |
| 17.cv2.conv.weight     | (256, 256, 1, 1)       |          |
| 17.cv2.conv.bias       | (256,)                 |          |
| 17.m.0                 | 0.181M                 | 0.68G    |
| 17.m.0.cv1.conv        | 8.256K                 | 30.9M    |
| 17.m.0.cv2.conv        | 8.256K                 | 30.9M    |
| 17.m.0.cv3.conv        | 16.512K                | 61.8M    |
| 17.m.0.m               | 0.148M                 | 0.556G   |
| 18.conv                | 0.59M                  | 0.556G   |
| 18.conv.weight         | (256, 256, 3, 3)       |          |
| 18.conv.bias           | (256,)                 |          |
| 20                     | 1.509M                 | 1.421G   |
| 20.cv1.conv            | 0.394M                 | 0.371G   |
| 20.cv1.conv.weight     | (512, 768, 1, 1)       |          |
| 20.cv1.conv.bias       | (512,)                 |          |
| 20.cv2.conv            | 0.394M                 | 0.371G   |
| 20.cv2.conv.weight     | (512, 768, 1, 1)       |          |
| 20.cv2.conv.bias       | (512,)                 |          |
| 20.m.0                 | 0.722M                 | 0.68G    |
| 20.m.0.cv1.conv        | 32.896K                | 30.9M    |
| 20.m.0.cv2.conv        | 32.896K                | 30.9M    |
| 20.m.0.cv3.conv        | 65.792K                | 61.8M    |
| 20.m.0.m               | 0.59M                  | 0.556G   |
| 21                     | 0.821M                 | 3.595G   |
| 21.cv2                 | 0.64M                  | 2.758G   |
| 21.cv2.0               | 0.115M                 | 1.73G    |
| 21.cv2.1               | 0.189M                 | 0.711G   |
| 21.cv2.2               | 0.336M                 | 0.317G   |
| 21.cv3                 | 0.181M                 | 0.836G   |
| 21.cv3.0               | 36.874K                | 0.548G   |
| 21.cv3.1               | 54.538K                | 0.203G   |
| 21.cv3.2               | 89.866K                | 83.889M  |
| 21.dfl.conv            | 16                     | 1.267M   |
| 21.dfl.conv.weight     | (1, 16, 1, 1)          |          |
| 9                      |                        | 1.931M   |
| 12                     |                        | 3.863M   |
  MACs  : 22.73 GMACs
  FLOPs : 45.46 GFLOPs
[*] Validation input tensor shape: torch.Size([32, 3, 736, 1312])
                 Class     Images  Instances      Box(P          R      mAP50  mAP50-95)
                   all      10000     185578      0.685      0.544      0.598      0.351
                person       3220      13265      0.785      0.626      0.723      0.387
                 rider        515        649      0.685      0.493      0.526      0.288
                   car       9879     102540      0.838       0.74      0.835      0.529
                   bus       1242       1597      0.673      0.599      0.655       0.51
                 truck       2689       4247      0.643      0.622      0.662      0.489
                  bike        578       1007      0.657       0.52      0.554      0.289
                 motor        334        452      0.692      0.456      0.506      0.257
         traffic light       5653      26891      0.738      0.638      0.699      0.283
          traffic sign       8221      34915      0.753      0.676      0.745      0.409
                 train         14         15      0.387     0.0667     0.0779     0.0712
Speed: 0.1ms preprocess, 1.9ms inference, 0.0ms loss, 0.5ms postprocess per image
Results saved to [1mruns/bdd100k/detect/baseline-yolov12s/train[0m
