# {"dataset": "kitti", "cache": "/home/hslee/Desktop/Embedded_AI/context-anydepth-det/anydepth-yolov12/method01_advantage_regress/outputs/kitti/cache_train.pt", "val_cache": "/home/hslee/Desktop/Embedded_AI/context-anydepth-det/anydepth-yolov12/method01_advantage_regress/outputs/kitti/cache_val.pt", "flops": "/home/hslee/Desktop/Embedded_AI/context-anydepth-det/anydepth-yolov12/method01_advantage_regress/outputs/kitti/flops_table.json", "epochs": 300, "batch": 256, "lr": 0.001, "lambda_flops": 1.0, "lambda_uni": 0.1, "hidden": 128, "group_dim": 64, "path_dim": 8, "feat": "input", "norm": "batch", "dropout": 0.0, "weight_decay": 0.0, "select": "val_corr", "mode": "regress", "regress_loss": "huber", "margin": 0.0, "seed": 4, "device": "cuda:0", "out": "method01_advantage_regress/outputs/kitti/C1_huber/policy_input_s4.pt", "logdir": "method01_advantage_regress/outputs/kitti/C1_huber/logs", "tag": "C1_huber_s4"}
epoch	total	l_acc	l_flops	l_uni	p_super	val_p_super	val_l_acc
0	0.01057	0.01057	0.00000	0.00000	0.1037	0.1185	0.01026
1	0.00976	0.00976	0.00000	0.00000	0.1036	0.1114	0.01010
2	0.00939	0.00939	0.00000	0.00000	0.1038	0.1065	0.00988
3	0.00925	0.00925	0.00000	0.00000	0.1057	0.0975	0.00975
4	0.00892	0.00892	0.00000	0.00000	0.1045	0.1175	0.00984
5	0.00885	0.00885	0.00000	0.00000	0.1076	0.1142	0.01033
6	0.00877	0.00877	0.00000	0.00000	0.1081	0.1059	0.00987
7	0.00860	0.00860	0.00000	0.00000	0.1088	0.0741	0.01004
8	0.00856	0.00856	0.00000	0.00000	0.1040	0.1029	0.00988
9	0.00835	0.00835	0.00000	0.00000	0.1088	0.0976	0.01022
10	0.00833	0.00833	0.00000	0.00000	0.1061	0.1106	0.01018
11	0.00812	0.00812	0.00000	0.00000	0.1082	0.1034	0.00983
12	0.00805	0.00805	0.00000	0.00000	0.1081	0.1029	0.01018
13	0.00788	0.00788	0.00000	0.00000	0.1075	0.1128	0.00991
14	0.00774	0.00774	0.00000	0.00000	0.1089	0.1430	0.01050
15	0.00776	0.00776	0.00000	0.00000	0.1080	0.1174	0.01000
16	0.00760	0.00760	0.00000	0.00000	0.1093	0.1108	0.00992
17	0.00762	0.00762	0.00000	0.00000	0.1066	0.0951	0.01056
18	0.00748	0.00748	0.00000	0.00000	0.1101	0.0997	0.00998
19	0.00737	0.00737	0.00000	0.00000	0.1079	0.1063	0.00995
20	0.00730	0.00730	0.00000	0.00000	0.1093	0.0892	0.01006
21	0.00721	0.00721	0.00000	0.00000	0.1094	0.0960	0.01002
22	0.00705	0.00705	0.00000	0.00000	0.1101	0.0916	0.01021
23	0.00717	0.00717	0.00000	0.00000	0.1090	0.0976	0.00996
24	0.00684	0.00684	0.00000	0.00000	0.1100	0.0891	0.01020
25	0.00687	0.00687	0.00000	0.00000	0.1095	0.1141	0.01027
26	0.00693	0.00693	0.00000	0.00000	0.1098	0.1258	0.01024
27	0.00663	0.00663	0.00000	0.00000	0.1111	0.1157	0.01007
28	0.00663	0.00663	0.00000	0.00000	0.1100	0.1133	0.01011
29	0.00653	0.00653	0.00000	0.00000	0.1094	0.1208	0.01040
30	0.00667	0.00667	0.00000	0.00000	0.1120	0.0968	0.01033
31	0.00649	0.00649	0.00000	0.00000	0.1088	0.1286	0.01024
32	0.00646	0.00646	0.00000	0.00000	0.1111	0.0997	0.01030
33	0.00631	0.00631	0.00000	0.00000	0.1083	0.1219	0.01022
34	0.00626	0.00626	0.00000	0.00000	0.1118	0.1254	0.01033
35	0.00608	0.00608	0.00000	0.00000	0.1114	0.0823	0.01062
36	0.00606	0.00606	0.00000	0.00000	0.1090	0.1371	0.01049
37	0.00591	0.00591	0.00000	0.00000	0.1113	0.1107	0.01070
38	0.00595	0.00595	0.00000	0.00000	0.1082	0.1449	0.01051
39	0.00590	0.00590	0.00000	0.00000	0.1103	0.0876	0.01017
40	0.00574	0.00574	0.00000	0.00000	0.1090	0.0992	0.01017
41	0.00571	0.00571	0.00000	0.00000	0.1090	0.1140	0.01033
42	0.00560	0.00560	0.00000	0.00000	0.1094	0.1377	0.01042
43	0.00567	0.00567	0.00000	0.00000	0.1121	0.1165	0.01040
44	0.00568	0.00568	0.00000	0.00000	0.1096	0.1101	0.01050
45	0.00564	0.00564	0.00000	0.00000	0.1118	0.1028	0.01055
46	0.00528	0.00528	0.00000	0.00000	0.1097	0.1122	0.01050
47	0.00549	0.00549	0.00000	0.00000	0.1115	0.0859	0.01064
48	0.00531	0.00531	0.00000	0.00000	0.1090	0.1244	0.01068
49	0.00523	0.00523	0.00000	0.00000	0.1105	0.1380	0.01066
50	0.00534	0.00534	0.00000	0.00000	0.1106	0.1061	0.01047
51	0.00519	0.00519	0.00000	0.00000	0.1094	0.1103	0.01076
52	0.00512	0.00512	0.00000	0.00000	0.1119	0.1062	0.01085
53	0.00505	0.00505	0.00000	0.00000	0.1107	0.0941	0.01056
54	0.00520	0.00520	0.00000	0.00000	0.1097	0.1271	0.01069
55	0.00507	0.00507	0.00000	0.00000	0.1114	0.1241	0.01083
56	0.00486	0.00486	0.00000	0.00000	0.1104	0.1063	0.01040
57	0.00489	0.00489	0.00000	0.00000	0.1094	0.1215	0.01060
58	0.00501	0.00501	0.00000	0.00000	0.1120	0.1177	0.01066
59	0.00484	0.00484	0.00000	0.00000	0.1099	0.1107	0.01078
60	0.00495	0.00495	0.00000	0.00000	0.1108	0.1194	0.01074
61	0.00475	0.00475	0.00000	0.00000	0.1088	0.1248	0.01053
62	0.00468	0.00468	0.00000	0.00000	0.1117	0.1157	0.01064
63	0.00457	0.00457	0.00000	0.00000	0.1111	0.0881	0.01059
64	0.00457	0.00457	0.00000	0.00000	0.1100	0.1173	0.01057
65	0.00446	0.00446	0.00000	0.00000	0.1108	0.1115	0.01052
66	0.00448	0.00448	0.00000	0.00000	0.1093	0.1080	0.01073
67	0.00443	0.00443	0.00000	0.00000	0.1110	0.1031	0.01079
68	0.00457	0.00457	0.00000	0.00000	0.1105	0.0995	0.01080
69	0.00452	0.00452	0.00000	0.00000	0.1105	0.1131	0.01074
70	0.00434	0.00434	0.00000	0.00000	0.1111	0.1208	0.01108
71	0.00437	0.00437	0.00000	0.00000	0.1107	0.0937	0.01085
72	0.00427	0.00427	0.00000	0.00000	0.1111	0.0941	0.01073
73	0.00428	0.00428	0.00000	0.00000	0.1080	0.1154	0.01097
74	0.00419	0.00419	0.00000	0.00000	0.1101	0.1400	0.01114
75	0.00428	0.00428	0.00000	0.00000	0.1123	0.1038	0.01074
76	0.00407	0.00407	0.00000	0.00000	0.1110	0.1166	0.01075
77	0.00408	0.00408	0.00000	0.00000	0.1120	0.0993	0.01082
78	0.00398	0.00398	0.00000	0.00000	0.1105	0.1147	0.01071
79	0.00395	0.00395	0.00000	0.00000	0.1108	0.1049	0.01085
80	0.00400	0.00400	0.00000	0.00000	0.1116	0.1042	0.01095
81	0.00401	0.00401	0.00000	0.00000	0.1097	0.1145	0.01089
82	0.00402	0.00402	0.00000	0.00000	0.1109	0.1160	0.01085
83	0.00406	0.00406	0.00000	0.00000	0.1118	0.1234	0.01090
84	0.00379	0.00379	0.00000	0.00000	0.1111	0.1088	0.01078
85	0.00390	0.00390	0.00000	0.00000	0.1116	0.0947	0.01114
86	0.00384	0.00384	0.00000	0.00000	0.1101	0.1077	0.01083
87	0.00385	0.00385	0.00000	0.00000	0.1103	0.0916	0.01084
88	0.00394	0.00394	0.00000	0.00000	0.1085	0.1195	0.01073
89	0.00381	0.00381	0.00000	0.00000	0.1119	0.0979	0.01110
90	0.00374	0.00374	0.00000	0.00000	0.1099	0.0998	0.01110
91	0.00387	0.00387	0.00000	0.00000	0.1101	0.1234	0.01085
92	0.00380	0.00380	0.00000	0.00000	0.1124	0.0939	0.01081
93	0.00368	0.00368	0.00000	0.00000	0.1098	0.1290	0.01108
94	0.00374	0.00374	0.00000	0.00000	0.1129	0.0759	0.01104
95	0.00376	0.00376	0.00000	0.00000	0.1090	0.1326	0.01097
96	0.00363	0.00363	0.00000	0.00000	0.1124	0.0852	0.01133
97	0.00372	0.00372	0.00000	0.00000	0.1091	0.1373	0.01107
98	0.00369	0.00369	0.00000	0.00000	0.1125	0.0915	0.01099
99	0.00361	0.00361	0.00000	0.00000	0.1097	0.1401	0.01113
100	0.00357	0.00357	0.00000	0.00000	0.1123	0.1166	0.01094
101	0.00342	0.00342	0.00000	0.00000	0.1111	0.0970	0.01099
102	0.00346	0.00346	0.00000	0.00000	0.1108	0.0924	0.01077
103	0.00343	0.00343	0.00000	0.00000	0.1119	0.0982	0.01095
104	0.00339	0.00339	0.00000	0.00000	0.1107	0.1076	0.01085
105	0.00338	0.00338	0.00000	0.00000	0.1106	0.1151	0.01092
106	0.00342	0.00342	0.00000	0.00000	0.1101	0.1157	0.01097
107	0.00333	0.00333	0.00000	0.00000	0.1115	0.1205	0.01118
108	0.00332	0.00332	0.00000	0.00000	0.1117	0.1074	0.01092
109	0.00325	0.00325	0.00000	0.00000	0.1105	0.1135	0.01110
110	0.00322	0.00322	0.00000	0.00000	0.1118	0.1200	0.01108
111	0.00335	0.00335	0.00000	0.00000	0.1114	0.1089	0.01124
112	0.00333	0.00333	0.00000	0.00000	0.1110	0.1037	0.01135
113	0.00328	0.00328	0.00000	0.00000	0.1112	0.1053	0.01095
114	0.00314	0.00314	0.00000	0.00000	0.1107	0.1251	0.01119
115	0.00310	0.00310	0.00000	0.00000	0.1116	0.1241	0.01090
116	0.00310	0.00310	0.00000	0.00000	0.1125	0.0984	0.01106
117	0.00315	0.00315	0.00000	0.00000	0.1102	0.1175	0.01105
118	0.00313	0.00313	0.00000	0.00000	0.1111	0.1250	0.01104
119	0.00313	0.00313	0.00000	0.00000	0.1120	0.1194	0.01117
120	0.00316	0.00316	0.00000	0.00000	0.1124	0.1105	0.01116
121	0.00317	0.00317	0.00000	0.00000	0.1117	0.1206	0.01121
122	0.00309	0.00309	0.00000	0.00000	0.1117	0.1000	0.01122
123	0.00320	0.00320	0.00000	0.00000	0.1115	0.1184	0.01120
124	0.00312	0.00312	0.00000	0.00000	0.1115	0.1137	0.01132
125	0.00316	0.00316	0.00000	0.00000	0.1113	0.0951	0.01104
126	0.00305	0.00305	0.00000	0.00000	0.1115	0.0922	0.01142
127	0.00316	0.00316	0.00000	0.00000	0.1105	0.1271	0.01132
128	0.00307	0.00307	0.00000	0.00000	0.1105	0.1327	0.01133
129	0.00305	0.00305	0.00000	0.00000	0.1120	0.1006	0.01118
130	0.00294	0.00294	0.00000	0.00000	0.1116	0.1216	0.01118
131	0.00300	0.00300	0.00000	0.00000	0.1129	0.0922	0.01139
132	0.00311	0.00311	0.00000	0.00000	0.1104	0.1130	0.01117
133	0.00298	0.00298	0.00000	0.00000	0.1107	0.1170	0.01113
134	0.00286	0.00286	0.00000	0.00000	0.1125	0.0957	0.01105
135	0.00299	0.00299	0.00000	0.00000	0.1112	0.1135	0.01117
136	0.00298	0.00298	0.00000	0.00000	0.1110	0.1155	0.01111
137	0.00289	0.00289	0.00000	0.00000	0.1111	0.1181	0.01109
138	0.00296	0.00296	0.00000	0.00000	0.1126	0.0892	0.01130
139	0.00299	0.00299	0.00000	0.00000	0.1106	0.1205	0.01137
140	0.00291	0.00291	0.00000	0.00000	0.1121	0.0966	0.01110
141	0.00277	0.00277	0.00000	0.00000	0.1112	0.1017	0.01113
142	0.00291	0.00291	0.00000	0.00000	0.1108	0.1200	0.01122
143	0.00280	0.00280	0.00000	0.00000	0.1130	0.0961	0.01101
144	0.00281	0.00281	0.00000	0.00000	0.1113	0.1037	0.01114
145	0.00270	0.00270	0.00000	0.00000	0.1108	0.1071	0.01116
146	0.00278	0.00278	0.00000	0.00000	0.1120	0.1069	0.01137
147	0.00270	0.00270	0.00000	0.00000	0.1111	0.1163	0.01099
148	0.00274	0.00274	0.00000	0.00000	0.1127	0.0834	0.01134
149	0.00286	0.00286	0.00000	0.00000	0.1111	0.1303	0.01121
150	0.00268	0.00268	0.00000	0.00000	0.1117	0.1276	0.01111
151	0.00277	0.00277	0.00000	0.00000	0.1128	0.1067	0.01102
152	0.00272	0.00272	0.00000	0.00000	0.1108	0.1180	0.01116
153	0.00281	0.00281	0.00000	0.00000	0.1116	0.1146	0.01117
154	0.00281	0.00281	0.00000	0.00000	0.1132	0.1006	0.01124
155	0.00282	0.00282	0.00000	0.00000	0.1095	0.1353	0.01166
156	0.00286	0.00286	0.00000	0.00000	0.1134	0.0858	0.01135
157	0.00291	0.00291	0.00000	0.00000	0.1112	0.1072	0.01121
158	0.00275	0.00275	0.00000	0.00000	0.1115	0.1048	0.01124
159	0.00279	0.00279	0.00000	0.00000	0.1111	0.1100	0.01100
160	0.00281	0.00281	0.00000	0.00000	0.1100	0.1239	0.01089
161	0.00283	0.00283	0.00000	0.00000	0.1133	0.0951	0.01112
162	0.00281	0.00281	0.00000	0.00000	0.1097	0.1055	0.01115
163	0.00272	0.00272	0.00000	0.00000	0.1109	0.1346	0.01111
164	0.00261	0.00261	0.00000	0.00000	0.1115	0.1213	0.01111
165	0.00256	0.00256	0.00000	0.00000	0.1114	0.1018	0.01137
166	0.00259	0.00259	0.00000	0.00000	0.1128	0.0956	0.01100
167	0.00262	0.00262	0.00000	0.00000	0.1108	0.1103	0.01113
168	0.00256	0.00256	0.00000	0.00000	0.1110	0.1061	0.01131
169	0.00255	0.00255	0.00000	0.00000	0.1119	0.0918	0.01121
170	0.00272	0.00272	0.00000	0.00000	0.1094	0.1241	0.01121
171	0.00267	0.00267	0.00000	0.00000	0.1124	0.0995	0.01124
172	0.00263	0.00263	0.00000	0.00000	0.1116	0.1127	0.01128
173	0.00257	0.00257	0.00000	0.00000	0.1106	0.1190	0.01105
174	0.00250	0.00250	0.00000	0.00000	0.1132	0.0842	0.01133
175	0.00253	0.00253	0.00000	0.00000	0.1101	0.1283	0.01124
176	0.00250	0.00250	0.00000	0.00000	0.1122	0.1045	0.01111
177	0.00242	0.00242	0.00000	0.00000	0.1108	0.1137	0.01129
178	0.00245	0.00245	0.00000	0.00000	0.1124	0.1150	0.01117
179	0.00250	0.00250	0.00000	0.00000	0.1129	0.1021	0.01132
180	0.00240	0.00240	0.00000	0.00000	0.1104	0.1107	0.01120
181	0.00242	0.00242	0.00000	0.00000	0.1119	0.1251	0.01161
182	0.00246	0.00246	0.00000	0.00000	0.1112	0.1098	0.01133
183	0.00247	0.00247	0.00000	0.00000	0.1118	0.1073	0.01130
184	0.00246	0.00246	0.00000	0.00000	0.1104	0.1123	0.01131
185	0.00252	0.00252	0.00000	0.00000	0.1124	0.1197	0.01122
186	0.00245	0.00245	0.00000	0.00000	0.1112	0.1077	0.01106
187	0.00242	0.00242	0.00000	0.00000	0.1116	0.1160	0.01098
188	0.00238	0.00238	0.00000	0.00000	0.1124	0.1103	0.01135
189	0.00236	0.00236	0.00000	0.00000	0.1107	0.1181	0.01117
190	0.00240	0.00240	0.00000	0.00000	0.1116	0.1048	0.01106
191	0.00237	0.00237	0.00000	0.00000	0.1106	0.1180	0.01109
192	0.00232	0.00232	0.00000	0.00000	0.1121	0.0949	0.01134
193	0.00243	0.00243	0.00000	0.00000	0.1111	0.1080	0.01134
194	0.00241	0.00241	0.00000	0.00000	0.1107	0.1293	0.01110
195	0.00236	0.00236	0.00000	0.00000	0.1132	0.1015	0.01103
196	0.00235	0.00235	0.00000	0.00000	0.1122	0.1051	0.01107
197	0.00232	0.00232	0.00000	0.00000	0.1111	0.1026	0.01119
198	0.00246	0.00246	0.00000	0.00000	0.1118	0.1044	0.01126
199	0.00238	0.00238	0.00000	0.00000	0.1116	0.1157	0.01118
200	0.00243	0.00243	0.00000	0.00000	0.1113	0.1160	0.01109
201	0.00236	0.00236	0.00000	0.00000	0.1126	0.1010	0.01123
202	0.00242	0.00242	0.00000	0.00000	0.1112	0.1147	0.01108
203	0.00226	0.00226	0.00000	0.00000	0.1096	0.1214	0.01133
204	0.00234	0.00234	0.00000	0.00000	0.1131	0.1095	0.01110
205	0.00223	0.00223	0.00000	0.00000	0.1115	0.1167	0.01109
206	0.00235	0.00235	0.00000	0.00000	0.1109	0.1100	0.01115
207	0.00246	0.00246	0.00000	0.00000	0.1126	0.1148	0.01138
208	0.00237	0.00237	0.00000	0.00000	0.1106	0.1201	0.01139
209	0.00246	0.00246	0.00000	0.00000	0.1123	0.0977	0.01118
210	0.00240	0.00240	0.00000	0.00000	0.1099	0.1376	0.01125
211	0.00249	0.00249	0.00000	0.00000	0.1134	0.1193	0.01138
212	0.00221	0.00221	0.00000	0.00000	0.1129	0.1024	0.01113
213	0.00216	0.00216	0.00000	0.00000	0.1116	0.1107	0.01113
214	0.00217	0.00217	0.00000	0.00000	0.1113	0.1053	0.01117
215	0.00225	0.00225	0.00000	0.00000	0.1119	0.0971	0.01108
216	0.00240	0.00240	0.00000	0.00000	0.1104	0.1093	0.01123
217	0.00221	0.00221	0.00000	0.00000	0.1110	0.1184	0.01114
218	0.00217	0.00217	0.00000	0.00000	0.1118	0.1102	0.01097
219	0.00219	0.00219	0.00000	0.00000	0.1122	0.1149	0.01141
220	0.00223	0.00223	0.00000	0.00000	0.1114	0.1159	0.01108
221	0.00220	0.00220	0.00000	0.00000	0.1118	0.1169	0.01124
222	0.00221	0.00221	0.00000	0.00000	0.1113	0.1140	0.01119
223	0.00223	0.00223	0.00000	0.00000	0.1133	0.0907	0.01138
224	0.00242	0.00242	0.00000	0.00000	0.1106	0.1142	0.01109
225	0.00228	0.00228	0.00000	0.00000	0.1123	0.1067	0.01119
226	0.00225	0.00225	0.00000	0.00000	0.1106	0.1209	0.01126
227	0.00230	0.00230	0.00000	0.00000	0.1119	0.1102	0.01097
228	0.00220	0.00220	0.00000	0.00000	0.1117	0.1231	0.01095
229	0.00220	0.00220	0.00000	0.00000	0.1127	0.1032	0.01120
230	0.00234	0.00234	0.00000	0.00000	0.1107	0.1383	0.01137
231	0.00221	0.00221	0.00000	0.00000	0.1123	0.1027	0.01116
232	0.00217	0.00217	0.00000	0.00000	0.1108	0.1288	0.01108
233	0.00210	0.00210	0.00000	0.00000	0.1117	0.1121	0.01110
234	0.00217	0.00217	0.00000	0.00000	0.1110	0.1270	0.01139
235	0.00212	0.00212	0.00000	0.00000	0.1119	0.0975	0.01094
236	0.00225	0.00225	0.00000	0.00000	0.1118	0.1011	0.01096
237	0.00219	0.00219	0.00000	0.00000	0.1117	0.1169	0.01135
238	0.00221	0.00221	0.00000	0.00000	0.1127	0.1062	0.01112
239	0.00225	0.00225	0.00000	0.00000	0.1111	0.1160	0.01119
240	0.00214	0.00214	0.00000	0.00000	0.1117	0.1125	0.01109
241	0.00212	0.00212	0.00000	0.00000	0.1121	0.1077	0.01106
242	0.00212	0.00212	0.00000	0.00000	0.1107	0.1117	0.01085
243	0.00209	0.00209	0.00000	0.00000	0.1121	0.1092	0.01108
244	0.00221	0.00221	0.00000	0.00000	0.1119	0.1194	0.01139
245	0.00210	0.00210	0.00000	0.00000	0.1118	0.1028	0.01120
246	0.00207	0.00207	0.00000	0.00000	0.1121	0.0915	0.01119
247	0.00236	0.00236	0.00000	0.00000	0.1111	0.1236	0.01126
248	0.00224	0.00224	0.00000	0.00000	0.1106	0.1148	0.01115
249	0.00218	0.00218	0.00000	0.00000	0.1124	0.1017	0.01134
250	0.00209	0.00209	0.00000	0.00000	0.1113	0.1119	0.01096
251	0.00209	0.00209	0.00000	0.00000	0.1110	0.1063	0.01115
252	0.00217	0.00217	0.00000	0.00000	0.1114	0.1156	0.01115
253	0.00215	0.00215	0.00000	0.00000	0.1120	0.1117	0.01128
254	0.00214	0.00214	0.00000	0.00000	0.1114	0.1035	0.01106
255	0.00201	0.00201	0.00000	0.00000	0.1119	0.1063	0.01130
256	0.00202	0.00202	0.00000	0.00000	0.1120	0.1132	0.01113
257	0.00211	0.00211	0.00000	0.00000	0.1114	0.1134	0.01136
258	0.00211	0.00211	0.00000	0.00000	0.1116	0.1117	0.01122
259	0.00208	0.00208	0.00000	0.00000	0.1122	0.1110	0.01096
260	0.00205	0.00205	0.00000	0.00000	0.1103	0.1303	0.01142
261	0.00210	0.00210	0.00000	0.00000	0.1129	0.1026	0.01118
262	0.00210	0.00210	0.00000	0.00000	0.1117	0.1150	0.01131
263	0.00214	0.00214	0.00000	0.00000	0.1107	0.1099	0.01096
264	0.00210	0.00210	0.00000	0.00000	0.1116	0.1021	0.01117
265	0.00205	0.00205	0.00000	0.00000	0.1124	0.0949	0.01101
266	0.00209	0.00209	0.00000	0.00000	0.1112	0.1200	0.01139
267	0.00212	0.00212	0.00000	0.00000	0.1117	0.1067	0.01115
268	0.00206	0.00206	0.00000	0.00000	0.1112	0.1217	0.01110
269	0.00202	0.00202	0.00000	0.00000	0.1122	0.1169	0.01118
270	0.00195	0.00195	0.00000	0.00000	0.1120	0.1010	0.01130
271	0.00199	0.00199	0.00000	0.00000	0.1105	0.1279	0.01115
272	0.00204	0.00204	0.00000	0.00000	0.1113	0.0995	0.01111
273	0.00216	0.00216	0.00000	0.00000	0.1109	0.1361	0.01125
274	0.00216	0.00216	0.00000	0.00000	0.1126	0.0984	0.01132
275	0.00211	0.00211	0.00000	0.00000	0.1109	0.1148	0.01105
276	0.00210	0.00210	0.00000	0.00000	0.1120	0.1018	0.01114
277	0.00202	0.00202	0.00000	0.00000	0.1103	0.1069	0.01109
278	0.00197	0.00197	0.00000	0.00000	0.1113	0.1187	0.01132
279	0.00213	0.00213	0.00000	0.00000	0.1133	0.0855	0.01126
280	0.00210	0.00210	0.00000	0.00000	0.1096	0.1338	0.01142
281	0.00202	0.00202	0.00000	0.00000	0.1127	0.0996	0.01121
282	0.00201	0.00201	0.00000	0.00000	0.1102	0.1166	0.01122
283	0.00203	0.00203	0.00000	0.00000	0.1118	0.1394	0.01142
284	0.00209	0.00209	0.00000	0.00000	0.1127	0.0935	0.01108
285	0.00203	0.00203	0.00000	0.00000	0.1121	0.0995	0.01125
286	0.00196	0.00196	0.00000	0.00000	0.1113	0.1037	0.01133
287	0.00195	0.00195	0.00000	0.00000	0.1115	0.1159	0.01136
288	0.00203	0.00203	0.00000	0.00000	0.1120	0.0924	0.01125
289	0.00201	0.00201	0.00000	0.00000	0.1111	0.1072	0.01108
290	0.00195	0.00195	0.00000	0.00000	0.1112	0.1182	0.01121
291	0.00187	0.00187	0.00000	0.00000	0.1118	0.1089	0.01115
292	0.00197	0.00197	0.00000	0.00000	0.1120	0.0975	0.01101
293	0.00208	0.00208	0.00000	0.00000	0.1098	0.1192	0.01132
294	0.00197	0.00197	0.00000	0.00000	0.1125	0.1104	0.01120
295	0.00205	0.00205	0.00000	0.00000	0.1108	0.1229	0.01120
296	0.00214	0.00214	0.00000	0.00000	0.1122	0.0997	0.01106
297	0.00213	0.00213	0.00000	0.00000	0.1119	0.1159	0.01130
298	0.00196	0.00196	0.00000	0.00000	0.1118	0.0971	0.01123
299	0.00188	0.00188	0.00000	0.00000	0.1109	0.1176	0.01112
