WARNING:__main__:
*****************************************
Setting OMP_NUM_THREADS environment variable for each process to be 1 in default, to avoid your system being overloaded, please further tune the variable for optimal performance in your application as needed. 
*****************************************
task: detect
Ultralytics 8.3.63 🚀 Python-3.11.13 torch-2.2.2+cu121 CUDA:0 (NVIDIA RTX 6000 Ada Generation, 48509MiB)
                                                       CUDA:1 (NVIDIA RTX 6000 Ada Generation, 48509MiB)
Overriding model.yaml nc=80 with nc=10
Transferred 1335/1341 items from pretrained weights
Not transferred items (6):
  - [Shape Mismatch] model.21.cv3.0.2.bias: model [10] != pretrained [80]
  - [Shape Mismatch] model.21.cv3.0.2.weight: model [10, 256, 1, 1] != pretrained [80, 256, 1, 1]
  - [Shape Mismatch] model.21.cv3.1.2.bias: model [10] != pretrained [80]
  - [Shape Mismatch] model.21.cv3.1.2.weight: model [10, 256, 1, 1] != pretrained [80, 256, 1, 1]
  - [Shape Mismatch] model.21.cv3.2.2.bias: model [10] != pretrained [80]
  - [Shape Mismatch] model.21.cv3.2.2.weight: model [10, 256, 1, 1] != pretrained [80, 256, 1, 1]
Freezing layer 'model.21.dfl.conv.weight'
[34m[1mAMP: [0mrunning Automatic Mixed Precision (AMP) checks...
task: None
[34m[1mAMP: [0mchecks passed ✅
[34m[1mtrain: [0mScanning /media/data/bdd100k_yolo/train/labels.cache... 70000 images, 0 backgrounds, 0 corrupt: 100%|██████████| 70000/70000 [00:00<?, ?it/s][34m[1mtrain: [0mScanning /media/data/bdd100k_yolo/train/labels.cache... 70000 images, 0 backgrounds, 0 corrupt: 100%|██████████| 70000/70000 [00:00<?, ?it/s]
[34m[1mtrain: [0mWARNING ⚠️ /media/data/bdd100k_yolo/train/images/75055858-7d04a650.jpg: 1 duplicate labels removed
/home/hslee/anaconda3/envs/yolov12/lib/python3.11/site-packages/albumentations/__init__.py:28: UserWarning: A new version of Albumentations is available: '2.0.8' (you have '2.0.4'). Upgrade using: pip install -U albumentations. To disable automatic update checks, set the environment variable NO_ALBUMENTATIONS_UPDATE to 1.
  check_for_updates()
[34m[1malbumentations: [0mBlur(p=0.01, blur_limit=(3, 7)), MedianBlur(p=0.01, blur_limit=(3, 7)), ToGray(p=0.01, num_output_channels=3, method='weighted_average'), CLAHE(p=0.01, clip_limit=(1.0, 4.0), tile_grid_size=(8, 8))
[34m[1mval: [0mScanning /media/data/bdd100k_yolo/val/labels.cache... 10000 images, 0 backgrounds, 0 corrupt: 100%|██████████| 10000/10000 [00:00<?, ?it/s][34m[1mval: [0mScanning /media/data/bdd100k_yolo/val/labels.cache... 10000 images, 0 backgrounds, 0 corrupt: 100%|██████████| 10000/10000 [00:00<?, ?it/s]
/home/hslee/anaconda3/envs/yolov12/lib/python3.11/site-packages/albumentations/__init__.py:28: UserWarning: A new version of Albumentations is available: '2.0.8' (you have '2.0.4'). Upgrade using: pip install -U albumentations. To disable automatic update checks, set the environment variable NO_ALBUMENTATIONS_UPDATE to 1.
  check_for_updates()
Plotting labels to runs/bdd100k/detect/baseline-yolov12l/train/labels.jpg... 
[34m[1moptimizer:[0m SGD(lr=0.01, momentum=0.9) with parameter groups 221 weight(decay=0.0), 230 weight(decay=0.0005), 227 bias(decay=0.0)
DistributedDataParallel(
  (module): DetectionModel(
    (model): Sequential(
      (0): Conv(
        (conv): Conv2d(3, 64, kernel_size=(3, 3), stride=(2, 2), padding=(1, 1), bias=False)
        (bn): BatchNorm2d(64, eps=0.001, momentum=0.03, affine=True, track_running_stats=True)
        (act): SiLU(inplace=True)
      )
      (1): Conv(
        (conv): Conv2d(64, 128, kernel_size=(3, 3), stride=(2, 2), padding=(1, 1), groups=2, bias=False)
        (bn): BatchNorm2d(128, eps=0.001, momentum=0.03, affine=True, track_running_stats=True)
        (act): SiLU(inplace=True)
      )
      (2): C3k2(
        (cv1): Conv(
          (conv): Conv2d(128, 128, kernel_size=(1, 1), stride=(1, 1), bias=False)
          (bn): BatchNorm2d(128, eps=0.001, momentum=0.03, affine=True, track_running_stats=True)
          (act): SiLU(inplace=True)
        )
        (cv2): Conv(
          (conv): Conv2d(256, 256, kernel_size=(1, 1), stride=(1, 1), bias=False)
          (bn): BatchNorm2d(256, eps=0.001, momentum=0.03, affine=True, track_running_stats=True)
          (act): SiLU(inplace=True)
        )
        (m): ModuleList(
          (0-1): 2 x C3k(
            (cv1): Conv(
              (conv): Conv2d(64, 32, kernel_size=(1, 1), stride=(1, 1), bias=False)
              (bn): BatchNorm2d(32, eps=0.001, momentum=0.03, affine=True, track_running_stats=True)
              (act): SiLU(inplace=True)
            )
            (cv2): Conv(
              (conv): Conv2d(64, 32, kernel_size=(1, 1), stride=(1, 1), bias=False)
              (bn): BatchNorm2d(32, eps=0.001, momentum=0.03, affine=True, track_running_stats=True)
              (act): SiLU(inplace=True)
            )
            (cv3): Conv(
              (conv): Conv2d(64, 64, kernel_size=(1, 1), stride=(1, 1), bias=False)
              (bn): BatchNorm2d(64, eps=0.001, momentum=0.03, affine=True, track_running_stats=True)
              (act): SiLU(inplace=True)
            )
            (m): Sequential(
              (0): Bottleneck(
                (cv1): Conv(
                  (conv): Conv2d(32, 32, kernel_size=(3, 3), stride=(1, 1), padding=(1, 1), bias=False)
                  (bn): BatchNorm2d(32, eps=0.001, momentum=0.03, affine=True, track_running_stats=True)
                  (act): SiLU(inplace=True)
                )
                (cv2): Conv(
                  (conv): Conv2d(32, 32, kernel_size=(3, 3), stride=(1, 1), padding=(1, 1), bias=False)
                  (bn): BatchNorm2d(32, eps=0.001, momentum=0.03, affine=True, track_running_stats=True)
                  (act): SiLU(inplace=True)
                )
              )
              (1): Bottleneck(
                (cv1): Conv(
                  (conv): Conv2d(32, 32, kernel_size=(3, 3), stride=(1, 1), padding=(1, 1), bias=False)
                  (bn): BatchNorm2d(32, eps=0.001, momentum=0.03, affine=True, track_running_stats=True)
                  (act): SiLU(inplace=True)
                )
                (cv2): Conv(
                  (conv): Conv2d(32, 32, kernel_size=(3, 3), stride=(1, 1), padding=(1, 1), bias=False)
                  (bn): BatchNorm2d(32, eps=0.001, momentum=0.03, affine=True, track_running_stats=True)
                  (act): SiLU(inplace=True)
                )
              )
            )
          )
        )
      )
      (3): Conv(
        (conv): Conv2d(256, 256, kernel_size=(3, 3), stride=(2, 2), padding=(1, 1), groups=4, bias=False)
        (bn): BatchNorm2d(256, eps=0.001, momentum=0.03, affine=True, track_running_stats=True)
        (act): SiLU(inplace=True)
      )
      (4): C3k2(
        (cv1): Conv(
          (conv): Conv2d(256, 256, kernel_size=(1, 1), stride=(1, 1), bias=False)
          (bn): BatchNorm2d(256, eps=0.001, momentum=0.03, affine=True, track_running_stats=True)
          (act): SiLU(inplace=True)
        )
        (cv2): Conv(
          (conv): Conv2d(512, 512, kernel_size=(1, 1), stride=(1, 1), bias=False)
          (bn): BatchNorm2d(512, eps=0.001, momentum=0.03, affine=True, track_running_stats=True)
          (act): SiLU(inplace=True)
        )
        (m): ModuleList(
          (0-1): 2 x C3k(
            (cv1): Conv(
              (conv): Conv2d(128, 64, kernel_size=(1, 1), stride=(1, 1), bias=False)
              (bn): BatchNorm2d(64, eps=0.001, momentum=0.03, affine=True, track_running_stats=True)
              (act): SiLU(inplace=True)
            )
            (cv2): Conv(
              (conv): Conv2d(128, 64, kernel_size=(1, 1), stride=(1, 1), bias=False)
              (bn): BatchNorm2d(64, eps=0.001, momentum=0.03, affine=True, track_running_stats=True)
              (act): SiLU(inplace=True)
            )
            (cv3): Conv(
              (conv): Conv2d(128, 128, kernel_size=(1, 1), stride=(1, 1), bias=False)
              (bn): BatchNorm2d(128, eps=0.001, momentum=0.03, affine=True, track_running_stats=True)
              (act): SiLU(inplace=True)
            )
            (m): Sequential(
              (0): Bottleneck(
                (cv1): Conv(
                  (conv): Conv2d(64, 64, kernel_size=(3, 3), stride=(1, 1), padding=(1, 1), bias=False)
                  (bn): BatchNorm2d(64, eps=0.001, momentum=0.03, affine=True, track_running_stats=True)
                  (act): SiLU(inplace=True)
                )
                (cv2): Conv(
                  (conv): Conv2d(64, 64, kernel_size=(3, 3), stride=(1, 1), padding=(1, 1), bias=False)
                  (bn): BatchNorm2d(64, eps=0.001, momentum=0.03, affine=True, track_running_stats=True)
                  (act): SiLU(inplace=True)
                )
              )
              (1): Bottleneck(
                (cv1): Conv(
                  (conv): Conv2d(64, 64, kernel_size=(3, 3), stride=(1, 1), padding=(1, 1), bias=False)
                  (bn): BatchNorm2d(64, eps=0.001, momentum=0.03, affine=True, track_running_stats=True)
                  (act): SiLU(inplace=True)
                )
                (cv2): Conv(
                  (conv): Conv2d(64, 64, kernel_size=(3, 3), stride=(1, 1), padding=(1, 1), bias=False)
                  (bn): BatchNorm2d(64, eps=0.001, momentum=0.03, affine=True, track_running_stats=True)
                  (act): SiLU(inplace=True)
                )
              )
            )
          )
        )
      )
      (5): Conv(
        (conv): Conv2d(512, 512, kernel_size=(3, 3), stride=(2, 2), padding=(1, 1), bias=False)
        (bn): BatchNorm2d(512, eps=0.001, momentum=0.03, affine=True, track_running_stats=True)
        (act): SiLU(inplace=True)
      )
      (6): A2C2f(
        (cv1): Conv(
          (conv): Conv2d(512, 256, kernel_size=(1, 1), stride=(1, 1), bias=False)
          (bn): BatchNorm2d(256, eps=0.001, momentum=0.03, affine=True, track_running_stats=True)
          (act): SiLU(inplace=True)
        )
        (cv2): Conv(
          (conv): Conv2d(1280, 512, kernel_size=(1, 1), stride=(1, 1), bias=False)
          (bn): BatchNorm2d(512, eps=0.001, momentum=0.03, affine=True, track_running_stats=True)
          (act): SiLU(inplace=True)
        )
        (m): ModuleList(
          (0-3): 4 x Sequential(
            (0): ABlock(
              (attn): AAttn(
                (qk): Conv(
                  (conv): Conv2d(256, 512, kernel_size=(1, 1), stride=(1, 1), bias=False)
                  (bn): BatchNorm2d(512, eps=0.001, momentum=0.03, affine=True, track_running_stats=True)
                  (act): Identity()
                )
                (v): Conv(
                  (conv): Conv2d(256, 256, kernel_size=(1, 1), stride=(1, 1), bias=False)
                  (bn): BatchNorm2d(256, eps=0.001, momentum=0.03, affine=True, track_running_stats=True)
                  (act): Identity()
                )
                (proj): Conv(
                  (conv): Conv2d(256, 256, kernel_size=(1, 1), stride=(1, 1), bias=False)
                  (bn): BatchNorm2d(256, eps=0.001, momentum=0.03, affine=True, track_running_stats=True)
                  (act): Identity()
                )
                (pe): Conv(
                  (conv): Conv2d(256, 256, kernel_size=(5, 5), stride=(1, 1), padding=(2, 2), groups=256, bias=False)
                  (bn): BatchNorm2d(256, eps=0.001, momentum=0.03, affine=True, track_running_stats=True)
                  (act): Identity()
                )
              )
              (mlp): Sequential(
                (0): Conv(
                  (conv): Conv2d(256, 384, kernel_size=(1, 1), stride=(1, 1), bias=False)
                  (bn): BatchNorm2d(384, eps=0.001, momentum=0.03, affine=True, track_running_stats=True)
                  (act): SiLU(inplace=True)
                )
                (1): Conv(
                  (conv): Conv2d(384, 256, kernel_size=(1, 1), stride=(1, 1), bias=False)
                  (bn): BatchNorm2d(256, eps=0.001, momentum=0.03, affine=True, track_running_stats=True)
                  (act): Identity()
                )
              )
            )
            (1): ABlock(
              (attn): AAttn(
                (qk): Conv(
                  (conv): Conv2d(256, 512, kernel_size=(1, 1), stride=(1, 1), bias=False)
                  (bn): BatchNorm2d(512, eps=0.001, momentum=0.03, affine=True, track_running_stats=True)
                  (act): Identity()
                )
                (v): Conv(
                  (conv): Conv2d(256, 256, kernel_size=(1, 1), stride=(1, 1), bias=False)
                  (bn): BatchNorm2d(256, eps=0.001, momentum=0.03, affine=True, track_running_stats=True)
                  (act): Identity()
                )
                (proj): Conv(
                  (conv): Conv2d(256, 256, kernel_size=(1, 1), stride=(1, 1), bias=False)
                  (bn): BatchNorm2d(256, eps=0.001, momentum=0.03, affine=True, track_running_stats=True)
                  (act): Identity()
                )
                (pe): Conv(
                  (conv): Conv2d(256, 256, kernel_size=(5, 5), stride=(1, 1), padding=(2, 2), groups=256, bias=False)
                  (bn): BatchNorm2d(256, eps=0.001, momentum=0.03, affine=True, track_running_stats=True)
                  (act): Identity()
                )
              )
              (mlp): Sequential(
                (0): Conv(
                  (conv): Conv2d(256, 384, kernel_size=(1, 1), stride=(1, 1), bias=False)
                  (bn): BatchNorm2d(384, eps=0.001, momentum=0.03, affine=True, track_running_stats=True)
                  (act): SiLU(inplace=True)
                )
                (1): Conv(
                  (conv): Conv2d(384, 256, kernel_size=(1, 1), stride=(1, 1), bias=False)
                  (bn): BatchNorm2d(256, eps=0.001, momentum=0.03, affine=True, track_running_stats=True)
                  (act): Identity()
                )
              )
            )
          )
        )
      )
      (7): Conv(
        (conv): Conv2d(512, 512, kernel_size=(3, 3), stride=(2, 2), padding=(1, 1), bias=False)
        (bn): BatchNorm2d(512, eps=0.001, momentum=0.03, affine=True, track_running_stats=True)
        (act): SiLU(inplace=True)
      )
      (8): A2C2f(
        (cv1): Conv(
          (conv): Conv2d(512, 256, kernel_size=(1, 1), stride=(1, 1), bias=False)
          (bn): BatchNorm2d(256, eps=0.001, momentum=0.03, affine=True, track_running_stats=True)
          (act): SiLU(inplace=True)
        )
        (cv2): Conv(
          (conv): Conv2d(1280, 512, kernel_size=(1, 1), stride=(1, 1), bias=False)
          (bn): BatchNorm2d(512, eps=0.001, momentum=0.03, affine=True, track_running_stats=True)
          (act): SiLU(inplace=True)
        )
        (m): ModuleList(
          (0-3): 4 x Sequential(
            (0): ABlock(
              (attn): AAttn(
                (qk): Conv(
                  (conv): Conv2d(256, 512, kernel_size=(1, 1), stride=(1, 1), bias=False)
                  (bn): BatchNorm2d(512, eps=0.001, momentum=0.03, affine=True, track_running_stats=True)
                  (act): Identity()
                )
                (v): Conv(
                  (conv): Conv2d(256, 256, kernel_size=(1, 1), stride=(1, 1), bias=False)
                  (bn): BatchNorm2d(256, eps=0.001, momentum=0.03, affine=True, track_running_stats=True)
                  (act): Identity()
                )
                (proj): Conv(
                  (conv): Conv2d(256, 256, kernel_size=(1, 1), stride=(1, 1), bias=False)
                  (bn): BatchNorm2d(256, eps=0.001, momentum=0.03, affine=True, track_running_stats=True)
                  (act): Identity()
                )
                (pe): Conv(
                  (conv): Conv2d(256, 256, kernel_size=(5, 5), stride=(1, 1), padding=(2, 2), groups=256, bias=False)
                  (bn): BatchNorm2d(256, eps=0.001, momentum=0.03, affine=True, track_running_stats=True)
                  (act): Identity()
                )
              )
              (mlp): Sequential(
                (0): Conv(
                  (conv): Conv2d(256, 384, kernel_size=(1, 1), stride=(1, 1), bias=False)
                  (bn): BatchNorm2d(384, eps=0.001, momentum=0.03, affine=True, track_running_stats=True)
                  (act): SiLU(inplace=True)
                )
                (1): Conv(
                  (conv): Conv2d(384, 256, kernel_size=(1, 1), stride=(1, 1), bias=False)
                  (bn): BatchNorm2d(256, eps=0.001, momentum=0.03, affine=True, track_running_stats=True)
                  (act): Identity()
                )
              )
            )
            (1): ABlock(
              (attn): AAttn(
                (qk): Conv(
                  (conv): Conv2d(256, 512, kernel_size=(1, 1), stride=(1, 1), bias=False)
                  (bn): BatchNorm2d(512, eps=0.001, momentum=0.03, affine=True, track_running_stats=True)
                  (act): Identity()
                )
                (v): Conv(
                  (conv): Conv2d(256, 256, kernel_size=(1, 1), stride=(1, 1), bias=False)
                  (bn): BatchNorm2d(256, eps=0.001, momentum=0.03, affine=True, track_running_stats=True)
                  (act): Identity()
                )
                (proj): Conv(
                  (conv): Conv2d(256, 256, kernel_size=(1, 1), stride=(1, 1), bias=False)
                  (bn): BatchNorm2d(256, eps=0.001, momentum=0.03, affine=True, track_running_stats=True)
                  (act): Identity()
                )
                (pe): Conv(
                  (conv): Conv2d(256, 256, kernel_size=(5, 5), stride=(1, 1), padding=(2, 2), groups=256, bias=False)
                  (bn): BatchNorm2d(256, eps=0.001, momentum=0.03, affine=True, track_running_stats=True)
                  (act): Identity()
                )
              )
              (mlp): Sequential(
                (0): Conv(
                  (conv): Conv2d(256, 384, kernel_size=(1, 1), stride=(1, 1), bias=False)
                  (bn): BatchNorm2d(384, eps=0.001, momentum=0.03, affine=True, track_running_stats=True)
                  (act): SiLU(inplace=True)
                )
                (1): Conv(
                  (conv): Conv2d(384, 256, kernel_size=(1, 1), stride=(1, 1), bias=False)
                  (bn): BatchNorm2d(256, eps=0.001, momentum=0.03, affine=True, track_running_stats=True)
                  (act): Identity()
                )
              )
            )
          )
        )
      )
      (9): Upsample(scale_factor=2.0, mode='nearest')
      (10): Concat()
      (11): A2C2f(
        (cv1): Conv(
          (conv): Conv2d(1024, 256, kernel_size=(1, 1), stride=(1, 1), bias=False)
          (bn): BatchNorm2d(256, eps=0.001, momentum=0.03, affine=True, track_running_stats=True)
          (act): SiLU(inplace=True)
        )
        (cv2): Conv(
          (conv): Conv2d(768, 512, kernel_size=(1, 1), stride=(1, 1), bias=False)
          (bn): BatchNorm2d(512, eps=0.001, momentum=0.03, affine=True, track_running_stats=True)
          (act): SiLU(inplace=True)
        )
        (m): ModuleList(
          (0-1): 2 x C3k(
            (cv1): Conv(
              (conv): Conv2d(256, 128, kernel_size=(1, 1), stride=(1, 1), bias=False)
              (bn): BatchNorm2d(128, eps=0.001, momentum=0.03, affine=True, track_running_stats=True)
              (act): SiLU(inplace=True)
            )
            (cv2): Conv(
              (conv): Conv2d(256, 128, kernel_size=(1, 1), stride=(1, 1), bias=False)
              (bn): BatchNorm2d(128, eps=0.001, momentum=0.03, affine=True, track_running_stats=True)
              (act): SiLU(inplace=True)
            )
            (cv3): Conv(
              (conv): Conv2d(256, 256, kernel_size=(1, 1), stride=(1, 1), bias=False)
              (bn): BatchNorm2d(256, eps=0.001, momentum=0.03, affine=True, track_running_stats=True)
              (act): SiLU(inplace=True)
            )
            (m): Sequential(
              (0): Bottleneck(
                (cv1): Conv(
                  (conv): Conv2d(128, 128, kernel_size=(3, 3), stride=(1, 1), padding=(1, 1), bias=False)
                  (bn): BatchNorm2d(128, eps=0.001, momentum=0.03, affine=True, track_running_stats=True)
                  (act): SiLU(inplace=True)
                )
                (cv2): Conv(
                  (conv): Conv2d(128, 128, kernel_size=(3, 3), stride=(1, 1), padding=(1, 1), bias=False)
                  (bn): BatchNorm2d(128, eps=0.001, momentum=0.03, affine=True, track_running_stats=True)
                  (act): SiLU(inplace=True)
                )
              )
              (1): Bottleneck(
                (cv1): Conv(
                  (conv): Conv2d(128, 128, kernel_size=(3, 3), stride=(1, 1), padding=(1, 1), bias=False)
                  (bn): BatchNorm2d(128, eps=0.001, momentum=0.03, affine=True, track_running_stats=True)
                  (act): SiLU(inplace=True)
                )
                (cv2): Conv(
                  (conv): Conv2d(128, 128, kernel_size=(3, 3), stride=(1, 1), padding=(1, 1), bias=False)
                  (bn): BatchNorm2d(128, eps=0.001, momentum=0.03, affine=True, track_running_stats=True)
                  (act): SiLU(inplace=True)
                )
              )
            )
          )
        )
      )
      (12): Upsample(scale_factor=2.0, mode='nearest')
      (13): Concat()
      (14): A2C2f(
        (cv1): Conv(
          (conv): Conv2d(1024, 128, kernel_size=(1, 1), stride=(1, 1), bias=False)
          (bn): BatchNorm2d(128, eps=0.001, momentum=0.03, affine=True, track_running_stats=True)
          (act): SiLU(inplace=True)
        )
        (cv2): Conv(
          (conv): Conv2d(384, 256, kernel_size=(1, 1), stride=(1, 1), bias=False)
          (bn): BatchNorm2d(256, eps=0.001, momentum=0.03, affine=True, track_running_stats=True)
          (act): SiLU(inplace=True)
        )
        (m): ModuleList(
          (0-1): 2 x C3k(
            (cv1): Conv(
              (conv): Conv2d(128, 64, kernel_size=(1, 1), stride=(1, 1), bias=False)
              (bn): BatchNorm2d(64, eps=0.001, momentum=0.03, affine=True, track_running_stats=True)
              (act): SiLU(inplace=True)
            )
            (cv2): Conv(
              (conv): Conv2d(128, 64, kernel_size=(1, 1), stride=(1, 1), bias=False)
              (bn): BatchNorm2d(64, eps=0.001, momentum=0.03, affine=True, track_running_stats=True)
              (act): SiLU(inplace=True)
            )
            (cv3): Conv(
              (conv): Conv2d(128, 128, kernel_size=(1, 1), stride=(1, 1), bias=False)
              (bn): BatchNorm2d(128, eps=0.001, momentum=0.03, affine=True, track_running_stats=True)
              (act): SiLU(inplace=True)
            )
            (m): Sequential(
              (0): Bottleneck(
                (cv1): Conv(
                  (conv): Conv2d(64, 64, kernel_size=(3, 3), stride=(1, 1), padding=(1, 1), bias=False)
                  (bn): BatchNorm2d(64, eps=0.001, momentum=0.03, affine=True, track_running_stats=True)
                  (act): SiLU(inplace=True)
                )
                (cv2): Conv(
                  (conv): Conv2d(64, 64, kernel_size=(3, 3), stride=(1, 1), padding=(1, 1), bias=False)
                  (bn): BatchNorm2d(64, eps=0.001, momentum=0.03, affine=True, track_running_stats=True)
                  (act): SiLU(inplace=True)
                )
              )
              (1): Bottleneck(
                (cv1): Conv(
                  (conv): Conv2d(64, 64, kernel_size=(3, 3), stride=(1, 1), padding=(1, 1), bias=False)
                  (bn): BatchNorm2d(64, eps=0.001, momentum=0.03, affine=True, track_running_stats=True)
                  (act): SiLU(inplace=True)
                )
                (cv2): Conv(
                  (conv): Conv2d(64, 64, kernel_size=(3, 3), stride=(1, 1), padding=(1, 1), bias=False)
                  (bn): BatchNorm2d(64, eps=0.001, momentum=0.03, affine=True, track_running_stats=True)
                  (act): SiLU(inplace=True)
                )
              )
            )
          )
        )
      )
      (15): Conv(
        (conv): Conv2d(256, 256, kernel_size=(3, 3), stride=(2, 2), padding=(1, 1), bias=False)
        (bn): BatchNorm2d(256, eps=0.001, momentum=0.03, affine=True, track_running_stats=True)
        (act): SiLU(inplace=True)
      )
      (16): Concat()
      (17): A2C2f(
        (cv1): Conv(
          (conv): Conv2d(768, 256, kernel_size=(1, 1), stride=(1, 1), bias=False)
          (bn): BatchNorm2d(256, eps=0.001, momentum=0.03, affine=True, track_running_stats=True)
          (act): SiLU(inplace=True)
        )
        (cv2): Conv(
          (conv): Conv2d(768, 512, kernel_size=(1, 1), stride=(1, 1), bias=False)
          (bn): BatchNorm2d(512, eps=0.001, momentum=0.03, affine=True, track_running_stats=True)
          (act): SiLU(inplace=True)
        )
        (m): ModuleList(
          (0-1): 2 x C3k(
            (cv1): Conv(
              (conv): Conv2d(256, 128, kernel_size=(1, 1), stride=(1, 1), bias=False)
              (bn): BatchNorm2d(128, eps=0.001, momentum=0.03, affine=True, track_running_stats=True)
              (act): SiLU(inplace=True)
            )
            (cv2): Conv(
              (conv): Conv2d(256, 128, kernel_size=(1, 1), stride=(1, 1), bias=False)
              (bn): BatchNorm2d(128, eps=0.001, momentum=0.03, affine=True, track_running_stats=True)
              (act): SiLU(inplace=True)
            )
            (cv3): Conv(
              (conv): Conv2d(256, 256, kernel_size=(1, 1), stride=(1, 1), bias=False)
              (bn): BatchNorm2d(256, eps=0.001, momentum=0.03, affine=True, track_running_stats=True)
              (act): SiLU(inplace=True)
            )
            (m): Sequential(
              (0): Bottleneck(
                (cv1): Conv(
                  (conv): Conv2d(128, 128, kernel_size=(3, 3), stride=(1, 1), padding=(1, 1), bias=False)
                  (bn): BatchNorm2d(128, eps=0.001, momentum=0.03, affine=True, track_running_stats=True)
                  (act): SiLU(inplace=True)
                )
                (cv2): Conv(
                  (conv): Conv2d(128, 128, kernel_size=(3, 3), stride=(1, 1), padding=(1, 1), bias=False)
                  (bn): BatchNorm2d(128, eps=0.001, momentum=0.03, affine=True, track_running_stats=True)
                  (act): SiLU(inplace=True)
                )
              )
              (1): Bottleneck(
                (cv1): Conv(
                  (conv): Conv2d(128, 128, kernel_size=(3, 3), stride=(1, 1), padding=(1, 1), bias=False)
                  (bn): BatchNorm2d(128, eps=0.001, momentum=0.03, affine=True, track_running_stats=True)
                  (act): SiLU(inplace=True)
                )
                (cv2): Conv(
                  (conv): Conv2d(128, 128, kernel_size=(3, 3), stride=(1, 1), padding=(1, 1), bias=False)
                  (bn): BatchNorm2d(128, eps=0.001, momentum=0.03, affine=True, track_running_stats=True)
                  (act): SiLU(inplace=True)
                )
              )
            )
          )
        )
      )
      (18): Conv(
        (conv): Conv2d(512, 512, kernel_size=(3, 3), stride=(2, 2), padding=(1, 1), bias=False)
        (bn): BatchNorm2d(512, eps=0.001, momentum=0.03, affine=True, track_running_stats=True)
        (act): SiLU(inplace=True)
      )
      (19): Concat()
      (20): C3k2(
        (cv1): Conv(
          (conv): Conv2d(1024, 512, kernel_size=(1, 1), stride=(1, 1), bias=False)
          (bn): BatchNorm2d(512, eps=0.001, momentum=0.03, affine=True, track_running_stats=True)
          (act): SiLU(inplace=True)
        )
        (cv2): Conv(
          (conv): Conv2d(1024, 512, kernel_size=(1, 1), stride=(1, 1), bias=False)
          (bn): BatchNorm2d(512, eps=0.001, momentum=0.03, affine=True, track_running_stats=True)
          (act): SiLU(inplace=True)
        )
        (m): ModuleList(
          (0-1): 2 x C3k(
            (cv1): Conv(
              (conv): Conv2d(256, 128, kernel_size=(1, 1), stride=(1, 1), bias=False)
              (bn): BatchNorm2d(128, eps=0.001, momentum=0.03, affine=True, track_running_stats=True)
              (act): SiLU(inplace=True)
            )
            (cv2): Conv(
              (conv): Conv2d(256, 128, kernel_size=(1, 1), stride=(1, 1), bias=False)
              (bn): BatchNorm2d(128, eps=0.001, momentum=0.03, affine=True, track_running_stats=True)
              (act): SiLU(inplace=True)
            )
            (cv3): Conv(
              (conv): Conv2d(256, 256, kernel_size=(1, 1), stride=(1, 1), bias=False)
              (bn): BatchNorm2d(256, eps=0.001, momentum=0.03, affine=True, track_running_stats=True)
              (act): SiLU(inplace=True)
            )
            (m): Sequential(
              (0): Bottleneck(
                (cv1): Conv(
                  (conv): Conv2d(128, 128, kernel_size=(3, 3), stride=(1, 1), padding=(1, 1), bias=False)
                  (bn): BatchNorm2d(128, eps=0.001, momentum=0.03, affine=True, track_running_stats=True)
                  (act): SiLU(inplace=True)
                )
                (cv2): Conv(
                  (conv): Conv2d(128, 128, kernel_size=(3, 3), stride=(1, 1), padding=(1, 1), bias=False)
                  (bn): BatchNorm2d(128, eps=0.001, momentum=0.03, affine=True, track_running_stats=True)
                  (act): SiLU(inplace=True)
                )
              )
              (1): Bottleneck(
                (cv1): Conv(
                  (conv): Conv2d(128, 128, kernel_size=(3, 3), stride=(1, 1), padding=(1, 1), bias=False)
                  (bn): BatchNorm2d(128, eps=0.001, momentum=0.03, affine=True, track_running_stats=True)
                  (act): SiLU(inplace=True)
                )
                (cv2): Conv(
                  (conv): Conv2d(128, 128, kernel_size=(3, 3), stride=(1, 1), padding=(1, 1), bias=False)
                  (bn): BatchNorm2d(128, eps=0.001, momentum=0.03, affine=True, track_running_stats=True)
                  (act): SiLU(inplace=True)
                )
              )
            )
          )
        )
      )
      (21): Detect(
        (cv2): ModuleList(
          (0): Sequential(
            (0): Conv(
              (conv): Conv2d(256, 64, kernel_size=(3, 3), stride=(1, 1), padding=(1, 1), bias=False)
              (bn): BatchNorm2d(64, eps=0.001, momentum=0.03, affine=True, track_running_stats=True)
              (act): SiLU(inplace=True)
            )
            (1): Conv(
              (conv): Conv2d(64, 64, kernel_size=(3, 3), stride=(1, 1), padding=(1, 1), bias=False)
              (bn): BatchNorm2d(64, eps=0.001, momentum=0.03, affine=True, track_running_stats=True)
              (act): SiLU(inplace=True)
            )
            (2): Conv2d(64, 64, kernel_size=(1, 1), stride=(1, 1))
          )
          (1-2): 2 x Sequential(
            (0): Conv(
              (conv): Conv2d(512, 64, kernel_size=(3, 3), stride=(1, 1), padding=(1, 1), bias=False)
              (bn): BatchNorm2d(64, eps=0.001, momentum=0.03, affine=True, track_running_stats=True)
              (act): SiLU(inplace=True)
            )
            (1): Conv(
              (conv): Conv2d(64, 64, kernel_size=(3, 3), stride=(1, 1), padding=(1, 1), bias=False)
              (bn): BatchNorm2d(64, eps=0.001, momentum=0.03, affine=True, track_running_stats=True)
              (act): SiLU(inplace=True)
            )
            (2): Conv2d(64, 64, kernel_size=(1, 1), stride=(1, 1))
          )
        )
        (cv3): ModuleList(
          (0): Sequential(
            (0): Sequential(
              (0): DWConv(
                (conv): Conv2d(256, 256, kernel_size=(3, 3), stride=(1, 1), padding=(1, 1), groups=256, bias=False)
                (bn): BatchNorm2d(256, eps=0.001, momentum=0.03, affine=True, track_running_stats=True)
                (act): SiLU(inplace=True)
              )
              (1): Conv(
                (conv): Conv2d(256, 256, kernel_size=(1, 1), stride=(1, 1), bias=False)
                (bn): BatchNorm2d(256, eps=0.001, momentum=0.03, affine=True, track_running_stats=True)
                (act): SiLU(inplace=True)
              )
            )
            (1): Sequential(
              (0): DWConv(
                (conv): Conv2d(256, 256, kernel_size=(3, 3), stride=(1, 1), padding=(1, 1), groups=256, bias=False)
                (bn): BatchNorm2d(256, eps=0.001, momentum=0.03, affine=True, track_running_stats=True)
                (act): SiLU(inplace=True)
              )
              (1): Conv(
                (conv): Conv2d(256, 256, kernel_size=(1, 1), stride=(1, 1), bias=False)
                (bn): BatchNorm2d(256, eps=0.001, momentum=0.03, affine=True, track_running_stats=True)
                (act): SiLU(inplace=True)
              )
            )
            (2): Conv2d(256, 10, kernel_size=(1, 1), stride=(1, 1))
          )
          (1-2): 2 x Sequential(
            (0): Sequential(
              (0): DWConv(
                (conv): Conv2d(512, 512, kernel_size=(3, 3), stride=(1, 1), padding=(1, 1), groups=512, bias=False)
                (bn): BatchNorm2d(512, eps=0.001, momentum=0.03, affine=True, track_running_stats=True)
                (act): SiLU(inplace=True)
              )
              (1): Conv(
                (conv): Conv2d(512, 256, kernel_size=(1, 1), stride=(1, 1), bias=False)
                (bn): BatchNorm2d(256, eps=0.001, momentum=0.03, affine=True, track_running_stats=True)
                (act): SiLU(inplace=True)
              )
            )
            (1): Sequential(
              (0): DWConv(
                (conv): Conv2d(256, 256, kernel_size=(3, 3), stride=(1, 1), padding=(1, 1), groups=256, bias=False)
                (bn): BatchNorm2d(256, eps=0.001, momentum=0.03, affine=True, track_running_stats=True)
                (act): SiLU(inplace=True)
              )
              (1): Conv(
                (conv): Conv2d(256, 256, kernel_size=(1, 1), stride=(1, 1), bias=False)
                (bn): BatchNorm2d(256, eps=0.001, momentum=0.03, affine=True, track_running_stats=True)
                (act): SiLU(inplace=True)
              )
            )
            (2): Conv2d(256, 10, kernel_size=(1, 1), stride=(1, 1))
          )
        )
        (dfl): DFL(
          (conv): Conv2d(16, 1, kernel_size=(1, 1), stride=(1, 1), bias=False)
        )
      )
    )
  )
)
Image sizes 640 train, 640 val
Using 16 dataloader workers
Logging results to [1mruns/bdd100k/detect/baseline-yolov12l/train[0m
Starting training for 50 epochs...

      Epoch    GPU_mem   box_loss   cls_loss   dfl_loss  Instances       Size
[rank0]:[W reducer.cpp:1360] Warning: find_unused_parameters=True was specified in DDP constructor, but did not find any unused parameters in the forward pass. This flag results in an extra traversal of the autograd graph every iteration,  which can adversely affect performance. If your model indeed never has any unused parameters in the forward pass, consider turning this flag off. Note that this warning may be a false positive if your model has flow control causing later iterations to have unused parameters. (function operator())
[rank1]:[W reducer.cpp:1360] Warning: find_unused_parameters=True was specified in DDP constructor, but did not find any unused parameters in the forward pass. This flag results in an extra traversal of the autograd graph every iteration,  which can adversely affect performance. If your model indeed never has any unused parameters in the forward pass, consider turning this flag off. Note that this warning may be a false positive if your model has flow control causing later iterations to have unused parameters. (function operator())
/home/hslee/anaconda3/envs/yolov12/lib/python3.11/site-packages/torch/autograd/__init__.py:266: UserWarning: Grad strides do not match bucket view strides. This may indicate grad was not created according to the gradient layout contract, or that the param's strides changed since DDP was constructed.  This is not an error, but may impair performance.
grad.sizes() = [256, 256, 1, 1], strides() = [256, 1, 256, 256]
bucket_view.sizes() = [256, 256, 1, 1], strides() = [256, 1, 1, 1] (Triggered internally at ../torch/csrc/distributed/c10d/reducer.cpp:322.)
  Variable._execution_engine.run_backward(  # Calls into the C++ engine to run the backward pass
/home/hslee/anaconda3/envs/yolov12/lib/python3.11/site-packages/torch/autograd/__init__.py:266: UserWarning: Grad strides do not match bucket view strides. This may indicate grad was not created according to the gradient layout contract, or that the param's strides changed since DDP was constructed.  This is not an error, but may impair performance.
grad.sizes() = [256, 256, 1, 1], strides() = [256, 1, 256, 256]
bucket_view.sizes() = [256, 256, 1, 1], strides() = [256, 1, 1, 1] (Triggered internally at ../torch/csrc/distributed/c10d/reducer.cpp:322.)
  Variable._execution_engine.run_backward(  # Calls into the C++ engine to run the backward pass
Epoch 1/50, Batch 1/1094 (0.1%) - Loss: 340.925, box,cls,dfl: 1.612,2.506,1.210
Epoch 1/50, Batch 110/1094 (10.1%) - Loss: 222.621, box,cls,dfl: 1.359,1.065,1.055
Epoch 1/50, Batch 219/1094 (20.0%) - Loss: 207.874, box,cls,dfl: 1.303,0.923,1.022
Epoch 1/50, Batch 328/1094 (30.0%) - Loss: 207.114, box,cls,dfl: 1.326,0.884,1.026
Epoch 1/50, Batch 437/1094 (39.9%) - Loss: 200.494, box,cls,dfl: 1.283,0.843,1.007
Epoch 1/50, Batch 546/1094 (49.9%) - Loss: 189.701, box,cls,dfl: 1.243,0.715,1.006
Epoch 1/50, Batch 655/1094 (59.9%) - Loss: 193.188, box,cls,dfl: 1.267,0.750,1.002
Epoch 1/50, Batch 764/1094 (69.8%) - Loss: 195.701, box,cls,dfl: 1.256,0.782,1.020
Epoch 1/50, Batch 873/1094 (79.8%) - Loss: 185.093, box,cls,dfl: 1.183,0.774,0.935
Epoch 1/50, Batch 982/1094 (89.8%) - Loss: 205.711, box,cls,dfl: 1.309,0.840,1.066
Epoch 1/50, Batch 1091/1094 (99.7%) - Loss: 202.124, box,cls,dfl: 1.333,0.789,1.037
                   all      10000     185578      0.683      0.423      0.461      0.261

      Epoch    GPU_mem   box_loss   cls_loss   dfl_loss  Instances       Size
Epoch 2/50, Batch 1/1094 (0.1%) - Loss: 207.518, box,cls,dfl: 1.414,0.806,1.023
Epoch 2/50, Batch 110/1094 (10.1%) - Loss: 201.913, box,cls,dfl: 1.321,0.830,1.004
Epoch 2/50, Batch 219/1094 (20.0%) - Loss: 202.197, box,cls,dfl: 1.337,0.788,1.034
Epoch 2/50, Batch 328/1094 (30.0%) - Loss: 199.883, box,cls,dfl: 1.282,0.839,1.003
Epoch 2/50, Batch 437/1094 (39.9%) - Loss: 200.774, box,cls,dfl: 1.289,0.840,1.008
Epoch 2/50, Batch 546/1094 (49.9%) - Loss: 200.807, box,cls,dfl: 1.354,0.754,1.030
Epoch 2/50, Batch 655/1094 (59.9%) - Loss: 191.516, box,cls,dfl: 1.248,0.748,0.997
Epoch 2/50, Batch 764/1094 (69.8%) - Loss: 208.658, box,cls,dfl: 1.297,0.934,1.029
Epoch 2/50, Batch 873/1094 (79.8%) - Loss: 194.202, box,cls,dfl: 1.270,0.749,1.015
Epoch 2/50, Batch 982/1094 (89.8%) - Loss: 205.566, box,cls,dfl: 1.367,0.795,1.050
Epoch 2/50, Batch 1091/1094 (99.7%) - Loss: 205.857, box,cls,dfl: 1.375,0.802,1.040
                   all      10000     185578      0.674      0.416      0.451      0.251

      Epoch    GPU_mem   box_loss   cls_loss   dfl_loss  Instances       Size
Epoch 3/50, Batch 1/1094 (0.1%) - Loss: 203.768, box,cls,dfl: 1.339,0.825,1.020
Epoch 3/50, Batch 110/1094 (10.1%) - Loss: 202.515, box,cls,dfl: 1.344,0.772,1.049
Epoch 3/50, Batch 219/1094 (20.0%) - Loss: 201.359, box,cls,dfl: 1.316,0.768,1.062
Epoch 3/50, Batch 328/1094 (30.0%) - Loss: 195.316, box,cls,dfl: 1.265,0.769,1.018
Epoch 3/50, Batch 437/1094 (39.9%) - Loss: 200.257, box,cls,dfl: 1.349,0.771,1.008
Epoch 3/50, Batch 546/1094 (49.9%) - Loss: 202.427, box,cls,dfl: 1.309,0.832,1.022
Epoch 3/50, Batch 655/1094 (59.9%) - Loss: 203.319, box,cls,dfl: 1.288,0.860,1.029
Epoch 3/50, Batch 764/1094 (69.8%) - Loss: 206.594, box,cls,dfl: 1.361,0.797,1.070
Epoch 3/50, Batch 873/1094 (79.8%) - Loss: 204.035, box,cls,dfl: 1.375,0.813,1.000
Epoch 3/50, Batch 982/1094 (89.8%) - Loss: 211.588, box,cls,dfl: 1.411,0.854,1.042
Epoch 3/50, Batch 1091/1094 (99.7%) - Loss: 204.172, box,cls,dfl: 1.326,0.817,1.048
                   all      10000     185578      0.661      0.399      0.429      0.237

      Epoch    GPU_mem   box_loss   cls_loss   dfl_loss  Instances       Size
Epoch 4/50, Batch 1/1094 (0.1%) - Loss: 193.090, box,cls,dfl: 1.264,0.757,0.996
Epoch 4/50, Batch 110/1094 (10.1%) - Loss: 218.355, box,cls,dfl: 1.464,0.900,1.048
Epoch 4/50, Batch 219/1094 (20.0%) - Loss: 205.607, box,cls,dfl: 1.336,0.871,1.006
Epoch 4/50, Batch 328/1094 (30.0%) - Loss: 210.374, box,cls,dfl: 1.405,0.837,1.045
Epoch 4/50, Batch 437/1094 (39.9%) - Loss: 212.396, box,cls,dfl: 1.424,0.842,1.053
Epoch 4/50, Batch 546/1094 (49.9%) - Loss: 201.727, box,cls,dfl: 1.339,0.782,1.032
Epoch 4/50, Batch 655/1094 (59.9%) - Loss: 211.563, box,cls,dfl: 1.426,0.812,1.068
Epoch 4/50, Batch 764/1094 (69.8%) - Loss: 194.645, box,cls,dfl: 1.310,0.740,0.991
Epoch 4/50, Batch 873/1094 (79.8%) - Loss: 205.831, box,cls,dfl: 1.368,0.820,1.028
Epoch 4/50, Batch 982/1094 (89.8%) - Loss: 206.308, box,cls,dfl: 1.357,0.794,1.073
Epoch 4/50, Batch 1091/1094 (99.7%) - Loss: 192.671, box,cls,dfl: 1.274,0.745,0.992
                   all      10000     185578      0.656      0.401       0.43      0.235

      Epoch    GPU_mem   box_loss   cls_loss   dfl_loss  Instances       Size
Epoch 5/50, Batch 1/1094 (0.1%) - Loss: 203.675, box,cls,dfl: 1.362,0.789,1.031
Epoch 5/50, Batch 110/1094 (10.1%) - Loss: 192.699, box,cls,dfl: 1.279,0.723,1.009
Epoch 5/50, Batch 219/1094 (20.0%) - Loss: 202.361, box,cls,dfl: 1.342,0.814,1.006
Epoch 5/50, Batch 328/1094 (30.0%) - Loss: 203.718, box,cls,dfl: 1.331,0.804,1.047
Epoch 5/50, Batch 437/1094 (39.9%) - Loss: 199.929, box,cls,dfl: 1.319,0.775,1.031
Epoch 5/50, Batch 546/1094 (49.9%) - Loss: 209.975, box,cls,dfl: 1.410,0.810,1.062
Epoch 5/50, Batch 655/1094 (59.9%) - Loss: 203.817, box,cls,dfl: 1.386,0.804,0.994
Epoch 5/50, Batch 764/1094 (69.8%) - Loss: 207.288, box,cls,dfl: 1.415,0.808,1.016
Epoch 5/50, Batch 873/1094 (79.8%) - Loss: 183.505, box,cls,dfl: 1.194,0.700,0.973
Epoch 5/50, Batch 982/1094 (89.8%) - Loss: 202.455, box,cls,dfl: 1.369,0.775,1.019
Epoch 5/50, Batch 1091/1094 (99.7%) - Loss: 201.890, box,cls,dfl: 1.328,0.786,1.041
                   all      10000     185578      0.672      0.418      0.458      0.255

      Epoch    GPU_mem   box_loss   cls_loss   dfl_loss  Instances       Size
Epoch 6/50, Batch 1/1094 (0.1%) - Loss: 189.286, box,cls,dfl: 1.225,0.709,1.023
Epoch 6/50, Batch 110/1094 (10.1%) - Loss: 178.766, box,cls,dfl: 1.134,0.689,0.970
Epoch 6/50, Batch 219/1094 (20.0%) - Loss: 204.871, box,cls,dfl: 1.351,0.813,1.037
Epoch 6/50, Batch 328/1094 (30.0%) - Loss: 197.387, box,cls,dfl: 1.305,0.752,1.027
Epoch 6/50, Batch 437/1094 (39.9%) - Loss: 183.000, box,cls,dfl: 1.228,0.652,0.978
Epoch 6/50, Batch 546/1094 (49.9%) - Loss: 213.230, box,cls,dfl: 1.418,0.782,1.132
Epoch 6/50, Batch 655/1094 (59.9%) - Loss: 202.663, box,cls,dfl: 1.312,0.786,1.069
Epoch 6/50, Batch 764/1094 (69.8%) - Loss: 200.502, box,cls,dfl: 1.347,0.776,1.009
Epoch 6/50, Batch 873/1094 (79.8%) - Loss: 202.781, box,cls,dfl: 1.371,0.764,1.034
Epoch 6/50, Batch 982/1094 (89.8%) - Loss: 203.172, box,cls,dfl: 1.376,0.760,1.038
Epoch 6/50, Batch 1091/1094 (99.7%) - Loss: 193.437, box,cls,dfl: 1.254,0.736,1.033
                   all      10000     185578      0.682      0.422      0.462      0.259

      Epoch    GPU_mem   box_loss   cls_loss   dfl_loss  Instances       Size
Epoch 7/50, Batch 1/1094 (0.1%) - Loss: 187.732, box,cls,dfl: 1.234,0.723,0.976
Epoch 7/50, Batch 110/1094 (10.1%) - Loss: 184.328, box,cls,dfl: 1.203,0.658,1.019
Epoch 7/50, Batch 219/1094 (20.0%) - Loss: 200.072, box,cls,dfl: 1.332,0.787,1.008
Epoch 7/50, Batch 328/1094 (30.0%) - Loss: 201.393, box,cls,dfl: 1.351,0.782,1.014
Epoch 7/50, Batch 437/1094 (39.9%) - Loss: 197.775, box,cls,dfl: 1.324,0.757,1.009
Epoch 7/50, Batch 546/1094 (49.9%) - Loss: 190.383, box,cls,dfl: 1.255,0.698,1.021
Epoch 7/50, Batch 655/1094 (59.9%) - Loss: 204.604, box,cls,dfl: 1.354,0.768,1.075
Epoch 7/50, Batch 764/1094 (69.8%) - Loss: 186.964, box,cls,dfl: 1.231,0.706,0.984
Epoch 7/50, Batch 873/1094 (79.8%) - Loss: 192.922, box,cls,dfl: 1.265,0.722,1.028
Epoch 7/50, Batch 982/1094 (89.8%) - Loss: 189.735, box,cls,dfl: 1.288,0.704,0.973
Epoch 7/50, Batch 1091/1094 (99.7%) - Loss: 192.266, box,cls,dfl: 1.265,0.705,1.033
                   all      10000     185578      0.689      0.442      0.478      0.268

      Epoch    GPU_mem   box_loss   cls_loss   dfl_loss  Instances       Size
Epoch 8/50, Batch 1/1094 (0.1%) - Loss: 192.237, box,cls,dfl: 1.307,0.701,0.996
Epoch 8/50, Batch 110/1094 (10.1%) - Loss: 194.975, box,cls,dfl: 1.302,0.750,0.995
Epoch 8/50, Batch 219/1094 (20.0%) - Loss: 189.679, box,cls,dfl: 1.222,0.744,0.998
Epoch 8/50, Batch 328/1094 (30.0%) - Loss: 190.087, box,cls,dfl: 1.279,0.685,1.006
Epoch 8/50, Batch 437/1094 (39.9%) - Loss: 199.509, box,cls,dfl: 1.317,0.782,1.018
Epoch 8/50, Batch 546/1094 (49.9%) - Loss: 199.238, box,cls,dfl: 1.328,0.764,1.020
Epoch 8/50, Batch 655/1094 (59.9%) - Loss: 196.431, box,cls,dfl: 1.280,0.748,1.041
Epoch 8/50, Batch 764/1094 (69.8%) - Loss: 196.457, box,cls,dfl: 1.310,0.729,1.031
Epoch 8/50, Batch 873/1094 (79.8%) - Loss: 187.317, box,cls,dfl: 1.237,0.678,1.012
Epoch 8/50, Batch 982/1094 (89.8%) - Loss: 189.384, box,cls,dfl: 1.277,0.671,1.011
Epoch 8/50, Batch 1091/1094 (99.7%) - Loss: 196.611, box,cls,dfl: 1.285,0.794,0.993
                   all      10000     185578      0.695      0.438       0.48       0.27

      Epoch    GPU_mem   box_loss   cls_loss   dfl_loss  Instances       Size
Epoch 9/50, Batch 1/1094 (0.1%) - Loss: 188.204, box,cls,dfl: 1.250,0.709,0.982
Epoch 9/50, Batch 110/1094 (10.1%) - Loss: 178.769, box,cls,dfl: 1.182,0.656,0.956
Epoch 9/50, Batch 219/1094 (20.0%) - Loss: 191.149, box,cls,dfl: 1.267,0.742,0.977
Epoch 9/50, Batch 328/1094 (30.0%) - Loss: 206.229, box,cls,dfl: 1.343,0.798,1.081
Epoch 9/50, Batch 437/1094 (39.9%) - Loss: 196.436, box,cls,dfl: 1.319,0.727,1.023
Epoch 9/50, Batch 546/1094 (49.9%) - Loss: 201.569, box,cls,dfl: 1.333,0.767,1.049
Epoch 9/50, Batch 655/1094 (59.9%) - Loss: 184.098, box,cls,dfl: 1.216,0.686,0.974
Epoch 9/50, Batch 764/1094 (69.8%) - Loss: 181.061, box,cls,dfl: 1.180,0.676,0.972
Epoch 9/50, Batch 873/1094 (79.8%) - Loss: 194.969, box,cls,dfl: 1.280,0.734,1.032
Epoch 9/50, Batch 982/1094 (89.8%) - Loss: 191.715, box,cls,dfl: 1.234,0.786,0.976
Epoch 9/50, Batch 1091/1094 (99.7%) - Loss: 186.027, box,cls,dfl: 1.205,0.718,0.984
                   all      10000     185578      0.718      0.441      0.491      0.278

      Epoch    GPU_mem   box_loss   cls_loss   dfl_loss  Instances       Size
Epoch 10/50, Batch 1/1094 (0.1%) - Loss: 196.376, box,cls,dfl: 1.325,0.743,1.000
Epoch 10/50, Batch 110/1094 (10.1%) - Loss: 196.711, box,cls,dfl: 1.336,0.740,0.998
Epoch 10/50, Batch 219/1094 (20.0%) - Loss: 198.197, box,cls,dfl: 1.316,0.717,1.064
Epoch 10/50, Batch 328/1094 (30.0%) - Loss: 182.236, box,cls,dfl: 1.181,0.684,0.982
Epoch 10/50, Batch 437/1094 (39.9%) - Loss: 202.474, box,cls,dfl: 1.401,0.776,0.987
Epoch 10/50, Batch 546/1094 (49.9%) - Loss: 197.316, box,cls,dfl: 1.326,0.703,1.053
Epoch 10/50, Batch 655/1094 (59.9%) - Loss: 190.278, box,cls,dfl: 1.272,0.737,0.965
Epoch 10/50, Batch 764/1094 (69.8%) - Loss: 197.505, box,cls,dfl: 1.323,0.743,1.020
Epoch 10/50, Batch 873/1094 (79.8%) - Loss: 174.810, box,cls,dfl: 1.098,0.647,0.986
Epoch 10/50, Batch 982/1094 (89.8%) - Loss: 197.535, box,cls,dfl: 1.292,0.772,1.022
Epoch 10/50, Batch 1091/1094 (99.7%) - Loss: 198.965, box,cls,dfl: 1.351,0.749,1.008
                   all      10000     185578      0.723      0.446      0.501      0.282

      Epoch    GPU_mem   box_loss   cls_loss   dfl_loss  Instances       Size
Epoch 11/50, Batch 1/1094 (0.1%) - Loss: 180.704, box,cls,dfl: 1.213,0.645,0.966
Epoch 11/50, Batch 110/1094 (10.1%) - Loss: 206.963, box,cls,dfl: 1.422,0.776,1.036
Epoch 11/50, Batch 219/1094 (20.0%) - Loss: 184.219, box,cls,dfl: 1.226,0.664,0.989
Epoch 11/50, Batch 328/1094 (30.0%) - Loss: 190.148, box,cls,dfl: 1.267,0.706,0.998
Epoch 11/50, Batch 437/1094 (39.9%) - Loss: 191.604, box,cls,dfl: 1.280,0.727,0.986
Epoch 11/50, Batch 546/1094 (49.9%) - Loss: 191.577, box,cls,dfl: 1.276,0.716,1.001
Epoch 11/50, Batch 655/1094 (59.9%) - Loss: 190.164, box,cls,dfl: 1.221,0.738,1.012
Epoch 11/50, Batch 764/1094 (69.8%) - Loss: 195.323, box,cls,dfl: 1.327,0.715,1.010
Epoch 11/50, Batch 873/1094 (79.8%) - Loss: 177.043, box,cls,dfl: 1.189,0.628,0.950
Epoch 11/50, Batch 982/1094 (89.8%) - Loss: 184.665, box,cls,dfl: 1.250,0.662,0.973
Epoch 11/50, Batch 1091/1094 (99.7%) - Loss: 195.039, box,cls,dfl: 1.328,0.718,1.002
                   all      10000     185578      0.713      0.457      0.503      0.285

      Epoch    GPU_mem   box_loss   cls_loss   dfl_loss  Instances       Size
Epoch 12/50, Batch 1/1094 (0.1%) - Loss: 185.578, box,cls,dfl: 1.242,0.675,0.983
Epoch 12/50, Batch 110/1094 (10.1%) - Loss: 191.903, box,cls,dfl: 1.288,0.701,1.010
Epoch 12/50, Batch 219/1094 (20.0%) - Loss: 194.274, box,cls,dfl: 1.330,0.688,1.018
Epoch 12/50, Batch 328/1094 (30.0%) - Loss: 195.532, box,cls,dfl: 1.311,0.755,0.989
Epoch 12/50, Batch 437/1094 (39.9%) - Loss: 185.697, box,cls,dfl: 1.203,0.696,1.003
Epoch 12/50, Batch 546/1094 (49.9%) - Loss: 189.886, box,cls,dfl: 1.304,0.691,0.972
Epoch 12/50, Batch 655/1094 (59.9%) - Loss: 192.621, box,cls,dfl: 1.292,0.717,1.000
Epoch 12/50, Batch 764/1094 (69.8%) - Loss: 168.673, box,cls,dfl: 1.115,0.615,0.905
Epoch 12/50, Batch 873/1094 (79.8%) - Loss: 200.467, box,cls,dfl: 1.334,0.771,1.028
Epoch 12/50, Batch 982/1094 (89.8%) - Loss: 184.638, box,cls,dfl: 1.226,0.676,0.983
Epoch 12/50, Batch 1091/1094 (99.7%) - Loss: 193.386, box,cls,dfl: 1.305,0.681,1.035
                   all      10000     185578      0.721       0.46      0.508      0.288

      Epoch    GPU_mem   box_loss   cls_loss   dfl_loss  Instances       Size
Epoch 13/50, Batch 1/1094 (0.1%) - Loss: 195.341, box,cls,dfl: 1.311,0.674,1.067
Epoch 13/50, Batch 110/1094 (10.1%) - Loss: 189.692, box,cls,dfl: 1.243,0.717,1.005
Epoch 13/50, Batch 219/1094 (20.0%) - Loss: 192.196, box,cls,dfl: 1.303,0.719,0.981
Epoch 13/50, Batch 328/1094 (30.0%) - Loss: 194.861, box,cls,dfl: 1.328,0.706,1.011
Epoch 13/50, Batch 437/1094 (39.9%) - Loss: 186.155, box,cls,dfl: 1.252,0.680,0.976
Epoch 13/50, Batch 546/1094 (49.9%) - Loss: 195.288, box,cls,dfl: 1.357,0.704,0.990
Epoch 13/50, Batch 655/1094 (59.9%) - Loss: 200.944, box,cls,dfl: 1.358,0.772,1.009
Epoch 13/50, Batch 764/1094 (69.8%) - Loss: 189.716, box,cls,dfl: 1.255,0.694,1.016
Epoch 13/50, Batch 873/1094 (79.8%) - Loss: 183.452, box,cls,dfl: 1.168,0.720,0.978
Epoch 13/50, Batch 982/1094 (89.8%) - Loss: 186.414, box,cls,dfl: 1.249,0.684,0.980
Epoch 13/50, Batch 1091/1094 (99.7%) - Loss: 181.551, box,cls,dfl: 1.222,0.658,0.957
                   all      10000     185578       0.71      0.466      0.513      0.292

      Epoch    GPU_mem   box_loss   cls_loss   dfl_loss  Instances       Size
Epoch 14/50, Batch 1/1094 (0.1%) - Loss: 187.553, box,cls,dfl: 1.256,0.679,0.996
Epoch 14/50, Batch 110/1094 (10.1%) - Loss: 183.446, box,cls,dfl: 1.229,0.660,0.977
Epoch 14/50, Batch 219/1094 (20.0%) - Loss: 176.403, box,cls,dfl: 1.146,0.647,0.963
Epoch 14/50, Batch 328/1094 (30.0%) - Loss: 181.477, box,cls,dfl: 1.206,0.677,0.953
Epoch 14/50, Batch 437/1094 (39.9%) - Loss: 184.882, box,cls,dfl: 1.216,0.687,0.986
Epoch 14/50, Batch 546/1094 (49.9%) - Loss: 188.638, box,cls,dfl: 1.293,0.667,0.988
Epoch 14/50, Batch 655/1094 (59.9%) - Loss: 176.554, box,cls,dfl: 1.168,0.654,0.937
Epoch 14/50, Batch 764/1094 (69.8%) - Loss: 190.420, box,cls,dfl: 1.262,0.703,1.010
Epoch 14/50, Batch 873/1094 (79.8%) - Loss: 185.720, box,cls,dfl: 1.225,0.687,0.990
Epoch 14/50, Batch 982/1094 (89.8%) - Loss: 191.396, box,cls,dfl: 1.314,0.687,0.990
Epoch 14/50, Batch 1091/1094 (99.7%) - Loss: 179.500, box,cls,dfl: 1.193,0.645,0.967
                   all      10000     185578      0.718      0.466      0.514      0.293

      Epoch    GPU_mem   box_loss   cls_loss   dfl_loss  Instances       Size
Epoch 15/50, Batch 1/1094 (0.1%) - Loss: 191.687, box,cls,dfl: 1.301,0.702,0.993
Epoch 15/50, Batch 110/1094 (10.1%) - Loss: 185.107, box,cls,dfl: 1.227,0.678,0.988
Epoch 15/50, Batch 219/1094 (20.0%) - Loss: 182.214, box,cls,dfl: 1.204,0.677,0.967
Epoch 15/50, Batch 328/1094 (30.0%) - Loss: 187.153, box,cls,dfl: 1.271,0.646,1.008
Epoch 15/50, Batch 437/1094 (39.9%) - Loss: 178.912, box,cls,dfl: 1.153,0.664,0.978
Epoch 15/50, Batch 546/1094 (49.9%) - Loss: 190.629, box,cls,dfl: 1.271,0.710,0.997
Epoch 15/50, Batch 655/1094 (59.9%) - Loss: 196.177, box,cls,dfl: 1.288,0.741,1.036
Epoch 15/50, Batch 764/1094 (69.8%) - Loss: 182.804, box,cls,dfl: 1.224,0.649,0.983
Epoch 15/50, Batch 873/1094 (79.8%) - Loss: 184.686, box,cls,dfl: 1.241,0.687,0.958
Epoch 15/50, Batch 982/1094 (89.8%) - Loss: 194.425, box,cls,dfl: 1.329,0.731,0.977
Epoch 15/50, Batch 1091/1094 (99.7%) - Loss: 179.210, box,cls,dfl: 1.171,0.659,0.970
                   all      10000     185578      0.729      0.464      0.516      0.294

      Epoch    GPU_mem   box_loss   cls_loss   dfl_loss  Instances       Size
Epoch 16/50, Batch 1/1094 (0.1%) - Loss: 186.816, box,cls,dfl: 1.259,0.687,0.973
Epoch 16/50, Batch 110/1094 (10.1%) - Loss: 188.966, box,cls,dfl: 1.263,0.702,0.987
Epoch 16/50, Batch 219/1094 (20.0%) - Loss: 190.320, box,cls,dfl: 1.266,0.686,1.022
Epoch 16/50, Batch 328/1094 (30.0%) - Loss: 185.274, box,cls,dfl: 1.237,0.621,1.037
Epoch 16/50, Batch 437/1094 (39.9%) - Loss: 180.113, box,cls,dfl: 1.171,0.669,0.975
Epoch 16/50, Batch 546/1094 (49.9%) - Loss: 181.891, box,cls,dfl: 1.208,0.668,0.966
Epoch 16/50, Batch 655/1094 (59.9%) - Loss: 196.347, box,cls,dfl: 1.354,0.682,1.032
Epoch 16/50, Batch 764/1094 (69.8%) - Loss: 185.117, box,cls,dfl: 1.203,0.714,0.975
Epoch 16/50, Batch 873/1094 (79.8%) - Loss: 173.588, box,cls,dfl: 1.166,0.627,0.919
Epoch 16/50, Batch 982/1094 (89.8%) - Loss: 193.024, box,cls,dfl: 1.319,0.696,1.000
Epoch 16/50, Batch 1091/1094 (99.7%) - Loss: 189.995, box,cls,dfl: 1.271,0.726,0.971
                   all      10000     185578      0.723      0.474      0.524      0.298

      Epoch    GPU_mem   box_loss   cls_loss   dfl_loss  Instances       Size
Epoch 17/50, Batch 1/1094 (0.1%) - Loss: 181.038, box,cls,dfl: 1.211,0.644,0.974
Epoch 17/50, Batch 110/1094 (10.1%) - Loss: 191.880, box,cls,dfl: 1.301,0.685,1.012
Epoch 17/50, Batch 219/1094 (20.0%) - Loss: 183.912, box,cls,dfl: 1.233,0.658,0.982
Epoch 17/50, Batch 328/1094 (30.0%) - Loss: 185.450, box,cls,dfl: 1.251,0.666,0.980
Epoch 17/50, Batch 437/1094 (39.9%) - Loss: 195.612, box,cls,dfl: 1.283,0.741,1.032
Epoch 17/50, Batch 546/1094 (49.9%) - Loss: 182.886, box,cls,dfl: 1.223,0.643,0.992
Epoch 17/50, Batch 655/1094 (59.9%) - Loss: 193.326, box,cls,dfl: 1.301,0.692,1.027
Epoch 17/50, Batch 764/1094 (69.8%) - Loss: 189.029, box,cls,dfl: 1.274,0.680,1.000
Epoch 17/50, Batch 873/1094 (79.8%) - Loss: 195.074, box,cls,dfl: 1.330,0.740,0.978
Epoch 17/50, Batch 982/1094 (89.8%) - Loss: 180.367, box,cls,dfl: 1.201,0.653,0.965
Epoch 17/50, Batch 1091/1094 (99.7%) - Loss: 186.318, box,cls,dfl: 1.202,0.730,0.979
                   all      10000     185578      0.734      0.474      0.527        0.3

      Epoch    GPU_mem   box_loss   cls_loss   dfl_loss  Instances       Size
Epoch 18/50, Batch 1/1094 (0.1%) - Loss: 196.073, box,cls,dfl: 1.346,0.710,1.008
Epoch 18/50, Batch 110/1094 (10.1%) - Loss: 196.353, box,cls,dfl: 1.287,0.816,0.965
Epoch 18/50, Batch 219/1094 (20.0%) - Loss: 173.891, box,cls,dfl: 1.140,0.620,0.957
Epoch 18/50, Batch 328/1094 (30.0%) - Loss: 198.503, box,cls,dfl: 1.369,0.707,1.025
Epoch 18/50, Batch 437/1094 (39.9%) - Loss: 171.457, box,cls,dfl: 1.106,0.618,0.954
Epoch 18/50, Batch 546/1094 (49.9%) - Loss: 176.558, box,cls,dfl: 1.169,0.588,1.003
Epoch 18/50, Batch 655/1094 (59.9%) - Loss: 184.391, box,cls,dfl: 1.252,0.636,0.993
Epoch 18/50, Batch 764/1094 (69.8%) - Loss: 193.784, box,cls,dfl: 1.298,0.732,0.998
Epoch 18/50, Batch 873/1094 (79.8%) - Loss: 169.361, box,cls,dfl: 1.088,0.606,0.953
Epoch 18/50, Batch 982/1094 (89.8%) - Loss: 188.871, box,cls,dfl: 1.290,0.641,1.021
Epoch 18/50, Batch 1091/1094 (99.7%) - Loss: 182.890, box,cls,dfl: 1.217,0.648,0.992
                   all      10000     185578      0.732      0.475      0.526      0.303

      Epoch    GPU_mem   box_loss   cls_loss   dfl_loss  Instances       Size
Epoch 19/50, Batch 1/1094 (0.1%) - Loss: 184.620, box,cls,dfl: 1.227,0.710,0.948
Epoch 19/50, Batch 110/1094 (10.1%) - Loss: 173.787, box,cls,dfl: 1.186,0.587,0.943
Epoch 19/50, Batch 219/1094 (20.0%) - Loss: 172.312, box,cls,dfl: 1.131,0.601,0.960
Epoch 19/50, Batch 328/1094 (30.0%) - Loss: 181.434, box,cls,dfl: 1.215,0.669,0.951
Epoch 19/50, Batch 437/1094 (39.9%) - Loss: 179.213, box,cls,dfl: 1.155,0.682,0.963
Epoch 19/50, Batch 546/1094 (49.9%) - Loss: 179.522, box,cls,dfl: 1.176,0.649,0.980
Epoch 19/50, Batch 655/1094 (59.9%) - Loss: 180.564, box,cls,dfl: 1.202,0.648,0.971
Epoch 19/50, Batch 764/1094 (69.8%) - Loss: 177.632, box,cls,dfl: 1.165,0.677,0.934
Epoch 19/50, Batch 873/1094 (79.8%) - Loss: 180.603, box,cls,dfl: 1.194,0.671,0.957
Epoch 19/50, Batch 982/1094 (89.8%) - Loss: 181.915, box,cls,dfl: 1.219,0.650,0.973
Epoch 19/50, Batch 1091/1094 (99.7%) - Loss: 185.751, box,cls,dfl: 1.219,0.720,0.963
                   all      10000     185578      0.723      0.478      0.529      0.304

      Epoch    GPU_mem   box_loss   cls_loss   dfl_loss  Instances       Size
Epoch 20/50, Batch 1/1094 (0.1%) - Loss: 173.755, box,cls,dfl: 1.124,0.627,0.964
Epoch 20/50, Batch 110/1094 (10.1%) - Loss: 188.845, box,cls,dfl: 1.213,0.714,1.024
Epoch 20/50, Batch 219/1094 (20.0%) - Loss: 177.305, box,cls,dfl: 1.174,0.650,0.946
Epoch 20/50, Batch 328/1094 (30.0%) - Loss: 178.370, box,cls,dfl: 1.177,0.642,0.968
Epoch 20/50, Batch 437/1094 (39.9%) - Loss: 187.473, box,cls,dfl: 1.263,0.675,0.990
Epoch 20/50, Batch 546/1094 (49.9%) - Loss: 190.046, box,cls,dfl: 1.286,0.685,0.998
Epoch 20/50, Batch 655/1094 (59.9%) - Loss: 185.003, box,cls,dfl: 1.234,0.683,0.975
Epoch 20/50, Batch 764/1094 (69.8%) - Loss: 189.103, box,cls,dfl: 1.281,0.717,0.957
Epoch 20/50, Batch 873/1094 (79.8%) - Loss: 192.819, box,cls,dfl: 1.310,0.700,1.002
Epoch 20/50, Batch 982/1094 (89.8%) - Loss: 175.906, box,cls,dfl: 1.177,0.618,0.953
Epoch 20/50, Batch 1091/1094 (99.7%) - Loss: 193.284, box,cls,dfl: 1.258,0.741,1.021
                   all      10000     185578      0.725      0.484      0.532      0.306

      Epoch    GPU_mem   box_loss   cls_loss   dfl_loss  Instances       Size
Epoch 21/50, Batch 1/1094 (0.1%) - Loss: 180.831, box,cls,dfl: 1.180,0.648,0.997
Epoch 21/50, Batch 110/1094 (10.1%) - Loss: 183.764, box,cls,dfl: 1.255,0.633,0.982
Epoch 21/50, Batch 219/1094 (20.0%) - Loss: 183.286, box,cls,dfl: 1.227,0.644,0.993
Epoch 21/50, Batch 328/1094 (30.0%) - Loss: 198.994, box,cls,dfl: 1.346,0.718,1.046
Epoch 21/50, Batch 437/1094 (39.9%) - Loss: 188.825, box,cls,dfl: 1.259,0.670,1.021
Epoch 21/50, Batch 546/1094 (49.9%) - Loss: 182.209, box,cls,dfl: 1.230,0.635,0.982
Epoch 21/50, Batch 655/1094 (59.9%) - Loss: 170.032, box,cls,dfl: 1.119,0.587,0.951
Epoch 21/50, Batch 764/1094 (69.8%) - Loss: 186.847, box,cls,dfl: 1.249,0.650,1.021
Epoch 21/50, Batch 873/1094 (79.8%) - Loss: 181.775, box,cls,dfl: 1.216,0.650,0.973
Epoch 21/50, Batch 982/1094 (89.8%) - Loss: 190.206, box,cls,dfl: 1.261,0.698,1.013
Epoch 21/50, Batch 1091/1094 (99.7%) - Loss: 185.374, box,cls,dfl: 1.249,0.645,1.003
                   all      10000     185578      0.733      0.484      0.535      0.307

      Epoch    GPU_mem   box_loss   cls_loss   dfl_loss  Instances       Size
Epoch 22/50, Batch 1/1094 (0.1%) - Loss: 176.860, box,cls,dfl: 1.162,0.624,0.977
Epoch 22/50, Batch 110/1094 (10.1%) - Loss: 186.387, box,cls,dfl: 1.266,0.659,0.988
Epoch 22/50, Batch 219/1094 (20.0%) - Loss: 172.407, box,cls,dfl: 1.098,0.635,0.961
Epoch 22/50, Batch 328/1094 (30.0%) - Loss: 174.462, box,cls,dfl: 1.190,0.591,0.945
Epoch 22/50, Batch 437/1094 (39.9%) - Loss: 186.326, box,cls,dfl: 1.245,0.683,0.983
Epoch 22/50, Batch 546/1094 (49.9%) - Loss: 178.093, box,cls,dfl: 1.202,0.611,0.970
Epoch 22/50, Batch 655/1094 (59.9%) - Loss: 179.756, box,cls,dfl: 1.190,0.629,0.990
Epoch 22/50, Batch 764/1094 (69.8%) - Loss: 195.377, box,cls,dfl: 1.369,0.674,1.010
Epoch 22/50, Batch 873/1094 (79.8%) - Loss: 192.805, box,cls,dfl: 1.311,0.692,1.010
Epoch 22/50, Batch 982/1094 (89.8%) - Loss: 180.533, box,cls,dfl: 1.248,0.622,0.952
Epoch 22/50, Batch 1091/1094 (99.7%) - Loss: 179.872, box,cls,dfl: 1.185,0.627,0.998
                   all      10000     185578      0.744      0.481       0.54       0.31

      Epoch    GPU_mem   box_loss   cls_loss   dfl_loss  Instances       Size
Epoch 23/50, Batch 1/1094 (0.1%) - Loss: 192.162, box,cls,dfl: 1.337,0.682,0.983
Epoch 23/50, Batch 110/1094 (10.1%) - Loss: 193.797, box,cls,dfl: 1.304,0.694,1.030
Epoch 23/50, Batch 219/1094 (20.0%) - Loss: 186.028, box,cls,dfl: 1.237,0.682,0.988
Epoch 23/50, Batch 328/1094 (30.0%) - Loss: 177.617, box,cls,dfl: 1.207,0.625,0.944
Epoch 23/50, Batch 437/1094 (39.9%) - Loss: 183.101, box,cls,dfl: 1.198,0.677,0.986
Epoch 23/50, Batch 546/1094 (49.9%) - Loss: 186.461, box,cls,dfl: 1.235,0.702,0.976
Epoch 23/50, Batch 655/1094 (59.9%) - Loss: 173.357, box,cls,dfl: 1.165,0.611,0.933
Epoch 23/50, Batch 764/1094 (69.8%) - Loss: 187.531, box,cls,dfl: 1.269,0.697,0.964
Epoch 23/50, Batch 873/1094 (79.8%) - Loss: 182.190, box,cls,dfl: 1.204,0.672,0.971
Epoch 23/50, Batch 982/1094 (89.8%) - Loss: 181.688, box,cls,dfl: 1.247,0.615,0.977
Epoch 23/50, Batch 1091/1094 (99.7%) - Loss: 193.382, box,cls,dfl: 1.303,0.731,0.988
                   all      10000     185578      0.735      0.489       0.54       0.31

      Epoch    GPU_mem   box_loss   cls_loss   dfl_loss  Instances       Size
Epoch 24/50, Batch 1/1094 (0.1%) - Loss: 187.100, box,cls,dfl: 1.233,0.707,0.983
Epoch 24/50, Batch 110/1094 (10.1%) - Loss: 179.680, box,cls,dfl: 1.166,0.645,0.996
Epoch 24/50, Batch 219/1094 (20.0%) - Loss: 171.155, box,cls,dfl: 1.099,0.616,0.959
Epoch 24/50, Batch 328/1094 (30.0%) - Loss: 175.832, box,cls,dfl: 1.154,0.601,0.992
Epoch 24/50, Batch 437/1094 (39.9%) - Loss: 174.422, box,cls,dfl: 1.129,0.619,0.977
Epoch 24/50, Batch 546/1094 (49.9%) - Loss: 171.541, box,cls,dfl: 1.122,0.602,0.956
Epoch 24/50, Batch 655/1094 (59.9%) - Loss: 176.560, box,cls,dfl: 1.152,0.632,0.975
Epoch 24/50, Batch 764/1094 (69.8%) - Loss: 189.962, box,cls,dfl: 1.246,0.721,1.001
Epoch 24/50, Batch 873/1094 (79.8%) - Loss: 173.080, box,cls,dfl: 1.159,0.604,0.942
Epoch 24/50, Batch 982/1094 (89.8%) - Loss: 173.350, box,cls,dfl: 1.115,0.596,0.998
Epoch 24/50, Batch 1091/1094 (99.7%) - Loss: 189.303, box,cls,dfl: 1.272,0.640,1.046
                   all      10000     185578      0.736      0.484      0.542      0.314

      Epoch    GPU_mem   box_loss   cls_loss   dfl_loss  Instances       Size
Epoch 25/50, Batch 1/1094 (0.1%) - Loss: 164.739, box,cls,dfl: 1.043,0.588,0.943
Epoch 25/50, Batch 110/1094 (10.1%) - Loss: 175.512, box,cls,dfl: 1.145,0.613,0.984
Epoch 25/50, Batch 219/1094 (20.0%) - Loss: 181.433, box,cls,dfl: 1.216,0.636,0.983
Epoch 25/50, Batch 328/1094 (30.0%) - Loss: 177.511, box,cls,dfl: 1.227,0.577,0.970
Epoch 25/50, Batch 437/1094 (39.9%) - Loss: 180.706, box,cls,dfl: 1.169,0.658,0.997
Epoch 25/50, Batch 546/1094 (49.9%) - Loss: 186.399, box,cls,dfl: 1.288,0.646,0.979
Epoch 25/50, Batch 655/1094 (59.9%) - Loss: 186.099, box,cls,dfl: 1.264,0.628,1.016
Epoch 25/50, Batch 764/1094 (69.8%) - Loss: 186.552, box,cls,dfl: 1.255,0.684,0.976
Epoch 25/50, Batch 873/1094 (79.8%) - Loss: 179.840, box,cls,dfl: 1.223,0.642,0.945
Epoch 25/50, Batch 982/1094 (89.8%) - Loss: 173.218, box,cls,dfl: 1.158,0.583,0.966
Epoch 25/50, Batch 1091/1094 (99.7%) - Loss: 184.198, box,cls,dfl: 1.201,0.702,0.976
                   all      10000     185578      0.738      0.492      0.546      0.315

      Epoch    GPU_mem   box_loss   cls_loss   dfl_loss  Instances       Size
Epoch 26/50, Batch 1/1094 (0.1%) - Loss: 181.680, box,cls,dfl: 1.183,0.706,0.950
Epoch 26/50, Batch 110/1094 (10.1%) - Loss: 180.425, box,cls,dfl: 1.213,0.617,0.989
Epoch 26/50, Batch 219/1094 (20.0%) - Loss: 180.326, box,cls,dfl: 1.200,0.635,0.983
Epoch 26/50, Batch 328/1094 (30.0%) - Loss: 198.292, box,cls,dfl: 1.377,0.703,1.018
Epoch 26/50, Batch 437/1094 (39.9%) - Loss: 171.448, box,cls,dfl: 1.107,0.621,0.951
Epoch 26/50, Batch 546/1094 (49.9%) - Loss: 190.561, box,cls,dfl: 1.288,0.693,0.996
Epoch 26/50, Batch 655/1094 (59.9%) - Loss: 181.535, box,cls,dfl: 1.224,0.631,0.981
Epoch 26/50, Batch 764/1094 (69.8%) - Loss: 173.417, box,cls,dfl: 1.137,0.631,0.941
Epoch 26/50, Batch 873/1094 (79.8%) - Loss: 193.571, box,cls,dfl: 1.308,0.700,1.017
Epoch 26/50, Batch 982/1094 (89.8%) - Loss: 174.920, box,cls,dfl: 1.135,0.616,0.983
Epoch 26/50, Batch 1091/1094 (99.7%) - Loss: 171.415, box,cls,dfl: 1.135,0.597,0.947
                   all      10000     185578       0.74      0.488      0.544      0.315

      Epoch    GPU_mem   box_loss   cls_loss   dfl_loss  Instances       Size
Epoch 27/50, Batch 1/1094 (0.1%) - Loss: 179.758, box,cls,dfl: 1.176,0.669,0.964
Epoch 27/50, Batch 110/1094 (10.1%) - Loss: 168.896, box,cls,dfl: 1.100,0.588,0.951
Epoch 27/50, Batch 219/1094 (20.0%) - Loss: 175.708, box,cls,dfl: 1.180,0.604,0.961
Epoch 27/50, Batch 328/1094 (30.0%) - Loss: 185.083, box,cls,dfl: 1.263,0.668,0.961
Epoch 27/50, Batch 437/1094 (39.9%) - Loss: 170.255, box,cls,dfl: 1.115,0.588,0.957
Epoch 27/50, Batch 546/1094 (49.9%) - Loss: 181.329, box,cls,dfl: 1.226,0.619,0.989
Epoch 27/50, Batch 655/1094 (59.9%) - Loss: 169.902, box,cls,dfl: 1.133,0.577,0.945
Epoch 27/50, Batch 764/1094 (69.8%) - Loss: 178.364, box,cls,dfl: 1.188,0.606,0.994
Epoch 27/50, Batch 873/1094 (79.8%) - Loss: 176.592, box,cls,dfl: 1.180,0.651,0.929
Epoch 27/50, Batch 982/1094 (89.8%) - Loss: 181.519, box,cls,dfl: 1.219,0.621,0.996
Epoch 27/50, Batch 1091/1094 (99.7%) - Loss: 180.069, box,cls,dfl: 1.218,0.630,0.965
                   all      10000     185578      0.733      0.495      0.547      0.317

      Epoch    GPU_mem   box_loss   cls_loss   dfl_loss  Instances       Size
Epoch 28/50, Batch 1/1094 (0.1%) - Loss: 170.742, box,cls,dfl: 1.115,0.590,0.963
Epoch 28/50, Batch 110/1094 (10.1%) - Loss: 182.292, box,cls,dfl: 1.237,0.630,0.981
Epoch 28/50, Batch 219/1094 (20.0%) - Loss: 178.418, box,cls,dfl: 1.163,0.637,0.987
Epoch 28/50, Batch 328/1094 (30.0%) - Loss: 179.667, box,cls,dfl: 1.163,0.628,1.016
Epoch 28/50, Batch 437/1094 (39.9%) - Loss: 180.547, box,cls,dfl: 1.215,0.639,0.967
Epoch 28/50, Batch 546/1094 (49.9%) - Loss: 179.382, box,cls,dfl: 1.163,0.662,0.978
Epoch 28/50, Batch 655/1094 (59.9%) - Loss: 184.877, box,cls,dfl: 1.248,0.641,1.000
Epoch 28/50, Batch 764/1094 (69.8%) - Loss: 171.727, box,cls,dfl: 1.117,0.567,1.000
Epoch 28/50, Batch 873/1094 (79.8%) - Loss: 181.796, box,cls,dfl: 1.246,0.629,0.966
Epoch 28/50, Batch 982/1094 (89.8%) - Loss: 175.095, box,cls,dfl: 1.148,0.600,0.987
Epoch 28/50, Batch 1091/1094 (99.7%) - Loss: 186.174, box,cls,dfl: 1.258,0.635,1.016
                   all      10000     185578      0.742      0.493       0.55      0.319

      Epoch    GPU_mem   box_loss   cls_loss   dfl_loss  Instances       Size
Epoch 29/50, Batch 1/1094 (0.1%) - Loss: 164.687, box,cls,dfl: 1.068,0.565,0.940
Epoch 29/50, Batch 110/1094 (10.1%) - Loss: 162.623, box,cls,dfl: 1.060,0.556,0.925
Epoch 29/50, Batch 219/1094 (20.0%) - Loss: 173.416, box,cls,dfl: 1.145,0.601,0.963
Epoch 29/50, Batch 328/1094 (30.0%) - Loss: 179.937, box,cls,dfl: 1.218,0.608,0.986
Epoch 29/50, Batch 437/1094 (39.9%) - Loss: 177.479, box,cls,dfl: 1.217,0.573,0.984
Epoch 29/50, Batch 546/1094 (49.9%) - Loss: 173.818, box,cls,dfl: 1.146,0.595,0.975
Epoch 29/50, Batch 655/1094 (59.9%) - Loss: 164.636, box,cls,dfl: 1.103,0.566,0.904
Epoch 29/50, Batch 764/1094 (69.8%) - Loss: 176.762, box,cls,dfl: 1.175,0.610,0.976
Epoch 29/50, Batch 873/1094 (79.8%) - Loss: 191.342, box,cls,dfl: 1.313,0.675,1.001
Epoch 29/50, Batch 982/1094 (89.8%) - Loss: 177.103, box,cls,dfl: 1.166,0.627,0.974
Epoch 29/50, Batch 1091/1094 (99.7%) - Loss: 172.675, box,cls,dfl: 1.140,0.614,0.944
                   all      10000     185578      0.742      0.496      0.548      0.318

      Epoch    GPU_mem   box_loss   cls_loss   dfl_loss  Instances       Size
Epoch 30/50, Batch 1/1094 (0.1%) - Loss: 175.905, box,cls,dfl: 1.163,0.621,0.964
Epoch 30/50, Batch 110/1094 (10.1%) - Loss: 183.727, box,cls,dfl: 1.206,0.668,0.997
Epoch 30/50, Batch 219/1094 (20.0%) - Loss: 185.250, box,cls,dfl: 1.258,0.638,0.998
Epoch 30/50, Batch 328/1094 (30.0%) - Loss: 176.458, box,cls,dfl: 1.167,0.604,0.986
Epoch 30/50, Batch 437/1094 (39.9%) - Loss: 172.239, box,cls,dfl: 1.139,0.600,0.952
Epoch 30/50, Batch 546/1094 (49.9%) - Loss: 188.933, box,cls,dfl: 1.285,0.682,0.985
Epoch 30/50, Batch 655/1094 (59.9%) - Loss: 174.149, box,cls,dfl: 1.157,0.611,0.953
Epoch 30/50, Batch 764/1094 (69.8%) - Loss: 176.095, box,cls,dfl: 1.163,0.624,0.965
Epoch 30/50, Batch 873/1094 (79.8%) - Loss: 169.167, box,cls,dfl: 1.104,0.581,0.958
Epoch 30/50, Batch 982/1094 (89.8%) - Loss: 180.383, box,cls,dfl: 1.204,0.630,0.984
Epoch 30/50, Batch 1091/1094 (99.7%) - Loss: 194.887, box,cls,dfl: 1.289,0.757,0.999
                   all      10000     185578      0.748      0.494      0.561      0.325

      Epoch    GPU_mem   box_loss   cls_loss   dfl_loss  Instances       Size
Epoch 31/50, Batch 1/1094 (0.1%) - Loss: 169.160, box,cls,dfl: 1.103,0.590,0.950
Epoch 31/50, Batch 110/1094 (10.1%) - Loss: 182.716, box,cls,dfl: 1.242,0.634,0.979
Epoch 31/50, Batch 219/1094 (20.0%) - Loss: 178.820, box,cls,dfl: 1.213,0.595,0.987
Epoch 31/50, Batch 328/1094 (30.0%) - Loss: 176.398, box,cls,dfl: 1.158,0.605,0.994
Epoch 31/50, Batch 437/1094 (39.9%) - Loss: 175.391, box,cls,dfl: 1.165,0.607,0.969
Epoch 31/50, Batch 546/1094 (49.9%) - Loss: 169.877, box,cls,dfl: 1.135,0.535,0.984
Epoch 31/50, Batch 655/1094 (59.9%) - Loss: 179.553, box,cls,dfl: 1.184,0.663,0.958
Epoch 31/50, Batch 764/1094 (69.8%) - Loss: 193.867, box,cls,dfl: 1.294,0.696,1.039
Epoch 31/50, Batch 873/1094 (79.8%) - Loss: 180.953, box,cls,dfl: 1.201,0.652,0.974
Epoch 31/50, Batch 982/1094 (89.8%) - Loss: 175.113, box,cls,dfl: 1.180,0.580,0.976
Epoch 31/50, Batch 1091/1094 (99.7%) - Loss: 185.207, box,cls,dfl: 1.237,0.690,0.967
                   all      10000     185578      0.741      0.494      0.554      0.321

      Epoch    GPU_mem   box_loss   cls_loss   dfl_loss  Instances       Size
Epoch 32/50, Batch 1/1094 (0.1%) - Loss: 173.106, box,cls,dfl: 1.183,0.557,0.965
Epoch 32/50, Batch 110/1094 (10.1%) - Loss: 167.034, box,cls,dfl: 1.067,0.593,0.950
Epoch 32/50, Batch 219/1094 (20.0%) - Loss: 172.419, box,cls,dfl: 1.159,0.594,0.941
Epoch 32/50, Batch 328/1094 (30.0%) - Loss: 182.192, box,cls,dfl: 1.245,0.632,0.970
Epoch 32/50, Batch 437/1094 (39.9%) - Loss: 169.185, box,cls,dfl: 1.121,0.561,0.961
Epoch 32/50, Batch 546/1094 (49.9%) - Loss: 183.873, box,cls,dfl: 1.237,0.614,1.022
Epoch 32/50, Batch 655/1094 (59.9%) - Loss: 192.492, box,cls,dfl: 1.302,0.719,0.987
Epoch 32/50, Batch 764/1094 (69.8%) - Loss: 169.898, box,cls,dfl: 1.132,0.579,0.944
Epoch 32/50, Batch 873/1094 (79.8%) - Loss: 180.234, box,cls,dfl: 1.223,0.605,0.988
Epoch 32/50, Batch 982/1094 (89.8%) - Loss: 176.381, box,cls,dfl: 1.176,0.629,0.950
Epoch 32/50, Batch 1091/1094 (99.7%) - Loss: 170.490, box,cls,dfl: 1.112,0.607,0.945
                   all      10000     185578      0.737      0.502      0.554      0.321

      Epoch    GPU_mem   box_loss   cls_loss   dfl_loss  Instances       Size
Epoch 33/50, Batch 1/1094 (0.1%) - Loss: 173.651, box,cls,dfl: 1.187,0.597,0.929
Epoch 33/50, Batch 110/1094 (10.1%) - Loss: 178.275, box,cls,dfl: 1.192,0.637,0.956
Epoch 33/50, Batch 219/1094 (20.0%) - Loss: 184.046, box,cls,dfl: 1.268,0.623,0.985
Epoch 33/50, Batch 328/1094 (30.0%) - Loss: 165.530, box,cls,dfl: 1.086,0.554,0.946
Epoch 33/50, Batch 437/1094 (39.9%) - Loss: 167.523, box,cls,dfl: 1.103,0.567,0.948
Epoch 33/50, Batch 546/1094 (49.9%) - Loss: 179.203, box,cls,dfl: 1.216,0.633,0.951
Epoch 33/50, Batch 655/1094 (59.9%) - Loss: 167.916, box,cls,dfl: 1.125,0.555,0.943
Epoch 33/50, Batch 764/1094 (69.8%) - Loss: 180.381, box,cls,dfl: 1.205,0.626,0.987
Epoch 33/50, Batch 873/1094 (79.8%) - Loss: 186.844, box,cls,dfl: 1.305,0.647,0.968
Epoch 33/50, Batch 982/1094 (89.8%) - Loss: 173.374, box,cls,dfl: 1.137,0.587,0.984
Epoch 33/50, Batch 1091/1094 (99.7%) - Loss: 175.174, box,cls,dfl: 1.150,0.635,0.953
                   all      10000     185578      0.708      0.519      0.556      0.322

      Epoch    GPU_mem   box_loss   cls_loss   dfl_loss  Instances       Size
Epoch 34/50, Batch 1/1094 (0.1%) - Loss: 182.458, box,cls,dfl: 1.220,0.640,0.990
Epoch 34/50, Batch 110/1094 (10.1%) - Loss: 177.833, box,cls,dfl: 1.186,0.636,0.957
Epoch 34/50, Batch 219/1094 (20.0%) - Loss: 180.066, box,cls,dfl: 1.184,0.672,0.957
Epoch 34/50, Batch 328/1094 (30.0%) - Loss: 170.682, box,cls,dfl: 1.151,0.580,0.936
Epoch 34/50, Batch 437/1094 (39.9%) - Loss: 167.224, box,cls,dfl: 1.102,0.566,0.944
Epoch 34/50, Batch 546/1094 (49.9%) - Loss: 179.110, box,cls,dfl: 1.177,0.642,0.980
Epoch 34/50, Batch 655/1094 (59.9%) - Loss: 176.580, box,cls,dfl: 1.183,0.628,0.948
Epoch 34/50, Batch 764/1094 (69.8%) - Loss: 169.760, box,cls,dfl: 1.151,0.577,0.925
Epoch 34/50, Batch 873/1094 (79.8%) - Loss: 176.182, box,cls,dfl: 1.171,0.609,0.973
Epoch 34/50, Batch 982/1094 (89.8%) - Loss: 181.441, box,cls,dfl: 1.202,0.646,0.987
Epoch 34/50, Batch 1091/1094 (99.7%) - Loss: 170.807, box,cls,dfl: 1.114,0.612,0.943
                   all      10000     185578      0.638      0.523      0.556      0.323

      Epoch    GPU_mem   box_loss   cls_loss   dfl_loss  Instances       Size
Epoch 35/50, Batch 1/1094 (0.1%) - Loss: 196.180, box,cls,dfl: 1.325,0.721,1.019
Epoch 35/50, Batch 110/1094 (10.1%) - Loss: 171.502, box,cls,dfl: 1.171,0.545,0.964
Epoch 35/50, Batch 219/1094 (20.0%) - Loss: 166.595, box,cls,dfl: 1.119,0.558,0.927
Epoch 35/50, Batch 328/1094 (30.0%) - Loss: 176.983, box,cls,dfl: 1.155,0.642,0.968
Epoch 35/50, Batch 437/1094 (39.9%) - Loss: 184.023, box,cls,dfl: 1.242,0.661,0.972
Epoch 35/50, Batch 546/1094 (49.9%) - Loss: 195.240, box,cls,dfl: 1.324,0.745,0.982
Epoch 35/50, Batch 655/1094 (59.9%) - Loss: 179.815, box,cls,dfl: 1.219,0.582,1.009
Epoch 35/50, Batch 764/1094 (69.8%) - Loss: 170.168, box,cls,dfl: 1.141,0.591,0.927
Epoch 35/50, Batch 873/1094 (79.8%) - Loss: 179.500, box,cls,dfl: 1.218,0.615,0.971
Epoch 35/50, Batch 982/1094 (89.8%) - Loss: 171.791, box,cls,dfl: 1.144,0.590,0.950
Epoch 35/50, Batch 1091/1094 (99.7%) - Loss: 174.213, box,cls,dfl: 1.165,0.565,0.992
                   all      10000     185578      0.637      0.525      0.557      0.323

      Epoch    GPU_mem   box_loss   cls_loss   dfl_loss  Instances       Size
Epoch 36/50, Batch 1/1094 (0.1%) - Loss: 165.881, box,cls,dfl: 1.101,0.584,0.907
Epoch 36/50, Batch 110/1094 (10.1%) - Loss: 171.998, box,cls,dfl: 1.155,0.578,0.955
Epoch 36/50, Batch 219/1094 (20.0%) - Loss: 175.002, box,cls,dfl: 1.207,0.563,0.964
Epoch 36/50, Batch 328/1094 (30.0%) - Loss: 165.774, box,cls,dfl: 1.098,0.546,0.947
Epoch 36/50, Batch 437/1094 (39.9%) - Loss: 175.188, box,cls,dfl: 1.139,0.615,0.983
Epoch 36/50, Batch 546/1094 (49.9%) - Loss: 176.011, box,cls,dfl: 1.198,0.616,0.936
Epoch 36/50, Batch 655/1094 (59.9%) - Loss: 154.010, box,cls,dfl: 1.018,0.479,0.909
Epoch 36/50, Batch 764/1094 (69.8%) - Loss: 183.902, box,cls,dfl: 1.266,0.645,0.963
Epoch 36/50, Batch 873/1094 (79.8%) - Loss: 169.024, box,cls,dfl: 1.112,0.572,0.957
Epoch 36/50, Batch 982/1094 (89.8%) - Loss: 168.728, box,cls,dfl: 1.092,0.590,0.955
Epoch 36/50, Batch 1091/1094 (99.7%) - Loss: 165.503, box,cls,dfl: 1.096,0.548,0.942
                   all      10000     185578       0.64      0.528      0.558      0.323

      Epoch    GPU_mem   box_loss   cls_loss   dfl_loss  Instances       Size
Epoch 37/50, Batch 1/1094 (0.1%) - Loss: 179.060, box,cls,dfl: 1.202,0.633,0.963
Epoch 37/50, Batch 110/1094 (10.1%) - Loss: 169.308, box,cls,dfl: 1.111,0.617,0.917
Epoch 37/50, Batch 219/1094 (20.0%) - Loss: 179.351, box,cls,dfl: 1.204,0.650,0.949
Epoch 37/50, Batch 328/1094 (30.0%) - Loss: 172.083, box,cls,dfl: 1.139,0.554,0.995
Epoch 37/50, Batch 437/1094 (39.9%) - Loss: 175.047, box,cls,dfl: 1.177,0.580,0.978
Epoch 37/50, Batch 546/1094 (49.9%) - Loss: 167.100, box,cls,dfl: 1.127,0.550,0.934
Epoch 37/50, Batch 655/1094 (59.9%) - Loss: 180.611, box,cls,dfl: 1.222,0.624,0.977
Epoch 37/50, Batch 764/1094 (69.8%) - Loss: 179.947, box,cls,dfl: 1.214,0.622,0.976
Epoch 37/50, Batch 873/1094 (79.8%) - Loss: 177.528, box,cls,dfl: 1.201,0.604,0.969
Epoch 37/50, Batch 982/1094 (89.8%) - Loss: 160.584, box,cls,dfl: 1.048,0.537,0.924
Epoch 37/50, Batch 1091/1094 (99.7%) - Loss: 178.515, box,cls,dfl: 1.176,0.633,0.980
                   all      10000     185578      0.641      0.525      0.559      0.324

      Epoch    GPU_mem   box_loss   cls_loss   dfl_loss  Instances       Size
Epoch 38/50, Batch 1/1094 (0.1%) - Loss: 175.136, box,cls,dfl: 1.166,0.582,0.989
Epoch 38/50, Batch 110/1094 (10.1%) - Loss: 160.135, box,cls,dfl: 1.045,0.537,0.920
Epoch 38/50, Batch 219/1094 (20.0%) - Loss: 171.879, box,cls,dfl: 1.147,0.603,0.936
Epoch 38/50, Batch 328/1094 (30.0%) - Loss: 176.108, box,cls,dfl: 1.205,0.570,0.977
Epoch 38/50, Batch 437/1094 (39.9%) - Loss: 176.684, box,cls,dfl: 1.193,0.610,0.958
Epoch 38/50, Batch 546/1094 (49.9%) - Loss: 177.060, box,cls,dfl: 1.178,0.651,0.937
Epoch 38/50, Batch 655/1094 (59.9%) - Loss: 172.158, box,cls,dfl: 1.166,0.563,0.961
Epoch 38/50, Batch 764/1094 (69.8%) - Loss: 167.716, box,cls,dfl: 1.116,0.566,0.939
Epoch 38/50, Batch 873/1094 (79.8%) - Loss: 170.181, box,cls,dfl: 1.144,0.568,0.947
Epoch 38/50, Batch 982/1094 (89.8%) - Loss: 171.412, box,cls,dfl: 1.166,0.578,0.935
Epoch 38/50, Batch 1091/1094 (99.7%) - Loss: 172.463, box,cls,dfl: 1.157,0.567,0.971
                   all      10000     185578      0.644      0.505      0.558      0.323

      Epoch    GPU_mem   box_loss   cls_loss   dfl_loss  Instances       Size
Epoch 39/50, Batch 1/1094 (0.1%) - Loss: 177.209, box,cls,dfl: 1.184,0.609,0.976
Epoch 39/50, Batch 110/1094 (10.1%) - Loss: 173.922, box,cls,dfl: 1.171,0.557,0.989
Epoch 39/50, Batch 219/1094 (20.0%) - Loss: 176.190, box,cls,dfl: 1.215,0.588,0.950
Epoch 39/50, Batch 328/1094 (30.0%) - Loss: 173.236, box,cls,dfl: 1.157,0.598,0.952
Epoch 39/50, Batch 437/1094 (39.9%) - Loss: 170.491, box,cls,dfl: 1.127,0.581,0.956
Epoch 39/50, Batch 546/1094 (49.9%) - Loss: 183.369, box,cls,dfl: 1.240,0.636,0.989
Epoch 39/50, Batch 655/1094 (59.9%) - Loss: 174.229, box,cls,dfl: 1.185,0.569,0.969
Epoch 39/50, Batch 764/1094 (69.8%) - Loss: 169.040, box,cls,dfl: 1.119,0.595,0.927
Epoch 39/50, Batch 873/1094 (79.8%) - Loss: 174.703, box,cls,dfl: 1.184,0.580,0.966
Epoch 39/50, Batch 982/1094 (89.8%) - Loss: 182.426, box,cls,dfl: 1.229,0.651,0.971
Epoch 39/50, Batch 1091/1094 (99.7%) - Loss: 180.117, box,cls,dfl: 1.215,0.626,0.973
                   all      10000     185578      0.627      0.527      0.559      0.323

      Epoch    GPU_mem   box_loss   cls_loss   dfl_loss  Instances       Size
Epoch 40/50, Batch 1/1094 (0.1%) - Loss: 171.252, box,cls,dfl: 1.136,0.583,0.957
Epoch 40/50, Batch 110/1094 (10.1%) - Loss: 168.629, box,cls,dfl: 1.154,0.530,0.951
Epoch 40/50, Batch 219/1094 (20.0%) - Loss: 165.192, box,cls,dfl: 1.065,0.563,0.954
Epoch 40/50, Batch 328/1094 (30.0%) - Loss: 167.210, box,cls,dfl: 1.121,0.562,0.930
Epoch 40/50, Batch 437/1094 (39.9%) - Loss: 176.109, box,cls,dfl: 1.174,0.636,0.942
Epoch 40/50, Batch 546/1094 (49.9%) - Loss: 168.479, box,cls,dfl: 1.133,0.563,0.937
Epoch 40/50, Batch 655/1094 (59.9%) - Loss: 172.041, box,cls,dfl: 1.148,0.614,0.926
Epoch 40/50, Batch 764/1094 (69.8%) - Loss: 172.382, box,cls,dfl: 1.149,0.598,0.946
Epoch 40/50, Batch 873/1094 (79.8%) - Loss: 164.486, box,cls,dfl: 1.089,0.538,0.942
Epoch 40/50, Batch 982/1094 (89.8%) - Loss: 174.796, box,cls,dfl: 1.182,0.590,0.960
Epoch 40/50, Batch 1091/1094 (99.7%) - Loss: 169.838, box,cls,dfl: 1.147,0.576,0.931
                   all      10000     185578      0.621      0.522      0.558      0.323

      Epoch    GPU_mem   box_loss   cls_loss   dfl_loss  Instances       Size
Epoch 41/50, Batch 1/1094 (0.1%) - Loss: 167.475, box,cls,dfl: 1.095,0.575,0.947
Epoch 41/50, Batch 110/1094 (10.1%) - Loss: 165.582, box,cls,dfl: 1.089,0.542,0.956
Epoch 41/50, Batch 219/1094 (20.0%) - Loss: 176.090, box,cls,dfl: 1.191,0.563,0.997
Epoch 41/50, Batch 328/1094 (30.0%) - Loss: 178.266, box,cls,dfl: 1.203,0.616,0.967
Epoch 41/50, Batch 437/1094 (39.9%) - Loss: 183.498, box,cls,dfl: 1.291,0.634,0.942
Epoch 41/50, Batch 546/1094 (49.9%) - Loss: 169.736, box,cls,dfl: 1.123,0.570,0.959
Epoch 41/50, Batch 655/1094 (59.9%) - Loss: 172.741, box,cls,dfl: 1.156,0.573,0.971
Epoch 41/50, Batch 764/1094 (69.8%) - Loss: 177.768, box,cls,dfl: 1.217,0.595,0.966
Epoch 41/50, Batch 873/1094 (79.8%) - Loss: 174.808, box,cls,dfl: 1.195,0.588,0.948
Epoch 41/50, Batch 982/1094 (89.8%) - Loss: 178.967, box,cls,dfl: 1.186,0.653,0.957
Epoch 41/50, Batch 1091/1094 (99.7%) - Loss: 178.893, box,cls,dfl: 1.218,0.607,0.970
                   all      10000     185578      0.638      0.532      0.561      0.324

      Epoch    GPU_mem   box_loss   cls_loss   dfl_loss  Instances       Size
Epoch 42/50, Batch 1/1094 (0.1%) - Loss: 176.104, box,cls,dfl: 1.187,0.587,0.978
Epoch 42/50, Batch 110/1094 (10.1%) - Loss: 173.475, box,cls,dfl: 1.164,0.584,0.962
Epoch 42/50, Batch 219/1094 (20.0%) - Loss: 174.714, box,cls,dfl: 1.196,0.579,0.955
Epoch 42/50, Batch 328/1094 (30.0%) - Loss: 169.600, box,cls,dfl: 1.159,0.539,0.951
Epoch 42/50, Batch 437/1094 (39.9%) - Loss: 172.175, box,cls,dfl: 1.164,0.591,0.935
Epoch 42/50, Batch 546/1094 (49.9%) - Loss: 174.540, box,cls,dfl: 1.193,0.606,0.928
Epoch 42/50, Batch 655/1094 (59.9%) - Loss: 182.996, box,cls,dfl: 1.254,0.634,0.972
Epoch 42/50, Batch 764/1094 (69.8%) - Loss: 171.114, box,cls,dfl: 1.126,0.574,0.973
Epoch 42/50, Batch 873/1094 (79.8%) - Loss: 164.637, box,cls,dfl: 1.113,0.534,0.925
Epoch 42/50, Batch 982/1094 (89.8%) - Loss: 174.428, box,cls,dfl: 1.168,0.589,0.969
Epoch 42/50, Batch 1091/1094 (99.7%) - Loss: 175.231, box,cls,dfl: 1.184,0.566,0.988
                   all      10000     185578      0.637      0.514       0.56      0.324

      Epoch    GPU_mem   box_loss   cls_loss   dfl_loss  Instances       Size
Epoch 43/50, Batch 1/1094 (0.1%) - Loss: 171.595, box,cls,dfl: 1.147,0.542,0.993
Epoch 43/50, Batch 110/1094 (10.1%) - Loss: 158.831, box,cls,dfl: 1.034,0.523,0.925
Epoch 43/50, Batch 219/1094 (20.0%) - Loss: 173.747, box,cls,dfl: 1.194,0.568,0.953
Epoch 43/50, Batch 328/1094 (30.0%) - Loss: 167.145, box,cls,dfl: 1.148,0.556,0.908
Epoch 43/50, Batch 437/1094 (39.9%) - Loss: 177.535, box,cls,dfl: 1.219,0.564,0.991
Epoch 43/50, Batch 546/1094 (49.9%) - Loss: 176.940, box,cls,dfl: 1.184,0.616,0.964
Epoch 43/50, Batch 655/1094 (59.9%) - Loss: 177.870, box,cls,dfl: 1.218,0.589,0.972
Epoch 43/50, Batch 764/1094 (69.8%) - Loss: 167.490, box,cls,dfl: 1.107,0.565,0.945
Epoch 43/50, Batch 873/1094 (79.8%) - Loss: 180.752, box,cls,dfl: 1.218,0.588,1.018
Epoch 43/50, Batch 982/1094 (89.8%) - Loss: 167.071, box,cls,dfl: 1.127,0.554,0.929
Epoch 43/50, Batch 1091/1094 (99.7%) - Loss: 169.531, box,cls,dfl: 1.121,0.581,0.947
                   all      10000     185578      0.641      0.512       0.56      0.324

      Epoch    GPU_mem   box_loss   cls_loss   dfl_loss  Instances       Size
Epoch 44/50, Batch 1/1094 (0.1%) - Loss: 165.211, box,cls,dfl: 1.088,0.526,0.968
Epoch 44/50, Batch 110/1094 (10.1%) - Loss: 163.865, box,cls,dfl: 1.091,0.515,0.954
Epoch 44/50, Batch 219/1094 (20.0%) - Loss: 170.332, box,cls,dfl: 1.169,0.538,0.955
Epoch 44/50, Batch 328/1094 (30.0%) - Loss: 171.103, box,cls,dfl: 1.144,0.584,0.945
Epoch 44/50, Batch 437/1094 (39.9%) - Loss: 167.561, box,cls,dfl: 1.142,0.550,0.926
Epoch 44/50, Batch 546/1094 (49.9%) - Loss: 171.330, box,cls,dfl: 1.124,0.616,0.938
Epoch 44/50, Batch 655/1094 (59.9%) - Loss: 181.307, box,cls,dfl: 1.258,0.611,0.963
Epoch 44/50, Batch 764/1094 (69.8%) - Loss: 165.225, box,cls,dfl: 1.070,0.555,0.957
Epoch 44/50, Batch 873/1094 (79.8%) - Loss: 159.023, box,cls,dfl: 1.041,0.534,0.910
Epoch 44/50, Batch 982/1094 (89.8%) - Loss: 177.519, box,cls,dfl: 1.192,0.638,0.943
Epoch 44/50, Batch 1091/1094 (99.7%) - Loss: 180.432, box,cls,dfl: 1.223,0.616,0.980
                   all      10000     185578      0.637      0.531      0.561      0.325

      Epoch    GPU_mem   box_loss   cls_loss   dfl_loss  Instances       Size
Epoch 45/50, Batch 1/1094 (0.1%) - Loss: 170.638, box,cls,dfl: 1.131,0.583,0.953
Epoch 45/50, Batch 110/1094 (10.1%) - Loss: 179.777, box,cls,dfl: 1.202,0.625,0.983
Epoch 45/50, Batch 219/1094 (20.0%) - Loss: 164.279, box,cls,dfl: 1.077,0.558,0.932
Epoch 45/50, Batch 328/1094 (30.0%) - Loss: 167.973, box,cls,dfl: 1.127,0.566,0.932
Epoch 45/50, Batch 437/1094 (39.9%) - Loss: 175.189, box,cls,dfl: 1.220,0.566,0.951
Epoch 45/50, Batch 546/1094 (49.9%) - Loss: 169.319, box,cls,dfl: 1.130,0.540,0.975
Epoch 45/50, Batch 655/1094 (59.9%) - Loss: 166.181, box,cls,dfl: 1.101,0.583,0.913
Epoch 45/50, Batch 764/1094 (69.8%) - Loss: 173.862, box,cls,dfl: 1.166,0.568,0.983
Epoch 45/50, Batch 873/1094 (79.8%) - Loss: 166.661, box,cls,dfl: 1.107,0.551,0.946
Epoch 45/50, Batch 982/1094 (89.8%) - Loss: 171.498, box,cls,dfl: 1.112,0.606,0.962
Epoch 45/50, Batch 1091/1094 (99.7%) - Loss: 174.471, box,cls,dfl: 1.186,0.574,0.965
                   all      10000     185578      0.643      0.532       0.56      0.325

      Epoch    GPU_mem   box_loss   cls_loss   dfl_loss  Instances       Size
Epoch 46/50, Batch 1/1094 (0.1%) - Loss: 167.390, box,cls,dfl: 1.140,0.542,0.934
Epoch 46/50, Batch 110/1094 (10.1%) - Loss: 176.791, box,cls,dfl: 1.235,0.574,0.953
Epoch 46/50, Batch 219/1094 (20.0%) - Loss: 173.029, box,cls,dfl: 1.148,0.607,0.948
Epoch 46/50, Batch 328/1094 (30.0%) - Loss: 171.340, box,cls,dfl: 1.168,0.567,0.941
Epoch 46/50, Batch 437/1094 (39.9%) - Loss: 166.998, box,cls,dfl: 1.090,0.555,0.964
Epoch 46/50, Batch 546/1094 (49.9%) - Loss: 178.262, box,cls,dfl: 1.224,0.612,0.949
Epoch 46/50, Batch 655/1094 (59.9%) - Loss: 169.159, box,cls,dfl: 1.154,0.542,0.947
Epoch 46/50, Batch 764/1094 (69.8%) - Loss: 156.133, box,cls,dfl: 1.024,0.487,0.928
Epoch 46/50, Batch 873/1094 (79.8%) - Loss: 173.207, box,cls,dfl: 1.168,0.601,0.937
Epoch 46/50, Batch 982/1094 (89.8%) - Loss: 165.253, box,cls,dfl: 1.112,0.538,0.932
Epoch 46/50, Batch 1091/1094 (99.7%) - Loss: 162.424, box,cls,dfl: 1.056,0.545,0.937
                   all      10000     185578      0.645      0.532       0.56      0.325

      Epoch    GPU_mem   box_loss   cls_loss   dfl_loss  Instances       Size
Epoch 47/50, Batch 1/1094 (0.1%) - Loss: 165.802, box,cls,dfl: 1.069,0.561,0.960
Epoch 47/50, Batch 110/1094 (10.1%) - Loss: 165.334, box,cls,dfl: 1.122,0.556,0.906
Epoch 47/50, Batch 219/1094 (20.0%) - Loss: 167.135, box,cls,dfl: 1.141,0.538,0.933
Epoch 47/50, Batch 328/1094 (30.0%) - Loss: 173.081, box,cls,dfl: 1.177,0.584,0.944
Epoch 47/50, Batch 437/1094 (39.9%) - Loss: 178.256, box,cls,dfl: 1.226,0.541,1.019
Epoch 47/50, Batch 546/1094 (49.9%) - Loss: 171.852, box,cls,dfl: 1.190,0.520,0.976
Epoch 47/50, Batch 655/1094 (59.9%) - Loss: 175.053, box,cls,dfl: 1.216,0.591,0.928
Epoch 47/50, Batch 764/1094 (69.8%) - Loss: 172.862, box,cls,dfl: 1.139,0.601,0.961
Epoch 47/50, Batch 873/1094 (79.8%) - Loss: 161.378, box,cls,dfl: 1.084,0.517,0.921
Epoch 47/50, Batch 982/1094 (89.8%) - Loss: 166.195, box,cls,dfl: 1.100,0.580,0.916
Epoch 47/50, Batch 1091/1094 (99.7%) - Loss: 165.961, box,cls,dfl: 1.077,0.573,0.944
                   all      10000     185578      0.659      0.525       0.56      0.324

      Epoch    GPU_mem   box_loss   cls_loss   dfl_loss  Instances       Size
Epoch 48/50, Batch 1/1094 (0.1%) - Loss: 170.084, box,cls,dfl: 1.150,0.555,0.952
Epoch 48/50, Batch 110/1094 (10.1%) - Loss: 160.115, box,cls,dfl: 1.073,0.502,0.926
Epoch 48/50, Batch 219/1094 (20.0%) - Loss: 170.790, box,cls,dfl: 1.168,0.561,0.940
Epoch 48/50, Batch 328/1094 (30.0%) - Loss: 160.284, box,cls,dfl: 1.085,0.520,0.900
Epoch 48/50, Batch 437/1094 (39.9%) - Loss: 166.850, box,cls,dfl: 1.102,0.524,0.981
Epoch 48/50, Batch 546/1094 (49.9%) - Loss: 170.493, box,cls,dfl: 1.102,0.627,0.935
Epoch 48/50, Batch 655/1094 (59.9%) - Loss: 171.234, box,cls,dfl: 1.148,0.570,0.957
Epoch 48/50, Batch 764/1094 (69.8%) - Loss: 177.288, box,cls,dfl: 1.201,0.590,0.980
Epoch 48/50, Batch 873/1094 (79.8%) - Loss: 160.433, box,cls,dfl: 1.050,0.481,0.975
Epoch 48/50, Batch 982/1094 (89.8%) - Loss: 161.568, box,cls,dfl: 1.088,0.544,0.893
Epoch 48/50, Batch 1091/1094 (99.7%) - Loss: 165.226, box,cls,dfl: 1.105,0.532,0.944
                   all      10000     185578       0.67      0.515       0.56      0.323

      Epoch    GPU_mem   box_loss   cls_loss   dfl_loss  Instances       Size
Epoch 49/50, Batch 1/1094 (0.1%) - Loss: 166.993, box,cls,dfl: 1.111,0.562,0.936
Epoch 49/50, Batch 110/1094 (10.1%) - Loss: 164.855, box,cls,dfl: 1.090,0.559,0.927
Epoch 49/50, Batch 219/1094 (20.0%) - Loss: 173.480, box,cls,dfl: 1.150,0.613,0.948
Epoch 49/50, Batch 328/1094 (30.0%) - Loss: 170.235, box,cls,dfl: 1.139,0.551,0.970
Epoch 49/50, Batch 437/1094 (39.9%) - Loss: 168.298, box,cls,dfl: 1.133,0.535,0.962
Epoch 49/50, Batch 546/1094 (49.9%) - Loss: 167.452, box,cls,dfl: 1.123,0.529,0.964
Epoch 49/50, Batch 655/1094 (59.9%) - Loss: 173.137, box,cls,dfl: 1.162,0.573,0.970
Epoch 49/50, Batch 764/1094 (69.8%) - Loss: 172.475, box,cls,dfl: 1.180,0.574,0.941
Epoch 49/50, Batch 873/1094 (79.8%) - Loss: 171.286, box,cls,dfl: 1.175,0.551,0.950
Epoch 49/50, Batch 982/1094 (89.8%) - Loss: 167.599, box,cls,dfl: 1.130,0.542,0.947
Epoch 49/50, Batch 1091/1094 (99.7%) - Loss: 161.532, box,cls,dfl: 1.056,0.548,0.920
                   all      10000     185578      0.674      0.511      0.559      0.323

      Epoch    GPU_mem   box_loss   cls_loss   dfl_loss  Instances       Size
Epoch 50/50, Batch 1/1094 (0.1%) - Loss: 168.022, box,cls,dfl: 1.148,0.539,0.938
Epoch 50/50, Batch 110/1094 (10.1%) - Loss: 173.003, box,cls,dfl: 1.188,0.572,0.943
Epoch 50/50, Batch 219/1094 (20.0%) - Loss: 157.204, box,cls,dfl: 1.044,0.494,0.918
Epoch 50/50, Batch 328/1094 (30.0%) - Loss: 163.454, box,cls,dfl: 1.064,0.533,0.958
Epoch 50/50, Batch 437/1094 (39.9%) - Loss: 173.296, box,cls,dfl: 1.172,0.597,0.938
Epoch 50/50, Batch 546/1094 (49.9%) - Loss: 165.815, box,cls,dfl: 1.136,0.515,0.939
Epoch 50/50, Batch 655/1094 (59.9%) - Loss: 166.922, box,cls,dfl: 1.152,0.506,0.950
Epoch 50/50, Batch 764/1094 (69.8%) - Loss: 171.144, box,cls,dfl: 1.165,0.556,0.953
Epoch 50/50, Batch 873/1094 (79.8%) - Loss: 167.029, box,cls,dfl: 1.129,0.553,0.928
Epoch 50/50, Batch 982/1094 (89.8%) - Loss: 178.035, box,cls,dfl: 1.201,0.618,0.963
Epoch 50/50, Batch 1091/1094 (99.7%) - Loss: 170.332, box,cls,dfl: 1.146,0.538,0.977
                   all      10000     185578      0.676      0.512      0.559      0.323

50 epochs completed in 5.878 hours.
Optimizer stripped from runs/bdd100k/detect/baseline-yolov12l/train/weights/last.pt, 53.7MB
Optimizer stripped from runs/bdd100k/detect/baseline-yolov12l/train/weights/best.pt, 53.7MB

Validating runs/bdd100k/detect/baseline-yolov12l/train/weights/best.pt...
Ultralytics 8.3.63 🚀 Python-3.11.13 torch-2.2.2+cu121 CUDA:0 (NVIDIA RTX 6000 Ada Generation, 48509MiB)
                                                       CUDA:1 (NVIDIA RTX 6000 Ada Generation, 48509MiB)
YOLOv12l summary (fused): 674 layers, 26,401,262 parameters, 0 gradients, 82.1 GFLOPs
                   all      10000     185578      0.747      0.494       0.56      0.325
                person       3220      13265      0.776       0.56      0.652      0.341
                 rider        515        649      0.673      0.436      0.485      0.256
                   car       9879     102540      0.808       0.73      0.794      0.494
                   bus       1242       1597       0.71      0.568      0.653      0.501
                 truck       2689       4247       0.69      0.587      0.661      0.486
                  bike        578       1007       0.62      0.481      0.512      0.264
                 motor        334        452      0.727       0.44      0.498      0.248
         traffic light       5653      26891      0.717      0.543      0.586      0.229
          traffic sign       8221      34915      0.748      0.598       0.67      0.361
                 train         14         15          1          0     0.0942     0.0688
Speed: 0.0ms preprocess, 1.5ms inference, 0.0ms loss, 0.3ms postprocess per image
Results saved to [1mruns/bdd100k/detect/baseline-yolov12l/train[0m
