# {"dataset": "kitti", "cache": "method02_advantage_regress_tinyConv/outputs/kitti/cache_train_g2.pt", "val_cache": "method02_advantage_regress_tinyConv/outputs/kitti/cache_val_g2.pt", "flops": "/home/hslee/Desktop/Embedded_AI/context-anydepth-det/anydepth-yolov12/method03_advantage_rank/outputs/kitti/flops_table.json", "epochs": 300, "batch": 256, "lr": 0.001, "lambda_flops": 1.0, "lambda_uni": 0.1, "hidden": 128, "group_dim": 64, "path_dim": 8, "feat": "input", "norm": "batch", "dropout": 0.1, "weight_decay": 0.0, "optimizer": "adam", "lr_sched": "const", "warmup": 0, "aug_noise": 0.0, "aug_cdrop": 0.0, "select": "val_corr", "mode": "regress", "regress_loss": "mse", "margin": 0.0, "prev_p": 0.5, "seed": 2, "device": "cuda:0", "out": "method03_advantage_rank/outputs/kitti/ablation/policy_input_dropout_s2.pt", "logdir": "method03_advantage_rank/outputs/kitti/ablation/logs", "tag": "dropout_s2", "keep_layers": ""}
epoch	total	l_acc	l_flops	l_uni	p_super	val_p_super	val_l_acc
0	0.04457	0.04457	0.00000	0.00000	0.1106	0.0818	0.04268
1	0.04243	0.04243	0.00000	0.00000	0.1134	0.0918	0.04130
2	0.04097	0.04097	0.00000	0.00000	0.1078	0.1025	0.04062
3	0.03978	0.03978	0.00000	0.00000	0.1095	0.1089	0.04002
4	0.03855	0.03855	0.00000	0.00000	0.1117	0.0978	0.03984
5	0.03747	0.03747	0.00000	0.00000	0.1124	0.0969	0.03952
6	0.03613	0.03613	0.00000	0.00000	0.1092	0.1201	0.04060
7	0.03596	0.03596	0.00000	0.00000	0.1118	0.0875	0.03961
8	0.03448	0.03448	0.00000	0.00000	0.1105	0.1246	0.04034
9	0.03422	0.03422	0.00000	0.00000	0.1102	0.1108	0.03848
10	0.03337	0.03337	0.00000	0.00000	0.1128	0.1204	0.03888
11	0.03216	0.03216	0.00000	0.00000	0.1106	0.1419	0.04066
12	0.03200	0.03200	0.00000	0.00000	0.1126	0.1089	0.04033
13	0.03091	0.03091	0.00000	0.00000	0.1121	0.0999	0.03825
14	0.03106	0.03106	0.00000	0.00000	0.1099	0.0901	0.03829
15	0.02994	0.02994	0.00000	0.00000	0.1126	0.1002	0.03890
16	0.02896	0.02896	0.00000	0.00000	0.1096	0.1012	0.03832
17	0.02818	0.02818	0.00000	0.00000	0.1119	0.1088	0.03961
18	0.02793	0.02793	0.00000	0.00000	0.1100	0.1082	0.03931
19	0.02711	0.02711	0.00000	0.00000	0.1136	0.1192	0.03978
20	0.02730	0.02730	0.00000	0.00000	0.1082	0.1330	0.03952
21	0.02663	0.02663	0.00000	0.00000	0.1120	0.1319	0.04044
22	0.02596	0.02596	0.00000	0.00000	0.1117	0.1047	0.03980
23	0.02600	0.02600	0.00000	0.00000	0.1144	0.1035	0.03828
24	0.02622	0.02622	0.00000	0.00000	0.1078	0.1547	0.04285
25	0.02550	0.02550	0.00000	0.00000	0.1106	0.1032	0.04103
26	0.02398	0.02398	0.00000	0.00000	0.1136	0.0944	0.04201
27	0.02343	0.02343	0.00000	0.00000	0.1095	0.1001	0.04071
28	0.02305	0.02305	0.00000	0.00000	0.1114	0.1313	0.04212
29	0.02227	0.02227	0.00000	0.00000	0.1130	0.0971	0.04350
30	0.02259	0.02259	0.00000	0.00000	0.1110	0.0949	0.04148
31	0.02198	0.02198	0.00000	0.00000	0.1111	0.1030	0.04024
32	0.02263	0.02263	0.00000	0.00000	0.1121	0.0765	0.04070
33	0.02200	0.02200	0.00000	0.00000	0.1113	0.0944	0.04110
34	0.02118	0.02118	0.00000	0.00000	0.1121	0.1011	0.04227
35	0.02071	0.02071	0.00000	0.00000	0.1113	0.0689	0.04215
36	0.02014	0.02014	0.00000	0.00000	0.1104	0.0927	0.04191
37	0.01997	0.01997	0.00000	0.00000	0.1103	0.1275	0.04322
38	0.01977	0.01977	0.00000	0.00000	0.1110	0.1039	0.04350
39	0.01851	0.01851	0.00000	0.00000	0.1115	0.0953	0.04143
40	0.01896	0.01896	0.00000	0.00000	0.1120	0.0950	0.04491
41	0.01849	0.01849	0.00000	0.00000	0.1119	0.1065	0.04234
42	0.01847	0.01847	0.00000	0.00000	0.1124	0.1064	0.04498
43	0.01937	0.01937	0.00000	0.00000	0.1109	0.0902	0.04196
44	0.01756	0.01756	0.00000	0.00000	0.1091	0.0953	0.04385
45	0.01772	0.01772	0.00000	0.00000	0.1148	0.0570	0.04448
46	0.01855	0.01855	0.00000	0.00000	0.1088	0.0976	0.04300
47	0.01740	0.01740	0.00000	0.00000	0.1092	0.1131	0.04356
48	0.01708	0.01708	0.00000	0.00000	0.1106	0.1267	0.04440
49	0.01622	0.01622	0.00000	0.00000	0.1097	0.1096	0.04381
50	0.01630	0.01630	0.00000	0.00000	0.1119	0.1207	0.04426
51	0.01596	0.01596	0.00000	0.00000	0.1137	0.0899	0.04390
52	0.01583	0.01583	0.00000	0.00000	0.1094	0.1052	0.04559
53	0.01568	0.01568	0.00000	0.00000	0.1097	0.1425	0.04424
54	0.01562	0.01562	0.00000	0.00000	0.1130	0.0866	0.04544
55	0.01491	0.01491	0.00000	0.00000	0.1102	0.1191	0.04482
56	0.01456	0.01456	0.00000	0.00000	0.1108	0.1012	0.04559
57	0.01476	0.01476	0.00000	0.00000	0.1116	0.1232	0.04606
58	0.01519	0.01519	0.00000	0.00000	0.1099	0.1137	0.04427
59	0.01425	0.01425	0.00000	0.00000	0.1115	0.1168	0.04689
60	0.01441	0.01441	0.00000	0.00000	0.1128	0.0991	0.04583
61	0.01389	0.01389	0.00000	0.00000	0.1108	0.1054	0.04603
62	0.01393	0.01393	0.00000	0.00000	0.1110	0.1129	0.04527
63	0.01327	0.01327	0.00000	0.00000	0.1110	0.1065	0.04564
64	0.01392	0.01392	0.00000	0.00000	0.1135	0.1027	0.04271
65	0.01317	0.01317	0.00000	0.00000	0.1114	0.1029	0.04488
66	0.01348	0.01348	0.00000	0.00000	0.1116	0.0924	0.04306
67	0.01280	0.01280	0.00000	0.00000	0.1096	0.1128	0.04581
68	0.01258	0.01258	0.00000	0.00000	0.1116	0.1019	0.04634
69	0.01251	0.01251	0.00000	0.00000	0.1119	0.0769	0.04622
70	0.01333	0.01333	0.00000	0.00000	0.1080	0.1216	0.04672
71	0.01306	0.01306	0.00000	0.00000	0.1135	0.0880	0.04664
72	0.01259	0.01259	0.00000	0.00000	0.1086	0.1345	0.04753
73	0.01311	0.01311	0.00000	0.00000	0.1114	0.1188	0.04522
74	0.01258	0.01258	0.00000	0.00000	0.1122	0.1005	0.04404
75	0.01210	0.01210	0.00000	0.00000	0.1113	0.1163	0.04570
76	0.01258	0.01258	0.00000	0.00000	0.1125	0.0780	0.04587
77	0.01226	0.01226	0.00000	0.00000	0.1100	0.1043	0.04532
78	0.01216	0.01216	0.00000	0.00000	0.1117	0.0864	0.04472
79	0.01190	0.01190	0.00000	0.00000	0.1106	0.1026	0.04627
80	0.01174	0.01174	0.00000	0.00000	0.1110	0.1101	0.04588
81	0.01128	0.01128	0.00000	0.00000	0.1115	0.1167	0.04695
82	0.01154	0.01154	0.00000	0.00000	0.1115	0.0929	0.04915
83	0.01226	0.01226	0.00000	0.00000	0.1103	0.0957	0.04501
84	0.01180	0.01180	0.00000	0.00000	0.1096	0.1146	0.04567
85	0.01115	0.01115	0.00000	0.00000	0.1120	0.1218	0.04626
86	0.01132	0.01132	0.00000	0.00000	0.1117	0.1230	0.04342
87	0.01134	0.01134	0.00000	0.00000	0.1115	0.0783	0.04839
88	0.01148	0.01148	0.00000	0.00000	0.1102	0.1079	0.04454
89	0.01082	0.01082	0.00000	0.00000	0.1113	0.1073	0.04755
90	0.01146	0.01146	0.00000	0.00000	0.1105	0.1271	0.04585
91	0.01124	0.01124	0.00000	0.00000	0.1121	0.0916	0.04573
92	0.01122	0.01122	0.00000	0.00000	0.1110	0.1081	0.04659
93	0.01177	0.01177	0.00000	0.00000	0.1106	0.1445	0.04630
94	0.01199	0.01199	0.00000	0.00000	0.1106	0.1253	0.04569
95	0.01068	0.01068	0.00000	0.00000	0.1117	0.1121	0.04468
96	0.01072	0.01072	0.00000	0.00000	0.1117	0.1054	0.04678
97	0.01059	0.01059	0.00000	0.00000	0.1114	0.0735	0.04593
98	0.01061	0.01061	0.00000	0.00000	0.1103	0.1096	0.04592
99	0.01008	0.01008	0.00000	0.00000	0.1119	0.0961	0.04612
100	0.01006	0.01006	0.00000	0.00000	0.1104	0.1088	0.04904
101	0.00989	0.00989	0.00000	0.00000	0.1091	0.1126	0.04508
102	0.01017	0.01017	0.00000	0.00000	0.1117	0.0921	0.04725
103	0.00972	0.00972	0.00000	0.00000	0.1112	0.1090	0.04697
104	0.00957	0.00957	0.00000	0.00000	0.1118	0.0951	0.04507
105	0.00968	0.00968	0.00000	0.00000	0.1121	0.0964	0.04587
106	0.00981	0.00981	0.00000	0.00000	0.1106	0.0897	0.04587
107	0.00969	0.00969	0.00000	0.00000	0.1098	0.1187	0.04549
108	0.00914	0.00914	0.00000	0.00000	0.1130	0.1057	0.04744
109	0.00979	0.00979	0.00000	0.00000	0.1102	0.0939	0.04698
110	0.00970	0.00970	0.00000	0.00000	0.1130	0.0832	0.04487
111	0.00966	0.00966	0.00000	0.00000	0.1099	0.1022	0.04544
112	0.00986	0.00986	0.00000	0.00000	0.1102	0.1066	0.04624
113	0.00914	0.00914	0.00000	0.00000	0.1118	0.1101	0.04666
114	0.01008	0.01008	0.00000	0.00000	0.1098	0.1348	0.04675
115	0.00968	0.00968	0.00000	0.00000	0.1120	0.1127	0.04551
116	0.00901	0.00901	0.00000	0.00000	0.1108	0.1221	0.04691
117	0.00927	0.00927	0.00000	0.00000	0.1132	0.1061	0.04527
118	0.00931	0.00931	0.00000	0.00000	0.1089	0.1152	0.04513
119	0.00874	0.00874	0.00000	0.00000	0.1126	0.1211	0.04696
120	0.00858	0.00858	0.00000	0.00000	0.1123	0.1018	0.04804
121	0.00900	0.00900	0.00000	0.00000	0.1121	0.0908	0.04566
122	0.00899	0.00899	0.00000	0.00000	0.1103	0.1144	0.04651
123	0.00866	0.00866	0.00000	0.00000	0.1117	0.1009	0.04573
124	0.00847	0.00847	0.00000	0.00000	0.1112	0.1120	0.04812
125	0.01030	0.01030	0.00000	0.00000	0.1124	0.1004	0.04728
126	0.00977	0.00977	0.00000	0.00000	0.1101	0.0889	0.04741
127	0.00944	0.00944	0.00000	0.00000	0.1113	0.1124	0.04587
128	0.00888	0.00888	0.00000	0.00000	0.1113	0.1046	0.04706
129	0.00828	0.00828	0.00000	0.00000	0.1110	0.1156	0.04706
130	0.00890	0.00890	0.00000	0.00000	0.1115	0.0965	0.04730
131	0.00876	0.00876	0.00000	0.00000	0.1128	0.0967	0.04668
132	0.00847	0.00847	0.00000	0.00000	0.1118	0.0892	0.04498
133	0.00849	0.00849	0.00000	0.00000	0.1110	0.1011	0.04648
134	0.00867	0.00867	0.00000	0.00000	0.1106	0.1102	0.04521
135	0.00860	0.00860	0.00000	0.00000	0.1116	0.0894	0.04825
136	0.00843	0.00843	0.00000	0.00000	0.1110	0.1103	0.04775
137	0.00799	0.00799	0.00000	0.00000	0.1115	0.1070	0.04652
138	0.00809	0.00809	0.00000	0.00000	0.1113	0.1035	0.04689
139	0.00805	0.00805	0.00000	0.00000	0.1119	0.1054	0.04812
140	0.00811	0.00811	0.00000	0.00000	0.1109	0.1019	0.04537
141	0.00802	0.00802	0.00000	0.00000	0.1125	0.0815	0.04711
142	0.00826	0.00826	0.00000	0.00000	0.1103	0.1206	0.04678
143	0.00854	0.00854	0.00000	0.00000	0.1121	0.0911	0.04859
144	0.00910	0.00910	0.00000	0.00000	0.1110	0.0879	0.04815
145	0.00806	0.00806	0.00000	0.00000	0.1099	0.1222	0.04490
146	0.00819	0.00819	0.00000	0.00000	0.1130	0.1068	0.04724
147	0.00832	0.00832	0.00000	0.00000	0.1115	0.0962	0.04568
148	0.00769	0.00769	0.00000	0.00000	0.1101	0.0983	0.04682
149	0.00786	0.00786	0.00000	0.00000	0.1112	0.0996	0.04476
150	0.00762	0.00762	0.00000	0.00000	0.1120	0.0968	0.04713
151	0.00808	0.00808	0.00000	0.00000	0.1100	0.1200	0.04834
152	0.00875	0.00875	0.00000	0.00000	0.1138	0.1033	0.04743
153	0.00836	0.00836	0.00000	0.00000	0.1106	0.0975	0.05009
154	0.00813	0.00813	0.00000	0.00000	0.1096	0.1260	0.04803
155	0.00797	0.00797	0.00000	0.00000	0.1123	0.1277	0.04766
156	0.00789	0.00789	0.00000	0.00000	0.1116	0.0995	0.04783
157	0.00766	0.00766	0.00000	0.00000	0.1096	0.1242	0.04819
158	0.00785	0.00785	0.00000	0.00000	0.1127	0.0958	0.04678
159	0.00744	0.00744	0.00000	0.00000	0.1103	0.1161	0.04705
160	0.00746	0.00746	0.00000	0.00000	0.1108	0.1186	0.04737
161	0.00813	0.00813	0.00000	0.00000	0.1126	0.0769	0.04657
162	0.00778	0.00778	0.00000	0.00000	0.1104	0.1231	0.04957
163	0.00751	0.00751	0.00000	0.00000	0.1114	0.1011	0.04714
164	0.00829	0.00829	0.00000	0.00000	0.1115	0.1245	0.04721
165	0.00734	0.00734	0.00000	0.00000	0.1113	0.0951	0.04983
166	0.00763	0.00763	0.00000	0.00000	0.1121	0.1164	0.04350
167	0.00794	0.00794	0.00000	0.00000	0.1100	0.1016	0.04642
168	0.00734	0.00734	0.00000	0.00000	0.1114	0.1067	0.05016
169	0.00734	0.00734	0.00000	0.00000	0.1108	0.1307	0.04932
170	0.00820	0.00820	0.00000	0.00000	0.1111	0.1218	0.04680
171	0.00867	0.00867	0.00000	0.00000	0.1113	0.1067	0.04848
172	0.00865	0.00865	0.00000	0.00000	0.1125	0.1084	0.04762
173	0.00747	0.00747	0.00000	0.00000	0.1124	0.0725	0.04666
174	0.00710	0.00710	0.00000	0.00000	0.1092	0.1143	0.04796
175	0.00711	0.00711	0.00000	0.00000	0.1109	0.1397	0.04888
176	0.00780	0.00780	0.00000	0.00000	0.1127	0.1195	0.04836
177	0.00816	0.00816	0.00000	0.00000	0.1121	0.0820	0.04555
178	0.00751	0.00751	0.00000	0.00000	0.1098	0.1123	0.05033
179	0.00745	0.00745	0.00000	0.00000	0.1129	0.0990	0.04772
180	0.00701	0.00701	0.00000	0.00000	0.1096	0.1123	0.04639
181	0.00692	0.00692	0.00000	0.00000	0.1116	0.1147	0.04569
182	0.00684	0.00684	0.00000	0.00000	0.1103	0.1103	0.04804
183	0.00673	0.00673	0.00000	0.00000	0.1106	0.1202	0.04634
184	0.00707	0.00707	0.00000	0.00000	0.1133	0.0938	0.04845
185	0.00663	0.00663	0.00000	0.00000	0.1104	0.1018	0.04558
186	0.00643	0.00643	0.00000	0.00000	0.1112	0.1086	0.04628
187	0.00671	0.00671	0.00000	0.00000	0.1112	0.1254	0.04894
188	0.00715	0.00715	0.00000	0.00000	0.1115	0.1084	0.04777
189	0.00662	0.00662	0.00000	0.00000	0.1108	0.1250	0.04872
190	0.00690	0.00690	0.00000	0.00000	0.1127	0.0902	0.04870
191	0.00678	0.00678	0.00000	0.00000	0.1098	0.1248	0.04743
192	0.00679	0.00679	0.00000	0.00000	0.1124	0.1100	0.04744
193	0.00639	0.00639	0.00000	0.00000	0.1117	0.1069	0.04674
194	0.00716	0.00716	0.00000	0.00000	0.1103	0.1082	0.04726
195	0.00655	0.00655	0.00000	0.00000	0.1116	0.1164	0.04579
196	0.00655	0.00655	0.00000	0.00000	0.1112	0.1118	0.04775
197	0.00693	0.00693	0.00000	0.00000	0.1112	0.1034	0.04731
198	0.00630	0.00630	0.00000	0.00000	0.1119	0.1101	0.04983
199	0.00616	0.00616	0.00000	0.00000	0.1111	0.1083	0.04785
200	0.00649	0.00649	0.00000	0.00000	0.1126	0.1295	0.04910
201	0.00750	0.00750	0.00000	0.00000	0.1113	0.0851	0.04791
202	0.00704	0.00704	0.00000	0.00000	0.1113	0.0940	0.04733
203	0.00657	0.00657	0.00000	0.00000	0.1127	0.1019	0.04742
204	0.00626	0.00626	0.00000	0.00000	0.1112	0.0959	0.04627
205	0.00602	0.00602	0.00000	0.00000	0.1108	0.1158	0.04809
206	0.00614	0.00614	0.00000	0.00000	0.1105	0.1286	0.04727
207	0.00630	0.00630	0.00000	0.00000	0.1137	0.0881	0.04890
208	0.00599	0.00599	0.00000	0.00000	0.1105	0.1132	0.04937
209	0.00635	0.00635	0.00000	0.00000	0.1117	0.1100	0.04698
210	0.00585	0.00585	0.00000	0.00000	0.1111	0.1042	0.04915
211	0.00600	0.00600	0.00000	0.00000	0.1103	0.1398	0.04957
212	0.00729	0.00729	0.00000	0.00000	0.1135	0.0862	0.04850
213	0.00654	0.00654	0.00000	0.00000	0.1094	0.1219	0.04831
214	0.00643	0.00643	0.00000	0.00000	0.1116	0.1208	0.05046
215	0.00629	0.00629	0.00000	0.00000	0.1120	0.0916	0.04848
216	0.00628	0.00628	0.00000	0.00000	0.1099	0.1055	0.04420
217	0.00644	0.00644	0.00000	0.00000	0.1123	0.0901	0.04897
218	0.00633	0.00633	0.00000	0.00000	0.1106	0.1014	0.04758
219	0.00609	0.00609	0.00000	0.00000	0.1125	0.1049	0.04826
220	0.00633	0.00633	0.00000	0.00000	0.1113	0.0981	0.04749
221	0.00632	0.00632	0.00000	0.00000	0.1106	0.0902	0.05049
222	0.00623	0.00623	0.00000	0.00000	0.1102	0.1251	0.04774
223	0.00615	0.00615	0.00000	0.00000	0.1124	0.1090	0.04802
224	0.00588	0.00588	0.00000	0.00000	0.1112	0.1175	0.04865
225	0.00597	0.00597	0.00000	0.00000	0.1103	0.1108	0.05051
226	0.00555	0.00555	0.00000	0.00000	0.1117	0.1118	0.04912
227	0.00611	0.00611	0.00000	0.00000	0.1119	0.1087	0.04434
228	0.00642	0.00642	0.00000	0.00000	0.1106	0.0872	0.04921
229	0.00622	0.00622	0.00000	0.00000	0.1109	0.1157	0.04591
230	0.00585	0.00585	0.00000	0.00000	0.1115	0.1076	0.04930
231	0.00604	0.00604	0.00000	0.00000	0.1121	0.0887	0.04785
232	0.00642	0.00642	0.00000	0.00000	0.1113	0.0849	0.05194
233	0.00598	0.00598	0.00000	0.00000	0.1121	0.0934	0.04603
234	0.00591	0.00591	0.00000	0.00000	0.1108	0.0895	0.04524
235	0.00590	0.00590	0.00000	0.00000	0.1122	0.0811	0.05086
236	0.00561	0.00561	0.00000	0.00000	0.1112	0.0963	0.04866
237	0.00534	0.00534	0.00000	0.00000	0.1121	0.1021	0.04877
238	0.00526	0.00526	0.00000	0.00000	0.1111	0.0951	0.04786
239	0.00538	0.00538	0.00000	0.00000	0.1113	0.0916	0.04769
240	0.00550	0.00550	0.00000	0.00000	0.1093	0.1290	0.04920
241	0.00572	0.00572	0.00000	0.00000	0.1130	0.0943	0.04961
242	0.00581	0.00581	0.00000	0.00000	0.1100	0.1248	0.04817
243	0.00683	0.00683	0.00000	0.00000	0.1128	0.1036	0.04826
244	0.00584	0.00584	0.00000	0.00000	0.1116	0.0899	0.04914
245	0.00577	0.00577	0.00000	0.00000	0.1100	0.1315	0.04791
246	0.00621	0.00621	0.00000	0.00000	0.1129	0.0990	0.04917
247	0.00593	0.00593	0.00000	0.00000	0.1119	0.1020	0.04657
248	0.00590	0.00590	0.00000	0.00000	0.1114	0.1021	0.04802
249	0.00595	0.00595	0.00000	0.00000	0.1103	0.1268	0.05030
250	0.00527	0.00527	0.00000	0.00000	0.1116	0.0906	0.05003
251	0.00508	0.00508	0.00000	0.00000	0.1111	0.1159	0.04965
252	0.00556	0.00556	0.00000	0.00000	0.1109	0.1116	0.04786
253	0.00563	0.00563	0.00000	0.00000	0.1112	0.1126	0.04759
254	0.00548	0.00548	0.00000	0.00000	0.1128	0.0994	0.04460
255	0.00507	0.00507	0.00000	0.00000	0.1114	0.1149	0.04792
256	0.00497	0.00497	0.00000	0.00000	0.1124	0.0816	0.04734
257	0.00572	0.00572	0.00000	0.00000	0.1096	0.1114	0.04926
258	0.00541	0.00541	0.00000	0.00000	0.1121	0.1128	0.04816
259	0.00490	0.00490	0.00000	0.00000	0.1127	0.0957	0.05078
260	0.00529	0.00529	0.00000	0.00000	0.1099	0.1147	0.04668
261	0.00494	0.00494	0.00000	0.00000	0.1109	0.1318	0.05099
262	0.00535	0.00535	0.00000	0.00000	0.1129	0.1020	0.04903
263	0.00482	0.00482	0.00000	0.00000	0.1105	0.1436	0.04918
264	0.00575	0.00575	0.00000	0.00000	0.1128	0.0981	0.04696
265	0.00519	0.00519	0.00000	0.00000	0.1111	0.0934	0.04895
266	0.00486	0.00486	0.00000	0.00000	0.1106	0.1199	0.05063
267	0.00518	0.00518	0.00000	0.00000	0.1120	0.1050	0.04793
268	0.00513	0.00513	0.00000	0.00000	0.1119	0.1054	0.04795
269	0.00599	0.00599	0.00000	0.00000	0.1103	0.1099	0.04686
270	0.00525	0.00525	0.00000	0.00000	0.1122	0.0991	0.04807
271	0.00535	0.00535	0.00000	0.00000	0.1113	0.1131	0.05003
272	0.00579	0.00579	0.00000	0.00000	0.1124	0.0769	0.04931
273	0.00574	0.00574	0.00000	0.00000	0.1093	0.1079	0.04626
274	0.00525	0.00525	0.00000	0.00000	0.1120	0.0987	0.04735
275	0.00492	0.00492	0.00000	0.00000	0.1120	0.1044	0.04900
276	0.00522	0.00522	0.00000	0.00000	0.1112	0.1097	0.04916
277	0.00595	0.00595	0.00000	0.00000	0.1130	0.0572	0.04971
278	0.00600	0.00600	0.00000	0.00000	0.1101	0.0910	0.04678
279	0.00512	0.00512	0.00000	0.00000	0.1124	0.1193	0.04703
280	0.00498	0.00498	0.00000	0.00000	0.1121	0.0889	0.04775
281	0.00470	0.00470	0.00000	0.00000	0.1108	0.1186	0.04908
282	0.00458	0.00458	0.00000	0.00000	0.1116	0.1086	0.04686
283	0.00471	0.00471	0.00000	0.00000	0.1116	0.1049	0.04637
284	0.00452	0.00452	0.00000	0.00000	0.1110	0.1099	0.04803
285	0.00463	0.00463	0.00000	0.00000	0.1102	0.1297	0.04982
286	0.00473	0.00473	0.00000	0.00000	0.1124	0.1121	0.04864
287	0.00433	0.00433	0.00000	0.00000	0.1109	0.1123	0.04891
288	0.00448	0.00448	0.00000	0.00000	0.1118	0.1092	0.04800
289	0.00458	0.00458	0.00000	0.00000	0.1118	0.0957	0.04899
290	0.00469	0.00469	0.00000	0.00000	0.1111	0.1318	0.04997
291	0.00496	0.00496	0.00000	0.00000	0.1128	0.1095	0.04679
292	0.00529	0.00529	0.00000	0.00000	0.1106	0.1017	0.04695
293	0.00467	0.00467	0.00000	0.00000	0.1125	0.0991	0.04786
294	0.00474	0.00474	0.00000	0.00000	0.1102	0.1286	0.04920
295	0.00499	0.00499	0.00000	0.00000	0.1130	0.1005	0.04650
296	0.00500	0.00500	0.00000	0.00000	0.1109	0.1022	0.04979
297	0.00483	0.00483	0.00000	0.00000	0.1099	0.0994	0.04776
298	0.00443	0.00443	0.00000	0.00000	0.1119	0.1134	0.04893
299	0.00443	0.00443	0.00000	0.00000	0.1123	0.1027	0.04860
