# {"dataset": "bdd100k", "cache": "/home/hslee/context-anydepth-det/anydepth-yolov12/method02_advantage_regress_tinyConv/outputs/bdd100k/cache_train.pt", "val_cache": "/home/hslee/context-anydepth-det/anydepth-yolov12/method02_advantage_regress_tinyConv/outputs/bdd100k/cache_val.pt", "flops": "/home/hslee/context-anydepth-det/anydepth-yolov12/method02_advantage_regress_tinyConv/outputs/bdd100k/flops_table.json", "epochs": 150, "batch": 256, "lr": 0.001, "lambda_flops": 1.0, "lambda_uni": 0.1, "hidden": 64, "group_dim": 64, "path_dim": 8, "feat": "input", "norm": "batch", "dropout": 0.0, "weight_decay": 0.0, "select": "val_corr", "mode": "regress", "regress_loss": "mse", "margin": 0.0, "prev_p": 0.5, "seed": 0, "device": "cuda:0", "out": "method02_advantage_regress_tinyConv/outputs/bdd100k/sweep_capacity/base_gd64_h64.pt", "logdir": "method02_advantage_regress_tinyConv/outputs/bdd100k/sweep_capacity/logs", "tag": "base_gd64_h64", "keep_layers": ""}
epoch	total	l_acc	l_flops	l_uni	p_super	val_p_super	val_l_acc
0	0.05493	0.05493	0.00000	0.00000	0.0570	0.0554	0.01354
1	0.05443	0.05443	0.00000	0.00000	0.0574	0.0523	0.01359
2	0.05424	0.05424	0.00000	0.00000	0.0572	0.0573	0.01365
3	0.05407	0.05407	0.00000	0.00000	0.0573	0.0418	0.01362
4	0.05369	0.05369	0.00000	0.00000	0.0571	0.0527	0.01366
5	0.05350	0.05350	0.00000	0.00000	0.0574	0.0513	0.01391
6	0.05307	0.05307	0.00000	0.00000	0.0574	0.0473	0.01399
7	0.05261	0.05261	0.00000	0.00000	0.0576	0.0268	0.01486
8	0.05123	0.05123	0.00000	0.00000	0.0573	0.0331	0.01891
9	0.04882	0.04882	0.00000	0.00000	0.0569	0.0231	0.01470
10	0.04272	0.04272	0.00000	0.00000	0.0571	0.0175	0.03498
11	0.03450	0.03450	0.00000	0.00000	0.0571	-0.0894	0.22265
12	0.02933	0.02933	0.00000	0.00000	0.0572	-0.0812	0.19473
13	0.02716	0.02716	0.00000	0.00000	0.0572	-0.0465	0.17161
14	0.02649	0.02649	0.00000	0.00000	0.0574	-0.0099	0.09098
15	0.02682	0.02682	0.00000	0.00000	0.0571	-0.0464	0.20667
16	0.02651	0.02651	0.00000	0.00000	0.0573	-0.0872	0.23115
17	0.02550	0.02550	0.00000	0.00000	0.0572	-0.0489	0.18067
18	0.02421	0.02421	0.00000	0.00000	0.0572	-0.1140	0.34983
19	0.02391	0.02391	0.00000	0.00000	0.0573	-0.0414	0.17045
20	0.02387	0.02387	0.00000	0.00000	0.0575	-0.0270	0.14235
21	0.02396	0.02396	0.00000	0.00000	0.0571	-0.0838	0.26474
22	0.02299	0.02299	0.00000	0.00000	0.0579	-0.0347	0.13089
23	0.02360	0.02360	0.00000	0.00000	0.0571	-0.0302	0.15338
24	0.02306	0.02306	0.00000	0.00000	0.0571	-0.0431	0.21630
25	0.02322	0.02322	0.00000	0.00000	0.0573	-0.0510	0.18473
26	0.02322	0.02322	0.00000	0.00000	0.0574	-0.0020	0.10614
27	0.02330	0.02330	0.00000	0.00000	0.0577	-0.0014	0.10745
28	0.02260	0.02260	0.00000	0.00000	0.0569	-0.0308	0.17582
29	0.02242	0.02242	0.00000	0.00000	0.0574	-0.0620	0.22037
30	0.02238	0.02238	0.00000	0.00000	0.0570	-0.0084	0.13590
31	0.02271	0.02271	0.00000	0.00000	0.0573	-0.0137	0.18615
32	0.02256	0.02256	0.00000	0.00000	0.0573	-0.0059	0.15877
33	0.02254	0.02254	0.00000	0.00000	0.0574	-0.0182	0.22248
34	0.02276	0.02276	0.00000	0.00000	0.0572	0.0028	0.11224
35	0.02213	0.02213	0.00000	0.00000	0.0572	-0.0293	0.21233
36	0.02121	0.02121	0.00000	0.00000	0.0573	-0.0290	0.18053
37	0.02108	0.02108	0.00000	0.00000	0.0575	-0.0024	0.12996
38	0.02128	0.02128	0.00000	0.00000	0.0574	-0.0049	0.15342
39	0.02099	0.02099	0.00000	0.00000	0.0573	0.0268	0.08373
40	0.02107	0.02107	0.00000	0.00000	0.0572	0.0050	0.14611
41	0.02132	0.02132	0.00000	0.00000	0.0576	0.0484	0.08637
42	0.02134	0.02134	0.00000	0.00000	0.0573	0.0052	0.09468
43	0.02103	0.02103	0.00000	0.00000	0.0572	-0.0632	0.28283
44	0.02065	0.02065	0.00000	0.00000	0.0573	-0.0989	0.35879
45	0.02033	0.02033	0.00000	0.00000	0.0572	-0.0027	0.23393
46	0.01971	0.01971	0.00000	0.00000	0.0575	0.0026	0.17531
47	0.01982	0.01982	0.00000	0.00000	0.0573	-0.0233	0.25488
48	0.01989	0.01989	0.00000	0.00000	0.0574	0.0362	0.15135
49	0.01997	0.01997	0.00000	0.00000	0.0569	0.0166	0.24425
50	0.01993	0.01993	0.00000	0.00000	0.0575	-0.0666	0.27271
51	0.01980	0.01980	0.00000	0.00000	0.0572	0.0564	0.10761
52	0.01976	0.01976	0.00000	0.00000	0.0575	-0.0381	0.27887
53	0.01999	0.01999	0.00000	0.00000	0.0571	-0.0646	0.33096
54	0.01975	0.01975	0.00000	0.00000	0.0576	-0.0597	0.36482
55	0.02008	0.02008	0.00000	0.00000	0.0572	0.0206	0.17432
56	0.01936	0.01936	0.00000	0.00000	0.0572	-0.0157	0.23446
57	0.01888	0.01888	0.00000	0.00000	0.0577	-0.0391	0.26205
58	0.01887	0.01887	0.00000	0.00000	0.0570	0.0054	0.20867
59	0.01877	0.01877	0.00000	0.00000	0.0575	-0.0051	0.31096
60	0.01868	0.01868	0.00000	0.00000	0.0572	0.0299	0.16319
61	0.01911	0.01911	0.00000	0.00000	0.0570	-0.0752	0.37327
62	0.02014	0.02014	0.00000	0.00000	0.0574	-0.0108	0.33399
63	0.01966	0.01966	0.00000	0.00000	0.0573	-0.0398	0.31157
64	0.01865	0.01865	0.00000	0.00000	0.0575	-0.0402	0.26297
65	0.01849	0.01849	0.00000	0.00000	0.0573	0.0179	0.26306
66	0.01856	0.01856	0.00000	0.00000	0.0574	-0.0151	0.23846
67	0.01882	0.01882	0.00000	0.00000	0.0572	-0.0986	0.46360
68	0.01848	0.01848	0.00000	0.00000	0.0572	0.0797	0.23821
69	0.01833	0.01833	0.00000	0.00000	0.0575	0.0187	0.28314
70	0.01837	0.01837	0.00000	0.00000	0.0574	-0.0439	0.38410
71	0.01857	0.01857	0.00000	0.00000	0.0573	0.0376	0.28439
72	0.01845	0.01845	0.00000	0.00000	0.0573	-0.0486	0.38766
73	0.01883	0.01883	0.00000	0.00000	0.0574	-0.0232	0.33269
74	0.01852	0.01852	0.00000	0.00000	0.0573	0.0093	0.27887
75	0.01820	0.01820	0.00000	0.00000	0.0572	-0.0025	0.31335
76	0.01796	0.01796	0.00000	0.00000	0.0574	0.0079	0.26530
77	0.01817	0.01817	0.00000	0.00000	0.0574	0.0107	0.26598
78	0.01812	0.01812	0.00000	0.00000	0.0573	-0.0071	0.33770
79	0.01791	0.01791	0.00000	0.00000	0.0573	-0.0346	0.34620
80	0.01802	0.01802	0.00000	0.00000	0.0574	-0.0297	0.30236
81	0.01815	0.01815	0.00000	0.00000	0.0574	0.0319	0.23768
82	0.01821	0.01821	0.00000	0.00000	0.0573	0.0237	0.31772
83	0.01798	0.01798	0.00000	0.00000	0.0573	-0.0697	0.49423
84	0.01801	0.01801	0.00000	0.00000	0.0572	0.0319	0.20911
85	0.01808	0.01808	0.00000	0.00000	0.0575	0.0332	0.19487
86	0.01809	0.01809	0.00000	0.00000	0.0573	0.0172	0.22170
87	0.01828	0.01828	0.00000	0.00000	0.0574	-0.0004	0.27712
88	0.01765	0.01765	0.00000	0.00000	0.0572	-0.0607	0.43839
89	0.01758	0.01758	0.00000	0.00000	0.0576	-0.0195	0.33017
90	0.01741	0.01741	0.00000	0.00000	0.0571	0.0564	0.25999
91	0.01712	0.01712	0.00000	0.00000	0.0573	0.0735	0.27237
92	0.01721	0.01721	0.00000	0.00000	0.0574	-0.0149	0.40407
93	0.01698	0.01698	0.00000	0.00000	0.0573	0.0707	0.31430
94	0.01710	0.01710	0.00000	0.00000	0.0573	0.0895	0.37545
95	0.01687	0.01687	0.00000	0.00000	0.0573	0.0412	0.23913
96	0.01704	0.01704	0.00000	0.00000	0.0573	0.0756	0.33543
97	0.01696	0.01696	0.00000	0.00000	0.0575	0.0854	0.28209
98	0.01679	0.01679	0.00000	0.00000	0.0572	0.0164	0.28875
99	0.01685	0.01685	0.00000	0.00000	0.0572	0.0882	0.24661
100	0.01671	0.01671	0.00000	0.00000	0.0575	0.0071	0.39257
101	0.01678	0.01678	0.00000	0.00000	0.0572	-0.0885	0.54532
102	0.01654	0.01654	0.00000	0.00000	0.0575	0.0414	0.27785
103	0.01647	0.01647	0.00000	0.00000	0.0572	-0.0454	0.39267
104	0.01646	0.01646	0.00000	0.00000	0.0574	-0.0469	0.39201
105	0.01629	0.01629	0.00000	0.00000	0.0574	0.0149	0.41024
106	0.01635	0.01635	0.00000	0.00000	0.0572	-0.0777	0.53094
107	0.01652	0.01652	0.00000	0.00000	0.0574	-0.0276	0.39266
108	0.01648	0.01648	0.00000	0.00000	0.0573	-0.0328	0.40237
109	0.01619	0.01619	0.00000	0.00000	0.0572	-0.0178	0.38887
110	0.01609	0.01609	0.00000	0.00000	0.0576	-0.0629	0.39736
111	0.01596	0.01596	0.00000	0.00000	0.0571	0.0039	0.36592
112	0.01590	0.01590	0.00000	0.00000	0.0575	0.0553	0.26348
113	0.01574	0.01574	0.00000	0.00000	0.0570	-0.0456	0.41323
114	0.01578	0.01578	0.00000	0.00000	0.0576	0.0143	0.27188
115	0.01612	0.01612	0.00000	0.00000	0.0573	-0.0555	0.43705
116	0.01613	0.01613	0.00000	0.00000	0.0573	0.0174	0.30379
117	0.01613	0.01613	0.00000	0.00000	0.0573	0.0060	0.41736
118	0.01611	0.01611	0.00000	0.00000	0.0572	-0.0405	0.45978
119	0.01576	0.01576	0.00000	0.00000	0.0573	-0.0490	0.54680
120	0.01576	0.01576	0.00000	0.00000	0.0576	0.0076	0.33071
121	0.01606	0.01606	0.00000	0.00000	0.0572	-0.1120	0.54851
122	0.01585	0.01585	0.00000	0.00000	0.0572	-0.0249	0.32081
123	0.01545	0.01545	0.00000	0.00000	0.0575	-0.0000	0.39176
124	0.01546	0.01546	0.00000	0.00000	0.0574	-0.0145	0.40605
125	0.01575	0.01575	0.00000	0.00000	0.0572	0.0337	0.33297
126	0.01556	0.01556	0.00000	0.00000	0.0574	0.0297	0.32997
127	0.01558	0.01558	0.00000	0.00000	0.0574	0.0289	0.34874
128	0.01557	0.01557	0.00000	0.00000	0.0573	-0.0522	0.42484
129	0.01556	0.01556	0.00000	0.00000	0.0572	0.0822	0.32830
130	0.01573	0.01573	0.00000	0.00000	0.0573	-0.0612	0.46015
131	0.01564	0.01564	0.00000	0.00000	0.0575	0.0801	0.29008
132	0.01602	0.01602	0.00000	0.00000	0.0575	0.0536	0.32302
133	0.01559	0.01559	0.00000	0.00000	0.0573	-0.0035	0.45072
134	0.01534	0.01534	0.00000	0.00000	0.0572	-0.0086	0.39732
135	0.01530	0.01530	0.00000	0.00000	0.0574	-0.0208	0.45447
136	0.01544	0.01544	0.00000	0.00000	0.0574	0.0147	0.38263
137	0.01525	0.01525	0.00000	0.00000	0.0572	0.0370	0.29742
138	0.01531	0.01531	0.00000	0.00000	0.0575	-0.0041	0.31976
139	0.01512	0.01512	0.00000	0.00000	0.0573	0.0056	0.43331
140	0.01508	0.01508	0.00000	0.00000	0.0571	0.0759	0.34863
141	0.01522	0.01522	0.00000	0.00000	0.0572	0.0378	0.34694
142	0.01533	0.01533	0.00000	0.00000	0.0575	0.0597	0.29435
143	0.01510	0.01510	0.00000	0.00000	0.0573	0.0559	0.32134
144	0.01480	0.01480	0.00000	0.00000	0.0572	0.0493	0.31209
145	0.01486	0.01486	0.00000	0.00000	0.0574	0.0783	0.29331
146	0.01478	0.01478	0.00000	0.00000	0.0572	0.0671	0.30478
147	0.01483	0.01483	0.00000	0.00000	0.0576	0.0369	0.31505
148	0.01487	0.01487	0.00000	0.00000	0.0572	0.0754	0.31082
149	0.01469	0.01469	0.00000	0.00000	0.0571	0.0706	0.28981
