# {"dataset": "bdd100k", "cache": "/home/hslee/context-anydepth-det/anydepth-yolov12/method02_advantage_regress_tinyConv/outputs/bdd100k/cache_train.pt", "val_cache": "/home/hslee/context-anydepth-det/anydepth-yolov12/method02_advantage_regress_tinyConv/outputs/bdd100k/cache_val.pt", "flops": "/home/hslee/context-anydepth-det/anydepth-yolov12/method02_advantage_regress_tinyConv/outputs/bdd100k/flops_table.json", "epochs": 150, "batch": 256, "lr": 0.001, "lambda_flops": 1.0, "lambda_uni": 0.1, "hidden": 512, "group_dim": 256, "path_dim": 8, "feat": "input", "norm": "batch", "dropout": 0.0, "weight_decay": 0.0, "select": "val_corr", "mode": "regress", "regress_loss": "mse", "margin": 0.0, "prev_p": 0.5, "seed": 0, "device": "cuda:0", "out": "method02_advantage_regress_tinyConv/outputs/bdd100k/sweep_capacity/gd256_h512.pt", "logdir": "method02_advantage_regress_tinyConv/outputs/bdd100k/sweep_capacity/logs", "tag": "gd256_h512", "keep_layers": ""}
epoch	total	l_acc	l_flops	l_uni	p_super	val_p_super	val_l_acc
0	0.05500	0.05500	0.00000	0.00000	0.0569	0.0557	0.01358
1	0.05450	0.05450	0.00000	0.00000	0.0571	0.0602	0.01351
2	0.05419	0.05419	0.00000	0.00000	0.0574	0.0412	0.01354
3	0.05393	0.05393	0.00000	0.00000	0.0568	0.0448	0.01359
4	0.05359	0.05359	0.00000	0.00000	0.0576	0.0319	0.01437
5	0.05309	0.05309	0.00000	0.00000	0.0575	0.0604	0.01459
6	0.05191	0.05191	0.00000	0.00000	0.0575	0.0166	0.01994
7	0.04882	0.04882	0.00000	0.00000	0.0572	-0.0537	0.13389
8	0.04009	0.04009	0.00000	0.00000	0.0572	-0.0147	0.10908
9	0.03371	0.03371	0.00000	0.00000	0.0572	-0.0553	0.21572
10	0.03242	0.03242	0.00000	0.00000	0.0573	-0.0578	0.18461
11	0.03130	0.03130	0.00000	0.00000	0.0570	-0.0834	0.34701
12	0.02961	0.02961	0.00000	0.00000	0.0573	-0.0723	0.23668
13	0.02922	0.02922	0.00000	0.00000	0.0577	-0.1095	0.32422
14	0.02929	0.02929	0.00000	0.00000	0.0570	-0.1451	0.39124
15	0.02873	0.02873	0.00000	0.00000	0.0575	-0.1055	0.30979
16	0.02791	0.02791	0.00000	0.00000	0.0569	-0.1947	0.52309
17	0.02544	0.02544	0.00000	0.00000	0.0574	-0.3596	1.03167
18	0.02468	0.02468	0.00000	0.00000	0.0574	-0.3657	0.92661
19	0.02427	0.02427	0.00000	0.00000	0.0571	-0.3996	1.03967
20	0.02382	0.02382	0.00000	0.00000	0.0576	-0.1694	0.36321
21	0.02403	0.02403	0.00000	0.00000	0.0571	-0.0923	0.28987
22	0.02272	0.02272	0.00000	0.00000	0.0570	-0.1773	0.44242
23	0.02170	0.02170	0.00000	0.00000	0.0573	-0.2292	0.56741
24	0.02080	0.02080	0.00000	0.00000	0.0576	-0.0916	0.23371
25	0.02077	0.02077	0.00000	0.00000	0.0572	-0.2127	0.39187
26	0.01986	0.01986	0.00000	0.00000	0.0571	-0.0201	0.10926
27	0.01836	0.01836	0.00000	0.00000	0.0576	-0.1035	0.22364
28	0.01674	0.01674	0.00000	0.00000	0.0570	-0.1326	0.35371
29	0.01605	0.01605	0.00000	0.00000	0.0573	-0.3404	0.67845
30	0.01603	0.01603	0.00000	0.00000	0.0575	-0.3112	0.63127
31	0.01626	0.01626	0.00000	0.00000	0.0574	-0.3995	0.89965
32	0.01511	0.01511	0.00000	0.00000	0.0572	-0.4608	0.93988
33	0.01455	0.01455	0.00000	0.00000	0.0571	-0.1934	0.39535
34	0.01477	0.01477	0.00000	0.00000	0.0574	-0.3544	0.68006
35	0.01404	0.01404	0.00000	0.00000	0.0575	-0.3857	0.78724
36	0.01395	0.01395	0.00000	0.00000	0.0569	-0.2924	0.60294
37	0.01388	0.01388	0.00000	0.00000	0.0572	-0.2161	0.49451
38	0.01310	0.01310	0.00000	0.00000	0.0573	-0.1731	0.51480
39	0.01329	0.01329	0.00000	0.00000	0.0573	-0.2789	0.63008
40	0.01295	0.01295	0.00000	0.00000	0.0572	-0.4310	1.01474
41	0.01284	0.01284	0.00000	0.00000	0.0574	-0.4063	1.04487
42	0.01258	0.01258	0.00000	0.00000	0.0572	-0.1997	0.41595
43	0.01180	0.01180	0.00000	0.00000	0.0574	-0.3273	0.70817
44	0.01169	0.01169	0.00000	0.00000	0.0572	-0.3250	0.67782
45	0.01172	0.01172	0.00000	0.00000	0.0574	-0.4163	0.89061
46	0.01180	0.01180	0.00000	0.00000	0.0571	-0.1406	0.48105
47	0.01239	0.01239	0.00000	0.00000	0.0574	-0.2319	0.62467
48	0.01227	0.01227	0.00000	0.00000	0.0574	-0.0438	0.37115
49	0.01158	0.01158	0.00000	0.00000	0.0573	-0.1395	0.41819
50	0.01138	0.01138	0.00000	0.00000	0.0574	-0.0786	0.37824
51	0.01132	0.01132	0.00000	0.00000	0.0573	-0.2009	0.58726
52	0.01090	0.01090	0.00000	0.00000	0.0572	-0.0562	0.34770
53	0.01103	0.01103	0.00000	0.00000	0.0575	-0.1346	0.41159
54	0.01103	0.01103	0.00000	0.00000	0.0573	-0.0550	0.35567
55	0.01105	0.01105	0.00000	0.00000	0.0574	-0.1498	0.54854
56	0.01068	0.01068	0.00000	0.00000	0.0573	-0.0233	0.36165
57	0.01107	0.01107	0.00000	0.00000	0.0574	-0.1261	0.59403
58	0.01045	0.01045	0.00000	0.00000	0.0573	-0.2395	0.89286
59	0.00986	0.00986	0.00000	0.00000	0.0573	-0.1301	0.57858
60	0.00992	0.00992	0.00000	0.00000	0.0573	-0.2913	0.77240
61	0.00969	0.00969	0.00000	0.00000	0.0574	-0.1029	0.47734
62	0.00971	0.00971	0.00000	0.00000	0.0573	-0.1579	0.59307
63	0.01023	0.01023	0.00000	0.00000	0.0574	-0.2039	0.72144
64	0.01006	0.01006	0.00000	0.00000	0.0573	-0.0361	0.33916
65	0.00995	0.00995	0.00000	0.00000	0.0573	-0.2488	0.67623
66	0.00993	0.00993	0.00000	0.00000	0.0575	-0.2223	0.66723
67	0.00983	0.00983	0.00000	0.00000	0.0573	-0.1086	0.47251
68	0.00956	0.00956	0.00000	0.00000	0.0573	-0.2308	0.83557
69	0.00971	0.00971	0.00000	0.00000	0.0572	-0.2637	0.91267
70	0.00972	0.00972	0.00000	0.00000	0.0575	-0.0734	0.44007
71	0.00879	0.00879	0.00000	0.00000	0.0573	-0.2392	0.69714
72	0.00836	0.00836	0.00000	0.00000	0.0573	-0.1789	0.59214
73	0.00830	0.00830	0.00000	0.00000	0.0573	-0.1057	0.49785
74	0.00835	0.00835	0.00000	0.00000	0.0573	-0.2470	0.83962
75	0.00802	0.00802	0.00000	0.00000	0.0574	-0.0998	0.48201
76	0.00829	0.00829	0.00000	0.00000	0.0572	-0.0326	0.44780
77	0.00878	0.00878	0.00000	0.00000	0.0573	-0.2599	0.80883
78	0.00891	0.00891	0.00000	0.00000	0.0575	-0.0587	0.60863
79	0.00874	0.00874	0.00000	0.00000	0.0573	-0.1509	0.67371
80	0.00826	0.00826	0.00000	0.00000	0.0572	-0.1177	0.60600
81	0.00807	0.00807	0.00000	0.00000	0.0575	-0.3345	0.95551
82	0.00794	0.00794	0.00000	0.00000	0.0572	-0.1749	0.75215
83	0.00793	0.00793	0.00000	0.00000	0.0574	-0.2609	0.86362
84	0.00765	0.00765	0.00000	0.00000	0.0573	-0.1298	0.65988
85	0.00754	0.00754	0.00000	0.00000	0.0574	-0.1207	0.65208
86	0.00805	0.00805	0.00000	0.00000	0.0572	0.0072	0.46656
87	0.00799	0.00799	0.00000	0.00000	0.0573	-0.2349	0.86559
88	0.00746	0.00746	0.00000	0.00000	0.0574	-0.2034	0.76084
89	0.00748	0.00748	0.00000	0.00000	0.0573	-0.0348	0.44056
90	0.00717	0.00717	0.00000	0.00000	0.0574	-0.1127	0.63518
91	0.00756	0.00756	0.00000	0.00000	0.0573	-0.1344	0.65669
92	0.00734	0.00734	0.00000	0.00000	0.0574	-0.1373	0.67557
93	0.00746	0.00746	0.00000	0.00000	0.0574	-0.1267	0.58791
94	0.00714	0.00714	0.00000	0.00000	0.0572	-0.0578	0.52082
95	0.00710	0.00710	0.00000	0.00000	0.0573	-0.0460	0.52024
96	0.00704	0.00704	0.00000	0.00000	0.0573	-0.0888	0.48830
97	0.00694	0.00694	0.00000	0.00000	0.0573	-0.0467	0.50773
98	0.00704	0.00704	0.00000	0.00000	0.0573	-0.1286	0.67514
99	0.00705	0.00705	0.00000	0.00000	0.0572	0.0921	0.39937
100	0.00719	0.00719	0.00000	0.00000	0.0574	-0.0683	0.55346
101	0.00682	0.00682	0.00000	0.00000	0.0573	-0.1107	0.61750
102	0.00690	0.00690	0.00000	0.00000	0.0574	0.0247	0.36810
103	0.00672	0.00672	0.00000	0.00000	0.0572	0.0262	0.39182
104	0.00686	0.00686	0.00000	0.00000	0.0573	-0.1137	0.66207
105	0.00685	0.00685	0.00000	0.00000	0.0573	0.0311	0.49035
106	0.00668	0.00668	0.00000	0.00000	0.0574	-0.0736	0.53516
107	0.00643	0.00643	0.00000	0.00000	0.0572	-0.1630	0.71274
108	0.00640	0.00640	0.00000	0.00000	0.0573	-0.1234	0.64009
109	0.00619	0.00619	0.00000	0.00000	0.0573	-0.0478	0.50505
110	0.00623	0.00623	0.00000	0.00000	0.0574	-0.0672	0.49533
111	0.00654	0.00654	0.00000	0.00000	0.0574	-0.0687	0.50808
112	0.00659	0.00659	0.00000	0.00000	0.0573	-0.0770	0.57392
113	0.00683	0.00683	0.00000	0.00000	0.0571	-0.0271	0.49477
114	0.00636	0.00636	0.00000	0.00000	0.0574	0.0802	0.35474
115	0.00659	0.00659	0.00000	0.00000	0.0573	-0.0625	0.51486
116	0.00627	0.00627	0.00000	0.00000	0.0573	-0.1821	0.76726
117	0.00614	0.00614	0.00000	0.00000	0.0574	-0.1137	0.62915
118	0.00569	0.00569	0.00000	0.00000	0.0572	0.0180	0.40215
119	0.00566	0.00566	0.00000	0.00000	0.0574	0.0513	0.47950
120	0.00575	0.00575	0.00000	0.00000	0.0574	-0.0208	0.48176
121	0.00601	0.00601	0.00000	0.00000	0.0573	-0.0216	0.52874
122	0.00594	0.00594	0.00000	0.00000	0.0574	0.0438	0.35011
123	0.00644	0.00644	0.00000	0.00000	0.0572	-0.0769	0.64733
124	0.00651	0.00651	0.00000	0.00000	0.0573	-0.0252	0.56921
125	0.00609	0.00609	0.00000	0.00000	0.0573	0.0089	0.49753
126	0.00580	0.00580	0.00000	0.00000	0.0574	-0.0723	0.58513
127	0.00565	0.00565	0.00000	0.00000	0.0572	-0.0143	0.51097
128	0.00552	0.00552	0.00000	0.00000	0.0575	-0.0601	0.54662
129	0.00569	0.00569	0.00000	0.00000	0.0572	-0.1161	0.63317
130	0.00599	0.00599	0.00000	0.00000	0.0574	0.0157	0.43254
131	0.00579	0.00579	0.00000	0.00000	0.0574	-0.0805	0.52760
132	0.00549	0.00549	0.00000	0.00000	0.0572	-0.0925	0.59242
133	0.00552	0.00552	0.00000	0.00000	0.0573	-0.0416	0.50604
134	0.00564	0.00564	0.00000	0.00000	0.0573	-0.0788	0.63172
135	0.00551	0.00551	0.00000	0.00000	0.0574	-0.1089	0.61752
136	0.00564	0.00564	0.00000	0.00000	0.0573	-0.0375	0.57574
137	0.00558	0.00558	0.00000	0.00000	0.0572	-0.1253	0.58800
138	0.00545	0.00545	0.00000	0.00000	0.0574	-0.0395	0.49412
139	0.00529	0.00529	0.00000	0.00000	0.0573	-0.0100	0.38012
140	0.00514	0.00514	0.00000	0.00000	0.0574	-0.0325	0.48050
141	0.00515	0.00515	0.00000	0.00000	0.0574	-0.0100	0.42793
142	0.00538	0.00538	0.00000	0.00000	0.0572	-0.1090	0.62567
143	0.00524	0.00524	0.00000	0.00000	0.0574	-0.0860	0.48096
144	0.00543	0.00543	0.00000	0.00000	0.0573	-0.0706	0.50826
145	0.00516	0.00516	0.00000	0.00000	0.0573	-0.0815	0.53327
146	0.00505	0.00505	0.00000	0.00000	0.0574	-0.1643	0.62002
147	0.00484	0.00484	0.00000	0.00000	0.0572	-0.1088	0.61784
148	0.00486	0.00486	0.00000	0.00000	0.0574	-0.0279	0.45225
149	0.00492	0.00492	0.00000	0.00000	0.0573	-0.1200	0.58850
