# {"dataset": "bdd100k", "cache": "/home/hslee/context-anydepth-det/anydepth-yolov12/method02_advantage_regress_tinyConv/outputs/bdd100k/cache_train.pt", "val_cache": "/home/hslee/context-anydepth-det/anydepth-yolov12/method02_advantage_regress_tinyConv/outputs/bdd100k/cache_val.pt", "flops": "/home/hslee/context-anydepth-det/anydepth-yolov12/method02_advantage_regress_tinyConv/outputs/bdd100k/flops_table.json", "epochs": 150, "batch": 256, "lr": 0.001, "lambda_flops": 1.0, "lambda_uni": 0.1, "hidden": 256, "group_dim": 128, "path_dim": 16, "feat": "input", "norm": "batch", "dropout": 0.0, "weight_decay": 0.0, "select": "val_corr", "mode": "regress", "regress_loss": "mse", "margin": 0.0, "prev_p": 0.5, "seed": 0, "device": "cuda:0", "out": "method02_advantage_regress_tinyConv/outputs/bdd100k/sweep_capacity/gd128_h256_path16.pt", "logdir": "method02_advantage_regress_tinyConv/outputs/bdd100k/sweep_capacity/logs", "tag": "gd128_h256_path16", "keep_layers": ""}
epoch	total	l_acc	l_flops	l_uni	p_super	val_p_super	val_l_acc
0	0.05512	0.05512	0.00000	0.00000	0.0575	0.0430	0.01361
1	0.05460	0.05460	0.00000	0.00000	0.0571	0.0605	0.01371
2	0.05442	0.05442	0.00000	0.00000	0.0573	0.0573	0.01348
3	0.05408	0.05408	0.00000	0.00000	0.0574	0.0523	0.01381
4	0.05383	0.05383	0.00000	0.00000	0.0573	0.0371	0.01397
5	0.05355	0.05355	0.00000	0.00000	0.0574	0.0569	0.01382
6	0.05289	0.05289	0.00000	0.00000	0.0576	0.0419	0.01546
7	0.05140	0.05140	0.00000	0.00000	0.0579	-0.0360	0.04501
8	0.05087	0.05087	0.00000	0.00000	0.0576	-0.0783	0.07552
9	0.04463	0.04463	0.00000	0.00000	0.0573	0.0227	0.04233
10	0.03709	0.03709	0.00000	0.00000	0.0575	-0.0288	0.10879
11	0.03498	0.03498	0.00000	0.00000	0.0572	-0.4577	1.33017
12	0.03097	0.03097	0.00000	0.00000	0.0570	-0.3111	0.76943
13	0.02822	0.02822	0.00000	0.00000	0.0573	-0.2359	0.73164
14	0.02709	0.02709	0.00000	0.00000	0.0574	-0.3547	1.00183
15	0.02721	0.02721	0.00000	0.00000	0.0571	-0.2100	0.67053
16	0.02675	0.02675	0.00000	0.00000	0.0573	-0.3009	0.72697
17	0.02612	0.02612	0.00000	0.00000	0.0575	-0.0608	0.22380
18	0.02463	0.02463	0.00000	0.00000	0.0572	-0.1987	0.55048
19	0.02358	0.02358	0.00000	0.00000	0.0571	-0.3098	0.81469
20	0.02307	0.02307	0.00000	0.00000	0.0575	-0.2170	0.62015
21	0.02345	0.02345	0.00000	0.00000	0.0569	-0.2126	0.56253
22	0.02367	0.02367	0.00000	0.00000	0.0575	-0.3263	0.83677
23	0.02230	0.02230	0.00000	0.00000	0.0573	-0.4530	1.28432
24	0.02216	0.02216	0.00000	0.00000	0.0575	-0.2977	0.85738
25	0.02158	0.02158	0.00000	0.00000	0.0570	-0.1847	0.56519
26	0.02178	0.02178	0.00000	0.00000	0.0574	-0.1967	0.63711
27	0.02122	0.02122	0.00000	0.00000	0.0571	-0.3066	0.95435
28	0.02027	0.02027	0.00000	0.00000	0.0574	-0.3664	1.04037
29	0.02045	0.02045	0.00000	0.00000	0.0573	-0.3969	1.22596
30	0.02006	0.02006	0.00000	0.00000	0.0572	-0.2510	0.73523
31	0.01987	0.01987	0.00000	0.00000	0.0576	-0.4029	1.17269
32	0.01938	0.01938	0.00000	0.00000	0.0573	-0.3414	0.95725
33	0.01906	0.01906	0.00000	0.00000	0.0573	-0.3772	1.09161
34	0.01929	0.01929	0.00000	0.00000	0.0575	-0.3297	0.89898
35	0.01900	0.01900	0.00000	0.00000	0.0574	-0.1712	0.55131
36	0.01833	0.01833	0.00000	0.00000	0.0572	-0.1758	0.57109
37	0.01798	0.01798	0.00000	0.00000	0.0573	-0.1720	0.48385
38	0.01755	0.01755	0.00000	0.00000	0.0571	-0.0881	0.41361
39	0.01697	0.01697	0.00000	0.00000	0.0571	-0.1956	0.60145
40	0.01677	0.01677	0.00000	0.00000	0.0573	-0.0586	0.31890
41	0.01691	0.01691	0.00000	0.00000	0.0576	-0.2206	0.65387
42	0.01653	0.01653	0.00000	0.00000	0.0571	-0.2275	0.64094
43	0.01639	0.01639	0.00000	0.00000	0.0575	-0.2507	0.74477
44	0.01568	0.01568	0.00000	0.00000	0.0573	-0.3652	0.94279
45	0.01518	0.01518	0.00000	0.00000	0.0574	-0.1754	0.58571
46	0.01533	0.01533	0.00000	0.00000	0.0571	-0.2220	0.71598
47	0.01549	0.01549	0.00000	0.00000	0.0576	-0.2093	0.63815
48	0.01568	0.01568	0.00000	0.00000	0.0572	-0.2282	0.64019
49	0.01565	0.01565	0.00000	0.00000	0.0572	-0.2006	0.69787
50	0.01528	0.01528	0.00000	0.00000	0.0575	-0.1842	0.54434
51	0.01492	0.01492	0.00000	0.00000	0.0574	-0.1164	0.42512
52	0.01449	0.01449	0.00000	0.00000	0.0573	-0.2710	0.84699
53	0.01449	0.01449	0.00000	0.00000	0.0574	-0.2004	0.74598
54	0.01445	0.01445	0.00000	0.00000	0.0574	-0.1761	0.72513
55	0.01437	0.01437	0.00000	0.00000	0.0573	-0.0915	0.45845
56	0.01444	0.01444	0.00000	0.00000	0.0572	-0.2093	0.77810
57	0.01392	0.01392	0.00000	0.00000	0.0577	-0.0275	0.37781
58	0.01388	0.01388	0.00000	0.00000	0.0571	-0.1964	0.81201
59	0.01338	0.01338	0.00000	0.00000	0.0574	-0.1478	0.55847
60	0.01309	0.01309	0.00000	0.00000	0.0572	-0.2628	0.73512
61	0.01305	0.01305	0.00000	0.00000	0.0573	-0.1139	0.43123
62	0.01353	0.01353	0.00000	0.00000	0.0573	-0.3119	0.93885
63	0.01403	0.01403	0.00000	0.00000	0.0575	-0.1967	0.58138
64	0.01367	0.01367	0.00000	0.00000	0.0572	-0.1779	0.63945
65	0.01334	0.01334	0.00000	0.00000	0.0574	-0.3432	1.17677
66	0.01363	0.01363	0.00000	0.00000	0.0573	-0.3906	1.14514
67	0.01301	0.01301	0.00000	0.00000	0.0572	-0.1837	0.64353
68	0.01286	0.01286	0.00000	0.00000	0.0574	-0.2524	0.77593
69	0.01236	0.01236	0.00000	0.00000	0.0575	-0.2302	0.74236
70	0.01217	0.01217	0.00000	0.00000	0.0573	-0.3318	1.05651
71	0.01222	0.01222	0.00000	0.00000	0.0573	-0.2916	0.90757
72	0.01193	0.01193	0.00000	0.00000	0.0574	-0.2541	0.74739
73	0.01239	0.01239	0.00000	0.00000	0.0571	-0.3379	1.06624
74	0.01243	0.01243	0.00000	0.00000	0.0575	-0.3079	1.15606
75	0.01204	0.01204	0.00000	0.00000	0.0573	-0.1621	0.71132
76	0.01193	0.01193	0.00000	0.00000	0.0574	-0.2818	1.00100
77	0.01209	0.01209	0.00000	0.00000	0.0572	-0.1396	0.64244
78	0.01184	0.01184	0.00000	0.00000	0.0575	-0.0928	0.51567
79	0.01174	0.01174	0.00000	0.00000	0.0574	-0.1554	0.64140
80	0.01157	0.01157	0.00000	0.00000	0.0575	-0.0661	0.45287
81	0.01161	0.01161	0.00000	0.00000	0.0573	-0.1391	0.61218
82	0.01184	0.01184	0.00000	0.00000	0.0573	-0.1129	0.63615
83	0.01204	0.01204	0.00000	0.00000	0.0574	-0.1790	0.65354
84	0.01150	0.01150	0.00000	0.00000	0.0574	-0.2008	0.78971
85	0.01122	0.01122	0.00000	0.00000	0.0572	-0.1377	0.68015
86	0.01135	0.01135	0.00000	0.00000	0.0575	-0.0554	0.51154
87	0.01168	0.01168	0.00000	0.00000	0.0572	-0.0339	0.39036
88	0.01155	0.01155	0.00000	0.00000	0.0574	-0.0379	0.39924
89	0.01116	0.01116	0.00000	0.00000	0.0572	-0.1810	0.81515
90	0.01095	0.01095	0.00000	0.00000	0.0574	-0.0459	0.51421
91	0.01090	0.01090	0.00000	0.00000	0.0573	-0.2557	0.84800
92	0.01086	0.01086	0.00000	0.00000	0.0574	-0.0053	0.40895
93	0.01097	0.01097	0.00000	0.00000	0.0573	-0.1499	0.72013
94	0.01101	0.01101	0.00000	0.00000	0.0574	-0.0945	0.58678
95	0.01102	0.01102	0.00000	0.00000	0.0573	-0.1245	0.64771
96	0.01123	0.01123	0.00000	0.00000	0.0572	-0.1187	0.68170
97	0.01117	0.01117	0.00000	0.00000	0.0574	-0.0564	0.55949
98	0.01111	0.01111	0.00000	0.00000	0.0572	-0.1268	0.61660
99	0.01090	0.01090	0.00000	0.00000	0.0574	-0.1582	0.77970
100	0.01058	0.01058	0.00000	0.00000	0.0575	-0.1047	0.55314
101	0.01050	0.01050	0.00000	0.00000	0.0573	-0.1073	0.59844
102	0.01032	0.01032	0.00000	0.00000	0.0573	-0.1562	0.70083
103	0.01033	0.01033	0.00000	0.00000	0.0574	-0.1092	0.60211
104	0.01044	0.01044	0.00000	0.00000	0.0574	-0.0546	0.59298
105	0.01052	0.01052	0.00000	0.00000	0.0572	-0.1802	0.74286
106	0.01064	0.01064	0.00000	0.00000	0.0573	-0.1774	0.81769
107	0.01098	0.01098	0.00000	0.00000	0.0572	-0.2278	0.93648
108	0.01092	0.01092	0.00000	0.00000	0.0574	0.0177	0.51914
109	0.01033	0.01033	0.00000	0.00000	0.0574	-0.2529	0.92750
110	0.01015	0.01015	0.00000	0.00000	0.0573	-0.0738	0.59221
111	0.00995	0.00995	0.00000	0.00000	0.0573	-0.1842	0.85668
112	0.00996	0.00996	0.00000	0.00000	0.0575	-0.0743	0.58774
113	0.01007	0.01007	0.00000	0.00000	0.0572	-0.0067	0.57465
114	0.01027	0.01027	0.00000	0.00000	0.0572	-0.1699	0.87047
115	0.01012	0.01012	0.00000	0.00000	0.0574	-0.1431	0.76964
116	0.01003	0.01003	0.00000	0.00000	0.0575	-0.1178	0.81260
117	0.00974	0.00974	0.00000	0.00000	0.0573	-0.1473	0.74171
118	0.00981	0.00981	0.00000	0.00000	0.0575	-0.1670	0.78698
119	0.00986	0.00986	0.00000	0.00000	0.0571	0.0073	0.52051
120	0.00989	0.00989	0.00000	0.00000	0.0573	-0.2332	0.99846
121	0.01019	0.01019	0.00000	0.00000	0.0575	-0.0084	0.61705
122	0.01000	0.01000	0.00000	0.00000	0.0572	0.0223	0.52687
123	0.00975	0.00975	0.00000	0.00000	0.0572	-0.1397	0.80372
124	0.00980	0.00980	0.00000	0.00000	0.0573	-0.0556	0.59246
125	0.00977	0.00977	0.00000	0.00000	0.0575	-0.0996	0.72736
126	0.00987	0.00987	0.00000	0.00000	0.0571	0.0241	0.52210
127	0.00997	0.00997	0.00000	0.00000	0.0574	-0.2280	1.07419
128	0.00991	0.00991	0.00000	0.00000	0.0573	-0.1265	0.81274
129	0.00945	0.00945	0.00000	0.00000	0.0573	-0.1239	0.80003
130	0.00934	0.00934	0.00000	0.00000	0.0573	-0.0370	0.79809
131	0.00931	0.00931	0.00000	0.00000	0.0574	-0.1437	0.86286
132	0.00928	0.00928	0.00000	0.00000	0.0574	-0.1009	0.72744
133	0.00926	0.00926	0.00000	0.00000	0.0573	-0.1062	0.80404
134	0.00942	0.00942	0.00000	0.00000	0.0574	-0.0619	0.76771
135	0.00952	0.00952	0.00000	0.00000	0.0572	-0.1414	0.91665
136	0.00944	0.00944	0.00000	0.00000	0.0574	-0.0958	0.88652
137	0.00939	0.00939	0.00000	0.00000	0.0574	0.0817	0.52693
138	0.00950	0.00950	0.00000	0.00000	0.0573	0.0114	0.60401
139	0.00941	0.00941	0.00000	0.00000	0.0573	0.0076	0.52699
140	0.00899	0.00899	0.00000	0.00000	0.0573	-0.0428	0.75817
141	0.00907	0.00907	0.00000	0.00000	0.0573	0.0784	0.51322
142	0.00921	0.00921	0.00000	0.00000	0.0573	0.0336	0.53624
143	0.00905	0.00905	0.00000	0.00000	0.0574	0.0307	0.53934
144	0.00898	0.00898	0.00000	0.00000	0.0572	0.1014	0.43393
145	0.00954	0.00954	0.00000	0.00000	0.0574	-0.1441	0.85501
146	0.00939	0.00939	0.00000	0.00000	0.0573	-0.0994	0.82378
147	0.00928	0.00928	0.00000	0.00000	0.0574	0.0321	0.55125
148	0.00913	0.00913	0.00000	0.00000	0.0573	-0.0331	0.61987
149	0.00882	0.00882	0.00000	0.00000	0.0574	-0.0654	0.68030
