This is pdfTeX, Version 3.141592653-2.6-1.40.22 (TeX Live 2022/dev/Debian) (preloaded format=pdflatex 2026.6.18)  18 JUN 2026 12:50
entering extended mode
 restricted \write18 enabled.
 file:line:error style messages enabled.
 %&-line parsing enabled.
**/home/hslee/context-anydepth-det/anydepth-yolov12/paper/bare_jrnl_new_sample4.tex
(/home/hslee/context-anydepth-det/anydepth-yolov12/paper/bare_jrnl_new_sample4.tex
LaTeX2e <2021-11-15> patch level 1
L3 programming layer <2022-01-21> (./IEEEtran.cls
Document Class: IEEEtran 2015/08/26 V1.8b by Michael Shell
-- See the "IEEEtran_HOWTO" manual for usage information.
-- http://www.michaelshell.org/tex/ieeetran/
\@IEEEtrantmpdimenA=\dimen138
\@IEEEtrantmpdimenB=\dimen139
\@IEEEtrantmpdimenC=\dimen140
\@IEEEtrantmpcountA=\count185
\@IEEEtrantmpcountB=\count186
\@IEEEtrantmpcountC=\count187
\@IEEEtrantmptoksA=\toks16
LaTeX Font Info:    Trying to load font information for OT1+ptm on input line 503.
(/usr/share/texlive/texmf-dist/tex/latex/psnfss/ot1ptm.fd
File: ot1ptm.fd 2001/06/04 font definitions for OT1/ptm.
)
-- Using 8.5in x 11in (letter) paper.
-- Using PDF output.
\@IEEEnormalsizeunitybaselineskip=\dimen141
-- This is a 10 point document.
\CLASSINFOnormalsizebaselineskip=\dimen142
\CLASSINFOnormalsizeunitybaselineskip=\dimen143
\IEEEnormaljot=\dimen144
LaTeX Font Info:    Font shape `OT1/ptm/bx/n' in size <5> not available
(Font)              Font shape `OT1/ptm/b/n' tried instead on input line 1086.
LaTeX Font Info:    Font shape `OT1/ptm/bx/it' in size <5> not available
(Font)              Font shape `OT1/ptm/b/it' tried instead on input line 1086.
LaTeX Font Info:    Font shape `OT1/ptm/bx/n' in size <7> not available
(Font)              Font shape `OT1/ptm/b/n' tried instead on input line 1086.
LaTeX Font Info:    Font shape `OT1/ptm/bx/it' in size <7> not available
(Font)              Font shape `OT1/ptm/b/it' tried instead on input line 1086.
LaTeX Font Info:    Font shape `OT1/ptm/bx/n' in size <8> not available
(Font)              Font shape `OT1/ptm/b/n' tried instead on input line 1086.
LaTeX Font Info:    Font shape `OT1/ptm/bx/it' in size <8> not available
(Font)              Font shape `OT1/ptm/b/it' tried instead on input line 1086.
LaTeX Font Info:    Font shape `OT1/ptm/bx/n' in size <9> not available
(Font)              Font shape `OT1/ptm/b/n' tried instead on input line 1086.
LaTeX Font Info:    Font shape `OT1/ptm/bx/it' in size <9> not available
(Font)              Font shape `OT1/ptm/b/it' tried instead on input line 1086.
LaTeX Font Info:    Font shape `OT1/ptm/bx/n' in size <10> not available
(Font)              Font shape `OT1/ptm/b/n' tried instead on input line 1086.
LaTeX Font Info:    Font shape `OT1/ptm/bx/it' in size <10> not available
(Font)              Font shape `OT1/ptm/b/it' tried instead on input line 1086.
LaTeX Font Info:    Font shape `OT1/ptm/bx/n' in size <11> not available
(Font)              Font shape `OT1/ptm/b/n' tried instead on input line 1086.
LaTeX Font Info:    Font shape `OT1/ptm/bx/it' in size <11> not available
(Font)              Font shape `OT1/ptm/b/it' tried instead on input line 1086.
LaTeX Font Info:    Font shape `OT1/ptm/bx/n' in size <12> not available
(Font)              Font shape `OT1/ptm/b/n' tried instead on input line 1086.
LaTeX Font Info:    Font shape `OT1/ptm/bx/it' in size <12> not available
(Font)              Font shape `OT1/ptm/b/it' tried instead on input line 1086.
LaTeX Font Info:    Font shape `OT1/ptm/bx/n' in size <18> not available
(Font)              Font shape `OT1/ptm/b/n' tried instead on input line 1086.
LaTeX Font Info:    Font shape `OT1/ptm/bx/it' in size <18> not available
(Font)              Font shape `OT1/ptm/b/it' tried instead on input line 1086.
\IEEEquantizedlength=\dimen145
\IEEEquantizedlengthdiff=\dimen146
\IEEEquantizedtextheightdiff=\dimen147
\IEEEilabelindentA=\dimen148
\IEEEilabelindentB=\dimen149
\IEEEilabelindent=\dimen150
\IEEEelabelindent=\dimen151
\IEEEdlabelindent=\dimen152
\IEEElabelindent=\dimen153
\IEEEiednormlabelsep=\dimen154
\IEEEiedmathlabelsep=\dimen155
\IEEEiedtopsep=\skip47
\c@section=\count188
\c@subsection=\count189
\c@subsubsection=\count190
\c@paragraph=\count191
\c@IEEEsubequation=\count192
\abovecaptionskip=\skip48
\belowcaptionskip=\skip49
\c@figure=\count193
\c@table=\count194
\@IEEEeqnnumcols=\count195
\@IEEEeqncolcnt=\count196
\@IEEEsubeqnnumrollback=\count197
\@IEEEquantizeheightA=\dimen156
\@IEEEquantizeheightB=\dimen157
\@IEEEquantizeheightC=\dimen158
\@IEEEquantizeprevdepth=\dimen159
\@IEEEquantizemultiple=\count198
\@IEEEquantizeboxA=\box50
\@IEEEtmpitemindent=\dimen160
\IEEEPARstartletwidth=\dimen161
\c@IEEEbiography=\count199
\@IEEEtranrubishbin=\box51
) (/usr/share/texlive/texmf-dist/tex/latex/amsmath/amsmath.sty
Package: amsmath 2021/10/15 v2.17l AMS math features
\@mathmargin=\skip50

For additional information on amsmath, use the `?' option.
(/usr/share/texlive/texmf-dist/tex/latex/amsmath/amstext.sty
Package: amstext 2021/08/26 v2.01 AMS text
 (/usr/share/texlive/texmf-dist/tex/latex/amsmath/amsgen.sty
File: amsgen.sty 1999/11/30 v2.0 generic functions
\@emptytoks=\toks17
\ex@=\dimen162
)) (/usr/share/texlive/texmf-dist/tex/latex/amsmath/amsbsy.sty
Package: amsbsy 1999/11/29 v1.2d Bold Symbols
\pmbraise@=\dimen163
) (/usr/share/texlive/texmf-dist/tex/latex/amsmath/amsopn.sty
Package: amsopn 2021/08/26 v2.02 operator names
)
\inf@bad=\count266
LaTeX Info: Redefining \frac on input line 234.
\uproot@=\count267
\leftroot@=\count268
LaTeX Info: Redefining \overline on input line 399.
\classnum@=\count269
\DOTSCASE@=\count270
LaTeX Info: Redefining \ldots on input line 496.
LaTeX Info: Redefining \dots on input line 499.
LaTeX Info: Redefining \cdots on input line 620.
\Mathstrutbox@=\box52
\strutbox@=\box53
\big@size=\dimen164
LaTeX Font Info:    Redeclaring font encoding OML on input line 743.
LaTeX Font Info:    Redeclaring font encoding OMS on input line 744.
\macc@depth=\count271
\c@MaxMatrixCols=\count272
\dotsspace@=\muskip16
\c@parentequation=\count273
\dspbrk@lvl=\count274
\tag@help=\toks18
\row@=\count275
\column@=\count276
\maxfields@=\count277
\andhelp@=\toks19
\eqnshift@=\dimen165
\alignsep@=\dimen166
\tagshift@=\dimen167
\tagwidth@=\dimen168
\totwidth@=\dimen169
\lineht@=\dimen170
\@envbody=\toks20
\multlinegap=\skip51
\multlinetaggap=\skip52
\mathdisplay@stack=\toks21
LaTeX Info: Redefining \[ on input line 2938.
LaTeX Info: Redefining \] on input line 2939.
) (/usr/share/texlive/texmf-dist/tex/latex/amsfonts/amsfonts.sty
Package: amsfonts 2013/01/14 v3.01 Basic AMSFonts support
\symAMSa=\mathgroup4
\symAMSb=\mathgroup5
LaTeX Font Info:    Redeclaring math symbol \hbar on input line 98.
LaTeX Font Info:    Overwriting math alphabet `\mathfrak' in version `bold'
(Font)                  U/euf/m/n --> U/euf/b/n on input line 106.
) (/usr/share/texlive/texmf-dist/tex/latex/amsfonts/amssymb.sty
Package: amssymb 2013/01/14 v3.01 AMS font symbols
) (/usr/share/texlive/texmf-dist/tex/latex/tools/array.sty
Package: array 2021/10/04 v2.5f Tabular extension package (FMi)
\col@sep=\dimen171
\ar@mcellbox=\box54
\extrarowheight=\dimen172
\NC@list=\toks22
\extratabsurround=\skip53
\backup@length=\skip54
\ar@cellbox=\box55
) (/usr/share/texlive/texmf-dist/tex/latex/base/textcomp.sty
Package: textcomp 2020/02/02 v2.0n Standard LaTeX package
) (/usr/share/texlive/texmf-dist/tex/latex/sttools/stfloats.sty
Package: stfloats 2017/03/27 v3.3 Improve float mechanism and baselineskip settings
\@dblbotnum=\count278
\c@dblbotnumber=\count279
) (/usr/share/texlive/texmf-dist/tex/latex/url/url.sty
\Urlmuskip=\muskip17
Package: url 2013/09/16  ver 3.4  Verb mode for urls, etc.
) (/usr/share/texlive/texmf-dist/tex/latex/graphics/graphicx.sty
Package: graphicx 2021/09/16 v1.2d Enhanced LaTeX Graphics (DPC,SPQR)
 (/usr/share/texlive/texmf-dist/tex/latex/graphics/keyval.sty
Package: keyval 2014/10/28 v1.15 key=value parser (DPC)
\KV@toks@=\toks23
) (/usr/share/texlive/texmf-dist/tex/latex/graphics/graphics.sty
Package: graphics 2021/03/04 v1.4d Standard LaTeX Graphics (DPC,SPQR)
 (/usr/share/texlive/texmf-dist/tex/latex/graphics/trig.sty
Package: trig 2021/08/11 v1.11 sin cos tan (DPC)
) (/usr/share/texlive/texmf-dist/tex/latex/graphics-cfg/graphics.cfg
File: graphics.cfg 2016/06/04 v1.11 sample graphics configuration
)
Package graphics Info: Driver file: pdftex.def on input line 107.
 (/usr/share/texlive/texmf-dist/tex/latex/graphics-def/pdftex.def
File: pdftex.def 2020/10/05 v1.2a Graphics/color driver for pdftex
))
\Gin@req@height=\dimen173
\Gin@req@width=\dimen174
) (/usr/share/texlive/texmf-dist/tex/latex/cite/cite.sty
LaTeX Info: Redefining \cite on input line 302.
LaTeX Info: Redefining \nocite on input line 332.
Package: cite 2015/02/27  v 5.5
) (/usr/share/texlive/texmf-dist/tex/latex/booktabs/booktabs.sty
Package: booktabs 2020/01/12 v1.61803398 Publication quality tables
\heavyrulewidth=\dimen175
\lightrulewidth=\dimen176
\cmidrulewidth=\dimen177
\belowrulesep=\dimen178
\belowbottomsep=\dimen179
\aboverulesep=\dimen180
\abovetopsep=\dimen181
\cmidrulesep=\dimen182
\cmidrulekern=\dimen183
\defaultaddspace=\dimen184
\@cmidla=\count280
\@cmidlb=\count281
\@aboverulesep=\dimen185
\@belowrulesep=\dimen186
\@thisruleclass=\count282
\@lastruleclass=\count283
\@thisrulewidth=\dimen187
) (/usr/share/texlive/texmf-dist/tex/latex/multirow/multirow.sty
Package: multirow 2021/03/15 v2.8 Span multiple rows of a table
\multirow@colwidth=\skip55
\multirow@cntb=\count284
\multirow@dima=\skip56
\bigstrutjot=\dimen188
) (/usr/share/texlive/texmf-dist/tex/latex/float/float.sty
Package: float 2001/11/08 v1.3d Float enhancements (AL)
\c@float@type=\count285
\float@exts=\toks24
\float@box=\box56
\@float@everytoks=\toks25
\@floatcapt=\box57
)
\@float@every@algorithm=\toks26
\c@algorithm=\count286
 (/usr/share/texlive/texmf-dist/tex/latex/tools/bm.sty
Package: bm 2021/04/25 v1.2e Bold Symbol Support (DPC/FMi)
\symboldoperators=\mathgroup6
\symboldletters=\mathgroup7
\symboldsymbols=\mathgroup8
Package bm Info: No bold for \OMX/cmex/m/n, using \pmb.
Package bm Info: No bold for \U/msa/m/n, using \pmb.
Package bm Info: No bold for \U/msb/m/n, using \pmb.
LaTeX Font Info:    Redeclaring math alphabet \mathbf on input line 149.
) (/usr/share/texlive/texmf-dist/tex/latex/l3backend/l3backend-pdftex.def
File: l3backend-pdftex.def 2022-01-12 L3 backend support: PDF output (pdfTeX)
\l__color_backend_stack_int=\count287
\l__pdf_internal_box=\box58
)

LaTeX Warning: Unused global option(s):
    [lettersize].

(./bare_jrnl_new_sample4.aux)
\openout1 = `bare_jrnl_new_sample4.aux'.

LaTeX Font Info:    Checking defaults for OML/cmm/m/it on input line 24.
LaTeX Font Info:    ... okay on input line 24.
LaTeX Font Info:    Checking defaults for OMS/cmsy/m/n on input line 24.
LaTeX Font Info:    ... okay on input line 24.
LaTeX Font Info:    Checking defaults for OT1/cmr/m/n on input line 24.
LaTeX Font Info:    ... okay on input line 24.
LaTeX Font Info:    Checking defaults for T1/cmr/m/n on input line 24.
LaTeX Font Info:    ... okay on input line 24.
LaTeX Font Info:    Checking defaults for TS1/cmr/m/n on input line 24.
LaTeX Font Info:    ... okay on input line 24.
LaTeX Font Info:    Checking defaults for OMX/cmex/m/n on input line 24.
LaTeX Font Info:    ... okay on input line 24.
LaTeX Font Info:    Checking defaults for U/cmr/m/n on input line 24.
LaTeX Font Info:    ... okay on input line 24.

-- Lines per column: 58 (exact).
(/usr/share/texlive/texmf-dist/tex/context/base/mkii/supp-pdf.mkii
[Loading MPS to PDF converter (version 2006.09.02).]
\scratchcounter=\count288
\scratchdimen=\dimen189
\scratchbox=\box59
\nofMPsegments=\count289
\nofMParguments=\count290
\everyMPshowfont=\toks27
\MPscratchCnt=\count291
\MPscratchDim=\dimen190
\MPnumerator=\count292
\makeMPintoPDFobject=\count293
\everyMPtoPDFconversion=\toks28
) (/usr/share/texlive/texmf-dist/tex/latex/epstopdf-pkg/epstopdf-base.sty
Package: epstopdf-base 2020-01-24 v2.11 Base part for package epstopdf
Package epstopdf-base Info: Redefining graphics rule for `.eps' on input line 485.
 (/usr/share/texlive/texmf-dist/tex/latex/latexconfig/epstopdf-sys.cfg
File: epstopdf-sys.cfg 2010/07/13 v1.3 Configuration of (r)epstopdf for TeX Live
)) (./00_abstract.tex) (./01_intro.tex
<fig_sample_routing.pdf, id=1, 501.55379pt x 185.24783pt>
File: fig_sample_routing.pdf Graphic file (type pdf)
<use fig_sample_routing.pdf>
Package pdftex.def Info: fig_sample_routing.pdf  used on input line 9.
(pdftex.def)             Requested size: 495.36346pt x 182.96909pt.
LaTeX Font Info:    Trying to load font information for U+msa on input line 19.
 (/usr/share/texlive/texmf-dist/tex/latex/amsfonts/umsa.fd
File: umsa.fd 2013/01/14 v3.01 AMS symbols A
)
LaTeX Font Info:    Trying to load font information for U+msb on input line 19.
 (/usr/share/texlive/texmf-dist/tex/latex/amsfonts/umsb.fd
File: umsb.fd 2013/01/14 v3.01 AMS symbols B
) [1{/var/lib/texmf/fonts/map/pdftex/updmap/pdftex.map}


]
Underfull \vbox (badness 1796) has occurred while \output is active []

) (./02_realted.tex
Underfull \hbox (badness 3758) in paragraph at lines 7--10
[]\OT1/ptm/m/n/10 Adaptive in-fer-ence dy-nam-i-cally al-lo-cates com-pu-ta-tion
 []


Underfull \hbox (badness 1596) in paragraph at lines 7--10
\OT1/ptm/m/n/10 based on the in-put rather than ap-ply-ing a fixed static
 []

[2 <./fig_sample_routing.pdf>]) (./03_method.tex
<fig_train.pdf, id=37, 982.44954pt x 299.29477pt>
File: fig_train.pdf Graphic file (type pdf)
<use fig_train.pdf>
Package pdftex.def Info: fig_train.pdf  used on input line 17.
(pdftex.def)             Requested size: 438.60315pt x 133.61731pt.
<fig_eval.pdf, id=38, 797.94211pt x 589.11426pt>
File: fig_eval.pdf Graphic file (type pdf)
<use fig_eval.pdf>
Package pdftex.def Info: fig_eval.pdf  used on input line 28.
(pdftex.def)             Requested size: 258.0pt x 190.47105pt.

Overfull \hbox (6.0pt too wide) in paragraph at lines 28--33
 [][] 
 []

[3]

LaTeX Warning: Reference `alg:training' on page 4 undefined on input line 118.

<fig_PI_controller.pdf, id=48, 1594.76001pt x 599.0636pt>
File: fig_PI_controller.pdf Graphic file (type pdf)
<use fig_PI_controller.pdf>
Package pdftex.def Info: fig_PI_controller.pdf  used on input line 124.
(pdftex.def)             Requested size: 490.19843pt x 184.13554pt.

Underfull \vbox (badness 4805) has occurred while \output is active []

) (./04_exp.tex [4 <./fig_train.pdf> <./fig_eval.pdf>]
Underfull \hbox (badness 3138) in paragraph at lines 10--13
\OT1/ptm/b/n/10 KITTI. \OT1/ptm/m/n/10 We train the router on the KITTI De-tec-tion
 []

<fig_main_ap5095.pdf, id=250, 340.78877pt x 247.05237pt>
File: fig_main_ap5095.pdf Graphic file (type pdf)
<use fig_main_ap5095.pdf>
Package pdftex.def Info: fig_main_ap5095.pdf  used on input line 30.
(pdftex.def)             Requested size: 165.12378pt x 119.70715pt.
<fig_main_bdd_ap5095.pdf, id=251, 340.70099pt x 247.05237pt>
File: fig_main_bdd_ap5095.pdf Graphic file (type pdf)
<use fig_main_bdd_ap5095.pdf>
Package pdftex.def Info: fig_main_bdd_ap5095.pdf  used on input line 36.
(pdftex.def)             Requested size: 165.12378pt x 119.7373pt.
<fig_main_waymo_ap5095.pdf, id=252, 520.34402pt x 375.804pt>
File: fig_main_waymo_ap5095.pdf Graphic file (type pdf)
<use fig_main_waymo_ap5095.pdf>
Package pdftex.def Info: fig_main_waymo_ap5095.pdf  used on input line 42.
(pdftex.def)             Requested size: 165.12378pt x 119.25623pt.

Overfull \hbox (6.47551pt too wide) in paragraph at lines 71--89
 [][] 
 []


Overfull \hbox (6.47551pt too wide) in paragraph at lines 94--111
 [][] 
 []


Overfull \hbox (6.47551pt too wide) in paragraph at lines 119--136
 [][] 
 []

[5 <./fig_PI_controller.pdf>]
Underfull \vbox (badness 10000) has occurred while \output is active []

<fig_calibration_kitti.pdf, id=307, 230.91269pt x 189.10838pt>
File: fig_calibration_kitti.pdf Graphic file (type pdf)
<use fig_calibration_kitti.pdf>
Package pdftex.def Info: fig_calibration_kitti.pdf  used on input line 184.
(pdftex.def)             Requested size: 216.71906pt x 177.48776pt.
<fig_calibration_bdd.pdf, id=308, 230.91269pt x 189.10838pt>
File: fig_calibration_bdd.pdf Graphic file (type pdf)
<use fig_calibration_bdd.pdf>
Package pdftex.def Info: fig_calibration_bdd.pdf  used on input line 190.
(pdftex.def)             Requested size: 216.71906pt x 177.48776pt.
<fig_advantage_dist.pdf, id=309, 269.2095pt x 194.0531pt>
File: fig_advantage_dist.pdf Graphic file (type pdf)
<use fig_advantage_dist.pdf>
Package pdftex.def Info: fig_advantage_dist.pdf  used on input line 204.
(pdftex.def)             Requested size: 226.79846pt x 163.48315pt.
 [6 <./fig_main_ap5095.pdf> <./fig_main_bdd_ap5095.pdf> <./fig_main_waymo_ap5095.pdf>]
Underfull \vbox (badness 4013) has occurred while \output is active []

 [7 <./fig_calibration_kitti.pdf> <./fig_calibration_bdd.pdf> <./fig_advantage_dist.pdf>]
<fig_scenario_budget.pdf, id=468, 512.58353pt x 414.55678pt>
File: fig_scenario_budget.pdf Graphic file (type pdf)
<use fig_scenario_budget.pdf>
Package pdftex.def Info: fig_scenario_budget.pdf  used on input line 255.
(pdftex.def)             Requested size: 438.60315pt x 354.73438pt.

Underfull \vbox (badness 10000) has occurred while \output is active []

<fig_abl_feat_ap5095.pdf, id=469, 340.70099pt x 247.05237pt>
File: fig_abl_feat_ap5095.pdf Graphic file (type pdf)
<use fig_abl_feat_ap5095.pdf>
Package pdftex.def Info: fig_abl_feat_ap5095.pdf  used on input line 292.
(pdftex.def)             Requested size: 226.79846pt x 164.46117pt.

Underfull \vbox (badness 10000) has occurred while \output is active []

 [8 <./fig_scenario_budget.pdf>]
<fig_abl_router_grid_ap5095.pdf, id=496, 249.05496pt x 191.29907pt>
File: fig_abl_router_grid_ap5095.pdf Graphic file (type pdf)
<use fig_abl_router_grid_ap5095.pdf>
Package pdftex.def Info: fig_abl_router_grid_ap5095.pdf  used on input line 316.
(pdftex.def)             Requested size: 226.79846pt x 174.20792pt.
<fig_abl_prevp_ap5095.pdf, id=497, 249.05496pt x 191.29907pt>
File: fig_abl_prevp_ap5095.pdf Graphic file (type pdf)
<use fig_abl_prevp_ap5095.pdf>
Package pdftex.def Info: fig_abl_prevp_ap5095.pdf  used on input line 343.
(pdftex.def)             Requested size: 226.79846pt x 174.20792pt.

Underfull \hbox (badness 5316) in paragraph at lines 346--346
\OT1/ptm/m/n/8 Fig. 11.  Previous-action sam-pling ra-tio $\OML/cmm/m/it/8 p\OT1/cmr/m/n/8 ([])$ \OT1/ptm/m/n/8 dur-ing train-ing
 []

) (./05_conclusion.tex) [9 <./fig_abl_feat_ap5095.pdf> <./fig_abl_router_grid_ap5095.pdf>] (./bare_jrnl_new_sample4.bbl) [10 <./fig_abl_prevp_ap5095.pdf>] (./bare_jrnl_new_sample4.aux)

LaTeX Warning: There were undefined references.

 ) 
Here is how much of TeX's memory you used:
 4243 strings out of 480247
 69428 string characters out of 5896151
 379462 words of memory out of 5000000
 22073 multiletter control sequences out of 15000+600000
 520469 words of font info for 131 fonts, out of 8000000 for 9000
 18 hyphenation exceptions out of 8191
 55i,15n,62p,912b,309s stack positions out of 5000i,500n,10000p,200000b,80000s
{/usr/share/texlive/texmf-dist/fonts/enc/dvips/base/8r.enc}</usr/share/texlive/texmf-dist/fonts/type1/public/amsfonts/cm/cmex10.pfb></usr/share/texlive/texmf-dist/fonts/type1/public/amsfonts/cm/cmmi10.pfb></usr/share/texlive/texmf-dist/fonts/type1/public/amsfonts/cm/cmmi6.pfb></usr/share/texlive/texmf-dist/fonts/type1/public/amsfonts/cm/cmmi7.pfb></usr/share/texlive/texmf-dist/fonts/type1/public/amsfonts/cm/cmmi8.pfb></usr/share/texlive/texmf-dist/fonts/type1/public/amsfonts/cm/cmmi9.pfb></usr/share/texlive/texmf-dist/fonts/type1/public/amsfonts/cm/cmr10.pfb></usr/share/texlive/texmf-dist/fonts/type1/public/amsfonts/cm/cmr6.pfb></usr/share/texlive/texmf-dist/fonts/type1/public/amsfonts/cm/cmr7.pfb></usr/share/texlive/texmf-dist/fonts/type1/public/amsfonts/cm/cmr8.pfb></usr/share/texlive/texmf-dist/fonts/type1/public/amsfonts/cm/cmr9.pfb></usr/share/texlive/texmf-dist/fonts/type1/public/amsfonts/cm/cmsy10.pfb></usr/share/texlive/texmf-dist/fonts/type1/public/amsfonts/cm/cmsy6.pfb></usr/share/texlive/texmf-dist/fonts/type1/public/amsfonts/cm/cmsy7.pfb></usr/share/texlive/texmf-dist/fonts/type1/public/amsfonts/cm/cmsy8.pfb></usr/share/texlive/texmf-dist/fonts/type1/public/amsfonts/cm/cmsy9.pfb></usr/share/texlive/texmf-dist/fonts/type1/public/amsfonts/cm/cmti9.pfb></usr/share/texlive/texmf-dist/fonts/type1/urw/times/utmb8a.pfb></usr/share/texlive/texmf-dist/fonts/type1/urw/times/utmbi8a.pfb></usr/share/texlive/texmf-dist/fonts/type1/urw/times/utmr8a.pfb></usr/share/texlive/texmf-dist/fonts/type1/urw/times/utmri8a.pfb>
Output written on bare_jrnl_new_sample4.pdf (10 pages, 2693409 bytes).
PDF statistics:
 647 PDF objects out of 1000 (max. 8388607)
 304 compressed objects within 4 object streams
 0 named destinations out of 1000 (max. 500000)
 71 words of extra memory for PDF output out of 10000 (max. 10000000)

