# {"dataset": "bdd100k", "cache": "outputs/bdd100k/cache_train_both.pt", "val_cache": "outputs/bdd100k/cache_val_both.pt", "flops": "outputs/bdd100k/flops_table.json", "epochs": 150, "batch": 256, "lr": 0.001, "lambda_flops": 1.0, "lambda_uni": 0.1, "hidden": 512, "group_dim": 256, "path_dim": 8, "feat": "pred", "norm": "batch", "dropout": 0.0, "weight_decay": 0.0001, "select": "val_corr", "mode": "regress", "regress_loss": "mse", "margin": 0.0, "prev_p": 0.5, "seed": 3, "device": "cuda:0", "out": "outputs/bdd100k/policy_pred_3.pt", "logdir": "/home/hslee/context-anydepth-det/anydepth-yolov12/method02_advantage_regress_tinyConv/outputs/bdd100k/logs", "tag": "pred_seed3", "keep_layers": ""}
epoch	total	l_acc	l_flops	l_uni	p_super	val_p_super	val_l_acc
0	0.05499	0.05499	0.00000	0.00000	0.0574	0.0417	0.01351
1	0.05445	0.05445	0.00000	0.00000	0.0570	0.0583	0.01352
2	0.05431	0.05431	0.00000	0.00000	0.0571	0.0482	0.01348
3	0.05425	0.05425	0.00000	0.00000	0.0569	0.0504	0.01341
4	0.05428	0.05428	0.00000	0.00000	0.0571	0.0589	0.01349
5	0.05419	0.05419	0.00000	0.00000	0.0571	0.0635	0.01356
6	0.05414	0.05414	0.00000	0.00000	0.0572	0.0543	0.01338
7	0.05412	0.05412	0.00000	0.00000	0.0573	0.0579	0.01343
8	0.05409	0.05409	0.00000	0.00000	0.0572	0.0575	0.01342
9	0.05405	0.05405	0.00000	0.00000	0.0572	0.0701	0.01379
10	0.05404	0.05404	0.00000	0.00000	0.0575	0.0586	0.01352
11	0.05400	0.05400	0.00000	0.00000	0.0571	0.0706	0.01397
12	0.05405	0.05405	0.00000	0.00000	0.0573	0.0720	0.01397
13	0.05402	0.05402	0.00000	0.00000	0.0573	0.0683	0.01368
14	0.05399	0.05399	0.00000	0.00000	0.0575	0.0535	0.01346
15	0.05398	0.05398	0.00000	0.00000	0.0572	0.0449	0.01351
16	0.05400	0.05400	0.00000	0.00000	0.0570	0.0615	0.01366
17	0.05396	0.05396	0.00000	0.00000	0.0575	0.0550	0.01349
18	0.05400	0.05400	0.00000	0.00000	0.0574	0.0544	0.01354
19	0.05398	0.05398	0.00000	0.00000	0.0576	0.0502	0.01355
20	0.05393	0.05393	0.00000	0.00000	0.0572	0.0456	0.01357
21	0.05391	0.05391	0.00000	0.00000	0.0575	0.0523	0.01354
22	0.05395	0.05395	0.00000	0.00000	0.0571	0.0468	0.01353
23	0.05390	0.05390	0.00000	0.00000	0.0572	0.0592	0.01361
24	0.05392	0.05392	0.00000	0.00000	0.0574	0.0595	0.01362
25	0.05392	0.05392	0.00000	0.00000	0.0573	0.0535	0.01350
26	0.05392	0.05392	0.00000	0.00000	0.0574	0.0592	0.01352
27	0.05397	0.05397	0.00000	0.00000	0.0574	0.0602	0.01355
28	0.05392	0.05392	0.00000	0.00000	0.0573	0.0576	0.01369
29	0.05395	0.05395	0.00000	0.00000	0.0572	0.0550	0.01361
30	0.05397	0.05397	0.00000	0.00000	0.0572	0.0649	0.01366
31	0.05394	0.05394	0.00000	0.00000	0.0576	0.0423	0.01363
32	0.05391	0.05391	0.00000	0.00000	0.0569	0.0602	0.01366
33	0.05389	0.05389	0.00000	0.00000	0.0576	0.0541	0.01347
34	0.05387	0.05387	0.00000	0.00000	0.0572	0.0631	0.01371
35	0.05389	0.05389	0.00000	0.00000	0.0576	0.0582	0.01349
36	0.05399	0.05399	0.00000	0.00000	0.0571	0.0562	0.01358
37	0.05391	0.05391	0.00000	0.00000	0.0575	0.0507	0.01374
38	0.05393	0.05393	0.00000	0.00000	0.0571	0.0557	0.01357
39	0.05392	0.05392	0.00000	0.00000	0.0573	0.0488	0.01353
40	0.05387	0.05387	0.00000	0.00000	0.0572	0.0565	0.01349
41	0.05387	0.05387	0.00000	0.00000	0.0575	0.0547	0.01357
42	0.05387	0.05387	0.00000	0.00000	0.0572	0.0674	0.01375
43	0.05395	0.05395	0.00000	0.00000	0.0573	0.0618	0.01355
44	0.05390	0.05390	0.00000	0.00000	0.0573	0.0592	0.01357
45	0.05390	0.05390	0.00000	0.00000	0.0575	0.0543	0.01346
46	0.05391	0.05391	0.00000	0.00000	0.0572	0.0599	0.01358
47	0.05387	0.05387	0.00000	0.00000	0.0574	0.0577	0.01361
48	0.05385	0.05385	0.00000	0.00000	0.0571	0.0627	0.01360
49	0.05389	0.05389	0.00000	0.00000	0.0578	0.0522	0.01346
50	0.05389	0.05389	0.00000	0.00000	0.0570	0.0655	0.01380
51	0.05389	0.05389	0.00000	0.00000	0.0575	0.0543	0.01368
52	0.05388	0.05388	0.00000	0.00000	0.0572	0.0540	0.01349
53	0.05388	0.05388	0.00000	0.00000	0.0573	0.0584	0.01346
54	0.05391	0.05391	0.00000	0.00000	0.0574	0.0538	0.01348
55	0.05388	0.05388	0.00000	0.00000	0.0571	0.0616	0.01362
56	0.05388	0.05388	0.00000	0.00000	0.0574	0.0595	0.01376
57	0.05386	0.05386	0.00000	0.00000	0.0573	0.0618	0.01364
58	0.05388	0.05388	0.00000	0.00000	0.0574	0.0583	0.01357
59	0.05389	0.05389	0.00000	0.00000	0.0569	0.0665	0.01375
60	0.05388	0.05388	0.00000	0.00000	0.0575	0.0519	0.01347
61	0.05391	0.05391	0.00000	0.00000	0.0572	0.0667	0.01370
62	0.05390	0.05390	0.00000	0.00000	0.0573	0.0558	0.01360
63	0.05392	0.05392	0.00000	0.00000	0.0574	0.0632	0.01364
64	0.05388	0.05388	0.00000	0.00000	0.0573	0.0552	0.01348
65	0.05385	0.05385	0.00000	0.00000	0.0574	0.0642	0.01375
66	0.05386	0.05386	0.00000	0.00000	0.0572	0.0620	0.01382
67	0.05385	0.05385	0.00000	0.00000	0.0577	0.0506	0.01349
68	0.05387	0.05387	0.00000	0.00000	0.0571	0.0685	0.01386
69	0.05388	0.05388	0.00000	0.00000	0.0574	0.0553	0.01355
70	0.05390	0.05390	0.00000	0.00000	0.0573	0.0625	0.01363
71	0.05388	0.05388	0.00000	0.00000	0.0571	0.0608	0.01356
72	0.05387	0.05387	0.00000	0.00000	0.0575	0.0570	0.01351
73	0.05387	0.05387	0.00000	0.00000	0.0573	0.0567	0.01357
74	0.05385	0.05385	0.00000	0.00000	0.0575	0.0669	0.01380
75	0.05383	0.05383	0.00000	0.00000	0.0574	0.0567	0.01359
76	0.05385	0.05385	0.00000	0.00000	0.0573	0.0652	0.01372
77	0.05385	0.05385	0.00000	0.00000	0.0573	0.0503	0.01345
78	0.05383	0.05383	0.00000	0.00000	0.0573	0.0492	0.01349
79	0.05391	0.05391	0.00000	0.00000	0.0575	0.0561	0.01355
80	0.05384	0.05384	0.00000	0.00000	0.0571	0.0538	0.01343
81	0.05390	0.05390	0.00000	0.00000	0.0577	0.0567	0.01348
82	0.05386	0.05386	0.00000	0.00000	0.0569	0.0632	0.01355
83	0.05389	0.05389	0.00000	0.00000	0.0575	0.0476	0.01345
84	0.05388	0.05388	0.00000	0.00000	0.0572	0.0568	0.01351
85	0.05385	0.05385	0.00000	0.00000	0.0573	0.0536	0.01359
86	0.05387	0.05387	0.00000	0.00000	0.0572	0.0615	0.01358
87	0.05387	0.05387	0.00000	0.00000	0.0572	0.0515	0.01360
88	0.05390	0.05390	0.00000	0.00000	0.0570	0.0664	0.01384
89	0.05388	0.05388	0.00000	0.00000	0.0572	0.0667	0.01369
90	0.05386	0.05386	0.00000	0.00000	0.0577	0.0515	0.01352
91	0.05387	0.05387	0.00000	0.00000	0.0573	0.0620	0.01370
92	0.05386	0.05386	0.00000	0.00000	0.0573	0.0570	0.01354
93	0.05388	0.05388	0.00000	0.00000	0.0573	0.0608	0.01360
94	0.05392	0.05392	0.00000	0.00000	0.0573	0.0616	0.01366
95	0.05389	0.05389	0.00000	0.00000	0.0571	0.0549	0.01358
96	0.05386	0.05386	0.00000	0.00000	0.0574	0.0565	0.01358
97	0.05387	0.05387	0.00000	0.00000	0.0573	0.0603	0.01371
98	0.05387	0.05387	0.00000	0.00000	0.0574	0.0604	0.01371
99	0.05385	0.05385	0.00000	0.00000	0.0574	0.0533	0.01345
100	0.05386	0.05386	0.00000	0.00000	0.0572	0.0591	0.01361
101	0.05384	0.05384	0.00000	0.00000	0.0574	0.0559	0.01355
102	0.05389	0.05389	0.00000	0.00000	0.0571	0.0567	0.01351
103	0.05388	0.05388	0.00000	0.00000	0.0572	0.0602	0.01361
104	0.05385	0.05385	0.00000	0.00000	0.0573	0.0663	0.01372
105	0.05387	0.05387	0.00000	0.00000	0.0574	0.0571	0.01352
106	0.05385	0.05385	0.00000	0.00000	0.0572	0.0667	0.01377
107	0.05388	0.05388	0.00000	0.00000	0.0574	0.0602	0.01357
108	0.05385	0.05385	0.00000	0.00000	0.0573	0.0589	0.01362
109	0.05387	0.05387	0.00000	0.00000	0.0572	0.0593	0.01360
110	0.05384	0.05384	0.00000	0.00000	0.0574	0.0607	0.01358
111	0.05386	0.05386	0.00000	0.00000	0.0574	0.0518	0.01351
112	0.05392	0.05392	0.00000	0.00000	0.0574	0.0598	0.01355
113	0.05386	0.05386	0.00000	0.00000	0.0572	0.0562	0.01360
114	0.05387	0.05387	0.00000	0.00000	0.0576	0.0436	0.01361
115	0.05385	0.05385	0.00000	0.00000	0.0571	0.0582	0.01353
116	0.05381	0.05381	0.00000	0.00000	0.0573	0.0608	0.01362
117	0.05387	0.05387	0.00000	0.00000	0.0574	0.0495	0.01343
118	0.05388	0.05388	0.00000	0.00000	0.0570	0.0539	0.01351
119	0.05387	0.05387	0.00000	0.00000	0.0574	0.0587	0.01354
120	0.05387	0.05387	0.00000	0.00000	0.0574	0.0548	0.01350
121	0.05385	0.05385	0.00000	0.00000	0.0573	0.0603	0.01359
122	0.05385	0.05385	0.00000	0.00000	0.0573	0.0578	0.01370
123	0.05384	0.05384	0.00000	0.00000	0.0575	0.0513	0.01351
124	0.05388	0.05388	0.00000	0.00000	0.0573	0.0453	0.01355
125	0.05387	0.05387	0.00000	0.00000	0.0570	0.0678	0.01381
126	0.05386	0.05386	0.00000	0.00000	0.0575	0.0558	0.01366
127	0.05384	0.05384	0.00000	0.00000	0.0576	0.0557	0.01361
128	0.05381	0.05381	0.00000	0.00000	0.0572	0.0537	0.01349
129	0.05387	0.05387	0.00000	0.00000	0.0570	0.0555	0.01353
130	0.05384	0.05384	0.00000	0.00000	0.0575	0.0558	0.01348
131	0.05385	0.05385	0.00000	0.00000	0.0574	0.0606	0.01377
132	0.05387	0.05387	0.00000	0.00000	0.0575	0.0592	0.01360
133	0.05380	0.05380	0.00000	0.00000	0.0571	0.0659	0.01370
134	0.05389	0.05389	0.00000	0.00000	0.0571	0.0676	0.01374
135	0.05386	0.05386	0.00000	0.00000	0.0576	0.0503	0.01355
136	0.05388	0.05388	0.00000	0.00000	0.0573	0.0534	0.01347
137	0.05385	0.05385	0.00000	0.00000	0.0573	0.0587	0.01366
138	0.05380	0.05380	0.00000	0.00000	0.0575	0.0597	0.01364
139	0.05383	0.05383	0.00000	0.00000	0.0574	0.0516	0.01344
140	0.05386	0.05386	0.00000	0.00000	0.0571	0.0479	0.01340
141	0.05388	0.05388	0.00000	0.00000	0.0571	0.0657	0.01385
142	0.05384	0.05384	0.00000	0.00000	0.0577	0.0455	0.01356
143	0.05385	0.05385	0.00000	0.00000	0.0572	0.0529	0.01352
144	0.05384	0.05384	0.00000	0.00000	0.0574	0.0584	0.01363
145	0.05384	0.05384	0.00000	0.00000	0.0568	0.0526	0.01346
146	0.05385	0.05385	0.00000	0.00000	0.0574	0.0681	0.01375
147	0.05385	0.05385	0.00000	0.00000	0.0574	0.0562	0.01362
148	0.05383	0.05383	0.00000	0.00000	0.0575	0.0485	0.01348
149	0.05382	0.05382	0.00000	0.00000	0.0576	0.0450	0.01348
