/home/hslee/anaconda3/envs/yolov12/lib/python3.11/site-packages/torch/nn/modules/lazy.py:181: UserWarning: Lazy modules are a new feature under heavy development so changes to the API or functionality can happen at any moment.
  warnings.warn('Lazy modules are a new feature under heavy development '
ep   0 | train total 0.0548 acc 0.0548 flops 0.0000 p_super 0.057 || val p_super 0.046 acc 0.0135 corr 0.149  *best*
ep   1 | train total 0.0544 acc 0.0544 flops 0.0000 p_super 0.057 || val p_super 0.051 acc 0.0134 corr 0.152  *best*
ep   2 | train total 0.0542 acc 0.0542 flops 0.0000 p_super 0.057 || val p_super 0.054 acc 0.0135 corr 0.140
ep   3 | train total 0.0541 acc 0.0541 flops 0.0000 p_super 0.057 || val p_super 0.056 acc 0.0135 corr 0.157  *best*
ep   4 | train total 0.0538 acc 0.0538 flops 0.0000 p_super 0.057 || val p_super 0.040 acc 0.0138 corr 0.128
ep   5 | train total 0.0534 acc 0.0534 flops 0.0000 p_super 0.057 || val p_super 0.029 acc 0.0154 corr 0.070
ep   6 | train total 0.0529 acc 0.0529 flops 0.0000 p_super 0.057 || val p_super 0.015 acc 0.0190 corr 0.035
ep   7 | train total 0.0521 acc 0.0521 flops 0.0000 p_super 0.058 || val p_super -0.033 acc 0.0312 corr 0.019
ep   8 | train total 0.0505 acc 0.0505 flops 0.0000 p_super 0.058 || val p_super -0.078 acc 0.0714 corr 0.021
ep   9 | train total 0.0464 acc 0.0464 flops 0.0000 p_super 0.058 || val p_super -0.273 acc 0.3278 corr 0.020
ep  10 | train total 0.0405 acc 0.0405 flops 0.0000 p_super 0.057 || val p_super -0.395 acc 0.7825 corr -0.010
ep  11 | train total 0.0346 acc 0.0346 flops 0.0000 p_super 0.057 || val p_super -0.399 acc 0.9639 corr 0.022
ep  12 | train total 0.0299 acc 0.0299 flops 0.0000 p_super 0.057 || val p_super -0.437 acc 1.2265 corr 0.006
ep  13 | train total 0.0285 acc 0.0285 flops 0.0000 p_super 0.057 || val p_super -0.552 acc 1.6030 corr 0.025
ep  14 | train total 0.0266 acc 0.0266 flops 0.0000 p_super 0.057 || val p_super -0.461 acc 1.4034 corr 0.010
ep  15 | train total 0.0268 acc 0.0268 flops 0.0000 p_super 0.058 || val p_super -0.446 acc 1.2250 corr 0.015
ep  16 | train total 0.0268 acc 0.0268 flops 0.0000 p_super 0.057 || val p_super -0.549 acc 1.6825 corr 0.006
ep  17 | train total 0.0266 acc 0.0266 flops 0.0000 p_super 0.057 || val p_super -0.263 acc 0.7221 corr 0.004
ep  18 | train total 0.0257 acc 0.0257 flops 0.0000 p_super 0.057 || val p_super -0.706 acc 2.3341 corr 0.012
ep  19 | train total 0.0265 acc 0.0265 flops 0.0000 p_super 0.057 || val p_super -0.882 acc 2.8032 corr 0.006
ep  20 | train total 0.0258 acc 0.0258 flops 0.0000 p_super 0.057 || val p_super -0.906 acc 3.0199 corr 0.015
ep  21 | train total 0.0247 acc 0.0247 flops 0.0000 p_super 0.057 || val p_super -0.832 acc 2.7820 corr 0.012
ep  22 | train total 0.0246 acc 0.0246 flops 0.0000 p_super 0.057 || val p_super -0.814 acc 2.8000 corr 0.011
ep  23 | train total 0.0248 acc 0.0248 flops 0.0000 p_super 0.058 || val p_super -0.770 acc 2.5927 corr 0.007
ep  24 | train total 0.0251 acc 0.0251 flops 0.0000 p_super 0.057 || val p_super -0.813 acc 2.6426 corr 0.015
ep  25 | train total 0.0257 acc 0.0257 flops 0.0000 p_super 0.057 || val p_super -0.636 acc 1.8170 corr -0.005
ep  26 | train total 0.0254 acc 0.0254 flops 0.0000 p_super 0.057 || val p_super -0.567 acc 1.6411 corr 0.004
ep  27 | train total 0.0245 acc 0.0245 flops 0.0000 p_super 0.057 || val p_super -0.578 acc 1.7658 corr -0.008
ep  28 | train total 0.0248 acc 0.0248 flops 0.0000 p_super 0.057 || val p_super -0.631 acc 1.8404 corr 0.001
ep  29 | train total 0.0246 acc 0.0246 flops 0.0000 p_super 0.057 || val p_super -0.361 acc 0.9876 corr 0.002
ep  30 | train total 0.0237 acc 0.0237 flops 0.0000 p_super 0.057 || val p_super -0.504 acc 1.4275 corr 0.001
ep  31 | train total 0.0237 acc 0.0237 flops 0.0000 p_super 0.057 || val p_super -0.477 acc 1.3735 corr -0.008
ep  32 | train total 0.0237 acc 0.0237 flops 0.0000 p_super 0.058 || val p_super -0.440 acc 1.2270 corr 0.002
ep  33 | train total 0.0233 acc 0.0233 flops 0.0000 p_super 0.057 || val p_super -0.485 acc 1.3473 corr 0.006
ep  34 | train total 0.0228 acc 0.0228 flops 0.0000 p_super 0.057 || val p_super -0.511 acc 1.4848 corr 0.005
ep  35 | train total 0.0233 acc 0.0233 flops 0.0000 p_super 0.057 || val p_super -0.525 acc 1.4407 corr -0.003
ep  36 | train total 0.0227 acc 0.0227 flops 0.0000 p_super 0.057 || val p_super -0.449 acc 1.2145 corr 0.004
ep  37 | train total 0.0231 acc 0.0231 flops 0.0000 p_super 0.058 || val p_super -0.559 acc 1.6702 corr 0.006
ep  38 | train total 0.0233 acc 0.0233 flops 0.0000 p_super 0.057 || val p_super -0.631 acc 1.9372 corr 0.002
ep  39 | train total 0.0234 acc 0.0234 flops 0.0000 p_super 0.057 || val p_super -0.509 acc 1.4590 corr 0.001
ep  40 | train total 0.0230 acc 0.0230 flops 0.0000 p_super 0.057 || val p_super -0.510 acc 1.5013 corr -0.001
ep  41 | train total 0.0222 acc 0.0222 flops 0.0000 p_super 0.058 || val p_super -0.399 acc 1.1689 corr 0.009
ep  42 | train total 0.0220 acc 0.0220 flops 0.0000 p_super 0.057 || val p_super -0.534 acc 1.5632 corr 0.001
ep  43 | train total 0.0224 acc 0.0224 flops 0.0000 p_super 0.057 || val p_super -0.307 acc 0.8860 corr 0.002
ep  44 | train total 0.0219 acc 0.0219 flops 0.0000 p_super 0.058 || val p_super -0.396 acc 1.1600 corr 0.007
ep  45 | train total 0.0219 acc 0.0219 flops 0.0000 p_super 0.057 || val p_super -0.581 acc 1.7376 corr 0.008
ep  46 | train total 0.0221 acc 0.0221 flops 0.0000 p_super 0.057 || val p_super -0.530 acc 1.4840 corr 0.009
ep  47 | train total 0.0218 acc 0.0218 flops 0.0000 p_super 0.057 || val p_super -0.274 acc 0.9102 corr 0.020
ep  48 | train total 0.0221 acc 0.0221 flops 0.0000 p_super 0.057 || val p_super -0.156 acc 0.5598 corr 0.014
ep  49 | train total 0.0221 acc 0.0221 flops 0.0000 p_super 0.057 || val p_super -0.275 acc 1.1057 corr 0.009
[*] log -> /home/hslee/context-anydepth-det/anydepth-yolov12/method02_advantage_regress_tinyConv/outputs/bdd100k/logs/20260608_102318_lf1.0_lu0.1_seed3.log
[*] best val_corr=0.15654 @ epoch 3 (of 50)
[*] saved policy (val-best) -> method02_advantage_regress_tinyConv/outputs/bdd100k/policy_3.pt
