ep   0 | train total 0.0548 acc 0.0548 flops 0.0000 p_super 0.057 || val p_super 0.043 acc 0.0135 corr 0.149  *best*
ep   1 | train total 0.0545 acc 0.0545 flops 0.0000 p_super 0.057 || val p_super 0.055 acc 0.0135 corr 0.143
ep   2 | train total 0.0542 acc 0.0542 flops 0.0000 p_super 0.057 || val p_super 0.060 acc 0.0136 corr 0.143
ep   3 | train total 0.0541 acc 0.0541 flops 0.0000 p_super 0.057 || val p_super 0.066 acc 0.0137 corr 0.162  *best*
ep   4 | train total 0.0539 acc 0.0539 flops 0.0000 p_super 0.058 || val p_super 0.058 acc 0.0136 corr 0.143
ep   5 | train total 0.0536 acc 0.0536 flops 0.0000 p_super 0.057 || val p_super 0.061 acc 0.0139 corr 0.142
ep   6 | train total 0.0534 acc 0.0534 flops 0.0000 p_super 0.057 || val p_super 0.063 acc 0.0142 corr 0.105
ep   7 | train total 0.0530 acc 0.0530 flops 0.0000 p_super 0.058 || val p_super 0.044 acc 0.0138 corr 0.136
ep   8 | train total 0.0527 acc 0.0527 flops 0.0000 p_super 0.057 || val p_super 0.058 acc 0.0141 corr 0.135
ep   9 | train total 0.0517 acc 0.0517 flops 0.0000 p_super 0.057 || val p_super 0.054 acc 0.0140 corr 0.136
ep  10 | train total 0.0498 acc 0.0498 flops 0.0000 p_super 0.057 || val p_super 0.046 acc 0.0138 corr 0.130
ep  11 | train total 0.0461 acc 0.0461 flops 0.0000 p_super 0.057 || val p_super 0.063 acc 0.0151 corr 0.096
ep  12 | train total 0.0406 acc 0.0406 flops 0.0000 p_super 0.058 || val p_super 0.057 acc 0.0138 corr 0.133
ep  13 | train total 0.0360 acc 0.0360 flops 0.0000 p_super 0.058 || val p_super 0.064 acc 0.0137 corr 0.158
ep  14 | train total 0.0320 acc 0.0320 flops 0.0000 p_super 0.057 || val p_super 0.068 acc 0.0138 corr 0.157
ep  15 | train total 0.0306 acc 0.0306 flops 0.0000 p_super 0.058 || val p_super 0.055 acc 0.0135 corr 0.169  *best*
ep  16 | train total 0.0318 acc 0.0318 flops 0.0000 p_super 0.057 || val p_super 0.057 acc 0.0137 corr 0.149
ep  17 | train total 0.0308 acc 0.0308 flops 0.0000 p_super 0.057 || val p_super 0.061 acc 0.0139 corr 0.127
ep  18 | train total 0.0303 acc 0.0303 flops 0.0000 p_super 0.057 || val p_super 0.059 acc 0.0137 corr 0.156
ep  19 | train total 0.0290 acc 0.0290 flops 0.0000 p_super 0.057 || val p_super 0.063 acc 0.0149 corr 0.107
ep  20 | train total 0.0274 acc 0.0274 flops 0.0000 p_super 0.057 || val p_super 0.064 acc 0.0148 corr 0.105
ep  21 | train total 0.0258 acc 0.0258 flops 0.0000 p_super 0.058 || val p_super 0.064 acc 0.0152 corr 0.119
ep  22 | train total 0.0252 acc 0.0252 flops 0.0000 p_super 0.057 || val p_super 0.063 acc 0.0141 corr 0.142
ep  23 | train total 0.0251 acc 0.0251 flops 0.0000 p_super 0.058 || val p_super 0.062 acc 0.0155 corr 0.113
ep  24 | train total 0.0261 acc 0.0261 flops 0.0000 p_super 0.057 || val p_super 0.062 acc 0.0181 corr 0.046
ep  25 | train total 0.0277 acc 0.0277 flops 0.0000 p_super 0.057 || val p_super 0.057 acc 0.0137 corr 0.147
ep  26 | train total 0.0270 acc 0.0270 flops 0.0000 p_super 0.057 || val p_super 0.056 acc 0.0145 corr 0.094
ep  27 | train total 0.0249 acc 0.0249 flops 0.0000 p_super 0.057 || val p_super 0.063 acc 0.0141 corr 0.127
ep  28 | train total 0.0251 acc 0.0251 flops 0.0000 p_super 0.057 || val p_super 0.058 acc 0.0152 corr 0.110
ep  29 | train total 0.0251 acc 0.0251 flops 0.0000 p_super 0.057 || val p_super 0.064 acc 0.0147 corr 0.118
ep  30 | train total 0.0247 acc 0.0247 flops 0.0000 p_super 0.057 || val p_super 0.066 acc 0.0153 corr 0.116
ep  31 | train total 0.0242 acc 0.0242 flops 0.0000 p_super 0.057 || val p_super 0.061 acc 0.0150 corr 0.081
ep  32 | train total 0.0242 acc 0.0242 flops 0.0000 p_super 0.058 || val p_super 0.056 acc 0.0158 corr 0.086
ep  33 | train total 0.0238 acc 0.0238 flops 0.0000 p_super 0.057 || val p_super 0.059 acc 0.0146 corr 0.124
ep  34 | train total 0.0234 acc 0.0234 flops 0.0000 p_super 0.057 || val p_super 0.051 acc 0.0153 corr 0.089
ep  35 | train total 0.0237 acc 0.0237 flops 0.0000 p_super 0.057 || val p_super 0.063 acc 0.0151 corr 0.116
ep  36 | train total 0.0250 acc 0.0250 flops 0.0000 p_super 0.057 || val p_super 0.055 acc 0.0146 corr 0.128
ep  37 | train total 0.0242 acc 0.0242 flops 0.0000 p_super 0.057 || val p_super 0.058 acc 0.0138 corr 0.144
ep  38 | train total 0.0238 acc 0.0238 flops 0.0000 p_super 0.058 || val p_super 0.048 acc 0.0160 corr 0.082
ep  39 | train total 0.0232 acc 0.0232 flops 0.0000 p_super 0.057 || val p_super 0.061 acc 0.0156 corr 0.088
ep  40 | train total 0.0231 acc 0.0231 flops 0.0000 p_super 0.058 || val p_super 0.066 acc 0.0149 corr 0.136
ep  41 | train total 0.0227 acc 0.0227 flops 0.0000 p_super 0.057 || val p_super 0.058 acc 0.0171 corr 0.092
ep  42 | train total 0.0222 acc 0.0222 flops 0.0000 p_super 0.057 || val p_super 0.057 acc 0.0137 corr 0.149
ep  43 | train total 0.0226 acc 0.0226 flops 0.0000 p_super 0.057 || val p_super 0.062 acc 0.0138 corr 0.143
ep  44 | train total 0.0227 acc 0.0227 flops 0.0000 p_super 0.057 || val p_super 0.060 acc 0.0142 corr 0.151
ep  45 | train total 0.0221 acc 0.0221 flops 0.0000 p_super 0.057 || val p_super 0.061 acc 0.0138 corr 0.139
ep  46 | train total 0.0224 acc 0.0224 flops 0.0000 p_super 0.057 || val p_super 0.071 acc 0.0151 corr 0.139
ep  47 | train total 0.0226 acc 0.0226 flops 0.0000 p_super 0.057 || val p_super 0.063 acc 0.0159 corr 0.095
ep  48 | train total 0.0220 acc 0.0220 flops 0.0000 p_super 0.057 || val p_super 0.060 acc 0.0152 corr 0.112
ep  49 | train total 0.0217 acc 0.0217 flops 0.0000 p_super 0.057 || val p_super 0.054 acc 0.0182 corr 0.053
[*] log -> /home/hslee/context-anydepth-det/anydepth-yolov12/method02_advantage_regress_tinyConv/outputs/bdd100k/logs/20260605_140541_lf1.0_lu0.1_seed3.log
[*] best val_corr=0.16931 @ epoch 15 (of 50)
[*] saved policy (val-best) -> method02_advantage_regress_tinyConv/outputs/bdd100k/policy_3.pt
