/home/hslee/anaconda3/envs/yolov12/lib/python3.11/site-packages/torch/nn/modules/lazy.py:181: UserWarning: Lazy modules are a new feature under heavy development so changes to the API or functionality can happen at any moment.
  warnings.warn('Lazy modules are a new feature under heavy development '
ep   0 | train total 0.0549 acc 0.0549 flops 0.0000 p_super 0.057 || val p_super 0.053 acc 0.0137 corr 0.089  *best*
ep   1 | train total 0.0546 acc 0.0546 flops 0.0000 p_super 0.057 || val p_super 0.041 acc 0.0137 corr 0.123  *best*
ep   2 | train total 0.0542 acc 0.0542 flops 0.0000 p_super 0.058 || val p_super 0.056 acc 0.0136 corr 0.119
ep   3 | train total 0.0541 acc 0.0541 flops 0.0000 p_super 0.057 || val p_super 0.061 acc 0.0138 corr 0.105
ep   4 | train total 0.0539 acc 0.0539 flops 0.0000 p_super 0.057 || val p_super 0.043 acc 0.0139 corr 0.129  *best*
ep   5 | train total 0.0535 acc 0.0535 flops 0.0000 p_super 0.057 || val p_super 0.047 acc 0.0141 corr 0.126
ep   6 | train total 0.0532 acc 0.0532 flops 0.0000 p_super 0.057 || val p_super 0.037 acc 0.0161 corr 0.082
ep   7 | train total 0.0524 acc 0.0524 flops 0.0000 p_super 0.058 || val p_super 0.040 acc 0.0175 corr 0.090
ep   8 | train total 0.0512 acc 0.0512 flops 0.0000 p_super 0.057 || val p_super 0.022 acc 0.0219 corr 0.070
ep   9 | train total 0.0477 acc 0.0477 flops 0.0000 p_super 0.058 || val p_super -0.187 acc 0.1991 corr 0.023
ep  10 | train total 0.0415 acc 0.0415 flops 0.0000 p_super 0.058 || val p_super -0.129 acc 0.2228 corr 0.012
ep  11 | train total 0.0356 acc 0.0356 flops 0.0000 p_super 0.057 || val p_super -0.057 acc 0.1633 corr 0.010
ep  12 | train total 0.0298 acc 0.0298 flops 0.0000 p_super 0.057 || val p_super -0.095 acc 0.2455 corr 0.013
ep  13 | train total 0.0276 acc 0.0276 flops 0.0000 p_super 0.057 || val p_super -0.118 acc 0.3488 corr -0.004
ep  14 | train total 0.0273 acc 0.0273 flops 0.0000 p_super 0.058 || val p_super -0.301 acc 0.7100 corr 0.019
ep  15 | train total 0.0263 acc 0.0263 flops 0.0000 p_super 0.057 || val p_super -0.329 acc 0.8248 corr 0.008
ep  16 | train total 0.0256 acc 0.0256 flops 0.0000 p_super 0.058 || val p_super -0.166 acc 0.4051 corr 0.003
ep  17 | train total 0.0262 acc 0.0262 flops 0.0000 p_super 0.057 || val p_super -0.261 acc 0.6594 corr -0.000
ep  18 | train total 0.0255 acc 0.0255 flops 0.0000 p_super 0.058 || val p_super -0.326 acc 0.8459 corr 0.006
ep  19 | train total 0.0238 acc 0.0238 flops 0.0000 p_super 0.057 || val p_super -0.457 acc 1.1837 corr 0.010
ep  20 | train total 0.0245 acc 0.0245 flops 0.0000 p_super 0.058 || val p_super -0.303 acc 0.7769 corr -0.002
ep  21 | train total 0.0236 acc 0.0236 flops 0.0000 p_super 0.057 || val p_super -0.315 acc 0.7739 corr 0.010
ep  22 | train total 0.0226 acc 0.0226 flops 0.0000 p_super 0.057 || val p_super -0.284 acc 0.6823 corr 0.005
ep  23 | train total 0.0228 acc 0.0228 flops 0.0000 p_super 0.057 || val p_super -0.458 acc 1.2486 corr 0.013
ep  24 | train total 0.0225 acc 0.0225 flops 0.0000 p_super 0.057 || val p_super -0.445 acc 1.1470 corr 0.013
ep  25 | train total 0.0226 acc 0.0226 flops 0.0000 p_super 0.058 || val p_super -0.419 acc 1.0858 corr 0.011
ep  26 | train total 0.0226 acc 0.0226 flops 0.0000 p_super 0.057 || val p_super -0.678 acc 1.9787 corr 0.007
ep  27 | train total 0.0217 acc 0.0217 flops 0.0000 p_super 0.057 || val p_super -0.326 acc 0.8074 corr 0.004
ep  28 | train total 0.0220 acc 0.0220 flops 0.0000 p_super 0.057 || val p_super -0.373 acc 0.9603 corr 0.020
ep  29 | train total 0.0212 acc 0.0212 flops 0.0000 p_super 0.057 || val p_super -0.410 acc 1.0352 corr 0.015
ep  30 | train total 0.0208 acc 0.0208 flops 0.0000 p_super 0.057 || val p_super -0.201 acc 0.4901 corr 0.021
ep  31 | train total 0.0202 acc 0.0202 flops 0.0000 p_super 0.057 || val p_super -0.380 acc 0.9547 corr 0.019
ep  32 | train total 0.0202 acc 0.0202 flops 0.0000 p_super 0.058 || val p_super -0.126 acc 0.3280 corr 0.017
ep  33 | train total 0.0211 acc 0.0211 flops 0.0000 p_super 0.057 || val p_super -0.297 acc 0.7118 corr 0.020
ep  34 | train total 0.0217 acc 0.0217 flops 0.0000 p_super 0.057 || val p_super -0.232 acc 0.5826 corr 0.005
ep  35 | train total 0.0206 acc 0.0206 flops 0.0000 p_super 0.057 || val p_super -0.411 acc 1.0330 corr 0.012
ep  36 | train total 0.0203 acc 0.0203 flops 0.0000 p_super 0.057 || val p_super -0.200 acc 0.4877 corr 0.021
ep  37 | train total 0.0214 acc 0.0214 flops 0.0000 p_super 0.057 || val p_super -0.152 acc 0.4048 corr 0.012
ep  38 | train total 0.0213 acc 0.0213 flops 0.0000 p_super 0.057 || val p_super -0.368 acc 0.8977 corr 0.009
ep  39 | train total 0.0200 acc 0.0200 flops 0.0000 p_super 0.057 || val p_super -0.187 acc 0.4581 corr 0.014
ep  40 | train total 0.0195 acc 0.0195 flops 0.0000 p_super 0.057 || val p_super -0.239 acc 0.5730 corr 0.015
ep  41 | train total 0.0190 acc 0.0190 flops 0.0000 p_super 0.057 || val p_super -0.296 acc 0.6889 corr 0.017
ep  42 | train total 0.0190 acc 0.0190 flops 0.0000 p_super 0.058 || val p_super -0.334 acc 0.8110 corr 0.013
ep  43 | train total 0.0193 acc 0.0193 flops 0.0000 p_super 0.057 || val p_super -0.276 acc 0.6440 corr 0.021
ep  44 | train total 0.0195 acc 0.0195 flops 0.0000 p_super 0.057 || val p_super -0.242 acc 0.5763 corr 0.014
ep  45 | train total 0.0196 acc 0.0196 flops 0.0000 p_super 0.058 || val p_super -0.120 acc 0.2878 corr 0.019
ep  46 | train total 0.0195 acc 0.0195 flops 0.0000 p_super 0.057 || val p_super -0.393 acc 0.9854 corr 0.013
ep  47 | train total 0.0198 acc 0.0198 flops 0.0000 p_super 0.057 || val p_super -0.381 acc 0.8857 corr 0.020
ep  48 | train total 0.0197 acc 0.0197 flops 0.0000 p_super 0.057 || val p_super -0.238 acc 0.5822 corr 0.018
ep  49 | train total 0.0191 acc 0.0191 flops 0.0000 p_super 0.057 || val p_super -0.266 acc 0.6183 corr 0.018
[*] log -> /home/hslee/context-anydepth-det/anydepth-yolov12/method02_advantage_regress_tinyConv/outputs/bdd100k/logs/20260608_102225_lf1.0_lu0.1_seed1.log
[*] best val_corr=0.12892 @ epoch 4 (of 50)
[*] saved policy (val-best) -> method02_advantage_regress_tinyConv/outputs/bdd100k/policy_1.pt
