ep   0 | train total 0.0550 acc 0.0550 flops 0.0000 p_super 0.057 || val p_super 0.059 acc 0.0136 corr 0.148  *best*
ep   1 | train total 0.0544 acc 0.0544 flops 0.0000 p_super 0.057 || val p_super 0.056 acc 0.0138 corr 0.130
ep   2 | train total 0.0543 acc 0.0543 flops 0.0000 p_super 0.057 || val p_super 0.067 acc 0.0139 corr 0.099
ep   3 | train total 0.0541 acc 0.0541 flops 0.0000 p_super 0.057 || val p_super 0.056 acc 0.0135 corr 0.149  *best*
ep   4 | train total 0.0538 acc 0.0538 flops 0.0000 p_super 0.057 || val p_super 0.051 acc 0.0137 corr 0.152  *best*
ep   5 | train total 0.0536 acc 0.0536 flops 0.0000 p_super 0.057 || val p_super 0.054 acc 0.0136 corr 0.133
ep   6 | train total 0.0533 acc 0.0533 flops 0.0000 p_super 0.057 || val p_super 0.073 acc 0.0140 corr 0.165  *best*
ep   7 | train total 0.0527 acc 0.0527 flops 0.0000 p_super 0.058 || val p_super 0.037 acc 0.0154 corr 0.091
ep   8 | train total 0.0516 acc 0.0516 flops 0.0000 p_super 0.057 || val p_super 0.071 acc 0.0145 corr 0.104
ep   9 | train total 0.0503 acc 0.0503 flops 0.0000 p_super 0.057 || val p_super 0.037 acc 0.0140 corr 0.148
ep  10 | train total 0.0472 acc 0.0472 flops 0.0000 p_super 0.057 || val p_super 0.063 acc 0.0139 corr 0.128
ep  11 | train total 0.0433 acc 0.0433 flops 0.0000 p_super 0.057 || val p_super 0.058 acc 0.0149 corr 0.114
ep  12 | train total 0.0398 acc 0.0398 flops 0.0000 p_super 0.057 || val p_super 0.054 acc 0.0137 corr 0.152
ep  13 | train total 0.0385 acc 0.0385 flops 0.0000 p_super 0.057 || val p_super 0.070 acc 0.0140 corr 0.155
ep  14 | train total 0.0358 acc 0.0358 flops 0.0000 p_super 0.057 || val p_super 0.058 acc 0.0138 corr 0.152
ep  15 | train total 0.0345 acc 0.0345 flops 0.0000 p_super 0.058 || val p_super 0.062 acc 0.0143 corr 0.147
ep  16 | train total 0.0324 acc 0.0324 flops 0.0000 p_super 0.057 || val p_super 0.045 acc 0.0148 corr 0.119
ep  17 | train total 0.0317 acc 0.0317 flops 0.0000 p_super 0.057 || val p_super 0.053 acc 0.0198 corr 0.043
ep  18 | train total 0.0303 acc 0.0303 flops 0.0000 p_super 0.057 || val p_super 0.061 acc 0.0137 corr 0.161
ep  19 | train total 0.0291 acc 0.0291 flops 0.0000 p_super 0.057 || val p_super 0.059 acc 0.0142 corr 0.138
ep  20 | train total 0.0280 acc 0.0280 flops 0.0000 p_super 0.057 || val p_super 0.060 acc 0.0141 corr 0.138
ep  21 | train total 0.0282 acc 0.0282 flops 0.0000 p_super 0.057 || val p_super 0.054 acc 0.0147 corr 0.111
ep  22 | train total 0.0275 acc 0.0275 flops 0.0000 p_super 0.058 || val p_super 0.047 acc 0.0166 corr 0.092
ep  23 | train total 0.0269 acc 0.0269 flops 0.0000 p_super 0.057 || val p_super 0.054 acc 0.0140 corr 0.133
ep  24 | train total 0.0262 acc 0.0262 flops 0.0000 p_super 0.057 || val p_super 0.064 acc 0.0145 corr 0.133
ep  25 | train total 0.0265 acc 0.0265 flops 0.0000 p_super 0.057 || val p_super 0.054 acc 0.0155 corr 0.090
ep  26 | train total 0.0269 acc 0.0269 flops 0.0000 p_super 0.057 || val p_super 0.060 acc 0.0145 corr 0.129
ep  27 | train total 0.0279 acc 0.0279 flops 0.0000 p_super 0.058 || val p_super 0.047 acc 0.0145 corr 0.131
ep  28 | train total 0.0260 acc 0.0260 flops 0.0000 p_super 0.057 || val p_super 0.059 acc 0.0145 corr 0.110
ep  29 | train total 0.0249 acc 0.0249 flops 0.0000 p_super 0.057 || val p_super 0.058 acc 0.0148 corr 0.125
ep  30 | train total 0.0244 acc 0.0244 flops 0.0000 p_super 0.057 || val p_super 0.059 acc 0.0143 corr 0.112
ep  31 | train total 0.0239 acc 0.0239 flops 0.0000 p_super 0.057 || val p_super 0.067 acc 0.0145 corr 0.125
ep  32 | train total 0.0237 acc 0.0237 flops 0.0000 p_super 0.058 || val p_super 0.063 acc 0.0144 corr 0.136
ep  33 | train total 0.0237 acc 0.0237 flops 0.0000 p_super 0.058 || val p_super 0.056 acc 0.0144 corr 0.141
ep  34 | train total 0.0242 acc 0.0242 flops 0.0000 p_super 0.057 || val p_super 0.055 acc 0.0158 corr 0.096
ep  35 | train total 0.0245 acc 0.0245 flops 0.0000 p_super 0.057 || val p_super 0.065 acc 0.0155 corr 0.109
ep  36 | train total 0.0235 acc 0.0235 flops 0.0000 p_super 0.058 || val p_super 0.060 acc 0.0146 corr 0.134
ep  37 | train total 0.0233 acc 0.0233 flops 0.0000 p_super 0.057 || val p_super 0.057 acc 0.0153 corr 0.104
ep  38 | train total 0.0231 acc 0.0231 flops 0.0000 p_super 0.057 || val p_super 0.061 acc 0.0153 corr 0.125
ep  39 | train total 0.0229 acc 0.0229 flops 0.0000 p_super 0.057 || val p_super 0.061 acc 0.0140 corr 0.148
ep  40 | train total 0.0238 acc 0.0238 flops 0.0000 p_super 0.057 || val p_super 0.061 acc 0.0145 corr 0.140
ep  41 | train total 0.0234 acc 0.0234 flops 0.0000 p_super 0.057 || val p_super 0.065 acc 0.0151 corr 0.116
ep  42 | train total 0.0222 acc 0.0222 flops 0.0000 p_super 0.057 || val p_super 0.063 acc 0.0150 corr 0.137
ep  43 | train total 0.0218 acc 0.0218 flops 0.0000 p_super 0.057 || val p_super 0.058 acc 0.0158 corr 0.107
ep  44 | train total 0.0213 acc 0.0213 flops 0.0000 p_super 0.057 || val p_super 0.061 acc 0.0145 corr 0.121
ep  45 | train total 0.0210 acc 0.0210 flops 0.0000 p_super 0.057 || val p_super 0.065 acc 0.0179 corr 0.087
ep  46 | train total 0.0209 acc 0.0209 flops 0.0000 p_super 0.057 || val p_super 0.054 acc 0.0143 corr 0.105
ep  47 | train total 0.0216 acc 0.0216 flops 0.0000 p_super 0.057 || val p_super 0.055 acc 0.0148 corr 0.112
ep  48 | train total 0.0220 acc 0.0220 flops 0.0000 p_super 0.057 || val p_super 0.069 acc 0.0155 corr 0.132
ep  49 | train total 0.0217 acc 0.0217 flops 0.0000 p_super 0.057 || val p_super 0.068 acc 0.0153 corr 0.138
[*] log -> /home/hslee/context-anydepth-det/anydepth-yolov12/method02_advantage_regress_tinyConv/outputs/bdd100k/logs/20260605_140541_lf1.0_lu0.1_seed0.log
[*] best val_corr=0.16488 @ epoch 6 (of 50)
[*] saved policy (val-best) -> method02_advantage_regress_tinyConv/outputs/bdd100k/policy_0.pt
