ep   0 | train total 0.0549 acc 0.0549 flops 0.0000 p_super 0.057 || val p_super 0.058 acc 0.0137 corr 0.110  *best*
ep   1 | train total 0.0546 acc 0.0546 flops 0.0000 p_super 0.057 || val p_super 0.047 acc 0.0136 corr 0.142  *best*
ep   2 | train total 0.0543 acc 0.0543 flops 0.0000 p_super 0.058 || val p_super 0.069 acc 0.0137 corr 0.155  *best*
ep   3 | train total 0.0541 acc 0.0541 flops 0.0000 p_super 0.057 || val p_super 0.075 acc 0.0141 corr 0.147
ep   4 | train total 0.0540 acc 0.0540 flops 0.0000 p_super 0.057 || val p_super 0.066 acc 0.0137 corr 0.167  *best*
ep   5 | train total 0.0537 acc 0.0537 flops 0.0000 p_super 0.058 || val p_super 0.058 acc 0.0136 corr 0.169  *best*
ep   6 | train total 0.0535 acc 0.0535 flops 0.0000 p_super 0.057 || val p_super 0.070 acc 0.0140 corr 0.144
ep   7 | train total 0.0533 acc 0.0533 flops 0.0000 p_super 0.058 || val p_super 0.063 acc 0.0141 corr 0.159
ep   8 | train total 0.0527 acc 0.0527 flops 0.0000 p_super 0.057 || val p_super 0.074 acc 0.0144 corr 0.156
ep   9 | train total 0.0521 acc 0.0521 flops 0.0000 p_super 0.058 || val p_super 0.041 acc 0.0141 corr 0.121
ep  10 | train total 0.0508 acc 0.0508 flops 0.0000 p_super 0.058 || val p_super 0.051 acc 0.0149 corr 0.109
ep  11 | train total 0.0477 acc 0.0477 flops 0.0000 p_super 0.058 || val p_super 0.046 acc 0.0136 corr 0.137
ep  12 | train total 0.0433 acc 0.0433 flops 0.0000 p_super 0.057 || val p_super 0.060 acc 0.0146 corr 0.099
ep  13 | train total 0.0400 acc 0.0400 flops 0.0000 p_super 0.058 || val p_super 0.057 acc 0.0145 corr 0.126
ep  14 | train total 0.0354 acc 0.0354 flops 0.0000 p_super 0.057 || val p_super 0.052 acc 0.0145 corr 0.117
ep  15 | train total 0.0347 acc 0.0347 flops 0.0000 p_super 0.057 || val p_super 0.058 acc 0.0157 corr 0.119
ep  16 | train total 0.0312 acc 0.0312 flops 0.0000 p_super 0.057 || val p_super 0.057 acc 0.0148 corr 0.102
ep  17 | train total 0.0322 acc 0.0322 flops 0.0000 p_super 0.057 || val p_super 0.059 acc 0.0145 corr 0.110
ep  18 | train total 0.0315 acc 0.0315 flops 0.0000 p_super 0.058 || val p_super 0.062 acc 0.0176 corr 0.089
ep  19 | train total 0.0303 acc 0.0303 flops 0.0000 p_super 0.057 || val p_super 0.068 acc 0.0172 corr 0.066
ep  20 | train total 0.0299 acc 0.0299 flops 0.0000 p_super 0.058 || val p_super 0.057 acc 0.0155 corr 0.112
ep  21 | train total 0.0288 acc 0.0288 flops 0.0000 p_super 0.057 || val p_super 0.062 acc 0.0139 corr 0.153
ep  22 | train total 0.0275 acc 0.0275 flops 0.0000 p_super 0.057 || val p_super 0.062 acc 0.0157 corr 0.116
ep  23 | train total 0.0280 acc 0.0280 flops 0.0000 p_super 0.057 || val p_super 0.062 acc 0.0144 corr 0.142
ep  24 | train total 0.0276 acc 0.0276 flops 0.0000 p_super 0.058 || val p_super 0.049 acc 0.0170 corr 0.062
ep  25 | train total 0.0284 acc 0.0284 flops 0.0000 p_super 0.057 || val p_super 0.054 acc 0.0163 corr 0.090
ep  26 | train total 0.0270 acc 0.0270 flops 0.0000 p_super 0.057 || val p_super 0.060 acc 0.0153 corr 0.122
ep  27 | train total 0.0245 acc 0.0245 flops 0.0000 p_super 0.057 || val p_super 0.058 acc 0.0148 corr 0.110
ep  28 | train total 0.0243 acc 0.0243 flops 0.0000 p_super 0.057 || val p_super 0.062 acc 0.0148 corr 0.120
ep  29 | train total 0.0247 acc 0.0247 flops 0.0000 p_super 0.057 || val p_super 0.050 acc 0.0159 corr 0.079
ep  30 | train total 0.0239 acc 0.0239 flops 0.0000 p_super 0.057 || val p_super 0.060 acc 0.0145 corr 0.119
ep  31 | train total 0.0236 acc 0.0236 flops 0.0000 p_super 0.057 || val p_super 0.059 acc 0.0138 corr 0.146
ep  32 | train total 0.0235 acc 0.0235 flops 0.0000 p_super 0.057 || val p_super 0.057 acc 0.0167 corr 0.100
ep  33 | train total 0.0245 acc 0.0245 flops 0.0000 p_super 0.057 || val p_super 0.057 acc 0.0165 corr 0.080
ep  34 | train total 0.0252 acc 0.0252 flops 0.0000 p_super 0.057 || val p_super 0.073 acc 0.0176 corr 0.091
ep  35 | train total 0.0235 acc 0.0235 flops 0.0000 p_super 0.058 || val p_super 0.055 acc 0.0140 corr 0.148
ep  36 | train total 0.0230 acc 0.0230 flops 0.0000 p_super 0.057 || val p_super 0.060 acc 0.0150 corr 0.134
ep  37 | train total 0.0230 acc 0.0230 flops 0.0000 p_super 0.057 || val p_super 0.059 acc 0.0155 corr 0.116
ep  38 | train total 0.0229 acc 0.0229 flops 0.0000 p_super 0.057 || val p_super 0.063 acc 0.0161 corr 0.102
ep  39 | train total 0.0231 acc 0.0231 flops 0.0000 p_super 0.058 || val p_super 0.061 acc 0.0161 corr 0.102
ep  40 | train total 0.0222 acc 0.0222 flops 0.0000 p_super 0.057 || val p_super 0.061 acc 0.0142 corr 0.169  *best*
ep  41 | train total 0.0222 acc 0.0222 flops 0.0000 p_super 0.057 || val p_super 0.063 acc 0.0148 corr 0.127
ep  42 | train total 0.0222 acc 0.0222 flops 0.0000 p_super 0.057 || val p_super 0.060 acc 0.0159 corr 0.106
ep  43 | train total 0.0218 acc 0.0218 flops 0.0000 p_super 0.057 || val p_super 0.061 acc 0.0145 corr 0.146
ep  44 | train total 0.0212 acc 0.0212 flops 0.0000 p_super 0.057 || val p_super 0.065 acc 0.0146 corr 0.154
ep  45 | train total 0.0210 acc 0.0210 flops 0.0000 p_super 0.058 || val p_super 0.055 acc 0.0155 corr 0.110
ep  46 | train total 0.0216 acc 0.0216 flops 0.0000 p_super 0.057 || val p_super 0.058 acc 0.0146 corr 0.129
ep  47 | train total 0.0216 acc 0.0216 flops 0.0000 p_super 0.057 || val p_super 0.061 acc 0.0147 corr 0.147
ep  48 | train total 0.0216 acc 0.0216 flops 0.0000 p_super 0.057 || val p_super 0.061 acc 0.0164 corr 0.114
ep  49 | train total 0.0217 acc 0.0217 flops 0.0000 p_super 0.057 || val p_super 0.058 acc 0.0152 corr 0.131
[*] log -> /home/hslee/context-anydepth-det/anydepth-yolov12/method02_advantage_regress_tinyConv/outputs/bdd100k/logs/20260605_140541_lf1.0_lu0.1_seed1.log
[*] best val_corr=0.16946 @ epoch 40 (of 50)
[*] saved policy (val-best) -> method02_advantage_regress_tinyConv/outputs/bdd100k/policy_1.pt
