/home/hslee/anaconda3/envs/yolov12/lib/python3.11/site-packages/torch/nn/modules/lazy.py:181: UserWarning: Lazy modules are a new feature under heavy development so changes to the API or functionality can happen at any moment.
  warnings.warn('Lazy modules are a new feature under heavy development '
ep   0 | train total 0.0555 acc 0.0555 flops 0.0000 p_super 0.055 || val p_super 0.035 acc 0.0139 corr 0.110  *best*
ep   1 | train total 0.0544 acc 0.0544 flops 0.0000 p_super 0.057 || val p_super 0.037 acc 0.0139 corr 0.133  *best*
ep   2 | train total 0.0543 acc 0.0543 flops 0.0000 p_super 0.057 || val p_super 0.043 acc 0.0137 corr 0.140  *best*
ep   3 | train total 0.0541 acc 0.0541 flops 0.0000 p_super 0.057 || val p_super 0.032 acc 0.0140 corr 0.141  *best*
ep   4 | train total 0.0540 acc 0.0540 flops 0.0000 p_super 0.057 || val p_super 0.026 acc 0.0144 corr 0.119
ep   5 | train total 0.0538 acc 0.0538 flops 0.0000 p_super 0.057 || val p_super 0.027 acc 0.0150 corr 0.101
ep   6 | train total 0.0534 acc 0.0534 flops 0.0000 p_super 0.057 || val p_super 0.025 acc 0.0156 corr 0.105
ep   7 | train total 0.0529 acc 0.0529 flops 0.0000 p_super 0.057 || val p_super -0.003 acc 0.0244 corr 0.068
ep   8 | train total 0.0522 acc 0.0522 flops 0.0000 p_super 0.057 || val p_super -0.010 acc 0.0300 corr 0.023
ep   9 | train total 0.0502 acc 0.0502 flops 0.0000 p_super 0.057 || val p_super -0.031 acc 0.0729 corr 0.021
ep  10 | train total 0.0477 acc 0.0477 flops 0.0000 p_super 0.057 || val p_super -0.067 acc 0.1670 corr 0.017
ep  11 | train total 0.0417 acc 0.0417 flops 0.0000 p_super 0.057 || val p_super -0.111 acc 0.2533 corr 0.008
ep  12 | train total 0.0343 acc 0.0343 flops 0.0000 p_super 0.057 || val p_super -0.087 acc 0.3336 corr 0.033
ep  13 | train total 0.0314 acc 0.0314 flops 0.0000 p_super 0.057 || val p_super -0.337 acc 0.9845 corr 0.021
ep  14 | train total 0.0311 acc 0.0311 flops 0.0000 p_super 0.057 || val p_super -0.113 acc 0.3583 corr 0.017
ep  15 | train total 0.0305 acc 0.0305 flops 0.0000 p_super 0.057 || val p_super -0.274 acc 0.8006 corr 0.021
ep  16 | train total 0.0288 acc 0.0288 flops 0.0000 p_super 0.057 || val p_super -0.136 acc 0.4542 corr 0.015
ep  17 | train total 0.0283 acc 0.0283 flops 0.0000 p_super 0.057 || val p_super -0.134 acc 0.4255 corr 0.021
ep  18 | train total 0.0284 acc 0.0284 flops 0.0000 p_super 0.057 || val p_super -0.419 acc 1.4215 corr 0.015
ep  19 | train total 0.0279 acc 0.0279 flops 0.0000 p_super 0.057 || val p_super -0.208 acc 0.6949 corr 0.031
ep  20 | train total 0.0275 acc 0.0275 flops 0.0000 p_super 0.057 || val p_super -0.320 acc 0.9681 corr 0.016
ep  21 | train total 0.0276 acc 0.0276 flops 0.0000 p_super 0.057 || val p_super -0.184 acc 0.5713 corr 0.017
ep  22 | train total 0.0278 acc 0.0278 flops 0.0000 p_super 0.057 || val p_super -0.180 acc 0.5813 corr 0.028
ep  23 | train total 0.0279 acc 0.0279 flops 0.0000 p_super 0.057 || val p_super -0.258 acc 0.7743 corr 0.011
ep  24 | train total 0.0278 acc 0.0278 flops 0.0000 p_super 0.057 || val p_super -0.189 acc 0.5534 corr 0.019
ep  25 | train total 0.0261 acc 0.0261 flops 0.0000 p_super 0.057 || val p_super -0.267 acc 0.8440 corr 0.018
ep  26 | train total 0.0255 acc 0.0255 flops 0.0000 p_super 0.057 || val p_super -0.171 acc 0.5189 corr 0.013
ep  27 | train total 0.0254 acc 0.0254 flops 0.0000 p_super 0.057 || val p_super -0.183 acc 0.6210 corr 0.008
ep  28 | train total 0.0256 acc 0.0256 flops 0.0000 p_super 0.057 || val p_super -0.159 acc 0.5490 corr 0.010
ep  29 | train total 0.0250 acc 0.0250 flops 0.0000 p_super 0.057 || val p_super -0.294 acc 0.9615 corr 0.005
ep  30 | train total 0.0246 acc 0.0246 flops 0.0000 p_super 0.057 || val p_super -0.264 acc 0.8822 corr 0.011
ep  31 | train total 0.0240 acc 0.0240 flops 0.0000 p_super 0.057 || val p_super -0.548 acc 1.7126 corr 0.008
ep  32 | train total 0.0248 acc 0.0248 flops 0.0000 p_super 0.057 || val p_super -0.392 acc 1.2764 corr 0.011
ep  33 | train total 0.0242 acc 0.0242 flops 0.0000 p_super 0.057 || val p_super -0.301 acc 0.9577 corr 0.004
ep  34 | train total 0.0235 acc 0.0235 flops 0.0000 p_super 0.057 || val p_super -0.219 acc 0.7443 corr 0.015
ep  35 | train total 0.0234 acc 0.0234 flops 0.0000 p_super 0.057 || val p_super -0.272 acc 0.9375 corr 0.011
ep  36 | train total 0.0233 acc 0.0233 flops 0.0000 p_super 0.057 || val p_super -0.128 acc 0.4014 corr 0.015
ep  37 | train total 0.0231 acc 0.0231 flops 0.0000 p_super 0.057 || val p_super -0.357 acc 1.1330 corr 0.014
ep  38 | train total 0.0227 acc 0.0227 flops 0.0000 p_super 0.057 || val p_super -0.197 acc 0.6299 corr 0.021
ep  39 | train total 0.0227 acc 0.0227 flops 0.0000 p_super 0.057 || val p_super -0.336 acc 1.1055 corr 0.015
ep  40 | train total 0.0221 acc 0.0221 flops 0.0000 p_super 0.058 || val p_super -0.251 acc 0.7980 corr 0.020
ep  41 | train total 0.0224 acc 0.0224 flops 0.0000 p_super 0.057 || val p_super -0.517 acc 1.9027 corr 0.007
ep  42 | train total 0.0231 acc 0.0231 flops 0.0000 p_super 0.057 || val p_super -0.252 acc 0.9182 corr 0.012
ep  43 | train total 0.0224 acc 0.0224 flops 0.0000 p_super 0.057 || val p_super -0.245 acc 0.8549 corr 0.006
ep  44 | train total 0.0217 acc 0.0217 flops 0.0000 p_super 0.057 || val p_super -0.187 acc 0.7204 corr 0.013
ep  45 | train total 0.0211 acc 0.0211 flops 0.0000 p_super 0.058 || val p_super -0.191 acc 0.6444 corr 0.009
ep  46 | train total 0.0212 acc 0.0212 flops 0.0000 p_super 0.057 || val p_super -0.287 acc 0.9907 corr 0.009
ep  47 | train total 0.0208 acc 0.0208 flops 0.0000 p_super 0.057 || val p_super -0.360 acc 1.2023 corr -0.000
ep  48 | train total 0.0208 acc 0.0208 flops 0.0000 p_super 0.057 || val p_super -0.255 acc 0.8759 corr 0.009
ep  49 | train total 0.0212 acc 0.0212 flops 0.0000 p_super 0.057 || val p_super -0.196 acc 0.7111 corr 0.004
[*] log -> /home/hslee/context-anydepth-det/anydepth-yolov12/method02_advantage_regress_tinyConv/outputs/bdd100k/logs/20260608_102252_lf1.0_lu0.1_seed2.log
[*] best val_corr=0.14072 @ epoch 3 (of 50)
[*] saved policy (val-best) -> method02_advantage_regress_tinyConv/outputs/bdd100k/policy_2.pt
