ep   0 | train total 0.0555 acc 0.0555 flops 0.0000 p_super 0.055 || val p_super 0.056 acc 0.0136 corr 0.124  *best*
ep   1 | train total 0.0544 acc 0.0544 flops 0.0000 p_super 0.057 || val p_super 0.059 acc 0.0138 corr 0.146  *best*
ep   2 | train total 0.0542 acc 0.0542 flops 0.0000 p_super 0.057 || val p_super 0.068 acc 0.0141 corr 0.151  *best*
ep   3 | train total 0.0540 acc 0.0540 flops 0.0000 p_super 0.057 || val p_super 0.056 acc 0.0136 corr 0.155  *best*
ep   4 | train total 0.0539 acc 0.0539 flops 0.0000 p_super 0.057 || val p_super 0.057 acc 0.0136 corr 0.154
ep   5 | train total 0.0537 acc 0.0537 flops 0.0000 p_super 0.057 || val p_super 0.067 acc 0.0138 corr 0.175  *best*
ep   6 | train total 0.0532 acc 0.0532 flops 0.0000 p_super 0.057 || val p_super 0.066 acc 0.0137 corr 0.184  *best*
ep   7 | train total 0.0526 acc 0.0526 flops 0.0000 p_super 0.057 || val p_super 0.069 acc 0.0148 corr 0.126
ep   8 | train total 0.0523 acc 0.0523 flops 0.0000 p_super 0.057 || val p_super 0.057 acc 0.0137 corr 0.152
ep   9 | train total 0.0506 acc 0.0506 flops 0.0000 p_super 0.057 || val p_super 0.057 acc 0.0137 corr 0.146
ep  10 | train total 0.0483 acc 0.0483 flops 0.0000 p_super 0.057 || val p_super 0.051 acc 0.0167 corr 0.085
ep  11 | train total 0.0457 acc 0.0457 flops 0.0000 p_super 0.057 || val p_super 0.052 acc 0.0141 corr 0.154
ep  12 | train total 0.0428 acc 0.0428 flops 0.0000 p_super 0.057 || val p_super 0.055 acc 0.0169 corr 0.083
ep  13 | train total 0.0405 acc 0.0405 flops 0.0000 p_super 0.057 || val p_super 0.050 acc 0.0174 corr 0.074
ep  14 | train total 0.0391 acc 0.0391 flops 0.0000 p_super 0.057 || val p_super 0.065 acc 0.0140 corr 0.138
ep  15 | train total 0.0387 acc 0.0387 flops 0.0000 p_super 0.057 || val p_super 0.065 acc 0.0158 corr 0.059
ep  16 | train total 0.0367 acc 0.0367 flops 0.0000 p_super 0.057 || val p_super 0.062 acc 0.0148 corr 0.104
ep  17 | train total 0.0348 acc 0.0348 flops 0.0000 p_super 0.057 || val p_super 0.061 acc 0.0139 corr 0.142
ep  18 | train total 0.0325 acc 0.0325 flops 0.0000 p_super 0.057 || val p_super 0.057 acc 0.0146 corr 0.105
ep  19 | train total 0.0319 acc 0.0319 flops 0.0000 p_super 0.057 || val p_super 0.068 acc 0.0168 corr 0.070
ep  20 | train total 0.0332 acc 0.0332 flops 0.0000 p_super 0.057 || val p_super 0.060 acc 0.0158 corr 0.078
ep  21 | train total 0.0305 acc 0.0305 flops 0.0000 p_super 0.057 || val p_super 0.063 acc 0.0148 corr 0.128
ep  22 | train total 0.0290 acc 0.0290 flops 0.0000 p_super 0.057 || val p_super 0.060 acc 0.0151 corr 0.113
ep  23 | train total 0.0283 acc 0.0283 flops 0.0000 p_super 0.057 || val p_super 0.055 acc 0.0140 corr 0.135
ep  24 | train total 0.0286 acc 0.0286 flops 0.0000 p_super 0.057 || val p_super 0.056 acc 0.0147 corr 0.098
ep  25 | train total 0.0273 acc 0.0273 flops 0.0000 p_super 0.057 || val p_super 0.058 acc 0.0150 corr 0.130
ep  26 | train total 0.0271 acc 0.0271 flops 0.0000 p_super 0.057 || val p_super 0.056 acc 0.0153 corr 0.110
ep  27 | train total 0.0261 acc 0.0261 flops 0.0000 p_super 0.057 || val p_super 0.063 acc 0.0167 corr 0.092
ep  28 | train total 0.0253 acc 0.0253 flops 0.0000 p_super 0.057 || val p_super 0.061 acc 0.0143 corr 0.117
ep  29 | train total 0.0252 acc 0.0252 flops 0.0000 p_super 0.058 || val p_super 0.052 acc 0.0150 corr 0.111
ep  30 | train total 0.0256 acc 0.0256 flops 0.0000 p_super 0.057 || val p_super 0.061 acc 0.0144 corr 0.148
ep  31 | train total 0.0247 acc 0.0247 flops 0.0000 p_super 0.057 || val p_super 0.056 acc 0.0140 corr 0.130
ep  32 | train total 0.0249 acc 0.0249 flops 0.0000 p_super 0.057 || val p_super 0.049 acc 0.0149 corr 0.086
ep  33 | train total 0.0237 acc 0.0237 flops 0.0000 p_super 0.057 || val p_super 0.055 acc 0.0142 corr 0.144
ep  34 | train total 0.0237 acc 0.0237 flops 0.0000 p_super 0.057 || val p_super 0.055 acc 0.0148 corr 0.105
ep  35 | train total 0.0232 acc 0.0232 flops 0.0000 p_super 0.057 || val p_super 0.057 acc 0.0141 corr 0.147
ep  36 | train total 0.0235 acc 0.0235 flops 0.0000 p_super 0.057 || val p_super 0.060 acc 0.0145 corr 0.122
ep  37 | train total 0.0234 acc 0.0234 flops 0.0000 p_super 0.058 || val p_super 0.051 acc 0.0144 corr 0.130
ep  38 | train total 0.0233 acc 0.0233 flops 0.0000 p_super 0.057 || val p_super 0.057 acc 0.0145 corr 0.133
ep  39 | train total 0.0236 acc 0.0236 flops 0.0000 p_super 0.057 || val p_super 0.063 acc 0.0158 corr 0.109
ep  40 | train total 0.0235 acc 0.0235 flops 0.0000 p_super 0.058 || val p_super 0.055 acc 0.0145 corr 0.135
ep  41 | train total 0.0231 acc 0.0231 flops 0.0000 p_super 0.057 || val p_super 0.060 acc 0.0157 corr 0.094
ep  42 | train total 0.0231 acc 0.0231 flops 0.0000 p_super 0.057 || val p_super 0.060 acc 0.0152 corr 0.113
ep  43 | train total 0.0225 acc 0.0225 flops 0.0000 p_super 0.057 || val p_super 0.062 acc 0.0142 corr 0.149
ep  44 | train total 0.0222 acc 0.0222 flops 0.0000 p_super 0.057 || val p_super 0.073 acc 0.0149 corr 0.146
ep  45 | train total 0.0231 acc 0.0231 flops 0.0000 p_super 0.057 || val p_super 0.061 acc 0.0145 corr 0.127
ep  46 | train total 0.0226 acc 0.0226 flops 0.0000 p_super 0.057 || val p_super 0.061 acc 0.0164 corr 0.072
ep  47 | train total 0.0228 acc 0.0228 flops 0.0000 p_super 0.058 || val p_super 0.058 acc 0.0151 corr 0.121
ep  48 | train total 0.0233 acc 0.0233 flops 0.0000 p_super 0.057 || val p_super 0.059 acc 0.0142 corr 0.137
ep  49 | train total 0.0225 acc 0.0225 flops 0.0000 p_super 0.057 || val p_super 0.058 acc 0.0153 corr 0.109
[*] log -> /home/hslee/context-anydepth-det/anydepth-yolov12/method02_advantage_regress_tinyConv/outputs/bdd100k/logs/20260605_140541_lf1.0_lu0.1_seed2.log
[*] best val_corr=0.18398 @ epoch 6 (of 50)
[*] saved policy (val-best) -> method02_advantage_regress_tinyConv/outputs/bdd100k/policy_2.pt
