ep   0 | train total 0.0550 acc 0.0550 flops 0.0000 p_super 0.057 || val p_super 0.039 acc 0.0137 corr 0.137  *best*
ep   1 | train total 0.0544 acc 0.0544 flops 0.0000 p_super 0.057 || val p_super 0.061 acc 0.0135 corr 0.158  *best*
ep   2 | train total 0.0542 acc 0.0542 flops 0.0000 p_super 0.057 || val p_super 0.072 acc 0.0140 corr 0.143
ep   3 | train total 0.0541 acc 0.0541 flops 0.0000 p_super 0.057 || val p_super 0.058 acc 0.0136 corr 0.167  *best*
ep   4 | train total 0.0539 acc 0.0539 flops 0.0000 p_super 0.057 || val p_super 0.039 acc 0.0137 corr 0.143
ep   5 | train total 0.0536 acc 0.0536 flops 0.0000 p_super 0.057 || val p_super 0.046 acc 0.0136 corr 0.167
ep   6 | train total 0.0533 acc 0.0533 flops 0.0000 p_super 0.057 || val p_super 0.054 acc 0.0135 corr 0.167  *best*
ep   7 | train total 0.0526 acc 0.0526 flops 0.0000 p_super 0.057 || val p_super 0.079 acc 0.0149 corr 0.151
ep   8 | train total 0.0514 acc 0.0514 flops 0.0000 p_super 0.057 || val p_super 0.054 acc 0.0161 corr 0.063
ep   9 | train total 0.0494 acc 0.0494 flops 0.0000 p_super 0.057 || val p_super 0.064 acc 0.0151 corr 0.115
ep  10 | train total 0.0448 acc 0.0448 flops 0.0000 p_super 0.058 || val p_super 0.051 acc 0.0166 corr 0.064
ep  11 | train total 0.0410 acc 0.0410 flops 0.0000 p_super 0.057 || val p_super 0.062 acc 0.0138 corr 0.166
ep  12 | train total 0.0408 acc 0.0408 flops 0.0000 p_super 0.057 || val p_super 0.056 acc 0.0157 corr 0.114
ep  13 | train total 0.0393 acc 0.0393 flops 0.0000 p_super 0.057 || val p_super 0.067 acc 0.0141 corr 0.138
ep  14 | train total 0.0394 acc 0.0394 flops 0.0000 p_super 0.057 || val p_super 0.049 acc 0.0153 corr 0.107
ep  15 | train total 0.0375 acc 0.0375 flops 0.0000 p_super 0.058 || val p_super 0.048 acc 0.0197 corr 0.097
ep  16 | train total 0.0371 acc 0.0371 flops 0.0000 p_super 0.057 || val p_super 0.060 acc 0.0140 corr 0.141
ep  17 | train total 0.0368 acc 0.0368 flops 0.0000 p_super 0.057 || val p_super 0.060 acc 0.0146 corr 0.130
ep  18 | train total 0.0364 acc 0.0364 flops 0.0000 p_super 0.058 || val p_super 0.042 acc 0.0155 corr 0.094
ep  19 | train total 0.0360 acc 0.0360 flops 0.0000 p_super 0.058 || val p_super 0.048 acc 0.0140 corr 0.124
ep  20 | train total 0.0356 acc 0.0356 flops 0.0000 p_super 0.057 || val p_super 0.054 acc 0.0154 corr 0.092
ep  21 | train total 0.0357 acc 0.0357 flops 0.0000 p_super 0.057 || val p_super 0.055 acc 0.0172 corr 0.052
ep  22 | train total 0.0347 acc 0.0347 flops 0.0000 p_super 0.057 || val p_super 0.053 acc 0.0170 corr 0.063
ep  23 | train total 0.0329 acc 0.0329 flops 0.0000 p_super 0.057 || val p_super 0.064 acc 0.0166 corr 0.085
ep  24 | train total 0.0314 acc 0.0314 flops 0.0000 p_super 0.057 || val p_super 0.059 acc 0.0151 corr 0.127
ep  25 | train total 0.0306 acc 0.0306 flops 0.0000 p_super 0.057 || val p_super 0.065 acc 0.0153 corr 0.121
ep  26 | train total 0.0288 acc 0.0288 flops 0.0000 p_super 0.057 || val p_super 0.061 acc 0.0162 corr 0.097
ep  27 | train total 0.0277 acc 0.0277 flops 0.0000 p_super 0.057 || val p_super 0.064 acc 0.0140 corr 0.149
ep  28 | train total 0.0275 acc 0.0275 flops 0.0000 p_super 0.057 || val p_super 0.059 acc 0.0153 corr 0.099
ep  29 | train total 0.0251 acc 0.0251 flops 0.0000 p_super 0.057 || val p_super 0.070 acc 0.0164 corr 0.114
ep  30 | train total 0.0242 acc 0.0242 flops 0.0000 p_super 0.057 || val p_super 0.071 acc 0.0160 corr 0.106
ep  31 | train total 0.0239 acc 0.0239 flops 0.0000 p_super 0.057 || val p_super 0.055 acc 0.0159 corr 0.114
ep  32 | train total 0.0238 acc 0.0238 flops 0.0000 p_super 0.057 || val p_super 0.066 acc 0.0144 corr 0.130
ep  33 | train total 0.0245 acc 0.0245 flops 0.0000 p_super 0.057 || val p_super 0.056 acc 0.0191 corr 0.066
ep  34 | train total 0.0242 acc 0.0242 flops 0.0000 p_super 0.057 || val p_super 0.058 acc 0.0166 corr 0.076
ep  35 | train total 0.0237 acc 0.0237 flops 0.0000 p_super 0.057 || val p_super 0.060 acc 0.0148 corr 0.124
ep  36 | train total 0.0226 acc 0.0226 flops 0.0000 p_super 0.057 || val p_super 0.060 acc 0.0162 corr 0.096
ep  37 | train total 0.0225 acc 0.0225 flops 0.0000 p_super 0.057 || val p_super 0.054 acc 0.0144 corr 0.119
ep  38 | train total 0.0225 acc 0.0225 flops 0.0000 p_super 0.057 || val p_super 0.058 acc 0.0143 corr 0.129
ep  39 | train total 0.0227 acc 0.0227 flops 0.0000 p_super 0.058 || val p_super 0.062 acc 0.0145 corr 0.145
ep  40 | train total 0.0225 acc 0.0225 flops 0.0000 p_super 0.057 || val p_super 0.059 acc 0.0158 corr 0.082
ep  41 | train total 0.0219 acc 0.0219 flops 0.0000 p_super 0.057 || val p_super 0.059 acc 0.0154 corr 0.107
ep  42 | train total 0.0217 acc 0.0217 flops 0.0000 p_super 0.057 || val p_super 0.069 acc 0.0146 corr 0.138
ep  43 | train total 0.0221 acc 0.0221 flops 0.0000 p_super 0.057 || val p_super 0.062 acc 0.0147 corr 0.143
ep  44 | train total 0.0217 acc 0.0217 flops 0.0000 p_super 0.057 || val p_super 0.066 acc 0.0147 corr 0.125
ep  45 | train total 0.0214 acc 0.0214 flops 0.0000 p_super 0.057 || val p_super 0.061 acc 0.0154 corr 0.096
ep  46 | train total 0.0212 acc 0.0212 flops 0.0000 p_super 0.057 || val p_super 0.062 acc 0.0154 corr 0.088
ep  47 | train total 0.0205 acc 0.0205 flops 0.0000 p_super 0.058 || val p_super 0.065 acc 0.0143 corr 0.152
ep  48 | train total 0.0201 acc 0.0201 flops 0.0000 p_super 0.057 || val p_super 0.062 acc 0.0152 corr 0.115
ep  49 | train total 0.0204 acc 0.0204 flops 0.0000 p_super 0.057 || val p_super 0.060 acc 0.0161 corr 0.103
[*] log -> /home/hslee/context-anydepth-det/anydepth-yolov12/method02_advantage_regress_tinyConv/outputs/bdd100k/logs/20260605_140601_lf1.0_lu0.1_seed4.log
[*] best val_corr=0.16741 @ epoch 6 (of 50)
[*] saved policy (val-best) -> method02_advantage_regress_tinyConv/outputs/bdd100k/policy_4.pt
