# {"dataset": "kitti", "cache": "/home/hslee/Desktop/Embedded_AI/context-anydepth-det/anydepth-yolov12/method01_advantage_regress/outputs/kitti/cache_train.pt", "val_cache": "/home/hslee/Desktop/Embedded_AI/context-anydepth-det/anydepth-yolov12/method01_advantage_regress/outputs/kitti/cache_val.pt", "flops": "/home/hslee/Desktop/Embedded_AI/context-anydepth-det/anydepth-yolov12/method01_advantage_regress/outputs/kitti/flops_table.json", "epochs": 300, "batch": 256, "lr": 0.001, "lambda_flops": 1.0, "lambda_uni": 0.1, "hidden": 128, "group_dim": 64, "path_dim": 64, "feat": "input", "norm": "batch", "dropout": 0.0, "weight_decay": 0.0, "select": "val_corr", "mode": "regress", "margin": 0.0, "seed": 4, "device": "cuda:0", "out": "method01_advantage_regress/outputs/kitti/B1_pd64/policy_input_s4.pt", "logdir": "method01_advantage_regress/outputs/kitti/B1_pd64/logs", "tag": "B1_pd64_s4"}
epoch	total	l_acc	l_flops	l_uni	p_super	val_p_super	val_l_acc
0	0.04703	0.04703	0.00000	0.00000	0.1121	0.1043	0.04205
1	0.04161	0.04161	0.00000	0.00000	0.1124	0.0861	0.04121
2	0.03999	0.03999	0.00000	0.00000	0.1103	0.1236	0.04022
3	0.03893	0.03893	0.00000	0.00000	0.1125	0.1036	0.03976
4	0.03690	0.03690	0.00000	0.00000	0.1105	0.1028	0.04077
5	0.03630	0.03630	0.00000	0.00000	0.1102	0.1186	0.04059
6	0.03580	0.03580	0.00000	0.00000	0.1091	0.1314	0.04010
7	0.03517	0.03517	0.00000	0.00000	0.1149	0.0964	0.04003
8	0.03396	0.03396	0.00000	0.00000	0.1100	0.0984	0.04000
9	0.03300	0.03300	0.00000	0.00000	0.1115	0.1145	0.03941
10	0.03334	0.03334	0.00000	0.00000	0.1121	0.1091	0.04044
11	0.03315	0.03315	0.00000	0.00000	0.1115	0.1120	0.03906
12	0.03146	0.03146	0.00000	0.00000	0.1119	0.1054	0.03961
13	0.03092	0.03092	0.00000	0.00000	0.1111	0.1112	0.03966
14	0.03054	0.03054	0.00000	0.00000	0.1106	0.1348	0.04103
15	0.03022	0.03022	0.00000	0.00000	0.1115	0.1004	0.04036
16	0.03050	0.03050	0.00000	0.00000	0.1115	0.0999	0.04116
17	0.02888	0.02888	0.00000	0.00000	0.1140	0.0773	0.04253
18	0.02881	0.02881	0.00000	0.00000	0.1115	0.1016	0.04137
19	0.02866	0.02866	0.00000	0.00000	0.1120	0.1120	0.04228
20	0.03010	0.03010	0.00000	0.00000	0.1102	0.1155	0.04184
21	0.02903	0.02903	0.00000	0.00000	0.1097	0.1247	0.04138
22	0.02781	0.02781	0.00000	0.00000	0.1101	0.1048	0.04199
23	0.02830	0.02830	0.00000	0.00000	0.1106	0.1283	0.04209
24	0.02736	0.02736	0.00000	0.00000	0.1157	0.0794	0.04296
25	0.02612	0.02612	0.00000	0.00000	0.1091	0.0993	0.04204
26	0.02564	0.02564	0.00000	0.00000	0.1123	0.1063	0.03948
27	0.02515	0.02515	0.00000	0.00000	0.1111	0.1065	0.03968
28	0.02472	0.02472	0.00000	0.00000	0.1119	0.1076	0.04162
29	0.02544	0.02544	0.00000	0.00000	0.1142	0.0574	0.04439
30	0.02448	0.02448	0.00000	0.00000	0.1110	0.1095	0.04031
31	0.02319	0.02319	0.00000	0.00000	0.1091	0.1168	0.04105
32	0.02343	0.02343	0.00000	0.00000	0.1113	0.1154	0.04288
33	0.02312	0.02312	0.00000	0.00000	0.1115	0.1340	0.04281
34	0.02289	0.02289	0.00000	0.00000	0.1112	0.0903	0.04125
35	0.02228	0.02228	0.00000	0.00000	0.1134	0.1323	0.04307
36	0.02091	0.02091	0.00000	0.00000	0.1125	0.0939	0.04299
37	0.02195	0.02195	0.00000	0.00000	0.1111	0.0790	0.04406
38	0.02206	0.02206	0.00000	0.00000	0.1127	0.0801	0.04374
39	0.02272	0.02272	0.00000	0.00000	0.1064	0.1520	0.04402
40	0.02141	0.02141	0.00000	0.00000	0.1102	0.1093	0.04186
41	0.02058	0.02058	0.00000	0.00000	0.1118	0.1137	0.04374
42	0.02019	0.02019	0.00000	0.00000	0.1110	0.1110	0.04310
43	0.01949	0.01949	0.00000	0.00000	0.1104	0.1166	0.04207
44	0.01977	0.01977	0.00000	0.00000	0.1125	0.1005	0.04377
45	0.01967	0.01967	0.00000	0.00000	0.1108	0.1252	0.04236
46	0.01911	0.01911	0.00000	0.00000	0.1127	0.0889	0.04340
47	0.01961	0.01961	0.00000	0.00000	0.1116	0.0935	0.04430
48	0.01932	0.01932	0.00000	0.00000	0.1116	0.1194	0.04576
49	0.01892	0.01892	0.00000	0.00000	0.1106	0.1060	0.04429
50	0.01818	0.01818	0.00000	0.00000	0.1124	0.1083	0.04340
51	0.01795	0.01795	0.00000	0.00000	0.1110	0.1191	0.04571
52	0.01760	0.01760	0.00000	0.00000	0.1111	0.1003	0.04457
53	0.01762	0.01762	0.00000	0.00000	0.1112	0.1355	0.04872
54	0.01780	0.01780	0.00000	0.00000	0.1104	0.1083	0.04299
55	0.01722	0.01722	0.00000	0.00000	0.1119	0.0801	0.04483
56	0.01767	0.01767	0.00000	0.00000	0.1132	0.1010	0.04360
57	0.01734	0.01734	0.00000	0.00000	0.1115	0.0869	0.04507
58	0.01703	0.01703	0.00000	0.00000	0.1104	0.0994	0.04344
59	0.01679	0.01679	0.00000	0.00000	0.1118	0.1152	0.04611
60	0.01619	0.01619	0.00000	0.00000	0.1102	0.1124	0.04371
61	0.01584	0.01584	0.00000	0.00000	0.1105	0.1206	0.04519
62	0.01573	0.01573	0.00000	0.00000	0.1099	0.1342	0.04565
63	0.01642	0.01642	0.00000	0.00000	0.1120	0.1125	0.04324
64	0.01539	0.01539	0.00000	0.00000	0.1130	0.0933	0.04457
65	0.01457	0.01457	0.00000	0.00000	0.1111	0.0883	0.04619
66	0.01449	0.01449	0.00000	0.00000	0.1114	0.1251	0.04467
67	0.01433	0.01433	0.00000	0.00000	0.1123	0.1142	0.04710
68	0.01462	0.01462	0.00000	0.00000	0.1113	0.1042	0.04554
69	0.01390	0.01390	0.00000	0.00000	0.1107	0.1129	0.04647
70	0.01413	0.01413	0.00000	0.00000	0.1126	0.1101	0.04547
71	0.01436	0.01436	0.00000	0.00000	0.1104	0.1410	0.04871
72	0.01452	0.01452	0.00000	0.00000	0.1115	0.1055	0.04487
73	0.01384	0.01384	0.00000	0.00000	0.1111	0.1216	0.04512
74	0.01338	0.01338	0.00000	0.00000	0.1118	0.1134	0.04412
75	0.01396	0.01396	0.00000	0.00000	0.1113	0.1030	0.04673
76	0.01430	0.01430	0.00000	0.00000	0.1113	0.0881	0.04635
77	0.01354	0.01354	0.00000	0.00000	0.1121	0.0888	0.04517
78	0.01340	0.01340	0.00000	0.00000	0.1099	0.1141	0.04635
79	0.01327	0.01327	0.00000	0.00000	0.1121	0.1079	0.04580
80	0.01261	0.01261	0.00000	0.00000	0.1123	0.1163	0.04782
81	0.01273	0.01273	0.00000	0.00000	0.1104	0.1068	0.04578
82	0.01361	0.01361	0.00000	0.00000	0.1100	0.0922	0.04726
83	0.01322	0.01322	0.00000	0.00000	0.1111	0.1036	0.04536
84	0.01297	0.01297	0.00000	0.00000	0.1109	0.1154	0.04573
85	0.01245	0.01245	0.00000	0.00000	0.1125	0.0992	0.04662
86	0.01218	0.01218	0.00000	0.00000	0.1111	0.0986	0.04763
87	0.01316	0.01316	0.00000	0.00000	0.1122	0.0965	0.04751
88	0.01309	0.01309	0.00000	0.00000	0.1086	0.1165	0.04755
89	0.01205	0.01205	0.00000	0.00000	0.1120	0.1138	0.04637
90	0.01214	0.01214	0.00000	0.00000	0.1118	0.1136	0.04547
91	0.01189	0.01189	0.00000	0.00000	0.1107	0.1310	0.04861
92	0.01221	0.01221	0.00000	0.00000	0.1111	0.1073	0.04676
93	0.01223	0.01223	0.00000	0.00000	0.1123	0.1093	0.04645
94	0.01219	0.01219	0.00000	0.00000	0.1120	0.0943	0.04616
95	0.01195	0.01195	0.00000	0.00000	0.1104	0.1030	0.04714
96	0.01182	0.01182	0.00000	0.00000	0.1109	0.1326	0.04625
97	0.01136	0.01136	0.00000	0.00000	0.1129	0.1179	0.04721
98	0.01123	0.01123	0.00000	0.00000	0.1110	0.1135	0.04665
99	0.01159	0.01159	0.00000	0.00000	0.1124	0.1165	0.04731
100	0.01152	0.01152	0.00000	0.00000	0.1111	0.1053	0.04951
101	0.01137	0.01137	0.00000	0.00000	0.1111	0.1076	0.04915
102	0.01188	0.01188	0.00000	0.00000	0.1104	0.1150	0.04769
103	0.01142	0.01142	0.00000	0.00000	0.1134	0.0890	0.04681
104	0.01112	0.01112	0.00000	0.00000	0.1089	0.1125	0.04736
105	0.01133	0.01133	0.00000	0.00000	0.1121	0.1151	0.04653
106	0.01116	0.01116	0.00000	0.00000	0.1111	0.0953	0.04656
107	0.01051	0.01051	0.00000	0.00000	0.1108	0.1135	0.04644
108	0.01058	0.01058	0.00000	0.00000	0.1103	0.1121	0.04772
109	0.01045	0.01045	0.00000	0.00000	0.1120	0.1110	0.04764
110	0.01122	0.01122	0.00000	0.00000	0.1115	0.1148	0.04797
111	0.01079	0.01079	0.00000	0.00000	0.1121	0.1027	0.04668
112	0.01075	0.01075	0.00000	0.00000	0.1103	0.1054	0.04871
113	0.00992	0.00992	0.00000	0.00000	0.1120	0.1149	0.04699
114	0.01133	0.01133	0.00000	0.00000	0.1111	0.1315	0.04777
115	0.01078	0.01078	0.00000	0.00000	0.1125	0.1075	0.04680
116	0.01037	0.01037	0.00000	0.00000	0.1102	0.1020	0.04808
117	0.01018	0.01018	0.00000	0.00000	0.1123	0.0955	0.04739
118	0.01025	0.01025	0.00000	0.00000	0.1119	0.0702	0.04903
119	0.01053	0.01053	0.00000	0.00000	0.1099	0.0991	0.04818
120	0.01012	0.01012	0.00000	0.00000	0.1109	0.1030	0.04848
121	0.00981	0.00981	0.00000	0.00000	0.1100	0.1241	0.04916
122	0.00994	0.00994	0.00000	0.00000	0.1119	0.1071	0.04971
123	0.01026	0.01026	0.00000	0.00000	0.1115	0.1123	0.04678
124	0.01104	0.01104	0.00000	0.00000	0.1116	0.1149	0.04608
125	0.01086	0.01086	0.00000	0.00000	0.1110	0.1110	0.04822
126	0.01015	0.01015	0.00000	0.00000	0.1119	0.1106	0.04759
127	0.00957	0.00957	0.00000	0.00000	0.1113	0.1124	0.04717
128	0.00956	0.00956	0.00000	0.00000	0.1117	0.1052	0.04808
129	0.00985	0.00985	0.00000	0.00000	0.1126	0.0993	0.04828
130	0.00969	0.00969	0.00000	0.00000	0.1092	0.1131	0.04653
131	0.00978	0.00978	0.00000	0.00000	0.1122	0.1018	0.04694
132	0.00934	0.00934	0.00000	0.00000	0.1105	0.1141	0.04815
133	0.00930	0.00930	0.00000	0.00000	0.1125	0.0961	0.04760
134	0.00962	0.00962	0.00000	0.00000	0.1111	0.1154	0.04678
135	0.00978	0.00978	0.00000	0.00000	0.1121	0.1110	0.04777
136	0.00945	0.00945	0.00000	0.00000	0.1119	0.0960	0.04855
137	0.00942	0.00942	0.00000	0.00000	0.1109	0.0900	0.04744
138	0.00904	0.00904	0.00000	0.00000	0.1113	0.1030	0.04684
139	0.00886	0.00886	0.00000	0.00000	0.1111	0.1202	0.04736
140	0.00920	0.00920	0.00000	0.00000	0.1118	0.1127	0.04653
141	0.00899	0.00899	0.00000	0.00000	0.1115	0.0989	0.04778
142	0.00906	0.00906	0.00000	0.00000	0.1114	0.1024	0.04867
143	0.00921	0.00921	0.00000	0.00000	0.1112	0.1078	0.04667
144	0.00943	0.00943	0.00000	0.00000	0.1118	0.0866	0.04816
145	0.00945	0.00945	0.00000	0.00000	0.1119	0.0899	0.04758
146	0.00961	0.00961	0.00000	0.00000	0.1111	0.1016	0.04640
147	0.00888	0.00888	0.00000	0.00000	0.1115	0.0982	0.04831
148	0.00951	0.00951	0.00000	0.00000	0.1104	0.1252	0.04802
149	0.00954	0.00954	0.00000	0.00000	0.1133	0.0993	0.04884
150	0.00918	0.00918	0.00000	0.00000	0.1101	0.1179	0.04763
151	0.00895	0.00895	0.00000	0.00000	0.1121	0.1108	0.04674
152	0.00891	0.00891	0.00000	0.00000	0.1113	0.1011	0.04884
153	0.00896	0.00896	0.00000	0.00000	0.1116	0.1025	0.04555
154	0.00891	0.00891	0.00000	0.00000	0.1112	0.1109	0.04597
155	0.00883	0.00883	0.00000	0.00000	0.1107	0.1077	0.04747
156	0.00877	0.00877	0.00000	0.00000	0.1120	0.0929	0.04790
157	0.00880	0.00880	0.00000	0.00000	0.1119	0.1057	0.04961
158	0.00918	0.00918	0.00000	0.00000	0.1107	0.1036	0.04909
159	0.00856	0.00856	0.00000	0.00000	0.1104	0.1316	0.04889
160	0.00888	0.00888	0.00000	0.00000	0.1115	0.1385	0.04798
161	0.00954	0.00954	0.00000	0.00000	0.1110	0.1405	0.04903
162	0.00874	0.00874	0.00000	0.00000	0.1118	0.1153	0.04811
163	0.00876	0.00876	0.00000	0.00000	0.1119	0.1044	0.04611
164	0.00887	0.00887	0.00000	0.00000	0.1108	0.0999	0.04593
165	0.00892	0.00892	0.00000	0.00000	0.1121	0.1118	0.04855
166	0.00848	0.00848	0.00000	0.00000	0.1115	0.1158	0.04673
167	0.00836	0.00836	0.00000	0.00000	0.1120	0.1066	0.04687
168	0.00800	0.00800	0.00000	0.00000	0.1110	0.1130	0.04760
169	0.00839	0.00839	0.00000	0.00000	0.1112	0.1212	0.04624
170	0.00864	0.00864	0.00000	0.00000	0.1114	0.1198	0.04753
171	0.00833	0.00833	0.00000	0.00000	0.1119	0.0949	0.04751
172	0.00823	0.00823	0.00000	0.00000	0.1106	0.0986	0.04760
173	0.00891	0.00891	0.00000	0.00000	0.1128	0.0923	0.04905
174	0.00837	0.00837	0.00000	0.00000	0.1100	0.1103	0.04640
175	0.00815	0.00815	0.00000	0.00000	0.1113	0.1144	0.04769
176	0.00809	0.00809	0.00000	0.00000	0.1108	0.1050	0.04928
177	0.00817	0.00817	0.00000	0.00000	0.1129	0.1009	0.04746
178	0.00778	0.00778	0.00000	0.00000	0.1118	0.0694	0.04941
179	0.00911	0.00911	0.00000	0.00000	0.1101	0.1073	0.04716
180	0.00824	0.00824	0.00000	0.00000	0.1130	0.1017	0.04822
181	0.00771	0.00771	0.00000	0.00000	0.1106	0.1172	0.04853
182	0.00791	0.00791	0.00000	0.00000	0.1120	0.1186	0.04956
183	0.00782	0.00782	0.00000	0.00000	0.1119	0.1092	0.04741
184	0.00836	0.00836	0.00000	0.00000	0.1111	0.0992	0.04596
185	0.00798	0.00798	0.00000	0.00000	0.1104	0.1105	0.04691
186	0.00818	0.00818	0.00000	0.00000	0.1116	0.0996	0.04699
187	0.00806	0.00806	0.00000	0.00000	0.1104	0.1195	0.04676
188	0.00837	0.00837	0.00000	0.00000	0.1119	0.1137	0.04926
189	0.00886	0.00886	0.00000	0.00000	0.1129	0.0908	0.04743
190	0.00868	0.00868	0.00000	0.00000	0.1091	0.1206	0.04859
191	0.00829	0.00829	0.00000	0.00000	0.1120	0.1226	0.04707
192	0.00744	0.00744	0.00000	0.00000	0.1118	0.1058	0.04751
193	0.00765	0.00765	0.00000	0.00000	0.1099	0.1160	0.04681
194	0.00832	0.00832	0.00000	0.00000	0.1118	0.1300	0.04812
195	0.00773	0.00773	0.00000	0.00000	0.1115	0.1141	0.04810
196	0.00762	0.00762	0.00000	0.00000	0.1121	0.0928	0.04612
197	0.00750	0.00750	0.00000	0.00000	0.1112	0.1064	0.04710
198	0.00731	0.00731	0.00000	0.00000	0.1107	0.1008	0.04801
199	0.00794	0.00794	0.00000	0.00000	0.1121	0.0884	0.04688
200	0.00838	0.00838	0.00000	0.00000	0.1119	0.1040	0.04716
201	0.00795	0.00795	0.00000	0.00000	0.1114	0.0951	0.04690
202	0.00775	0.00775	0.00000	0.00000	0.1115	0.1120	0.04827
203	0.00750	0.00750	0.00000	0.00000	0.1112	0.1017	0.04813
204	0.00707	0.00707	0.00000	0.00000	0.1118	0.1090	0.04705
205	0.00719	0.00719	0.00000	0.00000	0.1107	0.1043	0.04724
206	0.00733	0.00733	0.00000	0.00000	0.1120	0.1108	0.04658
207	0.00762	0.00762	0.00000	0.00000	0.1103	0.0944	0.04829
208	0.00733	0.00733	0.00000	0.00000	0.1128	0.0849	0.04948
209	0.00780	0.00780	0.00000	0.00000	0.1108	0.1140	0.04855
210	0.00799	0.00799	0.00000	0.00000	0.1110	0.1139	0.04793
211	0.00734	0.00734	0.00000	0.00000	0.1106	0.1156	0.04640
212	0.00723	0.00723	0.00000	0.00000	0.1126	0.1071	0.04681
213	0.00749	0.00749	0.00000	0.00000	0.1120	0.1035	0.04624
214	0.00734	0.00734	0.00000	0.00000	0.1111	0.1117	0.04659
215	0.00740	0.00740	0.00000	0.00000	0.1126	0.0923	0.04664
216	0.00819	0.00819	0.00000	0.00000	0.1107	0.1020	0.04798
217	0.00776	0.00776	0.00000	0.00000	0.1114	0.1069	0.04714
218	0.00751	0.00751	0.00000	0.00000	0.1129	0.1143	0.04559
219	0.00715	0.00715	0.00000	0.00000	0.1114	0.1202	0.04827
220	0.00733	0.00733	0.00000	0.00000	0.1120	0.0973	0.04801
221	0.00689	0.00689	0.00000	0.00000	0.1115	0.1045	0.04637
222	0.00728	0.00728	0.00000	0.00000	0.1112	0.1215	0.04710
223	0.00683	0.00683	0.00000	0.00000	0.1113	0.1037	0.04659
224	0.00677	0.00677	0.00000	0.00000	0.1113	0.1083	0.04779
225	0.00711	0.00711	0.00000	0.00000	0.1117	0.1100	0.04663
226	0.00717	0.00717	0.00000	0.00000	0.1107	0.1021	0.04678
227	0.00739	0.00739	0.00000	0.00000	0.1118	0.1006	0.04791
228	0.00753	0.00753	0.00000	0.00000	0.1107	0.1325	0.04709
229	0.00759	0.00759	0.00000	0.00000	0.1118	0.1274	0.04645
230	0.00722	0.00722	0.00000	0.00000	0.1131	0.1047	0.04801
231	0.00708	0.00708	0.00000	0.00000	0.1109	0.1094	0.04890
232	0.00692	0.00692	0.00000	0.00000	0.1122	0.1046	0.04828
233	0.00723	0.00723	0.00000	0.00000	0.1109	0.1154	0.04760
234	0.00733	0.00733	0.00000	0.00000	0.1112	0.0973	0.04947
235	0.00732	0.00732	0.00000	0.00000	0.1114	0.1159	0.04758
236	0.00764	0.00764	0.00000	0.00000	0.1116	0.1075	0.04784
237	0.00785	0.00785	0.00000	0.00000	0.1119	0.1141	0.04623
238	0.00764	0.00764	0.00000	0.00000	0.1107	0.1194	0.04917
239	0.00758	0.00758	0.00000	0.00000	0.1121	0.1133	0.04806
240	0.00708	0.00708	0.00000	0.00000	0.1127	0.1079	0.04855
241	0.00721	0.00721	0.00000	0.00000	0.1112	0.1124	0.04754
242	0.00724	0.00724	0.00000	0.00000	0.1112	0.0921	0.04583
243	0.00679	0.00679	0.00000	0.00000	0.1107	0.0932	0.04681
244	0.00650	0.00650	0.00000	0.00000	0.1119	0.1130	0.04649
245	0.00794	0.00794	0.00000	0.00000	0.1107	0.1166	0.04718
246	0.00761	0.00761	0.00000	0.00000	0.1105	0.1216	0.04685
247	0.00778	0.00778	0.00000	0.00000	0.1122	0.1240	0.04745
248	0.00725	0.00725	0.00000	0.00000	0.1118	0.1078	0.04838
249	0.00680	0.00680	0.00000	0.00000	0.1109	0.1164	0.04660
250	0.00696	0.00696	0.00000	0.00000	0.1117	0.1068	0.04659
251	0.00676	0.00676	0.00000	0.00000	0.1106	0.1171	0.04620
252	0.00714	0.00714	0.00000	0.00000	0.1103	0.1013	0.04776
253	0.00676	0.00676	0.00000	0.00000	0.1113	0.1175	0.04635
254	0.00671	0.00671	0.00000	0.00000	0.1118	0.1176	0.04648
255	0.00683	0.00683	0.00000	0.00000	0.1112	0.0948	0.04726
256	0.00713	0.00713	0.00000	0.00000	0.1127	0.0955	0.04793
257	0.00666	0.00666	0.00000	0.00000	0.1115	0.1062	0.04766
258	0.00659	0.00659	0.00000	0.00000	0.1114	0.1123	0.04705
259	0.00673	0.00673	0.00000	0.00000	0.1117	0.1006	0.04545
260	0.00613	0.00613	0.00000	0.00000	0.1114	0.1021	0.04730
261	0.00617	0.00617	0.00000	0.00000	0.1118	0.1074	0.04901
262	0.00626	0.00626	0.00000	0.00000	0.1111	0.1200	0.04712
263	0.00690	0.00690	0.00000	0.00000	0.1109	0.1170	0.04777
264	0.00810	0.00810	0.00000	0.00000	0.1108	0.1153	0.04764
265	0.00746	0.00746	0.00000	0.00000	0.1123	0.0976	0.04750
266	0.00745	0.00745	0.00000	0.00000	0.1099	0.1206	0.04731
267	0.00736	0.00736	0.00000	0.00000	0.1120	0.1202	0.04456
268	0.00705	0.00705	0.00000	0.00000	0.1124	0.1062	0.04735
269	0.00661	0.00661	0.00000	0.00000	0.1124	0.1105	0.04722
270	0.00644	0.00644	0.00000	0.00000	0.1119	0.0947	0.04747
271	0.00660	0.00660	0.00000	0.00000	0.1105	0.1216	0.04735
272	0.00694	0.00694	0.00000	0.00000	0.1116	0.1212	0.04650
273	0.00691	0.00691	0.00000	0.00000	0.1112	0.1100	0.04790
274	0.00631	0.00631	0.00000	0.00000	0.1120	0.1022	0.04654
275	0.00609	0.00609	0.00000	0.00000	0.1114	0.1128	0.04674
276	0.00632	0.00632	0.00000	0.00000	0.1123	0.1069	0.04651
277	0.00603	0.00603	0.00000	0.00000	0.1123	0.0965	0.04781
278	0.00608	0.00608	0.00000	0.00000	0.1104	0.1178	0.04802
279	0.00613	0.00613	0.00000	0.00000	0.1120	0.1084	0.04734
280	0.00640	0.00640	0.00000	0.00000	0.1113	0.1098	0.04663
281	0.00687	0.00687	0.00000	0.00000	0.1107	0.1094	0.04667
282	0.00658	0.00658	0.00000	0.00000	0.1115	0.1147	0.04620
283	0.00677	0.00677	0.00000	0.00000	0.1113	0.1201	0.04734
284	0.00719	0.00719	0.00000	0.00000	0.1102	0.1202	0.04652
285	0.00645	0.00645	0.00000	0.00000	0.1109	0.1169	0.04569
286	0.00619	0.00619	0.00000	0.00000	0.1105	0.1137	0.04759
287	0.00544	0.00544	0.00000	0.00000	0.1115	0.1058	0.04593
288	0.00640	0.00640	0.00000	0.00000	0.1109	0.1151	0.04766
289	0.00661	0.00661	0.00000	0.00000	0.1109	0.1185	0.04670
290	0.00703	0.00703	0.00000	0.00000	0.1126	0.1005	0.04901
291	0.00660	0.00660	0.00000	0.00000	0.1108	0.1004	0.04788
292	0.00594	0.00594	0.00000	0.00000	0.1123	0.0960	0.04757
293	0.00608	0.00608	0.00000	0.00000	0.1101	0.1048	0.04731
294	0.00614	0.00614	0.00000	0.00000	0.1107	0.1205	0.04710
295	0.00666	0.00666	0.00000	0.00000	0.1111	0.1037	0.04761
296	0.00664	0.00664	0.00000	0.00000	0.1112	0.1034	0.04737
297	0.00708	0.00708	0.00000	0.00000	0.1114	0.1069	0.04770
298	0.00911	0.00911	0.00000	0.00000	0.1114	0.1135	0.04686
299	0.00770	0.00770	0.00000	0.00000	0.1120	0.1029	0.04765
