# {"dataset": "kitti", "cache": "method02_advantage_regress_tinyConv/outputs/kitti/cache_train_g8.pt", "val_cache": "method02_advantage_regress_tinyConv/outputs/kitti/cache_val_g8.pt", "flops": "/home/hslee/Desktop/Embedded_AI/context-anydepth-det/anydepth-yolov12/method02_advantage_regress_tinyConv/outputs/kitti/flops_table.json", "epochs": 300, "batch": 256, "lr": 0.001, "lambda_flops": 1.0, "lambda_uni": 0.1, "hidden": 128, "group_dim": 64, "path_dim": 8, "feat": "input", "norm": "batch", "dropout": 0.0, "weight_decay": 0.0, "select": "val_corr", "mode": "regress", "regress_loss": "mse", "margin": 0.0, "prev_p": 0.5, "seed": 3, "device": "cuda:0", "out": "method02_advantage_regress_tinyConv/outputs/kitti/ablation/policy_input_g8_s3.pt", "logdir": "method02_advantage_regress_tinyConv/outputs/kitti/ablation/logs", "tag": "g8_s3"}
epoch	total	l_acc	l_flops	l_uni	p_super	val_p_super	val_l_acc
0	0.04308	0.04308	0.00000	0.00000	0.1099	0.1099	0.04195
1	0.04181	0.04181	0.00000	0.00000	0.1132	0.0893	0.04154
2	0.04085	0.04085	0.00000	0.00000	0.1123	0.0854	0.04097
3	0.04043	0.04043	0.00000	0.00000	0.1119	0.0910	0.04039
4	0.03923	0.03923	0.00000	0.00000	0.1092	0.1239	0.04008
5	0.03816	0.03816	0.00000	0.00000	0.1089	0.1286	0.03967
6	0.03770	0.03770	0.00000	0.00000	0.1149	0.0684	0.04161
7	0.03639	0.03639	0.00000	0.00000	0.1127	0.0965	0.03911
8	0.03521	0.03521	0.00000	0.00000	0.1081	0.1496	0.04078
9	0.03451	0.03451	0.00000	0.00000	0.1159	0.0899	0.03863
10	0.03361	0.03361	0.00000	0.00000	0.1102	0.0736	0.04021
11	0.03280	0.03280	0.00000	0.00000	0.1102	0.1185	0.03865
12	0.03137	0.03137	0.00000	0.00000	0.1135	0.0858	0.03956
13	0.03169	0.03169	0.00000	0.00000	0.1101	0.1096	0.03795
14	0.02922	0.02922	0.00000	0.00000	0.1115	0.0964	0.03973
15	0.02958	0.02958	0.00000	0.00000	0.1123	0.0958	0.03875
16	0.02784	0.02784	0.00000	0.00000	0.1121	0.1190	0.03871
17	0.02677	0.02677	0.00000	0.00000	0.1118	0.1100	0.03870
18	0.02590	0.02590	0.00000	0.00000	0.1116	0.0822	0.03946
19	0.02520	0.02520	0.00000	0.00000	0.1115	0.0538	0.04218
20	0.02490	0.02490	0.00000	0.00000	0.1114	0.1034	0.03920
21	0.02367	0.02367	0.00000	0.00000	0.1122	0.0926	0.04140
22	0.02339	0.02339	0.00000	0.00000	0.1120	0.0658	0.04192
23	0.02297	0.02297	0.00000	0.00000	0.1112	0.0697	0.04184
24	0.02240	0.02240	0.00000	0.00000	0.1083	0.1503	0.04388
25	0.02086	0.02086	0.00000	0.00000	0.1124	0.1071	0.04072
26	0.02028	0.02028	0.00000	0.00000	0.1115	0.0983	0.04025
27	0.01977	0.01977	0.00000	0.00000	0.1110	0.1448	0.04320
28	0.01985	0.01985	0.00000	0.00000	0.1109	0.1384	0.04227
29	0.01822	0.01822	0.00000	0.00000	0.1128	0.1647	0.04536
30	0.02006	0.02006	0.00000	0.00000	0.1143	0.0528	0.04377
31	0.01908	0.01908	0.00000	0.00000	0.1083	0.1607	0.04494
32	0.01693	0.01693	0.00000	0.00000	0.1131	0.0545	0.04532
33	0.01748	0.01748	0.00000	0.00000	0.1082	0.1941	0.05052
34	0.01777	0.01777	0.00000	0.00000	0.1152	0.0957	0.04268
35	0.01556	0.01556	0.00000	0.00000	0.1119	0.1007	0.04228
36	0.01504	0.01504	0.00000	0.00000	0.1120	0.0849	0.04366
37	0.01527	0.01527	0.00000	0.00000	0.1111	0.0898	0.04298
38	0.01504	0.01504	0.00000	0.00000	0.1094	0.1251	0.04349
39	0.01451	0.01451	0.00000	0.00000	0.1120	0.0992	0.04415
40	0.01448	0.01448	0.00000	0.00000	0.1116	0.0966	0.04374
41	0.01376	0.01376	0.00000	0.00000	0.1122	0.0704	0.04498
42	0.01294	0.01294	0.00000	0.00000	0.1113	0.0943	0.04538
43	0.01257	0.01257	0.00000	0.00000	0.1111	0.0969	0.04375
44	0.01288	0.01288	0.00000	0.00000	0.1111	0.1312	0.04446
45	0.01238	0.01238	0.00000	0.00000	0.1115	0.1341	0.04649
46	0.01246	0.01246	0.00000	0.00000	0.1141	0.0279	0.05127
47	0.01327	0.01327	0.00000	0.00000	0.1077	0.1660	0.04752
48	0.01154	0.01154	0.00000	0.00000	0.1146	0.0758	0.04642
49	0.01106	0.01106	0.00000	0.00000	0.1091	0.1495	0.04773
50	0.01059	0.01059	0.00000	0.00000	0.1130	0.0827	0.04627
51	0.01203	0.01203	0.00000	0.00000	0.1091	0.1255	0.04691
52	0.01099	0.01099	0.00000	0.00000	0.1122	0.0852	0.04693
53	0.01034	0.01034	0.00000	0.00000	0.1105	0.1436	0.04761
54	0.01144	0.01144	0.00000	0.00000	0.1120	0.0804	0.04656
55	0.01006	0.01006	0.00000	0.00000	0.1107	0.1071	0.04603
56	0.00966	0.00966	0.00000	0.00000	0.1115	0.1168	0.04705
57	0.01000	0.01000	0.00000	0.00000	0.1100	0.1602	0.04928
58	0.00922	0.00922	0.00000	0.00000	0.1123	0.1153	0.04827
59	0.00961	0.00961	0.00000	0.00000	0.1111	0.1017	0.04717
60	0.01075	0.01075	0.00000	0.00000	0.1113	0.1026	0.04693
61	0.00904	0.00904	0.00000	0.00000	0.1129	0.1015	0.04823
62	0.00857	0.00857	0.00000	0.00000	0.1111	0.1200	0.04750
63	0.00822	0.00822	0.00000	0.00000	0.1116	0.1414	0.05027
64	0.00958	0.00958	0.00000	0.00000	0.1105	0.1435	0.04780
65	0.00895	0.00895	0.00000	0.00000	0.1112	0.1160	0.04913
66	0.00814	0.00814	0.00000	0.00000	0.1116	0.1106	0.04794
67	0.00847	0.00847	0.00000	0.00000	0.1119	0.0931	0.04816
68	0.00845	0.00845	0.00000	0.00000	0.1115	0.1154	0.04670
69	0.00828	0.00828	0.00000	0.00000	0.1100	0.1312	0.04691
70	0.00806	0.00806	0.00000	0.00000	0.1133	0.0733	0.04761
71	0.00801	0.00801	0.00000	0.00000	0.1095	0.1252	0.04772
72	0.00942	0.00942	0.00000	0.00000	0.1096	0.1791	0.05297
73	0.00848	0.00848	0.00000	0.00000	0.1138	0.0899	0.04786
74	0.00716	0.00716	0.00000	0.00000	0.1115	0.0756	0.04894
75	0.00770	0.00770	0.00000	0.00000	0.1101	0.1013	0.04895
76	0.00694	0.00694	0.00000	0.00000	0.1106	0.0904	0.04890
77	0.00763	0.00763	0.00000	0.00000	0.1088	0.1618	0.05121
78	0.00699	0.00699	0.00000	0.00000	0.1134	0.0874	0.04881
79	0.00716	0.00716	0.00000	0.00000	0.1098	0.1124	0.04863
80	0.00648	0.00648	0.00000	0.00000	0.1115	0.0952	0.05060
81	0.00676	0.00676	0.00000	0.00000	0.1116	0.0623	0.05050
82	0.00705	0.00705	0.00000	0.00000	0.1091	0.1601	0.05177
83	0.00725	0.00725	0.00000	0.00000	0.1136	0.1152	0.04818
84	0.00615	0.00615	0.00000	0.00000	0.1120	0.0942	0.05005
85	0.00648	0.00648	0.00000	0.00000	0.1112	0.0938	0.04816
86	0.00648	0.00648	0.00000	0.00000	0.1104	0.0925	0.05039
87	0.00736	0.00736	0.00000	0.00000	0.1105	0.1263	0.04930
88	0.00610	0.00610	0.00000	0.00000	0.1114	0.0908	0.04996
89	0.00569	0.00569	0.00000	0.00000	0.1106	0.1437	0.05161
90	0.00629	0.00629	0.00000	0.00000	0.1114	0.1428	0.05181
91	0.00555	0.00555	0.00000	0.00000	0.1118	0.1687	0.05446
92	0.00635	0.00635	0.00000	0.00000	0.1123	0.1280	0.05101
93	0.00599	0.00599	0.00000	0.00000	0.1128	0.0845	0.04950
94	0.00585	0.00585	0.00000	0.00000	0.1100	0.1350	0.05093
95	0.00530	0.00530	0.00000	0.00000	0.1126	0.1081	0.04869
96	0.00572	0.00572	0.00000	0.00000	0.1126	0.0785	0.04976
97	0.00713	0.00713	0.00000	0.00000	0.1109	0.1077	0.04858
98	0.00528	0.00528	0.00000	0.00000	0.1103	0.1113	0.04941
99	0.00541	0.00541	0.00000	0.00000	0.1106	0.1275	0.05030
100	0.00520	0.00520	0.00000	0.00000	0.1126	0.0968	0.05046
101	0.00524	0.00524	0.00000	0.00000	0.1126	0.0595	0.05210
102	0.00628	0.00628	0.00000	0.00000	0.1096	0.1349	0.05109
103	0.00512	0.00512	0.00000	0.00000	0.1125	0.0916	0.05011
104	0.00492	0.00492	0.00000	0.00000	0.1117	0.0920	0.05195
105	0.00481	0.00481	0.00000	0.00000	0.1099	0.2001	0.05987
106	0.00693	0.00693	0.00000	0.00000	0.1135	0.0985	0.04993
107	0.00458	0.00458	0.00000	0.00000	0.1113	0.1058	0.05092
108	0.00424	0.00424	0.00000	0.00000	0.1115	0.1104	0.05065
109	0.00438	0.00438	0.00000	0.00000	0.1116	0.1073	0.05065
110	0.00486	0.00486	0.00000	0.00000	0.1115	0.1094	0.05121
111	0.00495	0.00495	0.00000	0.00000	0.1123	0.1065	0.05149
112	0.00521	0.00521	0.00000	0.00000	0.1124	0.0910	0.04971
113	0.00465	0.00465	0.00000	0.00000	0.1117	0.0822	0.05073
114	0.00496	0.00496	0.00000	0.00000	0.1109	0.1158	0.05027
115	0.00461	0.00461	0.00000	0.00000	0.1110	0.1322	0.05229
116	0.00445	0.00445	0.00000	0.00000	0.1123	0.0878	0.05148
117	0.00516	0.00516	0.00000	0.00000	0.1119	0.0942	0.05125
118	0.00543	0.00543	0.00000	0.00000	0.1122	0.0805	0.05028
119	0.00435	0.00435	0.00000	0.00000	0.1098	0.1481	0.05304
120	0.00391	0.00391	0.00000	0.00000	0.1126	0.0845	0.05118
121	0.00409	0.00409	0.00000	0.00000	0.1102	0.1256	0.05157
122	0.00384	0.00384	0.00000	0.00000	0.1113	0.1229	0.05337
123	0.00468	0.00468	0.00000	0.00000	0.1110	0.1217	0.05112
124	0.00414	0.00414	0.00000	0.00000	0.1114	0.1056	0.05140
125	0.00402	0.00402	0.00000	0.00000	0.1117	0.1290	0.05282
126	0.00493	0.00493	0.00000	0.00000	0.1125	0.1044	0.05102
127	0.00417	0.00417	0.00000	0.00000	0.1117	0.1530	0.05413
128	0.00431	0.00431	0.00000	0.00000	0.1120	0.1552	0.05577
129	0.00453	0.00453	0.00000	0.00000	0.1125	0.1071	0.05154
130	0.00380	0.00380	0.00000	0.00000	0.1104	0.1532	0.05514
131	0.00455	0.00455	0.00000	0.00000	0.1123	0.0923	0.05113
132	0.00391	0.00391	0.00000	0.00000	0.1108	0.0789	0.05179
133	0.00385	0.00385	0.00000	0.00000	0.1109	0.0811	0.05271
134	0.00401	0.00401	0.00000	0.00000	0.1110	0.0924	0.05127
135	0.00383	0.00383	0.00000	0.00000	0.1101	0.1507	0.05463
136	0.00372	0.00372	0.00000	0.00000	0.1121	0.1179	0.05119
137	0.00365	0.00365	0.00000	0.00000	0.1111	0.1381	0.05188
138	0.00435	0.00435	0.00000	0.00000	0.1105	0.1796	0.05639
139	0.00748	0.00748	0.00000	0.00000	0.1124	0.1173	0.04884
140	0.00524	0.00524	0.00000	0.00000	0.1131	0.1227	0.05127
141	0.00383	0.00383	0.00000	0.00000	0.1121	0.0978	0.05113
142	0.00329	0.00329	0.00000	0.00000	0.1109	0.1325	0.05273
143	0.00347	0.00347	0.00000	0.00000	0.1123	0.0998	0.05185
144	0.00331	0.00331	0.00000	0.00000	0.1106	0.1459	0.05354
145	0.00353	0.00353	0.00000	0.00000	0.1117	0.1333	0.05252
146	0.00307	0.00307	0.00000	0.00000	0.1124	0.1045	0.05112
147	0.00345	0.00345	0.00000	0.00000	0.1109	0.1305	0.05234
148	0.00345	0.00345	0.00000	0.00000	0.1115	0.1128	0.05192
149	0.00307	0.00307	0.00000	0.00000	0.1117	0.1363	0.05303
150	0.00308	0.00308	0.00000	0.00000	0.1123	0.1290	0.05255
151	0.00406	0.00406	0.00000	0.00000	0.1125	0.0992	0.05198
152	0.00324	0.00324	0.00000	0.00000	0.1106	0.1210	0.05265
153	0.00320	0.00320	0.00000	0.00000	0.1115	0.1425	0.05342
154	0.00398	0.00398	0.00000	0.00000	0.1111	0.1532	0.05409
155	0.00394	0.00394	0.00000	0.00000	0.1118	0.0916	0.05158
156	0.00328	0.00328	0.00000	0.00000	0.1109	0.1105	0.05198
157	0.00292	0.00292	0.00000	0.00000	0.1104	0.1318	0.05320
158	0.00289	0.00289	0.00000	0.00000	0.1113	0.1043	0.05201
159	0.00267	0.00267	0.00000	0.00000	0.1111	0.1221	0.05442
160	0.00303	0.00303	0.00000	0.00000	0.1124	0.1010	0.05244
161	0.00334	0.00334	0.00000	0.00000	0.1108	0.1320	0.05375
162	0.00336	0.00336	0.00000	0.00000	0.1118	0.0628	0.05482
163	0.00354	0.00354	0.00000	0.00000	0.1108	0.0972	0.05205
164	0.00332	0.00332	0.00000	0.00000	0.1119	0.1000	0.05169
165	0.00271	0.00271	0.00000	0.00000	0.1106	0.1590	0.05605
166	0.00343	0.00343	0.00000	0.00000	0.1123	0.0993	0.05307
167	0.00291	0.00291	0.00000	0.00000	0.1110	0.1174	0.05172
168	0.00289	0.00289	0.00000	0.00000	0.1122	0.1040	0.05355
169	0.00327	0.00327	0.00000	0.00000	0.1108	0.1582	0.05456
170	0.00383	0.00383	0.00000	0.00000	0.1126	0.1325	0.05122
171	0.00369	0.00369	0.00000	0.00000	0.1137	0.1163	0.05383
172	0.00295	0.00295	0.00000	0.00000	0.1115	0.1263	0.05398
173	0.00295	0.00295	0.00000	0.00000	0.1118	0.0832	0.05291
174	0.00269	0.00269	0.00000	0.00000	0.1097	0.1294	0.05314
175	0.00270	0.00270	0.00000	0.00000	0.1119	0.0933	0.05209
176	0.00295	0.00295	0.00000	0.00000	0.1113	0.0879	0.05329
177	0.00241	0.00241	0.00000	0.00000	0.1102	0.1297	0.05443
178	0.00359	0.00359	0.00000	0.00000	0.1129	0.0774	0.05215
179	0.00385	0.00385	0.00000	0.00000	0.1124	0.0629	0.05384
180	0.00404	0.00404	0.00000	0.00000	0.1113	0.0454	0.05572
181	0.00443	0.00443	0.00000	0.00000	0.1087	0.1539	0.05391
182	0.00306	0.00306	0.00000	0.00000	0.1114	0.1535	0.05506
183	0.00397	0.00397	0.00000	0.00000	0.1139	0.0739	0.05442
184	0.00290	0.00290	0.00000	0.00000	0.1116	0.0836	0.05331
185	0.00262	0.00262	0.00000	0.00000	0.1105	0.1078	0.05320
186	0.00275	0.00275	0.00000	0.00000	0.1106	0.1193	0.05277
187	0.00241	0.00241	0.00000	0.00000	0.1106	0.1421	0.05448
188	0.00269	0.00269	0.00000	0.00000	0.1120	0.0956	0.05306
189	0.00264	0.00264	0.00000	0.00000	0.1115	0.0779	0.05426
190	0.00260	0.00260	0.00000	0.00000	0.1118	0.0674	0.05427
191	0.00280	0.00280	0.00000	0.00000	0.1108	0.1140	0.05406
192	0.00280	0.00280	0.00000	0.00000	0.1106	0.1185	0.05285
193	0.00348	0.00348	0.00000	0.00000	0.1114	0.1367	0.05289
194	0.00318	0.00318	0.00000	0.00000	0.1133	0.1174	0.05289
195	0.00251	0.00251	0.00000	0.00000	0.1116	0.1386	0.05274
196	0.00286	0.00286	0.00000	0.00000	0.1110	0.1222	0.05462
197	0.00251	0.00251	0.00000	0.00000	0.1122	0.1169	0.05182
198	0.00252	0.00252	0.00000	0.00000	0.1130	0.0788	0.05304
199	0.00277	0.00277	0.00000	0.00000	0.1115	0.0944	0.05340
200	0.00222	0.00222	0.00000	0.00000	0.1113	0.0936	0.05474
201	0.00232	0.00232	0.00000	0.00000	0.1101	0.1232	0.05388
202	0.00273	0.00273	0.00000	0.00000	0.1112	0.1416	0.05367
203	0.00225	0.00225	0.00000	0.00000	0.1122	0.0908	0.05333
204	0.00191	0.00191	0.00000	0.00000	0.1111	0.1025	0.05308
205	0.00214	0.00214	0.00000	0.00000	0.1113	0.1091	0.05343
206	0.00248	0.00248	0.00000	0.00000	0.1117	0.0691	0.05502
207	0.00263	0.00263	0.00000	0.00000	0.1102	0.0931	0.05306
208	0.00225	0.00225	0.00000	0.00000	0.1115	0.1259	0.05259
209	0.00242	0.00242	0.00000	0.00000	0.1125	0.0911	0.05446
210	0.00304	0.00304	0.00000	0.00000	0.1115	0.0987	0.05228
211	0.00237	0.00237	0.00000	0.00000	0.1114	0.1293	0.05306
212	0.00208	0.00208	0.00000	0.00000	0.1127	0.1149	0.05387
213	0.00215	0.00215	0.00000	0.00000	0.1125	0.0923	0.05326
214	0.00206	0.00206	0.00000	0.00000	0.1119	0.0897	0.05458
215	0.00300	0.00300	0.00000	0.00000	0.1118	0.0666	0.05349
216	0.00294	0.00294	0.00000	0.00000	0.1103	0.0909	0.05205
217	0.00228	0.00228	0.00000	0.00000	0.1107	0.0743	0.05350
218	0.00250	0.00250	0.00000	0.00000	0.1110	0.0384	0.05740
219	0.00326	0.00326	0.00000	0.00000	0.1100	0.1122	0.05272
220	0.00317	0.00317	0.00000	0.00000	0.1092	0.1908	0.05988
221	0.00262	0.00262	0.00000	0.00000	0.1132	0.1202	0.05354
222	0.00175	0.00175	0.00000	0.00000	0.1117	0.1172	0.05391
223	0.00204	0.00204	0.00000	0.00000	0.1118	0.1090	0.05179
224	0.00225	0.00225	0.00000	0.00000	0.1132	0.0668	0.05567
225	0.00249	0.00249	0.00000	0.00000	0.1118	0.0701	0.05373
226	0.00247	0.00247	0.00000	0.00000	0.1106	0.1087	0.05215
227	0.00219	0.00219	0.00000	0.00000	0.1116	0.0806	0.05387
228	0.00201	0.00201	0.00000	0.00000	0.1105	0.1304	0.05532
229	0.00164	0.00164	0.00000	0.00000	0.1121	0.0982	0.05510
230	0.00164	0.00164	0.00000	0.00000	0.1113	0.1120	0.05539
231	0.00168	0.00168	0.00000	0.00000	0.1119	0.0835	0.05467
232	0.00177	0.00177	0.00000	0.00000	0.1108	0.1447	0.05625
233	0.00216	0.00216	0.00000	0.00000	0.1127	0.0866	0.05444
234	0.00277	0.00277	0.00000	0.00000	0.1110	0.0748	0.05424
235	0.00193	0.00193	0.00000	0.00000	0.1108	0.1052	0.05344
236	0.00203	0.00203	0.00000	0.00000	0.1113	0.1074	0.05323
237	0.00186	0.00186	0.00000	0.00000	0.1119	0.0954	0.05266
238	0.00195	0.00195	0.00000	0.00000	0.1103	0.1292	0.05496
239	0.00211	0.00211	0.00000	0.00000	0.1119	0.1001	0.05327
240	0.00173	0.00173	0.00000	0.00000	0.1110	0.1320	0.05558
241	0.00182	0.00182	0.00000	0.00000	0.1118	0.1388	0.05503
242	0.00205	0.00205	0.00000	0.00000	0.1126	0.0970	0.05424
243	0.00174	0.00174	0.00000	0.00000	0.1111	0.1449	0.05637
244	0.00287	0.00287	0.00000	0.00000	0.1113	0.1559	0.05542
245	0.00198	0.00198	0.00000	0.00000	0.1115	0.1230	0.05583
246	0.00175	0.00175	0.00000	0.00000	0.1118	0.1011	0.05432
247	0.00202	0.00202	0.00000	0.00000	0.1119	0.1121	0.05381
248	0.00156	0.00156	0.00000	0.00000	0.1105	0.1468	0.05630
249	0.00185	0.00185	0.00000	0.00000	0.1120	0.1247	0.05499
250	0.00180	0.00180	0.00000	0.00000	0.1112	0.1285	0.05423
251	0.00251	0.00251	0.00000	0.00000	0.1115	0.0822	0.05232
252	0.00308	0.00308	0.00000	0.00000	0.1100	0.1007	0.05368
253	0.00237	0.00237	0.00000	0.00000	0.1100	0.1116	0.05354
254	0.00193	0.00193	0.00000	0.00000	0.1120	0.1028	0.05299
255	0.00228	0.00228	0.00000	0.00000	0.1123	0.0931	0.05252
256	0.00181	0.00181	0.00000	0.00000	0.1114	0.1253	0.05514
257	0.00140	0.00140	0.00000	0.00000	0.1122	0.1096	0.05418
258	0.00181	0.00181	0.00000	0.00000	0.1109	0.1551	0.05672
259	0.00248	0.00248	0.00000	0.00000	0.1122	0.1363	0.05538
260	0.00219	0.00219	0.00000	0.00000	0.1119	0.1238	0.05436
261	0.00171	0.00171	0.00000	0.00000	0.1118	0.0906	0.05448
262	0.00148	0.00148	0.00000	0.00000	0.1106	0.1351	0.05536
263	0.00137	0.00137	0.00000	0.00000	0.1122	0.0972	0.05501
264	0.00188	0.00188	0.00000	0.00000	0.1125	0.0619	0.05491
265	0.00224	0.00224	0.00000	0.00000	0.1112	0.0851	0.05411
266	0.00198	0.00198	0.00000	0.00000	0.1114	0.1129	0.05385
267	0.00163	0.00163	0.00000	0.00000	0.1128	0.1086	0.05329
268	0.00175	0.00175	0.00000	0.00000	0.1121	0.1048	0.05410
269	0.00164	0.00164	0.00000	0.00000	0.1117	0.1173	0.05414
270	0.00193	0.00193	0.00000	0.00000	0.1119	0.0945	0.05351
271	0.00170	0.00170	0.00000	0.00000	0.1110	0.1287	0.05354
272	0.00193	0.00193	0.00000	0.00000	0.1117	0.1526	0.05622
273	0.00151	0.00151	0.00000	0.00000	0.1125	0.1067	0.05396
274	0.00207	0.00207	0.00000	0.00000	0.1116	0.1143	0.05195
275	0.00154	0.00154	0.00000	0.00000	0.1115	0.1213	0.05437
276	0.00121	0.00121	0.00000	0.00000	0.1116	0.1226	0.05323
277	0.00130	0.00130	0.00000	0.00000	0.1117	0.1267	0.05412
278	0.00113	0.00113	0.00000	0.00000	0.1119	0.1255	0.05464
279	0.00111	0.00111	0.00000	0.00000	0.1118	0.0965	0.05432
280	0.00134	0.00134	0.00000	0.00000	0.1106	0.1262	0.05564
281	0.00156	0.00156	0.00000	0.00000	0.1115	0.1273	0.05474
282	0.00171	0.00171	0.00000	0.00000	0.1123	0.0884	0.05385
283	0.00125	0.00125	0.00000	0.00000	0.1105	0.1027	0.05329
284	0.00192	0.00192	0.00000	0.00000	0.1108	0.1140	0.05288
285	0.00174	0.00174	0.00000	0.00000	0.1103	0.1245	0.05448
286	0.00233	0.00233	0.00000	0.00000	0.1125	0.1196	0.05442
287	0.00181	0.00181	0.00000	0.00000	0.1114	0.0735	0.05492
288	0.00138	0.00138	0.00000	0.00000	0.1102	0.1115	0.05392
289	0.00222	0.00222	0.00000	0.00000	0.1101	0.1390	0.05378
290	0.00178	0.00178	0.00000	0.00000	0.1120	0.0751	0.05498
291	0.00159	0.00159	0.00000	0.00000	0.1106	0.0992	0.05397
292	0.00138	0.00138	0.00000	0.00000	0.1119	0.0764	0.05485
293	0.00194	0.00194	0.00000	0.00000	0.1106	0.1279	0.05367
294	0.00183	0.00183	0.00000	0.00000	0.1124	0.1225	0.05452
295	0.00143	0.00143	0.00000	0.00000	0.1122	0.0715	0.05417
296	0.00137	0.00137	0.00000	0.00000	0.1105	0.1203	0.05411
297	0.00122	0.00122	0.00000	0.00000	0.1118	0.1061	0.05359
298	0.00127	0.00127	0.00000	0.00000	0.1120	0.1120	0.05390
299	0.00187	0.00187	0.00000	0.00000	0.1113	0.1406	0.05501
