# {"dataset": "kitti", "cache": "method02_advantage_regress_tinyConv/outputs/kitti/cache_train_g1x4.pt", "val_cache": "method02_advantage_regress_tinyConv/outputs/kitti/cache_val_g1x4.pt", "flops": "method02_advantage_regress_tinyConv/outputs/kitti/flops_table.json", "epochs": 300, "batch": 256, "lr": 0.001, "lambda_flops": 1.0, "lambda_uni": 0.1, "hidden": 128, "group_dim": 64, "path_dim": 8, "feat": "input", "norm": "batch", "dropout": 0.0, "weight_decay": 0.0, "select": "val_corr", "mode": "regress", "regress_loss": "mse", "margin": 0.0, "prev_p": 0.5, "seed": 1, "device": "cuda:0", "out": "method02_advantage_regress_tinyConv/outputs/kitti/ablation/policy_input_g1x4_s1.pt", "logdir": "method02_advantage_regress_tinyConv/outputs/kitti/ablation/logs", "tag": "g1x4_s1", "keep_layers": ""}
epoch	total	l_acc	l_flops	l_uni	p_super	val_p_super	val_l_acc
0	0.04378	0.04378	0.00000	0.00000	0.1087	0.1158	0.04198
1	0.04163	0.04163	0.00000	0.00000	0.1145	0.0954	0.04142
2	0.04030	0.04030	0.00000	0.00000	0.1117	0.0964	0.04045
3	0.03898	0.03898	0.00000	0.00000	0.1124	0.1061	0.03989
4	0.03780	0.03780	0.00000	0.00000	0.1126	0.1179	0.03952
5	0.03648	0.03648	0.00000	0.00000	0.1107	0.0942	0.03948
6	0.03519	0.03519	0.00000	0.00000	0.1144	0.0909	0.03885
7	0.03388	0.03388	0.00000	0.00000	0.1100	0.1392	0.04005
8	0.03328	0.03328	0.00000	0.00000	0.1122	0.1230	0.03916
9	0.03263	0.03263	0.00000	0.00000	0.1129	0.1010	0.03900
10	0.03108	0.03108	0.00000	0.00000	0.1071	0.1409	0.04141
11	0.03060	0.03060	0.00000	0.00000	0.1128	0.1144	0.03899
12	0.02899	0.02899	0.00000	0.00000	0.1114	0.1221	0.04153
13	0.02887	0.02887	0.00000	0.00000	0.1121	0.1115	0.03907
14	0.02784	0.02784	0.00000	0.00000	0.1103	0.1141	0.04019
15	0.02649	0.02649	0.00000	0.00000	0.1129	0.0958	0.04139
16	0.02645	0.02645	0.00000	0.00000	0.1113	0.0855	0.04045
17	0.02602	0.02602	0.00000	0.00000	0.1110	0.1286	0.04144
18	0.02447	0.02447	0.00000	0.00000	0.1124	0.1164	0.04145
19	0.02386	0.02386	0.00000	0.00000	0.1121	0.1051	0.04093
20	0.02396	0.02396	0.00000	0.00000	0.1119	0.1088	0.04126
21	0.02393	0.02393	0.00000	0.00000	0.1119	0.1227	0.04109
22	0.02341	0.02341	0.00000	0.00000	0.1101	0.1032	0.04104
23	0.02220	0.02220	0.00000	0.00000	0.1138	0.0883	0.04236
24	0.02187	0.02187	0.00000	0.00000	0.1096	0.1176	0.04251
25	0.02077	0.02077	0.00000	0.00000	0.1134	0.0927	0.04365
26	0.02007	0.02007	0.00000	0.00000	0.1103	0.1182	0.04522
27	0.01936	0.01936	0.00000	0.00000	0.1117	0.0888	0.04325
28	0.01948	0.01948	0.00000	0.00000	0.1107	0.1310	0.04503
29	0.01909	0.01909	0.00000	0.00000	0.1111	0.1220	0.04422
30	0.01878	0.01878	0.00000	0.00000	0.1138	0.1078	0.04502
31	0.01825	0.01825	0.00000	0.00000	0.1119	0.1083	0.04516
32	0.01879	0.01879	0.00000	0.00000	0.1103	0.1676	0.04741
33	0.01857	0.01857	0.00000	0.00000	0.1144	0.0949	0.04344
34	0.01701	0.01701	0.00000	0.00000	0.1139	0.0674	0.04827
35	0.01740	0.01740	0.00000	0.00000	0.1098	0.1107	0.04483
36	0.01741	0.01741	0.00000	0.00000	0.1099	0.1144	0.04358
37	0.01617	0.01617	0.00000	0.00000	0.1138	0.1121	0.04475
38	0.01662	0.01662	0.00000	0.00000	0.1099	0.0913	0.04447
39	0.01594	0.01594	0.00000	0.00000	0.1116	0.1143	0.04574
40	0.01517	0.01517	0.00000	0.00000	0.1119	0.0928	0.04505
41	0.01511	0.01511	0.00000	0.00000	0.1110	0.1168	0.04531
42	0.01458	0.01458	0.00000	0.00000	0.1123	0.1049	0.04572
43	0.01520	0.01520	0.00000	0.00000	0.1118	0.1013	0.04671
44	0.01470	0.01470	0.00000	0.00000	0.1121	0.0876	0.04681
45	0.01364	0.01364	0.00000	0.00000	0.1103	0.1157	0.04611
46	0.01358	0.01358	0.00000	0.00000	0.1117	0.1200	0.04641
47	0.01328	0.01328	0.00000	0.00000	0.1117	0.1106	0.04651
48	0.01307	0.01307	0.00000	0.00000	0.1127	0.1157	0.04810
49	0.01289	0.01289	0.00000	0.00000	0.1114	0.1351	0.04876
50	0.01328	0.01328	0.00000	0.00000	0.1131	0.0946	0.04686
51	0.01358	0.01358	0.00000	0.00000	0.1105	0.1392	0.04790
52	0.01331	0.01331	0.00000	0.00000	0.1140	0.0972	0.04717
53	0.01254	0.01254	0.00000	0.00000	0.1103	0.1395	0.05007
54	0.01225	0.01225	0.00000	0.00000	0.1117	0.1383	0.04920
55	0.01253	0.01253	0.00000	0.00000	0.1136	0.0850	0.04785
56	0.01201	0.01201	0.00000	0.00000	0.1113	0.0938	0.04844
57	0.01251	0.01251	0.00000	0.00000	0.1100	0.1185	0.04711
58	0.01230	0.01230	0.00000	0.00000	0.1100	0.1307	0.04879
59	0.01202	0.01202	0.00000	0.00000	0.1130	0.1133	0.04739
60	0.01118	0.01118	0.00000	0.00000	0.1116	0.1055	0.04820
61	0.01118	0.01118	0.00000	0.00000	0.1114	0.0948	0.04775
62	0.01176	0.01176	0.00000	0.00000	0.1130	0.0820	0.04857
63	0.01123	0.01123	0.00000	0.00000	0.1101	0.1358	0.04757
64	0.01140	0.01140	0.00000	0.00000	0.1111	0.1435	0.05153
65	0.01150	0.01150	0.00000	0.00000	0.1098	0.1367	0.04785
66	0.01079	0.01079	0.00000	0.00000	0.1131	0.1230	0.04733
67	0.01037	0.01037	0.00000	0.00000	0.1116	0.1113	0.04869
68	0.01035	0.01035	0.00000	0.00000	0.1121	0.1058	0.04981
69	0.01055	0.01055	0.00000	0.00000	0.1111	0.1185	0.04737
70	0.01042	0.01042	0.00000	0.00000	0.1113	0.1414	0.05159
71	0.01135	0.01135	0.00000	0.00000	0.1113	0.1392	0.04928
72	0.01180	0.01180	0.00000	0.00000	0.1135	0.0950	0.04641
73	0.00991	0.00991	0.00000	0.00000	0.1125	0.1009	0.04725
74	0.00977	0.00977	0.00000	0.00000	0.1097	0.1260	0.04890
75	0.00943	0.00943	0.00000	0.00000	0.1135	0.0774	0.04857
76	0.00999	0.00999	0.00000	0.00000	0.1103	0.1272	0.04921
77	0.01012	0.01012	0.00000	0.00000	0.1123	0.1189	0.04855
78	0.00997	0.00997	0.00000	0.00000	0.1102	0.1296	0.04782
79	0.00920	0.00920	0.00000	0.00000	0.1117	0.1316	0.04884
80	0.00949	0.00949	0.00000	0.00000	0.1109	0.1219	0.04876
81	0.00948	0.00948	0.00000	0.00000	0.1111	0.1105	0.04729
82	0.00929	0.00929	0.00000	0.00000	0.1121	0.1138	0.04887
83	0.00941	0.00941	0.00000	0.00000	0.1129	0.0624	0.05032
84	0.00932	0.00932	0.00000	0.00000	0.1102	0.1161	0.04966
85	0.00902	0.00902	0.00000	0.00000	0.1103	0.1479	0.04963
86	0.00972	0.00972	0.00000	0.00000	0.1112	0.1094	0.04789
87	0.00907	0.00907	0.00000	0.00000	0.1118	0.1097	0.04862
88	0.00868	0.00868	0.00000	0.00000	0.1115	0.1236	0.04919
89	0.00852	0.00852	0.00000	0.00000	0.1104	0.1370	0.04930
90	0.00903	0.00903	0.00000	0.00000	0.1135	0.0805	0.04961
91	0.00841	0.00841	0.00000	0.00000	0.1105	0.1029	0.04642
92	0.00860	0.00860	0.00000	0.00000	0.1119	0.1115	0.05049
93	0.00840	0.00840	0.00000	0.00000	0.1107	0.1023	0.04905
94	0.00831	0.00831	0.00000	0.00000	0.1113	0.1080	0.04906
95	0.00813	0.00813	0.00000	0.00000	0.1116	0.1016	0.04915
96	0.00856	0.00856	0.00000	0.00000	0.1101	0.1183	0.05073
97	0.00837	0.00837	0.00000	0.00000	0.1122	0.1138	0.04979
98	0.00807	0.00807	0.00000	0.00000	0.1117	0.1087	0.05004
99	0.00829	0.00829	0.00000	0.00000	0.1112	0.1066	0.04944
100	0.00856	0.00856	0.00000	0.00000	0.1108	0.1402	0.05086
101	0.00853	0.00853	0.00000	0.00000	0.1111	0.1317	0.05035
102	0.00805	0.00805	0.00000	0.00000	0.1109	0.1247	0.04900
103	0.00801	0.00801	0.00000	0.00000	0.1126	0.1030	0.04846
104	0.00814	0.00814	0.00000	0.00000	0.1114	0.1071	0.04935
105	0.00843	0.00843	0.00000	0.00000	0.1109	0.0884	0.04840
106	0.00812	0.00812	0.00000	0.00000	0.1117	0.0972	0.04881
107	0.00807	0.00807	0.00000	0.00000	0.1108	0.1201	0.05015
108	0.00823	0.00823	0.00000	0.00000	0.1108	0.1286	0.04831
109	0.00760	0.00760	0.00000	0.00000	0.1119	0.1052	0.04864
110	0.00790	0.00790	0.00000	0.00000	0.1108	0.0967	0.04934
111	0.00812	0.00812	0.00000	0.00000	0.1108	0.0905	0.04864
112	0.00770	0.00770	0.00000	0.00000	0.1110	0.1039	0.04844
113	0.00793	0.00793	0.00000	0.00000	0.1130	0.0974	0.04814
114	0.00792	0.00792	0.00000	0.00000	0.1108	0.1196	0.05028
115	0.00813	0.00813	0.00000	0.00000	0.1113	0.1317	0.05062
116	0.00776	0.00776	0.00000	0.00000	0.1113	0.1004	0.04892
117	0.00770	0.00770	0.00000	0.00000	0.1117	0.0782	0.04834
118	0.00724	0.00724	0.00000	0.00000	0.1115	0.0987	0.05086
119	0.00751	0.00751	0.00000	0.00000	0.1109	0.1073	0.05208
120	0.00695	0.00695	0.00000	0.00000	0.1130	0.0877	0.05175
121	0.00816	0.00816	0.00000	0.00000	0.1099	0.0880	0.05007
122	0.00753	0.00753	0.00000	0.00000	0.1115	0.1114	0.05008
123	0.00700	0.00700	0.00000	0.00000	0.1127	0.0935	0.05072
124	0.00738	0.00738	0.00000	0.00000	0.1108	0.0932	0.04875
125	0.00707	0.00707	0.00000	0.00000	0.1112	0.1122	0.05037
126	0.00750	0.00750	0.00000	0.00000	0.1115	0.0862	0.05119
127	0.00735	0.00735	0.00000	0.00000	0.1105	0.0944	0.04945
128	0.00713	0.00713	0.00000	0.00000	0.1124	0.0963	0.05035
129	0.00744	0.00744	0.00000	0.00000	0.1111	0.1186	0.04973
130	0.00684	0.00684	0.00000	0.00000	0.1120	0.0996	0.05040
131	0.00701	0.00701	0.00000	0.00000	0.1117	0.1149	0.05094
132	0.00730	0.00730	0.00000	0.00000	0.1105	0.1258	0.04959
133	0.00681	0.00681	0.00000	0.00000	0.1123	0.1015	0.04959
134	0.00677	0.00677	0.00000	0.00000	0.1103	0.1067	0.05011
135	0.00682	0.00682	0.00000	0.00000	0.1108	0.1209	0.04888
136	0.00698	0.00698	0.00000	0.00000	0.1119	0.0831	0.04809
137	0.00775	0.00775	0.00000	0.00000	0.1105	0.0919	0.04936
138	0.00694	0.00694	0.00000	0.00000	0.1095	0.1398	0.05068
139	0.00761	0.00761	0.00000	0.00000	0.1131	0.1010	0.04895
140	0.00655	0.00655	0.00000	0.00000	0.1114	0.1198	0.05197
141	0.00636	0.00636	0.00000	0.00000	0.1123	0.1088	0.04948
142	0.00612	0.00612	0.00000	0.00000	0.1109	0.1334	0.05132
143	0.00696	0.00696	0.00000	0.00000	0.1122	0.1071	0.05083
144	0.00676	0.00676	0.00000	0.00000	0.1105	0.1365	0.05174
145	0.00662	0.00662	0.00000	0.00000	0.1118	0.1234	0.05135
146	0.00645	0.00645	0.00000	0.00000	0.1127	0.0815	0.05113
147	0.00650	0.00650	0.00000	0.00000	0.1113	0.1016	0.05054
148	0.00613	0.00613	0.00000	0.00000	0.1119	0.0796	0.05075
149	0.00615	0.00615	0.00000	0.00000	0.1114	0.0918	0.05017
150	0.00643	0.00643	0.00000	0.00000	0.1098	0.1336	0.05125
151	0.00620	0.00620	0.00000	0.00000	0.1122	0.1245	0.05058
152	0.00611	0.00611	0.00000	0.00000	0.1109	0.1321	0.05052
153	0.00598	0.00598	0.00000	0.00000	0.1126	0.1263	0.05015
154	0.00626	0.00626	0.00000	0.00000	0.1112	0.1269	0.04997
155	0.00580	0.00580	0.00000	0.00000	0.1117	0.1174	0.04948
156	0.00689	0.00689	0.00000	0.00000	0.1100	0.1420	0.04950
157	0.00657	0.00657	0.00000	0.00000	0.1124	0.1111	0.04916
158	0.00627	0.00627	0.00000	0.00000	0.1112	0.1248	0.05128
159	0.00651	0.00651	0.00000	0.00000	0.1123	0.1084	0.05141
160	0.00602	0.00602	0.00000	0.00000	0.1114	0.1214	0.05033
161	0.00569	0.00569	0.00000	0.00000	0.1115	0.1266	0.05042
162	0.00601	0.00601	0.00000	0.00000	0.1113	0.1253	0.05090
163	0.00613	0.00613	0.00000	0.00000	0.1106	0.1202	0.05124
164	0.00597	0.00597	0.00000	0.00000	0.1109	0.1152	0.05090
165	0.00581	0.00581	0.00000	0.00000	0.1105	0.1335	0.05138
166	0.00545	0.00545	0.00000	0.00000	0.1124	0.1236	0.05067
167	0.00532	0.00532	0.00000	0.00000	0.1124	0.1000	0.05074
168	0.00569	0.00569	0.00000	0.00000	0.1107	0.1332	0.05241
169	0.00563	0.00563	0.00000	0.00000	0.1112	0.1456	0.05223
170	0.00634	0.00634	0.00000	0.00000	0.1118	0.1300	0.05285
171	0.00577	0.00577	0.00000	0.00000	0.1112	0.1288	0.04977
172	0.00577	0.00577	0.00000	0.00000	0.1118	0.1262	0.05052
173	0.00586	0.00586	0.00000	0.00000	0.1107	0.0997	0.04822
174	0.00591	0.00591	0.00000	0.00000	0.1123	0.1032	0.05078
175	0.00581	0.00581	0.00000	0.00000	0.1110	0.1310	0.05075
176	0.00601	0.00601	0.00000	0.00000	0.1118	0.1018	0.04945
177	0.00618	0.00618	0.00000	0.00000	0.1125	0.1178	0.04997
178	0.00586	0.00586	0.00000	0.00000	0.1121	0.1345	0.05157
179	0.00540	0.00540	0.00000	0.00000	0.1116	0.1203	0.04897
180	0.00551	0.00551	0.00000	0.00000	0.1121	0.1078	0.05182
181	0.00670	0.00670	0.00000	0.00000	0.1113	0.1075	0.04935
182	0.00546	0.00546	0.00000	0.00000	0.1128	0.0907	0.04985
183	0.00579	0.00579	0.00000	0.00000	0.1122	0.0869	0.04993
184	0.00581	0.00581	0.00000	0.00000	0.1120	0.1121	0.05061
185	0.00537	0.00537	0.00000	0.00000	0.1116	0.1108	0.05090
186	0.00526	0.00526	0.00000	0.00000	0.1114	0.1263	0.05114
187	0.00537	0.00537	0.00000	0.00000	0.1122	0.1175	0.05088
188	0.00539	0.00539	0.00000	0.00000	0.1114	0.1168	0.04996
189	0.00556	0.00556	0.00000	0.00000	0.1119	0.1226	0.04982
190	0.00553	0.00553	0.00000	0.00000	0.1120	0.1079	0.05177
191	0.00520	0.00520	0.00000	0.00000	0.1115	0.0980	0.05147
192	0.00601	0.00601	0.00000	0.00000	0.1109	0.1256	0.05144
193	0.00495	0.00495	0.00000	0.00000	0.1127	0.1162	0.04934
194	0.00506	0.00506	0.00000	0.00000	0.1103	0.1266	0.05061
195	0.00517	0.00517	0.00000	0.00000	0.1116	0.1096	0.04891
196	0.00492	0.00492	0.00000	0.00000	0.1117	0.1372	0.05235
197	0.00505	0.00505	0.00000	0.00000	0.1115	0.1229	0.05014
198	0.00510	0.00510	0.00000	0.00000	0.1132	0.0860	0.04958
199	0.00548	0.00548	0.00000	0.00000	0.1107	0.0995	0.05128
200	0.00518	0.00518	0.00000	0.00000	0.1108	0.1264	0.04961
201	0.00488	0.00488	0.00000	0.00000	0.1134	0.0647	0.05244
202	0.00546	0.00546	0.00000	0.00000	0.1099	0.0806	0.05089
203	0.00564	0.00564	0.00000	0.00000	0.1102	0.0996	0.05101
204	0.00483	0.00483	0.00000	0.00000	0.1116	0.0944	0.05086
205	0.00504	0.00504	0.00000	0.00000	0.1103	0.1194	0.04919
206	0.00486	0.00486	0.00000	0.00000	0.1114	0.1546	0.05426
207	0.00626	0.00626	0.00000	0.00000	0.1112	0.1423	0.05247
208	0.00528	0.00528	0.00000	0.00000	0.1125	0.1275	0.05190
209	0.00551	0.00551	0.00000	0.00000	0.1104	0.1462	0.05174
210	0.00556	0.00556	0.00000	0.00000	0.1124	0.1033	0.05246
211	0.00484	0.00484	0.00000	0.00000	0.1126	0.0907	0.05023
212	0.00494	0.00494	0.00000	0.00000	0.1107	0.1381	0.05151
213	0.00530	0.00530	0.00000	0.00000	0.1137	0.0868	0.04967
214	0.00515	0.00515	0.00000	0.00000	0.1118	0.0961	0.05191
215	0.00517	0.00517	0.00000	0.00000	0.1128	0.0834	0.04969
216	0.00470	0.00470	0.00000	0.00000	0.1111	0.1170	0.04993
217	0.00472	0.00472	0.00000	0.00000	0.1104	0.1292	0.05115
218	0.00442	0.00442	0.00000	0.00000	0.1116	0.1420	0.05086
219	0.00512	0.00512	0.00000	0.00000	0.1130	0.1060	0.05153
220	0.00485	0.00485	0.00000	0.00000	0.1120	0.0713	0.05090
221	0.00512	0.00512	0.00000	0.00000	0.1114	0.0721	0.04988
222	0.00484	0.00484	0.00000	0.00000	0.1098	0.1198	0.04996
223	0.00481	0.00481	0.00000	0.00000	0.1109	0.1300	0.05092
224	0.00514	0.00514	0.00000	0.00000	0.1116	0.1190	0.05106
225	0.00512	0.00512	0.00000	0.00000	0.1112	0.1247	0.05183
226	0.00502	0.00502	0.00000	0.00000	0.1117	0.1111	0.04769
227	0.00462	0.00462	0.00000	0.00000	0.1128	0.0985	0.05119
228	0.00475	0.00475	0.00000	0.00000	0.1100	0.1214	0.05123
229	0.00561	0.00561	0.00000	0.00000	0.1118	0.1155	0.04949
230	0.00470	0.00470	0.00000	0.00000	0.1100	0.1389	0.05230
231	0.00443	0.00443	0.00000	0.00000	0.1114	0.1240	0.05018
232	0.00433	0.00433	0.00000	0.00000	0.1110	0.1128	0.05198
233	0.00413	0.00413	0.00000	0.00000	0.1115	0.1217	0.05097
234	0.00420	0.00420	0.00000	0.00000	0.1109	0.1266	0.05176
235	0.00485	0.00485	0.00000	0.00000	0.1105	0.1434	0.04975
236	0.00430	0.00430	0.00000	0.00000	0.1132	0.0921	0.05001
237	0.00451	0.00451	0.00000	0.00000	0.1121	0.1056	0.04960
238	0.00427	0.00427	0.00000	0.00000	0.1107	0.1013	0.05182
239	0.00432	0.00432	0.00000	0.00000	0.1113	0.1079	0.05049
240	0.00442	0.00442	0.00000	0.00000	0.1095	0.1513	0.05102
241	0.00453	0.00453	0.00000	0.00000	0.1122	0.1223	0.05052
242	0.00417	0.00417	0.00000	0.00000	0.1118	0.1089	0.04984
243	0.00465	0.00465	0.00000	0.00000	0.1105	0.1302	0.05258
244	0.00468	0.00468	0.00000	0.00000	0.1138	0.0988	0.05086
245	0.00438	0.00438	0.00000	0.00000	0.1110	0.1115	0.05149
246	0.00485	0.00485	0.00000	0.00000	0.1124	0.0963	0.04964
247	0.00425	0.00425	0.00000	0.00000	0.1098	0.1329	0.05094
248	0.00398	0.00398	0.00000	0.00000	0.1112	0.1336	0.05072
249	0.00432	0.00432	0.00000	0.00000	0.1113	0.1222	0.05170
250	0.00417	0.00417	0.00000	0.00000	0.1124	0.0952	0.05137
251	0.00460	0.00460	0.00000	0.00000	0.1108	0.1170	0.04947
252	0.00437	0.00437	0.00000	0.00000	0.1111	0.1183	0.04966
253	0.00412	0.00412	0.00000	0.00000	0.1121	0.1032	0.05236
254	0.00441	0.00441	0.00000	0.00000	0.1112	0.1157	0.04973
255	0.00380	0.00380	0.00000	0.00000	0.1113	0.1282	0.04946
256	0.00429	0.00429	0.00000	0.00000	0.1104	0.1369	0.05303
257	0.00394	0.00394	0.00000	0.00000	0.1114	0.1105	0.05052
258	0.00404	0.00404	0.00000	0.00000	0.1108	0.1414	0.05100
259	0.00434	0.00434	0.00000	0.00000	0.1119	0.1346	0.05042
260	0.00408	0.00408	0.00000	0.00000	0.1108	0.1310	0.05097
261	0.00431	0.00431	0.00000	0.00000	0.1124	0.0938	0.04988
262	0.00463	0.00463	0.00000	0.00000	0.1107	0.0775	0.05278
263	0.00552	0.00552	0.00000	0.00000	0.1112	0.0785	0.05285
264	0.00442	0.00442	0.00000	0.00000	0.1112	0.0991	0.05243
265	0.00419	0.00419	0.00000	0.00000	0.1114	0.1233	0.05128
266	0.00425	0.00425	0.00000	0.00000	0.1108	0.1123	0.04981
267	0.00403	0.00403	0.00000	0.00000	0.1112	0.1064	0.05012
268	0.00425	0.00425	0.00000	0.00000	0.1112	0.1017	0.04977
269	0.00417	0.00417	0.00000	0.00000	0.1117	0.1195	0.05011
270	0.00382	0.00382	0.00000	0.00000	0.1102	0.1278	0.05070
271	0.00465	0.00465	0.00000	0.00000	0.1118	0.1118	0.05099
272	0.00382	0.00382	0.00000	0.00000	0.1124	0.0996	0.05103
273	0.00389	0.00389	0.00000	0.00000	0.1104	0.1140	0.04985
274	0.00405	0.00405	0.00000	0.00000	0.1109	0.1425	0.05349
275	0.00416	0.00416	0.00000	0.00000	0.1134	0.1029	0.05072
276	0.00363	0.00363	0.00000	0.00000	0.1107	0.1077	0.05112
277	0.00386	0.00386	0.00000	0.00000	0.1122	0.1132	0.05039
278	0.00376	0.00376	0.00000	0.00000	0.1122	0.0925	0.05016
279	0.00379	0.00379	0.00000	0.00000	0.1105	0.1284	0.05146
280	0.00408	0.00408	0.00000	0.00000	0.1116	0.1127	0.05098
281	0.00376	0.00376	0.00000	0.00000	0.1102	0.1298	0.05082
282	0.00346	0.00346	0.00000	0.00000	0.1128	0.0859	0.05078
283	0.00390	0.00390	0.00000	0.00000	0.1118	0.0874	0.05193
284	0.00431	0.00431	0.00000	0.00000	0.1105	0.1069	0.04924
285	0.00358	0.00358	0.00000	0.00000	0.1112	0.1308	0.04996
286	0.00394	0.00394	0.00000	0.00000	0.1114	0.1013	0.05005
287	0.00375	0.00375	0.00000	0.00000	0.1108	0.1334	0.05158
288	0.00431	0.00431	0.00000	0.00000	0.1119	0.1338	0.05020
289	0.00369	0.00369	0.00000	0.00000	0.1121	0.1264	0.04981
290	0.00367	0.00367	0.00000	0.00000	0.1120	0.1019	0.05132
291	0.00403	0.00403	0.00000	0.00000	0.1108	0.1124	0.05149
292	0.00392	0.00392	0.00000	0.00000	0.1119	0.1023	0.05126
293	0.00363	0.00363	0.00000	0.00000	0.1115	0.1066	0.05063
294	0.00347	0.00347	0.00000	0.00000	0.1121	0.0897	0.05093
295	0.00431	0.00431	0.00000	0.00000	0.1103	0.1288	0.05069
296	0.00422	0.00422	0.00000	0.00000	0.1118	0.1297	0.05132
297	0.00388	0.00388	0.00000	0.00000	0.1118	0.1257	0.05110
298	0.00347	0.00347	0.00000	0.00000	0.1107	0.1426	0.05379
299	0.00389	0.00389	0.00000	0.00000	0.1118	0.1213	0.05070
