# {"dataset": "kitti", "cache": "/home/hslee/Desktop/Embedded_AI/context-anydepth-det/anydepth-yolov12/method02_advantage_regress_tinyConv/outputs/kitti/cache_train.pt", "val_cache": "/home/hslee/Desktop/Embedded_AI/context-anydepth-det/anydepth-yolov12/method02_advantage_regress_tinyConv/outputs/kitti/cache_val.pt", "flops": "/home/hslee/Desktop/Embedded_AI/context-anydepth-det/anydepth-yolov12/method02_advantage_regress_tinyConv/outputs/kitti/flops_table.json", "epochs": 300, "batch": 256, "lr": 0.001, "lambda_flops": 1.0, "lambda_uni": 0.1, "hidden": 128, "group_dim": 64, "path_dim": 8, "feat": "input", "norm": "batch", "dropout": 0.0, "weight_decay": 0.0, "select": "val_corr", "mode": "regress", "regress_loss": "mse", "margin": 0.0, "prev_p": 0.5, "seed": 1, "device": "cuda:0", "out": "method02_advantage_regress_tinyConv/outputs/kitti/ablation/policy_input_s1.pt", "logdir": "method02_advantage_regress_tinyConv/outputs/kitti/ablation/logs", "tag": "conv_input_s1"}
epoch	total	l_acc	l_flops	l_uni	p_super	val_p_super	val_l_acc
0	0.04381	0.04381	0.00000	0.00000	0.1085	0.1264	0.04218
1	0.04215	0.04215	0.00000	0.00000	0.1137	0.1020	0.04127
2	0.04091	0.04091	0.00000	0.00000	0.1114	0.1016	0.04036
3	0.03980	0.03980	0.00000	0.00000	0.1118	0.1164	0.03974
4	0.03878	0.03878	0.00000	0.00000	0.1133	0.0954	0.03998
5	0.03815	0.03815	0.00000	0.00000	0.1121	0.0850	0.03983
6	0.03664	0.03664	0.00000	0.00000	0.1137	0.0928	0.03915
7	0.03544	0.03544	0.00000	0.00000	0.1093	0.1635	0.04189
8	0.03495	0.03495	0.00000	0.00000	0.1150	0.0922	0.03900
9	0.03431	0.03431	0.00000	0.00000	0.1116	0.0868	0.03890
10	0.03252	0.03252	0.00000	0.00000	0.1078	0.1365	0.04004
11	0.03221	0.03221	0.00000	0.00000	0.1132	0.0799	0.03907
12	0.03070	0.03070	0.00000	0.00000	0.1105	0.1392	0.04081
13	0.03005	0.03005	0.00000	0.00000	0.1137	0.0779	0.03912
14	0.02984	0.02984	0.00000	0.00000	0.1097	0.1453	0.04050
15	0.02883	0.02883	0.00000	0.00000	0.1119	0.0813	0.03976
16	0.02788	0.02788	0.00000	0.00000	0.1117	0.1217	0.03936
17	0.02682	0.02682	0.00000	0.00000	0.1125	0.1217	0.03939
18	0.02583	0.02583	0.00000	0.00000	0.1112	0.1333	0.04038
19	0.02587	0.02587	0.00000	0.00000	0.1119	0.1306	0.03960
20	0.02567	0.02567	0.00000	0.00000	0.1131	0.0969	0.03967
21	0.02499	0.02499	0.00000	0.00000	0.1146	0.0828	0.03955
22	0.02509	0.02509	0.00000	0.00000	0.1065	0.1408	0.04104
23	0.02359	0.02359	0.00000	0.00000	0.1155	0.0823	0.04008
24	0.02252	0.02252	0.00000	0.00000	0.1100	0.1271	0.04064
25	0.02202	0.02202	0.00000	0.00000	0.1140	0.0782	0.04076
26	0.02166	0.02166	0.00000	0.00000	0.1104	0.1004	0.04149
27	0.02039	0.02039	0.00000	0.00000	0.1108	0.0916	0.04179
28	0.02080	0.02080	0.00000	0.00000	0.1093	0.1577	0.04473
29	0.02075	0.02075	0.00000	0.00000	0.1121	0.1389	0.04325
30	0.01959	0.01959	0.00000	0.00000	0.1136	0.1246	0.04289
31	0.01926	0.01926	0.00000	0.00000	0.1114	0.1162	0.04236
32	0.01907	0.01907	0.00000	0.00000	0.1114	0.1516	0.04371
33	0.01833	0.01833	0.00000	0.00000	0.1126	0.1251	0.04331
34	0.01731	0.01731	0.00000	0.00000	0.1112	0.1085	0.04436
35	0.01797	0.01797	0.00000	0.00000	0.1127	0.0663	0.04430
36	0.01744	0.01744	0.00000	0.00000	0.1099	0.1261	0.04274
37	0.01633	0.01633	0.00000	0.00000	0.1114	0.1364	0.04481
38	0.01652	0.01652	0.00000	0.00000	0.1114	0.1173	0.04396
39	0.01592	0.01592	0.00000	0.00000	0.1125	0.1171	0.04361
40	0.01537	0.01537	0.00000	0.00000	0.1120	0.0956	0.04488
41	0.01589	0.01589	0.00000	0.00000	0.1122	0.0726	0.04371
42	0.01523	0.01523	0.00000	0.00000	0.1103	0.1373	0.04510
43	0.01546	0.01546	0.00000	0.00000	0.1140	0.0765	0.04532
44	0.01437	0.01437	0.00000	0.00000	0.1105	0.1287	0.04622
45	0.01386	0.01386	0.00000	0.00000	0.1115	0.0854	0.04548
46	0.01402	0.01402	0.00000	0.00000	0.1100	0.1502	0.04747
47	0.01395	0.01395	0.00000	0.00000	0.1122	0.1489	0.04722
48	0.01309	0.01309	0.00000	0.00000	0.1137	0.1211	0.04626
49	0.01295	0.01295	0.00000	0.00000	0.1093	0.1779	0.05203
50	0.01276	0.01276	0.00000	0.00000	0.1133	0.1139	0.04611
51	0.01319	0.01319	0.00000	0.00000	0.1116	0.1414	0.04738
52	0.01237	0.01237	0.00000	0.00000	0.1115	0.1021	0.04622
53	0.01189	0.01189	0.00000	0.00000	0.1098	0.1392	0.04817
54	0.01227	0.01227	0.00000	0.00000	0.1116	0.1420	0.04804
55	0.01177	0.01177	0.00000	0.00000	0.1118	0.1205	0.04632
56	0.01157	0.01157	0.00000	0.00000	0.1124	0.0864	0.04745
57	0.01270	0.01270	0.00000	0.00000	0.1122	0.0633	0.04761
58	0.01194	0.01194	0.00000	0.00000	0.1094	0.1571	0.04958
59	0.01177	0.01177	0.00000	0.00000	0.1116	0.1280	0.04692
60	0.01049	0.01049	0.00000	0.00000	0.1135	0.1003	0.04806
61	0.01056	0.01056	0.00000	0.00000	0.1122	0.0782	0.04591
62	0.01083	0.01083	0.00000	0.00000	0.1106	0.1284	0.04785
63	0.01014	0.01014	0.00000	0.00000	0.1119	0.1036	0.04561
64	0.01065	0.01065	0.00000	0.00000	0.1112	0.0990	0.04853
65	0.01057	0.01057	0.00000	0.00000	0.1097	0.1361	0.04888
66	0.01023	0.01023	0.00000	0.00000	0.1119	0.0843	0.04736
67	0.00962	0.00962	0.00000	0.00000	0.1095	0.1152	0.04866
68	0.00984	0.00984	0.00000	0.00000	0.1118	0.1093	0.04804
69	0.00929	0.00929	0.00000	0.00000	0.1108	0.1035	0.04759
70	0.00901	0.00901	0.00000	0.00000	0.1107	0.1297	0.05141
71	0.00940	0.00940	0.00000	0.00000	0.1117	0.1276	0.04982
72	0.01041	0.01041	0.00000	0.00000	0.1120	0.1105	0.04724
73	0.00920	0.00920	0.00000	0.00000	0.1130	0.0842	0.04730
74	0.00979	0.00979	0.00000	0.00000	0.1111	0.0917	0.04782
75	0.00945	0.00945	0.00000	0.00000	0.1101	0.1066	0.04588
76	0.00906	0.00906	0.00000	0.00000	0.1126	0.1268	0.04834
77	0.00938	0.00938	0.00000	0.00000	0.1124	0.1111	0.04659
78	0.01007	0.01007	0.00000	0.00000	0.1126	0.1103	0.04699
79	0.00824	0.00824	0.00000	0.00000	0.1117	0.1313	0.04911
80	0.00801	0.00801	0.00000	0.00000	0.1109	0.1255	0.04846
81	0.00835	0.00835	0.00000	0.00000	0.1127	0.0953	0.04830
82	0.00848	0.00848	0.00000	0.00000	0.1119	0.0943	0.04865
83	0.00856	0.00856	0.00000	0.00000	0.1132	0.0617	0.04907
84	0.00896	0.00896	0.00000	0.00000	0.1115	0.0887	0.04810
85	0.00869	0.00869	0.00000	0.00000	0.1130	0.0697	0.04784
86	0.00866	0.00866	0.00000	0.00000	0.1104	0.1241	0.04619
87	0.00792	0.00792	0.00000	0.00000	0.1119	0.1288	0.04942
88	0.00763	0.00763	0.00000	0.00000	0.1114	0.1370	0.04921
89	0.00804	0.00804	0.00000	0.00000	0.1117	0.1208	0.04831
90	0.00725	0.00725	0.00000	0.00000	0.1104	0.1225	0.04937
91	0.00717	0.00717	0.00000	0.00000	0.1113	0.1422	0.04895
92	0.00741	0.00741	0.00000	0.00000	0.1118	0.1040	0.05091
93	0.00756	0.00756	0.00000	0.00000	0.1112	0.1040	0.04991
94	0.00745	0.00745	0.00000	0.00000	0.1111	0.1177	0.04854
95	0.00687	0.00687	0.00000	0.00000	0.1115	0.1106	0.04823
96	0.00677	0.00677	0.00000	0.00000	0.1111	0.1168	0.04967
97	0.00727	0.00727	0.00000	0.00000	0.1110	0.1200	0.05035
98	0.00712	0.00712	0.00000	0.00000	0.1119	0.0831	0.04799
99	0.00686	0.00686	0.00000	0.00000	0.1109	0.0681	0.05078
100	0.00690	0.00690	0.00000	0.00000	0.1114	0.0776	0.04886
101	0.00668	0.00668	0.00000	0.00000	0.1107	0.0999	0.05035
102	0.00635	0.00635	0.00000	0.00000	0.1115	0.0871	0.04896
103	0.00644	0.00644	0.00000	0.00000	0.1103	0.1423	0.05184
104	0.00632	0.00632	0.00000	0.00000	0.1130	0.0785	0.05174
105	0.00625	0.00625	0.00000	0.00000	0.1114	0.0689	0.05223
106	0.00658	0.00658	0.00000	0.00000	0.1108	0.1189	0.05083
107	0.00713	0.00713	0.00000	0.00000	0.1117	0.1247	0.04964
108	0.00638	0.00638	0.00000	0.00000	0.1126	0.0917	0.05008
109	0.00625	0.00625	0.00000	0.00000	0.1102	0.1132	0.04901
110	0.00598	0.00598	0.00000	0.00000	0.1121	0.1012	0.05099
111	0.00656	0.00656	0.00000	0.00000	0.1113	0.1060	0.04839
112	0.00608	0.00608	0.00000	0.00000	0.1110	0.1426	0.04992
113	0.00668	0.00668	0.00000	0.00000	0.1114	0.1210	0.05130
114	0.00564	0.00564	0.00000	0.00000	0.1113	0.1254	0.05155
115	0.00685	0.00685	0.00000	0.00000	0.1111	0.1516	0.05125
116	0.00622	0.00622	0.00000	0.00000	0.1125	0.0858	0.05079
117	0.00565	0.00565	0.00000	0.00000	0.1104	0.1199	0.05084
118	0.00581	0.00581	0.00000	0.00000	0.1122	0.1141	0.05123
119	0.00642	0.00642	0.00000	0.00000	0.1109	0.1732	0.05496
120	0.00637	0.00637	0.00000	0.00000	0.1139	0.0813	0.05086
121	0.00635	0.00635	0.00000	0.00000	0.1117	0.0635	0.05274
122	0.00697	0.00697	0.00000	0.00000	0.1113	0.1126	0.05121
123	0.00561	0.00561	0.00000	0.00000	0.1119	0.0995	0.04930
124	0.00512	0.00512	0.00000	0.00000	0.1121	0.1059	0.05056
125	0.00493	0.00493	0.00000	0.00000	0.1111	0.0999	0.05081
126	0.00657	0.00657	0.00000	0.00000	0.1122	0.0641	0.05264
127	0.00607	0.00607	0.00000	0.00000	0.1097	0.1381	0.05221
128	0.00550	0.00550	0.00000	0.00000	0.1127	0.0987	0.05115
129	0.00546	0.00546	0.00000	0.00000	0.1111	0.1266	0.05170
130	0.00532	0.00532	0.00000	0.00000	0.1120	0.1320	0.05112
131	0.00523	0.00523	0.00000	0.00000	0.1116	0.0930	0.05113
132	0.00562	0.00562	0.00000	0.00000	0.1105	0.1211	0.05007
133	0.00518	0.00518	0.00000	0.00000	0.1131	0.0648	0.05176
134	0.00531	0.00531	0.00000	0.00000	0.1102	0.1105	0.05108
135	0.00518	0.00518	0.00000	0.00000	0.1114	0.1136	0.05101
136	0.00546	0.00546	0.00000	0.00000	0.1112	0.1396	0.05141
137	0.00514	0.00514	0.00000	0.00000	0.1114	0.1151	0.04920
138	0.00467	0.00467	0.00000	0.00000	0.1103	0.1374	0.05006
139	0.00480	0.00480	0.00000	0.00000	0.1122	0.1009	0.05196
140	0.00494	0.00494	0.00000	0.00000	0.1108	0.1293	0.05144
141	0.00428	0.00428	0.00000	0.00000	0.1122	0.1120	0.05062
142	0.00455	0.00455	0.00000	0.00000	0.1106	0.1461	0.05239
143	0.00566	0.00566	0.00000	0.00000	0.1112	0.1157	0.05146
144	0.00482	0.00482	0.00000	0.00000	0.1120	0.1119	0.05123
145	0.00469	0.00469	0.00000	0.00000	0.1121	0.0880	0.05077
146	0.00504	0.00504	0.00000	0.00000	0.1113	0.1147	0.05034
147	0.00502	0.00502	0.00000	0.00000	0.1119	0.1226	0.05353
148	0.00493	0.00493	0.00000	0.00000	0.1122	0.0809	0.05200
149	0.00508	0.00508	0.00000	0.00000	0.1109	0.1344	0.04992
150	0.00432	0.00432	0.00000	0.00000	0.1130	0.0933	0.04902
151	0.00407	0.00407	0.00000	0.00000	0.1114	0.1250	0.05076
152	0.00413	0.00413	0.00000	0.00000	0.1121	0.0811	0.05285
153	0.00477	0.00477	0.00000	0.00000	0.1104	0.1232	0.05093
154	0.00448	0.00448	0.00000	0.00000	0.1122	0.1141	0.05142
155	0.00385	0.00385	0.00000	0.00000	0.1120	0.1162	0.05018
156	0.00434	0.00434	0.00000	0.00000	0.1115	0.1173	0.05158
157	0.00384	0.00384	0.00000	0.00000	0.1108	0.1416	0.05311
158	0.00486	0.00486	0.00000	0.00000	0.1122	0.0824	0.05265
159	0.00473	0.00473	0.00000	0.00000	0.1102	0.1039	0.05232
160	0.00389	0.00389	0.00000	0.00000	0.1111	0.0964	0.05180
161	0.00388	0.00388	0.00000	0.00000	0.1110	0.1165	0.05492
162	0.00448	0.00448	0.00000	0.00000	0.1100	0.1365	0.05236
163	0.00493	0.00493	0.00000	0.00000	0.1124	0.0923	0.05070
164	0.00470	0.00470	0.00000	0.00000	0.1100	0.1702	0.05468
165	0.00456	0.00456	0.00000	0.00000	0.1129	0.1001	0.05069
166	0.00395	0.00395	0.00000	0.00000	0.1099	0.1504	0.05402
167	0.00387	0.00387	0.00000	0.00000	0.1128	0.1120	0.05049
168	0.00420	0.00420	0.00000	0.00000	0.1100	0.1533	0.05439
169	0.00415	0.00415	0.00000	0.00000	0.1124	0.1218	0.04930
170	0.00359	0.00359	0.00000	0.00000	0.1119	0.1177	0.05413
171	0.00376	0.00376	0.00000	0.00000	0.1118	0.0885	0.05023
172	0.00419	0.00419	0.00000	0.00000	0.1098	0.1474	0.05366
173	0.00397	0.00397	0.00000	0.00000	0.1121	0.1136	0.05119
174	0.00389	0.00389	0.00000	0.00000	0.1114	0.0956	0.05370
175	0.00357	0.00357	0.00000	0.00000	0.1111	0.0994	0.05014
176	0.00428	0.00428	0.00000	0.00000	0.1105	0.1520	0.05276
177	0.00460	0.00460	0.00000	0.00000	0.1121	0.1115	0.05043
178	0.00350	0.00350	0.00000	0.00000	0.1119	0.1170	0.05346
179	0.00322	0.00322	0.00000	0.00000	0.1105	0.1358	0.05338
180	0.00358	0.00358	0.00000	0.00000	0.1124	0.0889	0.05340
181	0.00371	0.00371	0.00000	0.00000	0.1105	0.1458	0.05468
182	0.00358	0.00358	0.00000	0.00000	0.1121	0.1082	0.04975
183	0.00350	0.00350	0.00000	0.00000	0.1128	0.1016	0.05159
184	0.00354	0.00354	0.00000	0.00000	0.1104	0.1317	0.05308
185	0.00355	0.00355	0.00000	0.00000	0.1120	0.1048	0.05031
186	0.00331	0.00331	0.00000	0.00000	0.1115	0.1260	0.05186
187	0.00328	0.00328	0.00000	0.00000	0.1108	0.1202	0.05121
188	0.00350	0.00350	0.00000	0.00000	0.1124	0.0667	0.05304
189	0.00377	0.00377	0.00000	0.00000	0.1114	0.0807	0.05279
190	0.00396	0.00396	0.00000	0.00000	0.1094	0.1207	0.05342
191	0.00364	0.00364	0.00000	0.00000	0.1125	0.0893	0.05258
192	0.00359	0.00359	0.00000	0.00000	0.1106	0.1225	0.05183
193	0.00312	0.00312	0.00000	0.00000	0.1117	0.0965	0.05314
194	0.00348	0.00348	0.00000	0.00000	0.1104	0.1486	0.05234
195	0.00338	0.00338	0.00000	0.00000	0.1122	0.1101	0.05239
196	0.00314	0.00314	0.00000	0.00000	0.1121	0.1191	0.05238
197	0.00317	0.00317	0.00000	0.00000	0.1113	0.1383	0.05347
198	0.00345	0.00345	0.00000	0.00000	0.1114	0.1452	0.05277
199	0.00393	0.00393	0.00000	0.00000	0.1138	0.0683	0.05326
200	0.00400	0.00400	0.00000	0.00000	0.1111	0.1142	0.05157
201	0.00348	0.00348	0.00000	0.00000	0.1132	0.0580	0.05343
202	0.00417	0.00417	0.00000	0.00000	0.1103	0.1048	0.05107
203	0.00364	0.00364	0.00000	0.00000	0.1113	0.1366	0.05210
204	0.00310	0.00310	0.00000	0.00000	0.1122	0.0961	0.05547
205	0.00324	0.00324	0.00000	0.00000	0.1109	0.1405	0.05210
206	0.00291	0.00291	0.00000	0.00000	0.1123	0.1418	0.05444
207	0.00357	0.00357	0.00000	0.00000	0.1123	0.1267	0.05267
208	0.00282	0.00282	0.00000	0.00000	0.1108	0.1396	0.05345
209	0.00281	0.00281	0.00000	0.00000	0.1115	0.1489	0.05348
210	0.00449	0.00449	0.00000	0.00000	0.1112	0.1436	0.05288
211	0.00351	0.00351	0.00000	0.00000	0.1113	0.1062	0.05098
212	0.00337	0.00337	0.00000	0.00000	0.1111	0.1296	0.05203
213	0.00311	0.00311	0.00000	0.00000	0.1118	0.1052	0.05023
214	0.00327	0.00327	0.00000	0.00000	0.1113	0.0843	0.05245
215	0.00292	0.00292	0.00000	0.00000	0.1109	0.1042	0.05066
216	0.00301	0.00301	0.00000	0.00000	0.1117	0.1167	0.05220
217	0.00264	0.00264	0.00000	0.00000	0.1115	0.1263	0.05376
218	0.00286	0.00286	0.00000	0.00000	0.1124	0.1193	0.05229
219	0.00286	0.00286	0.00000	0.00000	0.1113	0.0837	0.05244
220	0.00336	0.00336	0.00000	0.00000	0.1105	0.1021	0.05053
221	0.00298	0.00298	0.00000	0.00000	0.1114	0.1194	0.05222
222	0.00294	0.00294	0.00000	0.00000	0.1118	0.0943	0.05183
223	0.00285	0.00285	0.00000	0.00000	0.1114	0.1275	0.05248
224	0.00279	0.00279	0.00000	0.00000	0.1112	0.1131	0.05267
225	0.00359	0.00359	0.00000	0.00000	0.1110	0.1435	0.05303
226	0.00356	0.00356	0.00000	0.00000	0.1118	0.0837	0.05142
227	0.00328	0.00328	0.00000	0.00000	0.1100	0.1124	0.04985
228	0.00331	0.00331	0.00000	0.00000	0.1119	0.1099	0.05122
229	0.00296	0.00296	0.00000	0.00000	0.1120	0.1146	0.05129
230	0.00313	0.00313	0.00000	0.00000	0.1116	0.1050	0.05191
231	0.00281	0.00281	0.00000	0.00000	0.1115	0.1141	0.05254
232	0.00237	0.00237	0.00000	0.00000	0.1120	0.1033	0.05267
233	0.00214	0.00214	0.00000	0.00000	0.1113	0.1024	0.05149
234	0.00251	0.00251	0.00000	0.00000	0.1108	0.1252	0.05380
235	0.00253	0.00253	0.00000	0.00000	0.1120	0.1132	0.05325
236	0.00234	0.00234	0.00000	0.00000	0.1122	0.1004	0.05153
237	0.00240	0.00240	0.00000	0.00000	0.1116	0.0998	0.05137
238	0.00236	0.00236	0.00000	0.00000	0.1109	0.1364	0.05431
239	0.00232	0.00232	0.00000	0.00000	0.1110	0.1421	0.05306
240	0.00317	0.00317	0.00000	0.00000	0.1122	0.1148	0.05254
241	0.00237	0.00237	0.00000	0.00000	0.1115	0.1063	0.05138
242	0.00214	0.00214	0.00000	0.00000	0.1116	0.1128	0.05229
243	0.00284	0.00284	0.00000	0.00000	0.1119	0.1190	0.05441
244	0.00276	0.00276	0.00000	0.00000	0.1123	0.1125	0.05127
245	0.00231	0.00231	0.00000	0.00000	0.1111	0.1159	0.05215
246	0.00247	0.00247	0.00000	0.00000	0.1108	0.1116	0.05208
247	0.00258	0.00258	0.00000	0.00000	0.1116	0.1232	0.05256
248	0.00251	0.00251	0.00000	0.00000	0.1107	0.1222	0.05193
249	0.00233	0.00233	0.00000	0.00000	0.1114	0.1105	0.05298
250	0.00243	0.00243	0.00000	0.00000	0.1113	0.0991	0.05133
251	0.00286	0.00286	0.00000	0.00000	0.1114	0.1332	0.05244
252	0.00312	0.00312	0.00000	0.00000	0.1124	0.1057	0.05147
253	0.00234	0.00234	0.00000	0.00000	0.1106	0.1313	0.05783
254	0.00305	0.00305	0.00000	0.00000	0.1114	0.1300	0.05252
255	0.00282	0.00282	0.00000	0.00000	0.1127	0.1255	0.05101
256	0.00277	0.00277	0.00000	0.00000	0.1108	0.1288	0.05152
257	0.00237	0.00237	0.00000	0.00000	0.1114	0.1097	0.05208
258	0.00226	0.00226	0.00000	0.00000	0.1113	0.1111	0.05233
259	0.00209	0.00209	0.00000	0.00000	0.1117	0.1221	0.05311
260	0.00210	0.00210	0.00000	0.00000	0.1114	0.1290	0.05346
261	0.00215	0.00215	0.00000	0.00000	0.1127	0.0950	0.05204
262	0.00208	0.00208	0.00000	0.00000	0.1114	0.1006	0.05204
263	0.00236	0.00236	0.00000	0.00000	0.1124	0.0897	0.05142
264	0.00197	0.00197	0.00000	0.00000	0.1104	0.1335	0.05515
265	0.00236	0.00236	0.00000	0.00000	0.1123	0.1171	0.05226
266	0.00238	0.00238	0.00000	0.00000	0.1123	0.1143	0.05261
267	0.00276	0.00276	0.00000	0.00000	0.1110	0.1429	0.05462
268	0.00353	0.00353	0.00000	0.00000	0.1110	0.1583	0.05727
269	0.00335	0.00335	0.00000	0.00000	0.1124	0.1239	0.05186
270	0.00238	0.00238	0.00000	0.00000	0.1112	0.1271	0.05070
271	0.00244	0.00244	0.00000	0.00000	0.1112	0.1037	0.05313
272	0.00218	0.00218	0.00000	0.00000	0.1120	0.1079	0.05131
273	0.00251	0.00251	0.00000	0.00000	0.1117	0.1056	0.05160
274	0.00243	0.00243	0.00000	0.00000	0.1098	0.1354	0.05338
275	0.00250	0.00250	0.00000	0.00000	0.1118	0.0916	0.05028
276	0.00297	0.00297	0.00000	0.00000	0.1105	0.1364	0.05417
277	0.00271	0.00271	0.00000	0.00000	0.1124	0.0979	0.05073
278	0.00196	0.00196	0.00000	0.00000	0.1112	0.1283	0.05394
279	0.00192	0.00192	0.00000	0.00000	0.1114	0.1203	0.05290
280	0.00211	0.00211	0.00000	0.00000	0.1117	0.1191	0.05285
281	0.00182	0.00182	0.00000	0.00000	0.1113	0.1071	0.05158
282	0.00206	0.00206	0.00000	0.00000	0.1122	0.0801	0.05365
283	0.00218	0.00218	0.00000	0.00000	0.1112	0.1173	0.05205
284	0.00267	0.00267	0.00000	0.00000	0.1127	0.0964	0.05225
285	0.00208	0.00208	0.00000	0.00000	0.1108	0.1132	0.05200
286	0.00187	0.00187	0.00000	0.00000	0.1105	0.1506	0.05370
287	0.00341	0.00341	0.00000	0.00000	0.1127	0.0969	0.05195
288	0.00228	0.00228	0.00000	0.00000	0.1103	0.1384	0.05490
289	0.00248	0.00248	0.00000	0.00000	0.1129	0.1140	0.05190
290	0.00190	0.00190	0.00000	0.00000	0.1111	0.1189	0.05061
291	0.00229	0.00229	0.00000	0.00000	0.1123	0.1176	0.05491
292	0.00211	0.00211	0.00000	0.00000	0.1107	0.1406	0.05513
293	0.00180	0.00180	0.00000	0.00000	0.1124	0.0941	0.05149
294	0.00198	0.00198	0.00000	0.00000	0.1115	0.0986	0.05182
295	0.00190	0.00190	0.00000	0.00000	0.1104	0.1519	0.05520
296	0.00192	0.00192	0.00000	0.00000	0.1124	0.1198	0.05309
297	0.00199	0.00199	0.00000	0.00000	0.1115	0.1122	0.05291
298	0.00195	0.00195	0.00000	0.00000	0.1109	0.1165	0.05195
299	0.00183	0.00183	0.00000	0.00000	0.1121	0.1196	0.05243
