# {"dataset": "kitti", "cache": "method02_advantage_regress_tinyConv/outputs/kitti/cache_train_g8.pt", "val_cache": "method02_advantage_regress_tinyConv/outputs/kitti/cache_val_g8.pt", "flops": "/home/hslee/Desktop/Embedded_AI/context-anydepth-det/anydepth-yolov12/method02_advantage_regress_tinyConv/outputs/kitti/flops_table.json", "epochs": 300, "batch": 256, "lr": 0.001, "lambda_flops": 1.0, "lambda_uni": 0.1, "hidden": 128, "group_dim": 64, "path_dim": 8, "feat": "input", "norm": "batch", "dropout": 0.0, "weight_decay": 0.0, "select": "val_corr", "mode": "regress", "regress_loss": "mse", "margin": 0.0, "prev_p": 0.5, "seed": 2, "device": "cuda:0", "out": "method02_advantage_regress_tinyConv/outputs/kitti/ablation/policy_input_g8_s2.pt", "logdir": "method02_advantage_regress_tinyConv/outputs/kitti/ablation/logs", "tag": "g8_s2"}
epoch	total	l_acc	l_flops	l_uni	p_super	val_p_super	val_l_acc
0	0.04406	0.04406	0.00000	0.00000	0.1117	0.0833	0.04252
1	0.04251	0.04251	0.00000	0.00000	0.1119	0.1089	0.04132
2	0.04150	0.04150	0.00000	0.00000	0.1090	0.1080	0.04042
3	0.04060	0.04060	0.00000	0.00000	0.1110	0.1050	0.04133
4	0.03994	0.03994	0.00000	0.00000	0.1104	0.1119	0.04007
5	0.03864	0.03864	0.00000	0.00000	0.1122	0.1081	0.03961
6	0.03805	0.03805	0.00000	0.00000	0.1127	0.1174	0.03915
7	0.03682	0.03682	0.00000	0.00000	0.1092	0.1320	0.03950
8	0.03559	0.03559	0.00000	0.00000	0.1129	0.1196	0.03945
9	0.03564	0.03564	0.00000	0.00000	0.1112	0.1032	0.03917
10	0.03493	0.03493	0.00000	0.00000	0.1139	0.1240	0.03867
11	0.03400	0.03400	0.00000	0.00000	0.1116	0.1146	0.03852
12	0.03192	0.03192	0.00000	0.00000	0.1108	0.1084	0.03866
13	0.03133	0.03133	0.00000	0.00000	0.1126	0.1106	0.03901
14	0.03061	0.03061	0.00000	0.00000	0.1105	0.0936	0.03921
15	0.02901	0.02901	0.00000	0.00000	0.1108	0.1304	0.03883
16	0.02793	0.02793	0.00000	0.00000	0.1125	0.0832	0.03918
17	0.02672	0.02672	0.00000	0.00000	0.1096	0.1441	0.04157
18	0.02636	0.02636	0.00000	0.00000	0.1104	0.1387	0.04158
19	0.02589	0.02589	0.00000	0.00000	0.1142	0.0941	0.03939
20	0.02446	0.02446	0.00000	0.00000	0.1108	0.1632	0.04222
21	0.02485	0.02485	0.00000	0.00000	0.1139	0.0887	0.04010
22	0.02255	0.02255	0.00000	0.00000	0.1122	0.1242	0.04013
23	0.02242	0.02242	0.00000	0.00000	0.1118	0.1249	0.04043
24	0.02140	0.02140	0.00000	0.00000	0.1116	0.1109	0.03988
25	0.02036	0.02036	0.00000	0.00000	0.1112	0.1037	0.04228
26	0.02056	0.02056	0.00000	0.00000	0.1110	0.1500	0.04314
27	0.01965	0.01965	0.00000	0.00000	0.1108	0.1483	0.04301
28	0.01904	0.01904	0.00000	0.00000	0.1116	0.1444	0.04262
29	0.01792	0.01792	0.00000	0.00000	0.1128	0.1415	0.04327
30	0.01781	0.01781	0.00000	0.00000	0.1136	0.0856	0.04233
31	0.01745	0.01745	0.00000	0.00000	0.1130	0.1010	0.04202
32	0.01672	0.01672	0.00000	0.00000	0.1120	0.1469	0.04392
33	0.01736	0.01736	0.00000	0.00000	0.1117	0.1211	0.04206
34	0.01546	0.01546	0.00000	0.00000	0.1091	0.1609	0.04579
35	0.01578	0.01578	0.00000	0.00000	0.1119	0.1103	0.04261
36	0.01455	0.01455	0.00000	0.00000	0.1108	0.1166	0.04264
37	0.01516	0.01516	0.00000	0.00000	0.1133	0.0803	0.04387
38	0.01524	0.01524	0.00000	0.00000	0.1100	0.1069	0.04284
39	0.01343	0.01343	0.00000	0.00000	0.1126	0.0882	0.04448
40	0.01382	0.01382	0.00000	0.00000	0.1108	0.1538	0.04550
41	0.01308	0.01308	0.00000	0.00000	0.1135	0.0991	0.04352
42	0.01313	0.01313	0.00000	0.00000	0.1115	0.0646	0.04617
43	0.01266	0.01266	0.00000	0.00000	0.1093	0.1017	0.04441
44	0.01269	0.01269	0.00000	0.00000	0.1105	0.1257	0.04516
45	0.01130	0.01130	0.00000	0.00000	0.1122	0.1246	0.04436
46	0.01157	0.01157	0.00000	0.00000	0.1115	0.1314	0.04668
47	0.01132	0.01132	0.00000	0.00000	0.1118	0.1396	0.04557
48	0.01135	0.01135	0.00000	0.00000	0.1125	0.0914	0.04582
49	0.01087	0.01087	0.00000	0.00000	0.1118	0.1053	0.04563
50	0.01113	0.01113	0.00000	0.00000	0.1104	0.1588	0.04831
51	0.01072	0.01072	0.00000	0.00000	0.1141	0.0741	0.04769
52	0.01076	0.01076	0.00000	0.00000	0.1105	0.1289	0.04653
53	0.01032	0.01032	0.00000	0.00000	0.1126	0.0986	0.04567
54	0.01001	0.01001	0.00000	0.00000	0.1104	0.1176	0.04685
55	0.00938	0.00938	0.00000	0.00000	0.1126	0.1123	0.04645
56	0.00882	0.00882	0.00000	0.00000	0.1117	0.1206	0.04794
57	0.00874	0.00874	0.00000	0.00000	0.1125	0.0604	0.04933
58	0.00906	0.00906	0.00000	0.00000	0.1108	0.1079	0.04752
59	0.00829	0.00829	0.00000	0.00000	0.1112	0.1496	0.04826
60	0.00872	0.00872	0.00000	0.00000	0.1116	0.1171	0.04699
61	0.00853	0.00853	0.00000	0.00000	0.1105	0.1462	0.04981
62	0.01013	0.01013	0.00000	0.00000	0.1129	0.1199	0.04679
63	0.00855	0.00855	0.00000	0.00000	0.1108	0.1646	0.05052
64	0.00818	0.00818	0.00000	0.00000	0.1123	0.1110	0.04765
65	0.00731	0.00731	0.00000	0.00000	0.1118	0.0911	0.04815
66	0.00726	0.00726	0.00000	0.00000	0.1101	0.1438	0.04890
67	0.00847	0.00847	0.00000	0.00000	0.1125	0.1022	0.04666
68	0.00818	0.00818	0.00000	0.00000	0.1101	0.1244	0.04757
69	0.00744	0.00744	0.00000	0.00000	0.1097	0.1203	0.04718
70	0.00714	0.00714	0.00000	0.00000	0.1115	0.1348	0.04873
71	0.00697	0.00697	0.00000	0.00000	0.1131	0.0546	0.05039
72	0.00720	0.00720	0.00000	0.00000	0.1102	0.1440	0.05071
73	0.00864	0.00864	0.00000	0.00000	0.1107	0.1786	0.05159
74	0.00809	0.00809	0.00000	0.00000	0.1144	0.0917	0.04819
75	0.00709	0.00709	0.00000	0.00000	0.1107	0.1790	0.05386
76	0.00830	0.00830	0.00000	0.00000	0.1125	0.1441	0.05077
77	0.00736	0.00736	0.00000	0.00000	0.1140	0.0814	0.04972
78	0.00684	0.00684	0.00000	0.00000	0.1112	0.0789	0.05001
79	0.00735	0.00735	0.00000	0.00000	0.1094	0.1189	0.04954
80	0.00613	0.00613	0.00000	0.00000	0.1121	0.0826	0.04879
81	0.00591	0.00591	0.00000	0.00000	0.1122	0.0634	0.05065
82	0.00647	0.00647	0.00000	0.00000	0.1109	0.0823	0.04909
83	0.00694	0.00694	0.00000	0.00000	0.1099	0.1286	0.04962
84	0.00588	0.00588	0.00000	0.00000	0.1115	0.1157	0.04895
85	0.00560	0.00560	0.00000	0.00000	0.1119	0.1341	0.04931
86	0.00647	0.00647	0.00000	0.00000	0.1122	0.1134	0.04955
87	0.00712	0.00712	0.00000	0.00000	0.1128	0.0759	0.04961
88	0.00690	0.00690	0.00000	0.00000	0.1089	0.1572	0.05049
89	0.00596	0.00596	0.00000	0.00000	0.1118	0.1118	0.04795
90	0.00633	0.00633	0.00000	0.00000	0.1103	0.1550	0.05068
91	0.00656	0.00656	0.00000	0.00000	0.1110	0.1075	0.04827
92	0.00617	0.00617	0.00000	0.00000	0.1123	0.1140	0.04826
93	0.00546	0.00546	0.00000	0.00000	0.1106	0.1216	0.04910
94	0.00504	0.00504	0.00000	0.00000	0.1119	0.1425	0.04996
95	0.00530	0.00530	0.00000	0.00000	0.1128	0.0803	0.05009
96	0.00532	0.00532	0.00000	0.00000	0.1099	0.1133	0.04999
97	0.00483	0.00483	0.00000	0.00000	0.1125	0.0717	0.05221
98	0.00664	0.00664	0.00000	0.00000	0.1112	0.1111	0.04896
99	0.00517	0.00517	0.00000	0.00000	0.1113	0.1163	0.05012
100	0.00503	0.00503	0.00000	0.00000	0.1108	0.1050	0.05137
101	0.00492	0.00492	0.00000	0.00000	0.1108	0.1098	0.04899
102	0.00466	0.00466	0.00000	0.00000	0.1112	0.1151	0.05169
103	0.00456	0.00456	0.00000	0.00000	0.1113	0.0901	0.04962
104	0.00498	0.00498	0.00000	0.00000	0.1097	0.1345	0.04961
105	0.00484	0.00484	0.00000	0.00000	0.1110	0.1270	0.04995
106	0.00461	0.00461	0.00000	0.00000	0.1125	0.0566	0.05236
107	0.00481	0.00481	0.00000	0.00000	0.1110	0.0971	0.04979
108	0.00419	0.00419	0.00000	0.00000	0.1114	0.1182	0.05020
109	0.00398	0.00398	0.00000	0.00000	0.1120	0.1001	0.04976
110	0.00412	0.00412	0.00000	0.00000	0.1120	0.1000	0.05039
111	0.00435	0.00435	0.00000	0.00000	0.1116	0.1263	0.05040
112	0.00398	0.00398	0.00000	0.00000	0.1117	0.1083	0.04974
113	0.00441	0.00441	0.00000	0.00000	0.1114	0.0946	0.04938
114	0.00414	0.00414	0.00000	0.00000	0.1112	0.0694	0.05179
115	0.00457	0.00457	0.00000	0.00000	0.1103	0.1599	0.05264
116	0.00523	0.00523	0.00000	0.00000	0.1116	0.1639	0.05246
117	0.00481	0.00481	0.00000	0.00000	0.1122	0.1066	0.04977
118	0.00477	0.00477	0.00000	0.00000	0.1112	0.1467	0.05086
119	0.00514	0.00514	0.00000	0.00000	0.1133	0.1265	0.04936
120	0.00442	0.00442	0.00000	0.00000	0.1134	0.0957	0.05036
121	0.00473	0.00473	0.00000	0.00000	0.1127	0.0657	0.05040
122	0.00402	0.00402	0.00000	0.00000	0.1107	0.1090	0.05053
123	0.00420	0.00420	0.00000	0.00000	0.1103	0.1469	0.05170
124	0.00465	0.00465	0.00000	0.00000	0.1119	0.1370	0.05120
125	0.00513	0.00513	0.00000	0.00000	0.1122	0.1255	0.04924
126	0.00372	0.00372	0.00000	0.00000	0.1121	0.1116	0.05128
127	0.00391	0.00391	0.00000	0.00000	0.1125	0.0817	0.05184
128	0.00373	0.00373	0.00000	0.00000	0.1108	0.1320	0.05184
129	0.00419	0.00419	0.00000	0.00000	0.1115	0.1023	0.05027
130	0.00440	0.00440	0.00000	0.00000	0.1104	0.1141	0.05020
131	0.00383	0.00383	0.00000	0.00000	0.1111	0.0985	0.05146
132	0.00360	0.00360	0.00000	0.00000	0.1113	0.1049	0.05007
133	0.00425	0.00425	0.00000	0.00000	0.1111	0.0718	0.05123
134	0.00425	0.00425	0.00000	0.00000	0.1090	0.1551	0.05215
135	0.00480	0.00480	0.00000	0.00000	0.1119	0.1380	0.05078
136	0.00391	0.00391	0.00000	0.00000	0.1133	0.1214	0.05087
137	0.00381	0.00381	0.00000	0.00000	0.1112	0.1542	0.05241
138	0.00358	0.00358	0.00000	0.00000	0.1130	0.1074	0.05068
139	0.00343	0.00343	0.00000	0.00000	0.1121	0.0891	0.05062
140	0.00381	0.00381	0.00000	0.00000	0.1127	0.0556	0.05319
141	0.00421	0.00421	0.00000	0.00000	0.1106	0.0887	0.04963
142	0.00306	0.00306	0.00000	0.00000	0.1105	0.1063	0.05008
143	0.00335	0.00335	0.00000	0.00000	0.1110	0.1373	0.05141
144	0.00362	0.00362	0.00000	0.00000	0.1131	0.0745	0.05191
145	0.00325	0.00325	0.00000	0.00000	0.1106	0.1440	0.05194
146	0.00308	0.00308	0.00000	0.00000	0.1120	0.1104	0.05108
147	0.00314	0.00314	0.00000	0.00000	0.1124	0.1024	0.05093
148	0.00538	0.00538	0.00000	0.00000	0.1136	0.0436	0.05274
149	0.00478	0.00478	0.00000	0.00000	0.1097	0.1393	0.05071
150	0.00308	0.00308	0.00000	0.00000	0.1118	0.1142	0.05004
151	0.00315	0.00315	0.00000	0.00000	0.1124	0.0930	0.05045
152	0.00304	0.00304	0.00000	0.00000	0.1116	0.1039	0.05157
153	0.00332	0.00332	0.00000	0.00000	0.1118	0.1158	0.05076
154	0.00280	0.00280	0.00000	0.00000	0.1110	0.1379	0.05124
155	0.00262	0.00262	0.00000	0.00000	0.1120	0.1149	0.05104
156	0.00294	0.00294	0.00000	0.00000	0.1116	0.1130	0.05065
157	0.00292	0.00292	0.00000	0.00000	0.1117	0.0892	0.05188
158	0.00301	0.00301	0.00000	0.00000	0.1102	0.1121	0.05051
159	0.00310	0.00310	0.00000	0.00000	0.1115	0.0880	0.05075
160	0.00307	0.00307	0.00000	0.00000	0.1107	0.0900	0.05102
161	0.00290	0.00290	0.00000	0.00000	0.1110	0.1066	0.05073
162	0.00256	0.00256	0.00000	0.00000	0.1109	0.1056	0.05119
163	0.00257	0.00257	0.00000	0.00000	0.1104	0.1612	0.05514
164	0.00303	0.00303	0.00000	0.00000	0.1122	0.1179	0.05088
165	0.00252	0.00252	0.00000	0.00000	0.1127	0.0977	0.05147
166	0.00265	0.00265	0.00000	0.00000	0.1121	0.1186	0.05124
167	0.00269	0.00269	0.00000	0.00000	0.1120	0.1237	0.05021
168	0.00288	0.00288	0.00000	0.00000	0.1116	0.1145	0.05219
169	0.00274	0.00274	0.00000	0.00000	0.1109	0.1419	0.05296
170	0.00310	0.00310	0.00000	0.00000	0.1119	0.1367	0.05161
171	0.00295	0.00295	0.00000	0.00000	0.1121	0.1060	0.05125
172	0.00279	0.00279	0.00000	0.00000	0.1109	0.0781	0.05056
173	0.00275	0.00275	0.00000	0.00000	0.1104	0.0938	0.05107
174	0.00217	0.00217	0.00000	0.00000	0.1111	0.1096	0.05078
175	0.00241	0.00241	0.00000	0.00000	0.1118	0.1141	0.05135
176	0.00241	0.00241	0.00000	0.00000	0.1127	0.0673	0.05349
177	0.00254	0.00254	0.00000	0.00000	0.1104	0.1095	0.05118
178	0.00326	0.00326	0.00000	0.00000	0.1112	0.0910	0.05153
179	0.00325	0.00325	0.00000	0.00000	0.1111	0.0572	0.05412
180	0.00355	0.00355	0.00000	0.00000	0.1109	0.0800	0.05166
181	0.00310	0.00310	0.00000	0.00000	0.1117	0.1043	0.05167
182	0.00228	0.00228	0.00000	0.00000	0.1112	0.1248	0.05154
183	0.00214	0.00214	0.00000	0.00000	0.1115	0.1145	0.05169
184	0.00208	0.00208	0.00000	0.00000	0.1109	0.1121	0.05177
185	0.00214	0.00214	0.00000	0.00000	0.1109	0.1085	0.05094
186	0.00221	0.00221	0.00000	0.00000	0.1114	0.0916	0.05012
187	0.00235	0.00235	0.00000	0.00000	0.1116	0.0788	0.05258
188	0.00278	0.00278	0.00000	0.00000	0.1109	0.0822	0.05169
189	0.00236	0.00236	0.00000	0.00000	0.1114	0.1299	0.05105
190	0.00222	0.00222	0.00000	0.00000	0.1130	0.0829	0.05118
191	0.00272	0.00272	0.00000	0.00000	0.1104	0.1277	0.05082
192	0.00229	0.00229	0.00000	0.00000	0.1119	0.1270	0.05155
193	0.00200	0.00200	0.00000	0.00000	0.1109	0.1042	0.05061
194	0.00205	0.00205	0.00000	0.00000	0.1107	0.1426	0.05259
195	0.00205	0.00205	0.00000	0.00000	0.1114	0.1180	0.05275
196	0.00186	0.00186	0.00000	0.00000	0.1114	0.1012	0.05240
197	0.00192	0.00192	0.00000	0.00000	0.1104	0.1497	0.05303
198	0.00234	0.00234	0.00000	0.00000	0.1130	0.0766	0.05233
199	0.00253	0.00253	0.00000	0.00000	0.1117	0.1063	0.05139
200	0.00188	0.00188	0.00000	0.00000	0.1110	0.1339	0.05261
201	0.00274	0.00274	0.00000	0.00000	0.1120	0.0718	0.05233
202	0.00244	0.00244	0.00000	0.00000	0.1101	0.1409	0.05218
203	0.00195	0.00195	0.00000	0.00000	0.1125	0.1053	0.05228
204	0.00227	0.00227	0.00000	0.00000	0.1111	0.1154	0.05124
205	0.00254	0.00254	0.00000	0.00000	0.1114	0.1104	0.05092
206	0.00200	0.00200	0.00000	0.00000	0.1124	0.0819	0.05257
207	0.00191	0.00191	0.00000	0.00000	0.1108	0.1104	0.05233
208	0.00175	0.00175	0.00000	0.00000	0.1114	0.1400	0.05253
209	0.00226	0.00226	0.00000	0.00000	0.1127	0.0935	0.05071
210	0.00233	0.00233	0.00000	0.00000	0.1112	0.1254	0.05200
211	0.00208	0.00208	0.00000	0.00000	0.1116	0.1191	0.05228
212	0.00208	0.00208	0.00000	0.00000	0.1118	0.0868	0.05086
213	0.00229	0.00229	0.00000	0.00000	0.1109	0.1154	0.05198
214	0.00201	0.00201	0.00000	0.00000	0.1110	0.1053	0.05145
215	0.00154	0.00154	0.00000	0.00000	0.1114	0.0719	0.05312
216	0.00265	0.00265	0.00000	0.00000	0.1101	0.1050	0.05096
217	0.00196	0.00196	0.00000	0.00000	0.1110	0.1151	0.05128
218	0.00168	0.00168	0.00000	0.00000	0.1118	0.0879	0.05233
219	0.00186	0.00186	0.00000	0.00000	0.1114	0.0996	0.05268
220	0.00196	0.00196	0.00000	0.00000	0.1108	0.1268	0.05221
221	0.00231	0.00231	0.00000	0.00000	0.1118	0.0897	0.05224
222	0.00200	0.00200	0.00000	0.00000	0.1105	0.1124	0.05069
223	0.00164	0.00164	0.00000	0.00000	0.1122	0.0703	0.05273
224	0.00298	0.00298	0.00000	0.00000	0.1096	0.1801	0.05628
225	0.00512	0.00512	0.00000	0.00000	0.1122	0.1653	0.05374
226	0.00414	0.00414	0.00000	0.00000	0.1136	0.1009	0.05055
227	0.00217	0.00217	0.00000	0.00000	0.1115	0.1208	0.05058
228	0.00192	0.00192	0.00000	0.00000	0.1111	0.1171	0.05164
229	0.00172	0.00172	0.00000	0.00000	0.1110	0.1102	0.05125
230	0.00175	0.00175	0.00000	0.00000	0.1121	0.0890	0.05203
231	0.00140	0.00140	0.00000	0.00000	0.1113	0.1249	0.05210
232	0.00146	0.00146	0.00000	0.00000	0.1119	0.1064	0.05295
233	0.00162	0.00162	0.00000	0.00000	0.1118	0.1018	0.05073
234	0.00155	0.00155	0.00000	0.00000	0.1117	0.1330	0.05179
235	0.00149	0.00149	0.00000	0.00000	0.1118	0.1219	0.05084
236	0.00127	0.00127	0.00000	0.00000	0.1114	0.1115	0.05247
237	0.00139	0.00139	0.00000	0.00000	0.1108	0.1227	0.05098
238	0.00124	0.00124	0.00000	0.00000	0.1123	0.0902	0.05171
239	0.00222	0.00222	0.00000	0.00000	0.1108	0.1188	0.04984
240	0.00159	0.00159	0.00000	0.00000	0.1127	0.0748	0.05258
241	0.00275	0.00275	0.00000	0.00000	0.1105	0.0850	0.05275
242	0.00193	0.00193	0.00000	0.00000	0.1106	0.1480	0.05271
243	0.00277	0.00277	0.00000	0.00000	0.1117	0.1224	0.05137
244	0.00201	0.00201	0.00000	0.00000	0.1105	0.1202	0.05109
245	0.00176	0.00176	0.00000	0.00000	0.1099	0.1602	0.05387
246	0.00205	0.00205	0.00000	0.00000	0.1124	0.1059	0.05093
247	0.00129	0.00129	0.00000	0.00000	0.1104	0.1548	0.05369
248	0.00162	0.00162	0.00000	0.00000	0.1135	0.0841	0.05180
249	0.00186	0.00186	0.00000	0.00000	0.1115	0.0809	0.05197
250	0.00242	0.00242	0.00000	0.00000	0.1115	0.1192	0.05049
251	0.00196	0.00196	0.00000	0.00000	0.1119	0.1320	0.05253
252	0.00152	0.00152	0.00000	0.00000	0.1116	0.1155	0.05191
253	0.00167	0.00167	0.00000	0.00000	0.1114	0.0856	0.05169
254	0.00255	0.00255	0.00000	0.00000	0.1106	0.0855	0.05174
255	0.00163	0.00163	0.00000	0.00000	0.1114	0.1176	0.05229
256	0.00240	0.00240	0.00000	0.00000	0.1123	0.0886	0.05136
257	0.00190	0.00190	0.00000	0.00000	0.1113	0.1301	0.05299
258	0.00142	0.00142	0.00000	0.00000	0.1116	0.1375	0.05268
259	0.00119	0.00119	0.00000	0.00000	0.1125	0.0934	0.05308
260	0.00125	0.00125	0.00000	0.00000	0.1114	0.1145	0.05220
261	0.00104	0.00104	0.00000	0.00000	0.1115	0.0996	0.05134
262	0.00171	0.00171	0.00000	0.00000	0.1106	0.1264	0.05202
263	0.00141	0.00141	0.00000	0.00000	0.1124	0.1342	0.05179
264	0.00151	0.00151	0.00000	0.00000	0.1117	0.1324	0.05237
265	0.00131	0.00131	0.00000	0.00000	0.1120	0.0968	0.05082
266	0.00135	0.00135	0.00000	0.00000	0.1114	0.1189	0.05180
267	0.00186	0.00186	0.00000	0.00000	0.1113	0.1220	0.05189
268	0.00182	0.00182	0.00000	0.00000	0.1114	0.1033	0.05069
269	0.00156	0.00156	0.00000	0.00000	0.1107	0.1260	0.05264
270	0.00186	0.00186	0.00000	0.00000	0.1119	0.1367	0.05320
271	0.00125	0.00125	0.00000	0.00000	0.1121	0.1168	0.05145
272	0.00158	0.00158	0.00000	0.00000	0.1112	0.1323	0.05193
273	0.00163	0.00163	0.00000	0.00000	0.1125	0.0683	0.05297
274	0.00138	0.00138	0.00000	0.00000	0.1107	0.0982	0.05216
275	0.00159	0.00159	0.00000	0.00000	0.1118	0.0895	0.05152
276	0.00124	0.00124	0.00000	0.00000	0.1112	0.0935	0.05169
277	0.00137	0.00137	0.00000	0.00000	0.1114	0.1229	0.05286
278	0.00141	0.00141	0.00000	0.00000	0.1114	0.1125	0.05176
279	0.00129	0.00129	0.00000	0.00000	0.1108	0.1348	0.05300
280	0.00129	0.00129	0.00000	0.00000	0.1113	0.1167	0.05219
281	0.00175	0.00175	0.00000	0.00000	0.1116	0.1012	0.05172
282	0.00147	0.00147	0.00000	0.00000	0.1107	0.1429	0.05297
283	0.00128	0.00128	0.00000	0.00000	0.1117	0.1410	0.05276
284	0.00120	0.00120	0.00000	0.00000	0.1123	0.1025	0.05185
285	0.00146	0.00146	0.00000	0.00000	0.1112	0.1111	0.05240
286	0.00185	0.00185	0.00000	0.00000	0.1112	0.0942	0.05025
287	0.00126	0.00126	0.00000	0.00000	0.1110	0.1007	0.05263
288	0.00180	0.00180	0.00000	0.00000	0.1106	0.1570	0.05331
289	0.00203	0.00203	0.00000	0.00000	0.1130	0.1127	0.05113
290	0.00158	0.00158	0.00000	0.00000	0.1113	0.1351	0.05158
291	0.00214	0.00214	0.00000	0.00000	0.1128	0.1251	0.05315
292	0.00185	0.00185	0.00000	0.00000	0.1120	0.1211	0.05113
293	0.00188	0.00188	0.00000	0.00000	0.1123	0.1267	0.05058
294	0.00159	0.00159	0.00000	0.00000	0.1124	0.1023	0.05163
295	0.00106	0.00106	0.00000	0.00000	0.1115	0.1045	0.05225
296	0.00123	0.00123	0.00000	0.00000	0.1121	0.1079	0.05180
297	0.00094	0.00094	0.00000	0.00000	0.1117	0.1144	0.05101
298	0.00083	0.00083	0.00000	0.00000	0.1115	0.1243	0.05218
299	0.00105	0.00105	0.00000	0.00000	0.1123	0.0931	0.05179
