# {"dataset": "kitti", "cache": "method02_advantage_regress_tinyConv/outputs/kitti/cache_train_g2x8.pt", "val_cache": "method02_advantage_regress_tinyConv/outputs/kitti/cache_val_g2x8.pt", "flops": "method02_advantage_regress_tinyConv/outputs/kitti/flops_table.json", "epochs": 300, "batch": 256, "lr": 0.001, "lambda_flops": 1.0, "lambda_uni": 0.1, "hidden": 128, "group_dim": 64, "path_dim": 8, "feat": "input", "norm": "batch", "dropout": 0.0, "weight_decay": 0.0, "select": "val_corr", "mode": "regress", "regress_loss": "mse", "margin": 0.0, "prev_p": 0.5, "seed": 1, "device": "cuda:0", "out": "method02_advantage_regress_tinyConv/outputs/kitti/ablation/policy_input_g2x8_s1.pt", "logdir": "method02_advantage_regress_tinyConv/outputs/kitti/ablation/logs", "tag": "g2x8_s1", "keep_layers": ""}
epoch	total	l_acc	l_flops	l_uni	p_super	val_p_super	val_l_acc
0	0.04387	0.04387	0.00000	0.00000	0.1081	0.1315	0.04250
1	0.04216	0.04216	0.00000	0.00000	0.1140	0.1023	0.04122
2	0.04091	0.04091	0.00000	0.00000	0.1117	0.1023	0.04047
3	0.03968	0.03968	0.00000	0.00000	0.1127	0.1111	0.03992
4	0.03890	0.03890	0.00000	0.00000	0.1130	0.1012	0.03999
5	0.03752	0.03752	0.00000	0.00000	0.1108	0.0952	0.03969
6	0.03644	0.03644	0.00000	0.00000	0.1132	0.1074	0.03900
7	0.03501	0.03501	0.00000	0.00000	0.1093	0.1639	0.04271
8	0.03417	0.03417	0.00000	0.00000	0.1150	0.0816	0.03980
9	0.03319	0.03319	0.00000	0.00000	0.1109	0.0817	0.03972
10	0.03192	0.03192	0.00000	0.00000	0.1104	0.1375	0.04019
11	0.03133	0.03133	0.00000	0.00000	0.1114	0.0891	0.03905
12	0.02959	0.02959	0.00000	0.00000	0.1128	0.1259	0.04083
13	0.02878	0.02878	0.00000	0.00000	0.1132	0.0791	0.03914
14	0.02873	0.02873	0.00000	0.00000	0.1117	0.1202	0.03905
15	0.02706	0.02706	0.00000	0.00000	0.1107	0.1232	0.04065
16	0.02582	0.02582	0.00000	0.00000	0.1113	0.1054	0.03929
17	0.02542	0.02542	0.00000	0.00000	0.1117	0.1004	0.03980
18	0.02437	0.02437	0.00000	0.00000	0.1102	0.1499	0.04311
19	0.02498	0.02498	0.00000	0.00000	0.1135	0.1115	0.03967
20	0.02320	0.02320	0.00000	0.00000	0.1103	0.1467	0.04245
21	0.02224	0.02224	0.00000	0.00000	0.1147	0.0462	0.04504
22	0.02378	0.02378	0.00000	0.00000	0.1106	0.0820	0.04083
23	0.02110	0.02110	0.00000	0.00000	0.1115	0.1129	0.04052
24	0.02040	0.02040	0.00000	0.00000	0.1108	0.1471	0.04296
25	0.01981	0.01981	0.00000	0.00000	0.1128	0.1251	0.04170
26	0.01902	0.01902	0.00000	0.00000	0.1119	0.0955	0.04321
27	0.01838	0.01838	0.00000	0.00000	0.1123	0.0884	0.04268
28	0.01859	0.01859	0.00000	0.00000	0.1110	0.1379	0.04305
29	0.01805	0.01805	0.00000	0.00000	0.1100	0.1321	0.04375
30	0.01814	0.01814	0.00000	0.00000	0.1147	0.0852	0.04251
31	0.01646	0.01646	0.00000	0.00000	0.1109	0.1179	0.04447
32	0.01670	0.01670	0.00000	0.00000	0.1125	0.1052	0.04328
33	0.01595	0.01595	0.00000	0.00000	0.1120	0.1317	0.04422
34	0.01510	0.01510	0.00000	0.00000	0.1114	0.1227	0.04576
35	0.01570	0.01570	0.00000	0.00000	0.1122	0.0966	0.04451
36	0.01447	0.01447	0.00000	0.00000	0.1108	0.1372	0.04420
37	0.01437	0.01437	0.00000	0.00000	0.1120	0.1111	0.04437
38	0.01415	0.01415	0.00000	0.00000	0.1097	0.1493	0.04630
39	0.01443	0.01443	0.00000	0.00000	0.1118	0.1367	0.04524
40	0.01349	0.01349	0.00000	0.00000	0.1129	0.0691	0.04640
41	0.01364	0.01364	0.00000	0.00000	0.1101	0.1176	0.04392
42	0.01371	0.01371	0.00000	0.00000	0.1116	0.1384	0.04580
43	0.01430	0.01430	0.00000	0.00000	0.1149	0.0620	0.04535
44	0.01303	0.01303	0.00000	0.00000	0.1103	0.1235	0.04516
45	0.01214	0.01214	0.00000	0.00000	0.1111	0.1110	0.04478
46	0.01185	0.01185	0.00000	0.00000	0.1109	0.1370	0.04578
47	0.01131	0.01131	0.00000	0.00000	0.1119	0.1552	0.04823
48	0.01125	0.01125	0.00000	0.00000	0.1134	0.1079	0.04503
49	0.01071	0.01071	0.00000	0.00000	0.1100	0.1734	0.05167
50	0.01077	0.01077	0.00000	0.00000	0.1124	0.1050	0.04651
51	0.01073	0.01073	0.00000	0.00000	0.1108	0.1697	0.05095
52	0.01146	0.01146	0.00000	0.00000	0.1118	0.0932	0.04774
53	0.01036	0.01036	0.00000	0.00000	0.1100	0.1209	0.04635
54	0.01055	0.01055	0.00000	0.00000	0.1121	0.1218	0.04648
55	0.01007	0.01007	0.00000	0.00000	0.1105	0.1305	0.04673
56	0.00968	0.00968	0.00000	0.00000	0.1119	0.1109	0.04674
57	0.01007	0.01007	0.00000	0.00000	0.1120	0.0607	0.04799
58	0.01053	0.01053	0.00000	0.00000	0.1104	0.0992	0.04665
59	0.00914	0.00914	0.00000	0.00000	0.1096	0.1284	0.04754
60	0.00880	0.00880	0.00000	0.00000	0.1120	0.1155	0.04776
61	0.00861	0.00861	0.00000	0.00000	0.1123	0.0800	0.04749
62	0.00890	0.00890	0.00000	0.00000	0.1110	0.1332	0.04847
63	0.00829	0.00829	0.00000	0.00000	0.1121	0.0916	0.04681
64	0.00919	0.00919	0.00000	0.00000	0.1113	0.0870	0.04772
65	0.00999	0.00999	0.00000	0.00000	0.1099	0.1236	0.04837
66	0.00951	0.00951	0.00000	0.00000	0.1111	0.1380	0.04847
67	0.00853	0.00853	0.00000	0.00000	0.1111	0.1268	0.04951
68	0.00900	0.00900	0.00000	0.00000	0.1123	0.1191	0.04796
69	0.00794	0.00794	0.00000	0.00000	0.1108	0.0897	0.04801
70	0.00836	0.00836	0.00000	0.00000	0.1109	0.0810	0.04941
71	0.00789	0.00789	0.00000	0.00000	0.1091	0.1605	0.05239
72	0.00872	0.00872	0.00000	0.00000	0.1125	0.1076	0.04815
73	0.00744	0.00744	0.00000	0.00000	0.1119	0.0922	0.04740
74	0.00853	0.00853	0.00000	0.00000	0.1112	0.0776	0.04828
75	0.00858	0.00858	0.00000	0.00000	0.1106	0.0943	0.04652
76	0.00772	0.00772	0.00000	0.00000	0.1126	0.1112	0.04762
77	0.00715	0.00715	0.00000	0.00000	0.1103	0.1253	0.04765
78	0.00737	0.00737	0.00000	0.00000	0.1124	0.1052	0.04789
79	0.00681	0.00681	0.00000	0.00000	0.1128	0.0964	0.04854
80	0.00723	0.00723	0.00000	0.00000	0.1107	0.1052	0.04844
81	0.00668	0.00668	0.00000	0.00000	0.1110	0.1328	0.04830
82	0.00708	0.00708	0.00000	0.00000	0.1127	0.1044	0.04919
83	0.00691	0.00691	0.00000	0.00000	0.1121	0.0585	0.04991
84	0.00854	0.00854	0.00000	0.00000	0.1121	0.0539	0.04992
85	0.00851	0.00851	0.00000	0.00000	0.1099	0.1163	0.04804
86	0.00688	0.00688	0.00000	0.00000	0.1108	0.1155	0.04772
87	0.00646	0.00646	0.00000	0.00000	0.1123	0.1116	0.04969
88	0.00660	0.00660	0.00000	0.00000	0.1101	0.1499	0.05073
89	0.00685	0.00685	0.00000	0.00000	0.1115	0.1299	0.04922
90	0.00609	0.00609	0.00000	0.00000	0.1119	0.1131	0.04999
91	0.00591	0.00591	0.00000	0.00000	0.1114	0.1452	0.05013
92	0.00635	0.00635	0.00000	0.00000	0.1115	0.1187	0.04956
93	0.00613	0.00613	0.00000	0.00000	0.1118	0.1053	0.04981
94	0.00700	0.00700	0.00000	0.00000	0.1109	0.1158	0.04815
95	0.00624	0.00624	0.00000	0.00000	0.1110	0.1250	0.04982
96	0.00585	0.00585	0.00000	0.00000	0.1121	0.1151	0.05074
97	0.00579	0.00579	0.00000	0.00000	0.1114	0.1072	0.04819
98	0.00574	0.00574	0.00000	0.00000	0.1117	0.0764	0.04976
99	0.00528	0.00528	0.00000	0.00000	0.1112	0.0798	0.04920
100	0.00542	0.00542	0.00000	0.00000	0.1114	0.1062	0.04970
101	0.00595	0.00595	0.00000	0.00000	0.1114	0.0794	0.05141
102	0.00593	0.00593	0.00000	0.00000	0.1103	0.0723	0.05101
103	0.00589	0.00589	0.00000	0.00000	0.1105	0.1125	0.04912
104	0.00489	0.00489	0.00000	0.00000	0.1130	0.0601	0.05088
105	0.00551	0.00551	0.00000	0.00000	0.1105	0.0675	0.05361
106	0.00626	0.00626	0.00000	0.00000	0.1110	0.0849	0.04939
107	0.00498	0.00498	0.00000	0.00000	0.1110	0.0977	0.04950
108	0.00522	0.00522	0.00000	0.00000	0.1112	0.1195	0.04934
109	0.00475	0.00475	0.00000	0.00000	0.1119	0.1246	0.04943
110	0.00465	0.00465	0.00000	0.00000	0.1124	0.1231	0.05134
111	0.00510	0.00510	0.00000	0.00000	0.1117	0.1268	0.05082
112	0.00457	0.00457	0.00000	0.00000	0.1113	0.1048	0.04970
113	0.00500	0.00500	0.00000	0.00000	0.1123	0.0572	0.05066
114	0.00698	0.00698	0.00000	0.00000	0.1123	0.0875	0.05065
115	0.00537	0.00537	0.00000	0.00000	0.1119	0.1081	0.05007
116	0.00466	0.00466	0.00000	0.00000	0.1119	0.0767	0.05130
117	0.00454	0.00454	0.00000	0.00000	0.1099	0.1219	0.05006
118	0.00432	0.00432	0.00000	0.00000	0.1127	0.0762	0.05310
119	0.00642	0.00642	0.00000	0.00000	0.1108	0.1326	0.05181
120	0.00481	0.00481	0.00000	0.00000	0.1144	0.0553	0.05451
121	0.00539	0.00539	0.00000	0.00000	0.1110	0.0596	0.05199
122	0.00518	0.00518	0.00000	0.00000	0.1110	0.0945	0.05062
123	0.00501	0.00501	0.00000	0.00000	0.1120	0.0934	0.04897
124	0.00471	0.00471	0.00000	0.00000	0.1116	0.1182	0.05009
125	0.00438	0.00438	0.00000	0.00000	0.1110	0.0952	0.05082
126	0.00505	0.00505	0.00000	0.00000	0.1118	0.0561	0.05254
127	0.00469	0.00469	0.00000	0.00000	0.1102	0.1039	0.05022
128	0.00409	0.00409	0.00000	0.00000	0.1120	0.0881	0.05115
129	0.00459	0.00459	0.00000	0.00000	0.1109	0.1105	0.04958
130	0.00421	0.00421	0.00000	0.00000	0.1119	0.1288	0.05133
131	0.00442	0.00442	0.00000	0.00000	0.1121	0.1132	0.05065
132	0.00418	0.00418	0.00000	0.00000	0.1105	0.1119	0.05078
133	0.00396	0.00396	0.00000	0.00000	0.1130	0.0461	0.05412
134	0.00442	0.00442	0.00000	0.00000	0.1098	0.1272	0.05104
135	0.00389	0.00389	0.00000	0.00000	0.1118	0.0972	0.05080
136	0.00382	0.00382	0.00000	0.00000	0.1109	0.1434	0.05153
137	0.00407	0.00407	0.00000	0.00000	0.1124	0.0910	0.05209
138	0.00386	0.00386	0.00000	0.00000	0.1096	0.1487	0.05314
139	0.00414	0.00414	0.00000	0.00000	0.1130	0.0828	0.05124
140	0.00408	0.00408	0.00000	0.00000	0.1103	0.0930	0.05148
141	0.00388	0.00388	0.00000	0.00000	0.1115	0.0993	0.05163
142	0.00351	0.00351	0.00000	0.00000	0.1122	0.0860	0.05109
143	0.00431	0.00431	0.00000	0.00000	0.1103	0.0968	0.05178
144	0.00382	0.00382	0.00000	0.00000	0.1118	0.1245	0.05245
145	0.00387	0.00387	0.00000	0.00000	0.1115	0.0945	0.05074
146	0.00334	0.00334	0.00000	0.00000	0.1120	0.0926	0.05113
147	0.00332	0.00332	0.00000	0.00000	0.1114	0.1221	0.05175
148	0.00340	0.00340	0.00000	0.00000	0.1119	0.1019	0.05196
149	0.00339	0.00339	0.00000	0.00000	0.1126	0.0875	0.05182
150	0.00349	0.00349	0.00000	0.00000	0.1108	0.1036	0.05253
151	0.00351	0.00351	0.00000	0.00000	0.1115	0.0982	0.05216
152	0.00330	0.00330	0.00000	0.00000	0.1116	0.0825	0.05150
153	0.00387	0.00387	0.00000	0.00000	0.1109	0.0750	0.05334
154	0.00447	0.00447	0.00000	0.00000	0.1112	0.1024	0.05053
155	0.00342	0.00342	0.00000	0.00000	0.1122	0.1191	0.05138
156	0.00368	0.00368	0.00000	0.00000	0.1122	0.0844	0.05181
157	0.00316	0.00316	0.00000	0.00000	0.1097	0.1647	0.05634
158	0.00656	0.00656	0.00000	0.00000	0.1110	0.1452	0.05146
159	0.00519	0.00519	0.00000	0.00000	0.1109	0.1539	0.05280
160	0.00391	0.00391	0.00000	0.00000	0.1135	0.0949	0.05158
161	0.00319	0.00319	0.00000	0.00000	0.1119	0.0919	0.05312
162	0.00318	0.00318	0.00000	0.00000	0.1108	0.1142	0.05119
163	0.00335	0.00335	0.00000	0.00000	0.1120	0.0740	0.05341
164	0.00379	0.00379	0.00000	0.00000	0.1112	0.1173	0.05163
165	0.00315	0.00315	0.00000	0.00000	0.1119	0.1084	0.05185
166	0.00307	0.00307	0.00000	0.00000	0.1114	0.1139	0.05096
167	0.00285	0.00285	0.00000	0.00000	0.1110	0.0854	0.05109
168	0.00335	0.00335	0.00000	0.00000	0.1115	0.0823	0.05314
169	0.00288	0.00288	0.00000	0.00000	0.1108	0.1269	0.05279
170	0.00326	0.00326	0.00000	0.00000	0.1109	0.1337	0.05224
171	0.00274	0.00274	0.00000	0.00000	0.1120	0.0996	0.05191
172	0.00282	0.00282	0.00000	0.00000	0.1100	0.1522	0.05486
173	0.00308	0.00308	0.00000	0.00000	0.1121	0.1171	0.05226
174	0.00281	0.00281	0.00000	0.00000	0.1112	0.0976	0.05325
175	0.00296	0.00296	0.00000	0.00000	0.1117	0.0870	0.05191
176	0.00393	0.00393	0.00000	0.00000	0.1101	0.1564	0.05502
177	0.00367	0.00367	0.00000	0.00000	0.1120	0.1393	0.05086
178	0.00294	0.00294	0.00000	0.00000	0.1128	0.0834	0.05240
179	0.00255	0.00255	0.00000	0.00000	0.1106	0.1137	0.05097
180	0.00237	0.00237	0.00000	0.00000	0.1120	0.1110	0.05186
181	0.00266	0.00266	0.00000	0.00000	0.1120	0.0948	0.05145
182	0.00312	0.00312	0.00000	0.00000	0.1113	0.1045	0.05192
183	0.00268	0.00268	0.00000	0.00000	0.1127	0.0894	0.05153
184	0.00310	0.00310	0.00000	0.00000	0.1106	0.1343	0.05141
185	0.00280	0.00280	0.00000	0.00000	0.1115	0.1118	0.05292
186	0.00267	0.00267	0.00000	0.00000	0.1119	0.1066	0.05302
187	0.00269	0.00269	0.00000	0.00000	0.1105	0.1280	0.05282
188	0.00303	0.00303	0.00000	0.00000	0.1133	0.0638	0.05406
189	0.00272	0.00272	0.00000	0.00000	0.1099	0.1321	0.05233
190	0.00335	0.00335	0.00000	0.00000	0.1116	0.0798	0.05373
191	0.00259	0.00259	0.00000	0.00000	0.1109	0.0924	0.05279
192	0.00279	0.00279	0.00000	0.00000	0.1107	0.1154	0.05177
193	0.00271	0.00271	0.00000	0.00000	0.1120	0.1102	0.05314
194	0.00290	0.00290	0.00000	0.00000	0.1099	0.1329	0.05090
195	0.00310	0.00310	0.00000	0.00000	0.1126	0.0631	0.05262
196	0.00387	0.00387	0.00000	0.00000	0.1104	0.1197	0.05115
197	0.00284	0.00284	0.00000	0.00000	0.1122	0.1149	0.05230
198	0.00271	0.00271	0.00000	0.00000	0.1118	0.1280	0.05216
199	0.00318	0.00318	0.00000	0.00000	0.1123	0.1053	0.05222
200	0.00270	0.00270	0.00000	0.00000	0.1105	0.1278	0.05354
201	0.00280	0.00280	0.00000	0.00000	0.1121	0.0878	0.05169
202	0.00256	0.00256	0.00000	0.00000	0.1113	0.0893	0.05103
203	0.00324	0.00324	0.00000	0.00000	0.1114	0.1289	0.05163
204	0.00252	0.00252	0.00000	0.00000	0.1135	0.0723	0.05391
205	0.00317	0.00317	0.00000	0.00000	0.1115	0.0989	0.05093
206	0.00296	0.00296	0.00000	0.00000	0.1115	0.1486	0.05524
207	0.00358	0.00358	0.00000	0.00000	0.1116	0.1468	0.05690
208	0.00351	0.00351	0.00000	0.00000	0.1124	0.1026	0.05368
209	0.00255	0.00255	0.00000	0.00000	0.1112	0.0935	0.05221
210	0.00302	0.00302	0.00000	0.00000	0.1113	0.0970	0.05067
211	0.00276	0.00276	0.00000	0.00000	0.1114	0.0831	0.05174
212	0.00255	0.00255	0.00000	0.00000	0.1105	0.1163	0.05169
213	0.00250	0.00250	0.00000	0.00000	0.1114	0.1306	0.05199
214	0.00253	0.00253	0.00000	0.00000	0.1115	0.1193	0.05479
215	0.00268	0.00268	0.00000	0.00000	0.1118	0.0948	0.05263
216	0.00290	0.00290	0.00000	0.00000	0.1125	0.0886	0.05069
217	0.00250	0.00250	0.00000	0.00000	0.1126	0.0920	0.05282
218	0.00236	0.00236	0.00000	0.00000	0.1110	0.1030	0.05215
219	0.00206	0.00206	0.00000	0.00000	0.1111	0.0932	0.05316
220	0.00216	0.00216	0.00000	0.00000	0.1120	0.0934	0.05306
221	0.00234	0.00234	0.00000	0.00000	0.1111	0.1335	0.05358
222	0.00252	0.00252	0.00000	0.00000	0.1122	0.0882	0.05191
223	0.00212	0.00212	0.00000	0.00000	0.1108	0.1103	0.05154
224	0.00204	0.00204	0.00000	0.00000	0.1102	0.1366	0.05300
225	0.00248	0.00248	0.00000	0.00000	0.1118	0.1475	0.05402
226	0.00245	0.00245	0.00000	0.00000	0.1122	0.0967	0.05217
227	0.00225	0.00225	0.00000	0.00000	0.1107	0.1227	0.05417
228	0.00231	0.00231	0.00000	0.00000	0.1120	0.1354	0.05344
229	0.00236	0.00236	0.00000	0.00000	0.1122	0.1115	0.05187
230	0.00262	0.00262	0.00000	0.00000	0.1116	0.1174	0.05258
231	0.00221	0.00221	0.00000	0.00000	0.1120	0.1064	0.05257
232	0.00183	0.00183	0.00000	0.00000	0.1117	0.0898	0.05159
233	0.00169	0.00169	0.00000	0.00000	0.1116	0.0767	0.05243
234	0.00197	0.00197	0.00000	0.00000	0.1102	0.1419	0.05480
235	0.00213	0.00213	0.00000	0.00000	0.1125	0.1129	0.05325
236	0.00175	0.00175	0.00000	0.00000	0.1126	0.0752	0.05199
237	0.00194	0.00194	0.00000	0.00000	0.1122	0.0813	0.05200
238	0.00215	0.00215	0.00000	0.00000	0.1113	0.0809	0.05267
239	0.00246	0.00246	0.00000	0.00000	0.1103	0.1018	0.05218
240	0.00278	0.00278	0.00000	0.00000	0.1099	0.1537	0.05260
241	0.00296	0.00296	0.00000	0.00000	0.1124	0.1127	0.05198
242	0.00269	0.00269	0.00000	0.00000	0.1115	0.0775	0.05396
243	0.00199	0.00199	0.00000	0.00000	0.1118	0.0769	0.05224
244	0.00233	0.00233	0.00000	0.00000	0.1111	0.0960	0.05245
245	0.00390	0.00390	0.00000	0.00000	0.1133	0.0722	0.05296
246	0.00235	0.00235	0.00000	0.00000	0.1115	0.1187	0.05323
247	0.00178	0.00178	0.00000	0.00000	0.1116	0.0910	0.05467
248	0.00184	0.00184	0.00000	0.00000	0.1114	0.0849	0.05335
249	0.00177	0.00177	0.00000	0.00000	0.1106	0.1375	0.05357
250	0.00194	0.00194	0.00000	0.00000	0.1121	0.0960	0.05352
251	0.00170	0.00170	0.00000	0.00000	0.1115	0.0901	0.05199
252	0.00177	0.00177	0.00000	0.00000	0.1109	0.0873	0.05286
253	0.00188	0.00188	0.00000	0.00000	0.1116	0.0957	0.05373
254	0.00177	0.00177	0.00000	0.00000	0.1103	0.1370	0.05335
255	0.00202	0.00202	0.00000	0.00000	0.1132	0.0843	0.05291
256	0.00190	0.00190	0.00000	0.00000	0.1107	0.0989	0.05134
257	0.00189	0.00189	0.00000	0.00000	0.1116	0.0865	0.05286
258	0.00166	0.00166	0.00000	0.00000	0.1114	0.0856	0.05383
259	0.00146	0.00146	0.00000	0.00000	0.1113	0.0995	0.05207
260	0.00154	0.00154	0.00000	0.00000	0.1107	0.1137	0.05294
261	0.00249	0.00249	0.00000	0.00000	0.1128	0.0684	0.05341
262	0.00248	0.00248	0.00000	0.00000	0.1105	0.1097	0.05126
263	0.00236	0.00236	0.00000	0.00000	0.1122	0.0949	0.05167
264	0.00213	0.00213	0.00000	0.00000	0.1100	0.1272	0.05189
265	0.00193	0.00193	0.00000	0.00000	0.1124	0.1127	0.05284
266	0.00150	0.00150	0.00000	0.00000	0.1116	0.0773	0.05466
267	0.00255	0.00255	0.00000	0.00000	0.1101	0.1261	0.05137
268	0.00166	0.00166	0.00000	0.00000	0.1128	0.1034	0.05270
269	0.00167	0.00167	0.00000	0.00000	0.1108	0.1169	0.05258
270	0.00187	0.00187	0.00000	0.00000	0.1122	0.0971	0.05221
271	0.00143	0.00143	0.00000	0.00000	0.1113	0.0922	0.05256
272	0.00167	0.00167	0.00000	0.00000	0.1107	0.1320	0.05282
273	0.00160	0.00160	0.00000	0.00000	0.1117	0.1276	0.05187
274	0.00132	0.00132	0.00000	0.00000	0.1122	0.0940	0.05359
275	0.00157	0.00157	0.00000	0.00000	0.1121	0.0668	0.05426
276	0.00179	0.00179	0.00000	0.00000	0.1101	0.1078	0.05283
277	0.00190	0.00190	0.00000	0.00000	0.1124	0.0769	0.05486
278	0.00169	0.00169	0.00000	0.00000	0.1100	0.1470	0.05366
279	0.00168	0.00168	0.00000	0.00000	0.1134	0.0797	0.05406
280	0.00177	0.00177	0.00000	0.00000	0.1104	0.1079	0.05247
281	0.00241	0.00241	0.00000	0.00000	0.1118	0.0664	0.05385
282	0.00248	0.00248	0.00000	0.00000	0.1115	0.1124	0.05244
283	0.00211	0.00211	0.00000	0.00000	0.1128	0.0593	0.05367
284	0.00292	0.00292	0.00000	0.00000	0.1109	0.0789	0.05253
285	0.00198	0.00198	0.00000	0.00000	0.1117	0.1174	0.05138
286	0.00173	0.00173	0.00000	0.00000	0.1115	0.1269	0.05250
287	0.00177	0.00177	0.00000	0.00000	0.1126	0.1117	0.05253
288	0.00158	0.00158	0.00000	0.00000	0.1109	0.1140	0.05355
289	0.00172	0.00172	0.00000	0.00000	0.1112	0.1141	0.05168
290	0.00186	0.00186	0.00000	0.00000	0.1116	0.0865	0.05186
291	0.00188	0.00188	0.00000	0.00000	0.1112	0.0990	0.05185
292	0.00158	0.00158	0.00000	0.00000	0.1113	0.1057	0.05330
293	0.00189	0.00189	0.00000	0.00000	0.1118	0.0725	0.05415
294	0.00187	0.00187	0.00000	0.00000	0.1113	0.0707	0.05494
295	0.00251	0.00251	0.00000	0.00000	0.1107	0.1295	0.05481
296	0.00210	0.00210	0.00000	0.00000	0.1128	0.1147	0.05207
297	0.00156	0.00156	0.00000	0.00000	0.1110	0.1160	0.05387
298	0.00168	0.00168	0.00000	0.00000	0.1117	0.1211	0.05203
299	0.00167	0.00167	0.00000	0.00000	0.1116	0.1374	0.05389
