# {"dataset": "bdd100k", "cache": "method02_advantage_regress_tinyConv/outputs/bdd100k/cache_train_both.pt", "val_cache": "method02_advantage_regress_tinyConv/outputs/bdd100k/cache_val_both.pt", "flops": "/home/hslee/context-anydepth-det/anydepth-yolov12/method02_advantage_regress_tinyConv/outputs/bdd100k/flops_table.json", "epochs": 150, "batch": 256, "lr": 0.001, "lambda_flops": 1.0, "lambda_uni": 0.1, "hidden": 256, "group_dim": 128, "path_dim": 8, "feat": "both", "norm": "batch", "dropout": 0.0, "weight_decay": 0.0001, "select": "val_corr", "mode": "regress", "regress_loss": "mse", "margin": 0.0, "prev_p": 0.5, "seed": 0, "device": "cuda:0", "out": "method02_advantage_regress_tinyConv/outputs/bdd100k/sweep_input/both_gd128_h256_wd1e4.pt", "logdir": "method02_advantage_regress_tinyConv/outputs/bdd100k/sweep_input/logs", "tag": "both_gd128_h256_wd1e4", "keep_layers": ""}
epoch	total	l_acc	l_flops	l_uni	p_super	val_p_super	val_l_acc
0	0.05487	0.05487	0.00000	0.00000	0.0571	0.0652	0.01375
1	0.05429	0.05429	0.00000	0.00000	0.0575	0.0510	0.01347
2	0.05428	0.05428	0.00000	0.00000	0.0566	0.0631	0.01364
3	0.05425	0.05425	0.00000	0.00000	0.0578	0.0480	0.01345
4	0.05420	0.05420	0.00000	0.00000	0.0572	0.0519	0.01343
5	0.05424	0.05424	0.00000	0.00000	0.0570	0.0648	0.01359
6	0.05421	0.05421	0.00000	0.00000	0.0571	0.0560	0.01348
7	0.05411	0.05411	0.00000	0.00000	0.0572	0.0566	0.01345
8	0.05416	0.05416	0.00000	0.00000	0.0573	0.0562	0.01345
9	0.05409	0.05409	0.00000	0.00000	0.0567	0.0647	0.01357
10	0.05411	0.05411	0.00000	0.00000	0.0575	0.0675	0.01395
11	0.05406	0.05406	0.00000	0.00000	0.0570	0.0691	0.01379
12	0.05404	0.05404	0.00000	0.00000	0.0574	0.0518	0.01347
13	0.05397	0.05397	0.00000	0.00000	0.0573	0.0558	0.01351
14	0.05400	0.05400	0.00000	0.00000	0.0573	0.0569	0.01348
15	0.05394	0.05394	0.00000	0.00000	0.0573	0.0553	0.01345
16	0.05394	0.05394	0.00000	0.00000	0.0575	0.0543	0.01346
17	0.05400	0.05400	0.00000	0.00000	0.0572	0.0586	0.01348
18	0.05395	0.05395	0.00000	0.00000	0.0574	0.0572	0.01354
19	0.05399	0.05399	0.00000	0.00000	0.0570	0.0617	0.01353
20	0.05394	0.05394	0.00000	0.00000	0.0574	0.0600	0.01357
21	0.05393	0.05393	0.00000	0.00000	0.0573	0.0665	0.01368
22	0.05394	0.05394	0.00000	0.00000	0.0575	0.0587	0.01356
23	0.05391	0.05391	0.00000	0.00000	0.0571	0.0612	0.01355
24	0.05398	0.05398	0.00000	0.00000	0.0575	0.0550	0.01353
25	0.05391	0.05391	0.00000	0.00000	0.0574	0.0529	0.01349
26	0.05391	0.05391	0.00000	0.00000	0.0574	0.0572	0.01352
27	0.05390	0.05390	0.00000	0.00000	0.0574	0.0619	0.01359
28	0.05391	0.05391	0.00000	0.00000	0.0572	0.0588	0.01345
29	0.05392	0.05392	0.00000	0.00000	0.0572	0.0590	0.01353
30	0.05390	0.05390	0.00000	0.00000	0.0575	0.0558	0.01359
31	0.05391	0.05391	0.00000	0.00000	0.0571	0.0571	0.01372
32	0.05384	0.05384	0.00000	0.00000	0.0576	0.0552	0.01350
33	0.05394	0.05394	0.00000	0.00000	0.0568	0.0549	0.01352
34	0.05390	0.05390	0.00000	0.00000	0.0576	0.0565	0.01351
35	0.05393	0.05393	0.00000	0.00000	0.0572	0.0442	0.01351
36	0.05394	0.05394	0.00000	0.00000	0.0574	0.0661	0.01398
37	0.05388	0.05388	0.00000	0.00000	0.0573	0.0597	0.01356
38	0.05388	0.05388	0.00000	0.00000	0.0571	0.0643	0.01387
39	0.05384	0.05384	0.00000	0.00000	0.0577	0.0521	0.01357
40	0.05387	0.05387	0.00000	0.00000	0.0571	0.0578	0.01366
41	0.05384	0.05384	0.00000	0.00000	0.0573	0.0621	0.01366
42	0.05392	0.05392	0.00000	0.00000	0.0574	0.0449	0.01356
43	0.05389	0.05389	0.00000	0.00000	0.0573	0.0637	0.01368
44	0.05388	0.05388	0.00000	0.00000	0.0572	0.0584	0.01348
45	0.05384	0.05384	0.00000	0.00000	0.0574	0.0515	0.01345
46	0.05391	0.05391	0.00000	0.00000	0.0574	0.0557	0.01352
47	0.05385	0.05385	0.00000	0.00000	0.0573	0.0530	0.01352
48	0.05390	0.05390	0.00000	0.00000	0.0570	0.0705	0.01393
49	0.05384	0.05384	0.00000	0.00000	0.0576	0.0569	0.01354
50	0.05381	0.05381	0.00000	0.00000	0.0571	0.0606	0.01365
51	0.05387	0.05387	0.00000	0.00000	0.0576	0.0616	0.01371
52	0.05388	0.05388	0.00000	0.00000	0.0571	0.0567	0.01362
53	0.05395	0.05395	0.00000	0.00000	0.0574	0.0563	0.01362
54	0.05390	0.05390	0.00000	0.00000	0.0570	0.0720	0.01410
55	0.05387	0.05387	0.00000	0.00000	0.0573	0.0690	0.01381
56	0.05387	0.05387	0.00000	0.00000	0.0576	0.0642	0.01366
57	0.05383	0.05383	0.00000	0.00000	0.0574	0.0471	0.01347
58	0.05383	0.05383	0.00000	0.00000	0.0575	0.0474	0.01368
59	0.05381	0.05381	0.00000	0.00000	0.0572	0.0663	0.01371
60	0.05381	0.05381	0.00000	0.00000	0.0571	0.0665	0.01380
61	0.05393	0.05393	0.00000	0.00000	0.0574	0.0632	0.01374
62	0.05380	0.05380	0.00000	0.00000	0.0576	0.0544	0.01349
63	0.05384	0.05384	0.00000	0.00000	0.0571	0.0561	0.01357
64	0.05388	0.05388	0.00000	0.00000	0.0571	0.0683	0.01378
65	0.05383	0.05383	0.00000	0.00000	0.0578	0.0609	0.01369
66	0.05385	0.05385	0.00000	0.00000	0.0571	0.0579	0.01361
67	0.05385	0.05385	0.00000	0.00000	0.0573	0.0515	0.01363
68	0.05385	0.05385	0.00000	0.00000	0.0575	0.0565	0.01360
69	0.05383	0.05383	0.00000	0.00000	0.0576	0.0405	0.01359
70	0.05381	0.05381	0.00000	0.00000	0.0572	0.0499	0.01349
71	0.05386	0.05386	0.00000	0.00000	0.0572	0.0571	0.01351
72	0.05381	0.05381	0.00000	0.00000	0.0572	0.0638	0.01368
73	0.05382	0.05382	0.00000	0.00000	0.0576	0.0484	0.01359
74	0.05382	0.05382	0.00000	0.00000	0.0575	0.0402	0.01366
75	0.05380	0.05380	0.00000	0.00000	0.0572	0.0623	0.01393
76	0.05382	0.05382	0.00000	0.00000	0.0574	0.0536	0.01359
77	0.05386	0.05386	0.00000	0.00000	0.0574	0.0473	0.01353
78	0.05385	0.05385	0.00000	0.00000	0.0573	0.0509	0.01367
79	0.05377	0.05377	0.00000	0.00000	0.0573	0.0547	0.01357
80	0.05383	0.05383	0.00000	0.00000	0.0573	0.0577	0.01362
81	0.05382	0.05382	0.00000	0.00000	0.0574	0.0620	0.01371
82	0.05383	0.05383	0.00000	0.00000	0.0574	0.0626	0.01371
83	0.05383	0.05383	0.00000	0.00000	0.0573	0.0541	0.01353
84	0.05380	0.05380	0.00000	0.00000	0.0575	0.0546	0.01349
85	0.05382	0.05382	0.00000	0.00000	0.0571	0.0630	0.01381
86	0.05377	0.05377	0.00000	0.00000	0.0573	0.0629	0.01373
87	0.05380	0.05380	0.00000	0.00000	0.0575	0.0528	0.01348
88	0.05383	0.05383	0.00000	0.00000	0.0572	0.0608	0.01367
89	0.05382	0.05382	0.00000	0.00000	0.0575	0.0496	0.01358
90	0.05385	0.05385	0.00000	0.00000	0.0574	0.0644	0.01368
91	0.05378	0.05378	0.00000	0.00000	0.0572	0.0512	0.01351
92	0.05380	0.05380	0.00000	0.00000	0.0574	0.0613	0.01365
93	0.05381	0.05381	0.00000	0.00000	0.0573	0.0503	0.01352
94	0.05378	0.05378	0.00000	0.00000	0.0570	0.0685	0.01384
95	0.05377	0.05377	0.00000	0.00000	0.0578	0.0415	0.01368
96	0.05383	0.05383	0.00000	0.00000	0.0572	0.0497	0.01363
97	0.05375	0.05375	0.00000	0.00000	0.0574	0.0570	0.01353
98	0.05376	0.05376	0.00000	0.00000	0.0574	0.0558	0.01358
99	0.05376	0.05376	0.00000	0.00000	0.0572	0.0553	0.01352
100	0.05379	0.05379	0.00000	0.00000	0.0574	0.0590	0.01381
101	0.05382	0.05382	0.00000	0.00000	0.0572	0.0633	0.01373
102	0.05387	0.05387	0.00000	0.00000	0.0574	0.0575	0.01360
103	0.05383	0.05383	0.00000	0.00000	0.0572	0.0483	0.01352
104	0.05379	0.05379	0.00000	0.00000	0.0575	0.0623	0.01364
105	0.05381	0.05381	0.00000	0.00000	0.0573	0.0618	0.01375
106	0.05378	0.05378	0.00000	0.00000	0.0573	0.0652	0.01368
107	0.05382	0.05382	0.00000	0.00000	0.0574	0.0522	0.01354
108	0.05377	0.05377	0.00000	0.00000	0.0573	0.0544	0.01354
109	0.05378	0.05378	0.00000	0.00000	0.0572	0.0601	0.01380
110	0.05377	0.05377	0.00000	0.00000	0.0575	0.0561	0.01359
111	0.05378	0.05378	0.00000	0.00000	0.0574	0.0535	0.01357
112	0.05383	0.05383	0.00000	0.00000	0.0571	0.0645	0.01371
113	0.05377	0.05377	0.00000	0.00000	0.0575	0.0576	0.01366
114	0.05378	0.05378	0.00000	0.00000	0.0573	0.0562	0.01375
115	0.05378	0.05378	0.00000	0.00000	0.0572	0.0625	0.01381
116	0.05379	0.05379	0.00000	0.00000	0.0574	0.0564	0.01344
117	0.05375	0.05375	0.00000	0.00000	0.0575	0.0591	0.01383
118	0.05378	0.05378	0.00000	0.00000	0.0571	0.0639	0.01370
119	0.05375	0.05375	0.00000	0.00000	0.0574	0.0520	0.01367
120	0.05378	0.05378	0.00000	0.00000	0.0572	0.0597	0.01386
121	0.05375	0.05375	0.00000	0.00000	0.0576	0.0546	0.01360
122	0.05383	0.05383	0.00000	0.00000	0.0572	0.0566	0.01357
123	0.05376	0.05376	0.00000	0.00000	0.0574	0.0520	0.01345
124	0.05378	0.05378	0.00000	0.00000	0.0570	0.0657	0.01394
125	0.05376	0.05376	0.00000	0.00000	0.0575	0.0573	0.01359
126	0.05379	0.05379	0.00000	0.00000	0.0571	0.0566	0.01365
127	0.05379	0.05379	0.00000	0.00000	0.0574	0.0648	0.01374
128	0.05377	0.05377	0.00000	0.00000	0.0573	0.0516	0.01373
129	0.05376	0.05376	0.00000	0.00000	0.0570	0.0694	0.01394
130	0.05379	0.05379	0.00000	0.00000	0.0579	0.0578	0.01362
131	0.05374	0.05374	0.00000	0.00000	0.0574	0.0594	0.01357
132	0.05376	0.05376	0.00000	0.00000	0.0569	0.0631	0.01363
133	0.05377	0.05377	0.00000	0.00000	0.0575	0.0571	0.01359
134	0.05376	0.05376	0.00000	0.00000	0.0575	0.0588	0.01367
135	0.05374	0.05374	0.00000	0.00000	0.0576	0.0448	0.01363
136	0.05375	0.05375	0.00000	0.00000	0.0573	0.0597	0.01363
137	0.05383	0.05383	0.00000	0.00000	0.0570	0.0553	0.01363
138	0.05378	0.05378	0.00000	0.00000	0.0576	0.0590	0.01358
139	0.05376	0.05376	0.00000	0.00000	0.0572	0.0645	0.01380
140	0.05376	0.05376	0.00000	0.00000	0.0574	0.0509	0.01365
141	0.05375	0.05375	0.00000	0.00000	0.0572	0.0580	0.01348
142	0.05380	0.05380	0.00000	0.00000	0.0577	0.0613	0.01373
143	0.05380	0.05380	0.00000	0.00000	0.0572	0.0456	0.01357
144	0.05377	0.05377	0.00000	0.00000	0.0575	0.0533	0.01357
145	0.05373	0.05373	0.00000	0.00000	0.0574	0.0598	0.01375
146	0.05372	0.05372	0.00000	0.00000	0.0575	0.0471	0.01352
147	0.05375	0.05375	0.00000	0.00000	0.0574	0.0535	0.01358
148	0.05370	0.05370	0.00000	0.00000	0.0571	0.0612	0.01370
149	0.05383	0.05383	0.00000	0.00000	0.0574	0.0500	0.01365
