# {"dataset": "kitti", "cache": "/home/hslee/Desktop/Embedded_AI/context-anydepth-det/anydepth-yolov12/method01_advantage_regress/outputs/kitti/cache_train.pt", "val_cache": "/home/hslee/Desktop/Embedded_AI/context-anydepth-det/anydepth-yolov12/method01_advantage_regress/outputs/kitti/cache_val.pt", "flops": "/home/hslee/Desktop/Embedded_AI/context-anydepth-det/anydepth-yolov12/method01_advantage_regress/outputs/kitti/flops_table.json", "epochs": 300, "batch": 256, "lr": 0.001, "lambda_flops": 1.0, "lambda_uni": 0.1, "hidden": 128, "group_dim": 64, "feat": "both", "norm": "batch", "mode": "regress", "margin": 0.0, "seed": 3, "device": "cuda:0", "out": "method01_advantage_regress/outputs/kitti/ablation/policy_both_s3.pt", "logdir": "method01_advantage_regress/outputs/kitti/ablation/logs", "tag": "abl_both_s3"}
epoch	total	l_acc	l_flops	l_uni	p_super	val_p_super	val_l_acc
0	0.04595	0.04595	0.00000	0.00000	0.1127	0.0885	0.04240
1	0.04038	0.04038	0.00000	0.00000	0.1102	0.0960	0.04102
2	0.03775	0.03775	0.00000	0.00000	0.1109	0.0805	0.04062
3	0.03730	0.03730	0.00000	0.00000	0.1087	0.0806	0.04043
4	0.03584	0.03584	0.00000	0.00000	0.1143	0.0988	0.03933
5	0.03419	0.03419	0.00000	0.00000	0.1097	0.1353	0.04006
6	0.03298	0.03298	0.00000	0.00000	0.1107	0.1298	0.04001
7	0.03297	0.03297	0.00000	0.00000	0.1123	0.0761	0.04077
8	0.03226	0.03226	0.00000	0.00000	0.1111	0.1042	0.03945
9	0.03136	0.03136	0.00000	0.00000	0.1107	0.1181	0.04007
10	0.03082	0.03082	0.00000	0.00000	0.1145	0.0975	0.03922
11	0.03031	0.03031	0.00000	0.00000	0.1111	0.0992	0.03984
12	0.02975	0.02975	0.00000	0.00000	0.1098	0.1105	0.03920
13	0.02772	0.02772	0.00000	0.00000	0.1103	0.1196	0.04038
14	0.02765	0.02765	0.00000	0.00000	0.1116	0.1253	0.04147
15	0.02685	0.02685	0.00000	0.00000	0.1105	0.1219	0.04234
16	0.02684	0.02684	0.00000	0.00000	0.1118	0.1047	0.04074
17	0.02613	0.02613	0.00000	0.00000	0.1110	0.1302	0.03986
18	0.02481	0.02481	0.00000	0.00000	0.1109	0.0988	0.04224
19	0.02458	0.02458	0.00000	0.00000	0.1113	0.1150	0.04202
20	0.02492	0.02492	0.00000	0.00000	0.1117	0.1011	0.04136
21	0.02485	0.02485	0.00000	0.00000	0.1107	0.1301	0.04140
22	0.02415	0.02415	0.00000	0.00000	0.1094	0.1304	0.04226
23	0.02324	0.02324	0.00000	0.00000	0.1143	0.1004	0.04195
24	0.02224	0.02224	0.00000	0.00000	0.1127	0.1050	0.04147
25	0.02154	0.02154	0.00000	0.00000	0.1099	0.1074	0.04173
26	0.02079	0.02079	0.00000	0.00000	0.1094	0.1313	0.04291
27	0.02069	0.02069	0.00000	0.00000	0.1126	0.1126	0.04322
28	0.02056	0.02056	0.00000	0.00000	0.1104	0.1008	0.04205
29	0.01937	0.01937	0.00000	0.00000	0.1115	0.1229	0.04429
30	0.02001	0.02001	0.00000	0.00000	0.1110	0.0980	0.04284
31	0.01932	0.01932	0.00000	0.00000	0.1109	0.1217	0.04365
32	0.01862	0.01862	0.00000	0.00000	0.1145	0.0979	0.04280
33	0.01829	0.01829	0.00000	0.00000	0.1118	0.0937	0.04428
34	0.01791	0.01791	0.00000	0.00000	0.1114	0.1047	0.04263
35	0.01798	0.01798	0.00000	0.00000	0.1119	0.1096	0.04555
36	0.01774	0.01774	0.00000	0.00000	0.1132	0.0900	0.04392
37	0.01763	0.01763	0.00000	0.00000	0.1095	0.1003	0.04519
38	0.01661	0.01661	0.00000	0.00000	0.1107	0.0992	0.04393
39	0.01615	0.01615	0.00000	0.00000	0.1124	0.1182	0.04511
40	0.01548	0.01548	0.00000	0.00000	0.1104	0.1381	0.04522
41	0.01605	0.01605	0.00000	0.00000	0.1113	0.1470	0.04826
42	0.01541	0.01541	0.00000	0.00000	0.1104	0.1255	0.04771
43	0.01547	0.01547	0.00000	0.00000	0.1134	0.1016	0.04510
44	0.01493	0.01493	0.00000	0.00000	0.1110	0.1187	0.04546
45	0.01443	0.01443	0.00000	0.00000	0.1109	0.1135	0.04521
46	0.01408	0.01408	0.00000	0.00000	0.1137	0.0950	0.04717
47	0.01417	0.01417	0.00000	0.00000	0.1101	0.0753	0.04613
48	0.01387	0.01387	0.00000	0.00000	0.1098	0.1028	0.04559
49	0.01334	0.01334	0.00000	0.00000	0.1117	0.0994	0.04804
50	0.01265	0.01265	0.00000	0.00000	0.1116	0.1095	0.04606
51	0.01313	0.01313	0.00000	0.00000	0.1111	0.0984	0.04616
52	0.01320	0.01320	0.00000	0.00000	0.1114	0.1207	0.04511
53	0.01254	0.01254	0.00000	0.00000	0.1132	0.1073	0.04579
54	0.01304	0.01304	0.00000	0.00000	0.1106	0.1141	0.04639
55	0.01271	0.01271	0.00000	0.00000	0.1132	0.1127	0.04500
56	0.01210	0.01210	0.00000	0.00000	0.1105	0.1153	0.04534
57	0.01197	0.01197	0.00000	0.00000	0.1114	0.1127	0.04587
58	0.01149	0.01149	0.00000	0.00000	0.1126	0.1075	0.04578
59	0.01138	0.01138	0.00000	0.00000	0.1113	0.1073	0.04573
60	0.01119	0.01119	0.00000	0.00000	0.1121	0.1022	0.04736
61	0.01172	0.01172	0.00000	0.00000	0.1108	0.0939	0.04575
62	0.01177	0.01177	0.00000	0.00000	0.1128	0.0794	0.04792
63	0.01186	0.01186	0.00000	0.00000	0.1105	0.0903	0.04738
64	0.01087	0.01087	0.00000	0.00000	0.1098	0.1417	0.04679
65	0.01193	0.01193	0.00000	0.00000	0.1126	0.1323	0.04735
66	0.01092	0.01092	0.00000	0.00000	0.1134	0.0897	0.04757
67	0.01061	0.01061	0.00000	0.00000	0.1105	0.1137	0.04725
68	0.01059	0.01059	0.00000	0.00000	0.1119	0.0959	0.04673
69	0.01058	0.01058	0.00000	0.00000	0.1094	0.1234	0.04762
70	0.01039	0.01039	0.00000	0.00000	0.1139	0.0920	0.04774
71	0.01006	0.01006	0.00000	0.00000	0.1117	0.0916	0.04713
72	0.01054	0.01054	0.00000	0.00000	0.1106	0.1167	0.04658
73	0.01051	0.01051	0.00000	0.00000	0.1116	0.1320	0.04643
74	0.00991	0.00991	0.00000	0.00000	0.1119	0.1031	0.04625
75	0.01012	0.01012	0.00000	0.00000	0.1117	0.1201	0.04782
76	0.01039	0.01039	0.00000	0.00000	0.1120	0.1071	0.04866
77	0.01025	0.01025	0.00000	0.00000	0.1097	0.0926	0.04737
78	0.00995	0.00995	0.00000	0.00000	0.1122	0.1087	0.04651
79	0.01033	0.01033	0.00000	0.00000	0.1124	0.0931	0.04616
80	0.01046	0.01046	0.00000	0.00000	0.1118	0.1175	0.04742
81	0.00955	0.00955	0.00000	0.00000	0.1112	0.1197	0.04734
82	0.01002	0.01002	0.00000	0.00000	0.1111	0.1038	0.04542
83	0.00920	0.00920	0.00000	0.00000	0.1115	0.1109	0.04773
84	0.00923	0.00923	0.00000	0.00000	0.1113	0.1247	0.04831
85	0.00943	0.00943	0.00000	0.00000	0.1116	0.0984	0.04940
86	0.00934	0.00934	0.00000	0.00000	0.1126	0.1098	0.04758
87	0.00916	0.00916	0.00000	0.00000	0.1118	0.0914	0.04759
88	0.00947	0.00947	0.00000	0.00000	0.1103	0.1071	0.04505
89	0.00925	0.00925	0.00000	0.00000	0.1107	0.1213	0.04886
90	0.00873	0.00873	0.00000	0.00000	0.1124	0.1112	0.04643
91	0.00914	0.00914	0.00000	0.00000	0.1109	0.1153	0.04794
92	0.00895	0.00895	0.00000	0.00000	0.1109	0.1055	0.04583
93	0.00869	0.00869	0.00000	0.00000	0.1115	0.1253	0.04765
94	0.00876	0.00876	0.00000	0.00000	0.1118	0.1048	0.04727
95	0.00910	0.00910	0.00000	0.00000	0.1104	0.1265	0.04855
96	0.00939	0.00939	0.00000	0.00000	0.1134	0.0758	0.04851
97	0.00925	0.00925	0.00000	0.00000	0.1098	0.1154	0.04807
98	0.00866	0.00866	0.00000	0.00000	0.1117	0.1146	0.04764
99	0.00802	0.00802	0.00000	0.00000	0.1113	0.1044	0.04705
100	0.00817	0.00817	0.00000	0.00000	0.1104	0.1350	0.04738
101	0.00831	0.00831	0.00000	0.00000	0.1129	0.1082	0.04717
102	0.00794	0.00794	0.00000	0.00000	0.1096	0.1281	0.04706
103	0.00852	0.00852	0.00000	0.00000	0.1132	0.1128	0.04775
104	0.00826	0.00826	0.00000	0.00000	0.1117	0.1120	0.04759
105	0.00809	0.00809	0.00000	0.00000	0.1124	0.1000	0.04751
106	0.00795	0.00795	0.00000	0.00000	0.1110	0.1031	0.04723
107	0.00792	0.00792	0.00000	0.00000	0.1111	0.1056	0.04790
108	0.00770	0.00770	0.00000	0.00000	0.1110	0.1069	0.04656
109	0.00810	0.00810	0.00000	0.00000	0.1120	0.1193	0.04671
110	0.00827	0.00827	0.00000	0.00000	0.1129	0.0943	0.04830
111	0.00776	0.00776	0.00000	0.00000	0.1114	0.1043	0.04776
112	0.00765	0.00765	0.00000	0.00000	0.1118	0.1107	0.04681
113	0.00829	0.00829	0.00000	0.00000	0.1120	0.0981	0.04646
114	0.00806	0.00806	0.00000	0.00000	0.1104	0.1127	0.04815
115	0.00778	0.00778	0.00000	0.00000	0.1110	0.1140	0.04711
116	0.00790	0.00790	0.00000	0.00000	0.1131	0.0897	0.04798
117	0.00749	0.00749	0.00000	0.00000	0.1100	0.1059	0.04857
118	0.00750	0.00750	0.00000	0.00000	0.1115	0.1068	0.04682
119	0.00781	0.00781	0.00000	0.00000	0.1113	0.1179	0.04626
120	0.00796	0.00796	0.00000	0.00000	0.1104	0.1168	0.04797
121	0.00747	0.00747	0.00000	0.00000	0.1121	0.1191	0.04588
122	0.00696	0.00696	0.00000	0.00000	0.1114	0.1116	0.04692
123	0.00732	0.00732	0.00000	0.00000	0.1110	0.1256	0.04772
124	0.00701	0.00701	0.00000	0.00000	0.1131	0.0799	0.04703
125	0.00754	0.00754	0.00000	0.00000	0.1095	0.1023	0.04849
126	0.00725	0.00725	0.00000	0.00000	0.1127	0.0903	0.04817
127	0.00739	0.00739	0.00000	0.00000	0.1107	0.1137	0.04583
128	0.00740	0.00740	0.00000	0.00000	0.1123	0.1175	0.04748
129	0.00737	0.00737	0.00000	0.00000	0.1118	0.1049	0.04719
130	0.00732	0.00732	0.00000	0.00000	0.1112	0.1142	0.04841
131	0.00802	0.00802	0.00000	0.00000	0.1109	0.1258	0.04729
132	0.00768	0.00768	0.00000	0.00000	0.1120	0.1149	0.04756
133	0.00751	0.00751	0.00000	0.00000	0.1120	0.1004	0.04792
134	0.00687	0.00687	0.00000	0.00000	0.1117	0.1082	0.04703
135	0.00675	0.00675	0.00000	0.00000	0.1104	0.1205	0.04802
136	0.00674	0.00674	0.00000	0.00000	0.1126	0.0906	0.04780
137	0.00693	0.00693	0.00000	0.00000	0.1106	0.1074	0.04509
138	0.00715	0.00715	0.00000	0.00000	0.1111	0.1231	0.04764
139	0.00713	0.00713	0.00000	0.00000	0.1119	0.1087	0.04721
140	0.00687	0.00687	0.00000	0.00000	0.1117	0.1023	0.04742
141	0.00691	0.00691	0.00000	0.00000	0.1114	0.1108	0.04696
142	0.00725	0.00725	0.00000	0.00000	0.1113	0.0996	0.04743
143	0.00719	0.00719	0.00000	0.00000	0.1120	0.1101	0.04669
144	0.00709	0.00709	0.00000	0.00000	0.1119	0.1050	0.04813
145	0.00671	0.00671	0.00000	0.00000	0.1117	0.1073	0.04791
146	0.00778	0.00778	0.00000	0.00000	0.1115	0.1072	0.04734
147	0.00731	0.00731	0.00000	0.00000	0.1119	0.0948	0.04752
148	0.00721	0.00721	0.00000	0.00000	0.1099	0.1082	0.04718
149	0.00682	0.00682	0.00000	0.00000	0.1118	0.0968	0.04760
150	0.00661	0.00661	0.00000	0.00000	0.1119	0.1068	0.04650
151	0.00679	0.00679	0.00000	0.00000	0.1119	0.0902	0.04608
152	0.00636	0.00636	0.00000	0.00000	0.1108	0.0917	0.04653
153	0.00664	0.00664	0.00000	0.00000	0.1102	0.1298	0.04702
154	0.00622	0.00622	0.00000	0.00000	0.1133	0.1005	0.04707
155	0.00660	0.00660	0.00000	0.00000	0.1107	0.1074	0.04576
156	0.00658	0.00658	0.00000	0.00000	0.1112	0.1152	0.04761
157	0.00740	0.00740	0.00000	0.00000	0.1108	0.1228	0.04963
158	0.00723	0.00723	0.00000	0.00000	0.1119	0.1118	0.04666
159	0.00723	0.00723	0.00000	0.00000	0.1110	0.1048	0.04545
160	0.00707	0.00707	0.00000	0.00000	0.1125	0.1104	0.04782
161	0.00689	0.00689	0.00000	0.00000	0.1110	0.1231	0.04590
162	0.00682	0.00682	0.00000	0.00000	0.1120	0.1181	0.04843
163	0.00680	0.00680	0.00000	0.00000	0.1125	0.0817	0.04830
164	0.00671	0.00671	0.00000	0.00000	0.1099	0.0880	0.04877
165	0.00657	0.00657	0.00000	0.00000	0.1113	0.1138	0.04688
166	0.00655	0.00655	0.00000	0.00000	0.1110	0.1149	0.04762
167	0.00639	0.00639	0.00000	0.00000	0.1113	0.1014	0.04725
168	0.00654	0.00654	0.00000	0.00000	0.1123	0.0971	0.04710
169	0.00677	0.00677	0.00000	0.00000	0.1115	0.1050	0.04635
170	0.00625	0.00625	0.00000	0.00000	0.1116	0.1006	0.04701
171	0.00653	0.00653	0.00000	0.00000	0.1111	0.1114	0.04716
172	0.00663	0.00663	0.00000	0.00000	0.1127	0.1061	0.04643
173	0.00658	0.00658	0.00000	0.00000	0.1100	0.1190	0.04670
174	0.00670	0.00670	0.00000	0.00000	0.1110	0.1258	0.04814
175	0.00626	0.00626	0.00000	0.00000	0.1114	0.1017	0.04717
176	0.00599	0.00599	0.00000	0.00000	0.1121	0.1029	0.04754
177	0.00580	0.00580	0.00000	0.00000	0.1116	0.0986	0.04805
178	0.00584	0.00584	0.00000	0.00000	0.1113	0.1079	0.04619
179	0.00612	0.00612	0.00000	0.00000	0.1108	0.1027	0.04738
180	0.00606	0.00606	0.00000	0.00000	0.1117	0.1046	0.04613
181	0.00587	0.00587	0.00000	0.00000	0.1105	0.1231	0.04821
182	0.00559	0.00559	0.00000	0.00000	0.1131	0.0978	0.04660
183	0.00627	0.00627	0.00000	0.00000	0.1109	0.1151	0.04737
184	0.00580	0.00580	0.00000	0.00000	0.1112	0.1074	0.04673
185	0.00647	0.00647	0.00000	0.00000	0.1120	0.1203	0.04692
186	0.00609	0.00609	0.00000	0.00000	0.1123	0.0937	0.04594
187	0.00635	0.00635	0.00000	0.00000	0.1110	0.1204	0.04814
188	0.00659	0.00659	0.00000	0.00000	0.1116	0.1087	0.04709
189	0.00641	0.00641	0.00000	0.00000	0.1109	0.1046	0.04712
190	0.00629	0.00629	0.00000	0.00000	0.1117	0.1090	0.04656
191	0.00589	0.00589	0.00000	0.00000	0.1113	0.1189	0.04692
192	0.00755	0.00755	0.00000	0.00000	0.1115	0.1064	0.04825
193	0.00673	0.00673	0.00000	0.00000	0.1113	0.1076	0.04707
194	0.00651	0.00651	0.00000	0.00000	0.1108	0.1123	0.04707
195	0.00662	0.00662	0.00000	0.00000	0.1120	0.1186	0.04668
196	0.00621	0.00621	0.00000	0.00000	0.1124	0.0960	0.04530
197	0.00588	0.00588	0.00000	0.00000	0.1104	0.1170	0.04588
198	0.00555	0.00555	0.00000	0.00000	0.1126	0.1109	0.04623
199	0.00572	0.00572	0.00000	0.00000	0.1120	0.0951	0.04772
200	0.00592	0.00592	0.00000	0.00000	0.1103	0.1111	0.04694
201	0.00568	0.00568	0.00000	0.00000	0.1122	0.1195	0.04599
202	0.00582	0.00582	0.00000	0.00000	0.1119	0.1034	0.04638
203	0.00527	0.00527	0.00000	0.00000	0.1113	0.0952	0.04767
204	0.00528	0.00528	0.00000	0.00000	0.1107	0.1081	0.04801
205	0.00516	0.00516	0.00000	0.00000	0.1122	0.0945	0.04681
206	0.00530	0.00530	0.00000	0.00000	0.1109	0.0930	0.04773
207	0.00530	0.00530	0.00000	0.00000	0.1114	0.1097	0.04745
208	0.00539	0.00539	0.00000	0.00000	0.1110	0.1143	0.04622
209	0.00529	0.00529	0.00000	0.00000	0.1109	0.1153	0.04692
210	0.00552	0.00552	0.00000	0.00000	0.1130	0.1010	0.04679
211	0.00663	0.00663	0.00000	0.00000	0.1099	0.1199	0.04542
212	0.00572	0.00572	0.00000	0.00000	0.1113	0.1183	0.04483
213	0.00538	0.00538	0.00000	0.00000	0.1117	0.1014	0.04763
214	0.00600	0.00600	0.00000	0.00000	0.1108	0.1201	0.04790
215	0.00565	0.00565	0.00000	0.00000	0.1118	0.1113	0.04515
216	0.00547	0.00547	0.00000	0.00000	0.1115	0.1199	0.04698
217	0.00559	0.00559	0.00000	0.00000	0.1121	0.1024	0.04555
218	0.00501	0.00501	0.00000	0.00000	0.1111	0.1096	0.04743
219	0.00532	0.00532	0.00000	0.00000	0.1119	0.1042	0.04685
220	0.00610	0.00610	0.00000	0.00000	0.1113	0.0884	0.04787
221	0.00627	0.00627	0.00000	0.00000	0.1110	0.1102	0.04582
222	0.00585	0.00585	0.00000	0.00000	0.1114	0.1115	0.04659
223	0.00569	0.00569	0.00000	0.00000	0.1119	0.1064	0.04697
224	0.00563	0.00563	0.00000	0.00000	0.1114	0.0980	0.04672
225	0.00518	0.00518	0.00000	0.00000	0.1112	0.1128	0.04710
226	0.00501	0.00501	0.00000	0.00000	0.1101	0.1217	0.04606
227	0.00519	0.00519	0.00000	0.00000	0.1119	0.1120	0.04740
228	0.00502	0.00502	0.00000	0.00000	0.1113	0.1097	0.04821
229	0.00490	0.00490	0.00000	0.00000	0.1119	0.1100	0.04676
230	0.00496	0.00496	0.00000	0.00000	0.1115	0.1015	0.04725
231	0.00482	0.00482	0.00000	0.00000	0.1108	0.1148	0.04626
232	0.00543	0.00543	0.00000	0.00000	0.1117	0.1102	0.04585
233	0.00521	0.00521	0.00000	0.00000	0.1115	0.1134	0.04592
234	0.00512	0.00512	0.00000	0.00000	0.1113	0.1194	0.04603
235	0.00472	0.00472	0.00000	0.00000	0.1117	0.1098	0.04667
236	0.00496	0.00496	0.00000	0.00000	0.1116	0.1156	0.04574
237	0.00484	0.00484	0.00000	0.00000	0.1110	0.1162	0.04621
238	0.00458	0.00458	0.00000	0.00000	0.1119	0.0990	0.04624
239	0.00499	0.00499	0.00000	0.00000	0.1103	0.1043	0.04609
240	0.00453	0.00453	0.00000	0.00000	0.1122	0.0960	0.04622
241	0.00471	0.00471	0.00000	0.00000	0.1112	0.1004	0.04710
242	0.00529	0.00529	0.00000	0.00000	0.1122	0.1064	0.04589
243	0.00477	0.00477	0.00000	0.00000	0.1114	0.1113	0.04800
244	0.00546	0.00546	0.00000	0.00000	0.1120	0.1078	0.04775
245	0.00464	0.00464	0.00000	0.00000	0.1112	0.1041	0.04666
246	0.00564	0.00564	0.00000	0.00000	0.1112	0.0989	0.04652
247	0.00495	0.00495	0.00000	0.00000	0.1111	0.1028	0.04702
248	0.00473	0.00473	0.00000	0.00000	0.1111	0.1136	0.04518
249	0.00497	0.00497	0.00000	0.00000	0.1123	0.1134	0.04622
250	0.00508	0.00508	0.00000	0.00000	0.1113	0.1182	0.04680
251	0.00509	0.00509	0.00000	0.00000	0.1132	0.0864	0.04737
252	0.00496	0.00496	0.00000	0.00000	0.1104	0.1095	0.04785
253	0.00509	0.00509	0.00000	0.00000	0.1116	0.1093	0.04777
254	0.00478	0.00478	0.00000	0.00000	0.1115	0.1140	0.04808
255	0.00462	0.00462	0.00000	0.00000	0.1104	0.1331	0.04627
256	0.00462	0.00462	0.00000	0.00000	0.1127	0.1085	0.04694
257	0.00450	0.00450	0.00000	0.00000	0.1114	0.0979	0.04476
258	0.00444	0.00444	0.00000	0.00000	0.1108	0.1266	0.04667
259	0.00453	0.00453	0.00000	0.00000	0.1114	0.1079	0.04701
260	0.00454	0.00454	0.00000	0.00000	0.1117	0.1147	0.04576
261	0.00421	0.00421	0.00000	0.00000	0.1115	0.1159	0.04669
262	0.00491	0.00491	0.00000	0.00000	0.1110	0.1226	0.04673
263	0.00600	0.00600	0.00000	0.00000	0.1124	0.1213	0.04707
264	0.00506	0.00506	0.00000	0.00000	0.1112	0.1092	0.04619
265	0.00574	0.00574	0.00000	0.00000	0.1113	0.1126	0.04657
266	0.00592	0.00592	0.00000	0.00000	0.1118	0.1066	0.04732
267	0.00546	0.00546	0.00000	0.00000	0.1105	0.1286	0.04525
268	0.00504	0.00504	0.00000	0.00000	0.1122	0.1016	0.04577
269	0.00473	0.00473	0.00000	0.00000	0.1112	0.1045	0.04769
270	0.00473	0.00473	0.00000	0.00000	0.1115	0.1034	0.04559
271	0.00448	0.00448	0.00000	0.00000	0.1117	0.1217	0.04890
272	0.00447	0.00447	0.00000	0.00000	0.1115	0.1190	0.04661
273	0.00456	0.00456	0.00000	0.00000	0.1113	0.1119	0.04628
274	0.00483	0.00483	0.00000	0.00000	0.1115	0.1058	0.04681
275	0.00464	0.00464	0.00000	0.00000	0.1105	0.1060	0.04662
276	0.00468	0.00468	0.00000	0.00000	0.1125	0.1072	0.04702
277	0.00463	0.00463	0.00000	0.00000	0.1116	0.1168	0.04775
278	0.00462	0.00462	0.00000	0.00000	0.1113	0.1126	0.04520
279	0.00420	0.00420	0.00000	0.00000	0.1116	0.1091	0.04637
280	0.00422	0.00422	0.00000	0.00000	0.1113	0.1079	0.04675
281	0.00444	0.00444	0.00000	0.00000	0.1110	0.1014	0.04696
282	0.00465	0.00465	0.00000	0.00000	0.1114	0.1051	0.04705
283	0.00431	0.00431	0.00000	0.00000	0.1113	0.0945	0.04769
284	0.00405	0.00405	0.00000	0.00000	0.1113	0.1041	0.04719
285	0.00413	0.00413	0.00000	0.00000	0.1117	0.1134	0.04704
286	0.00428	0.00428	0.00000	0.00000	0.1109	0.1141	0.04756
287	0.00413	0.00413	0.00000	0.00000	0.1105	0.1223	0.04582
288	0.00463	0.00463	0.00000	0.00000	0.1130	0.1000	0.04608
289	0.00413	0.00413	0.00000	0.00000	0.1098	0.1239	0.04755
290	0.00436	0.00436	0.00000	0.00000	0.1126	0.1012	0.04668
291	0.00461	0.00461	0.00000	0.00000	0.1107	0.1028	0.04632
292	0.00463	0.00463	0.00000	0.00000	0.1117	0.1033	0.04769
293	0.00521	0.00521	0.00000	0.00000	0.1112	0.1195	0.04659
294	0.00584	0.00584	0.00000	0.00000	0.1123	0.1246	0.04712
295	0.00520	0.00520	0.00000	0.00000	0.1116	0.1194	0.04819
296	0.00478	0.00478	0.00000	0.00000	0.1117	0.1082	0.04621
297	0.00540	0.00540	0.00000	0.00000	0.1102	0.1174	0.04775
298	0.00462	0.00462	0.00000	0.00000	0.1125	0.1049	0.04724
299	0.00479	0.00479	0.00000	0.00000	0.1113	0.0864	0.04680
