# {"dataset": "kitti", "cache": "/home/hslee/Desktop/Embedded_AI/context-anydepth-det/anydepth-yolov12/method01_advantage_regress/outputs/kitti/cache_train.pt", "val_cache": "/home/hslee/Desktop/Embedded_AI/context-anydepth-det/anydepth-yolov12/method01_advantage_regress/outputs/kitti/cache_val.pt", "flops": "/home/hslee/Desktop/Embedded_AI/context-anydepth-det/anydepth-yolov12/method01_advantage_regress/outputs/kitti/flops_table.json", "epochs": 300, "batch": 256, "lr": 0.001, "lambda_flops": 1.0, "lambda_uni": 0.1, "hidden": 128, "group_dim": 64, "feat": "input", "norm": "batch", "mode": "regress", "margin": 0.0, "seed": 2, "device": "cuda:0", "out": "method01_advantage_regress/outputs/kitti/ablation/policy_input_s2.pt", "logdir": "method01_advantage_regress/outputs/kitti/ablation/logs", "tag": "abl_input_s2"}
epoch	total	l_acc	l_flops	l_uni	p_super	val_p_super	val_l_acc
0	0.04538	0.04538	0.00000	0.00000	0.1072	0.0346	0.04732
1	0.04008	0.04008	0.00000	0.00000	0.1120	0.0728	0.04190
2	0.03836	0.03836	0.00000	0.00000	0.1107	0.1220	0.04045
3	0.03792	0.03792	0.00000	0.00000	0.1138	0.1067	0.03940
4	0.03659	0.03659	0.00000	0.00000	0.1107	0.0983	0.03958
5	0.03505	0.03505	0.00000	0.00000	0.1099	0.1204	0.03959
6	0.03437	0.03437	0.00000	0.00000	0.1120	0.1214	0.04079
7	0.03362	0.03362	0.00000	0.00000	0.1125	0.0779	0.03992
8	0.03322	0.03322	0.00000	0.00000	0.1105	0.1415	0.04029
9	0.03168	0.03168	0.00000	0.00000	0.1136	0.1033	0.03907
10	0.03198	0.03198	0.00000	0.00000	0.1108	0.1013	0.03956
11	0.03110	0.03110	0.00000	0.00000	0.1112	0.0813	0.04037
12	0.03027	0.03027	0.00000	0.00000	0.1079	0.1129	0.03984
13	0.02928	0.02928	0.00000	0.00000	0.1128	0.1079	0.03953
14	0.02863	0.02863	0.00000	0.00000	0.1129	0.1068	0.03942
15	0.02852	0.02852	0.00000	0.00000	0.1090	0.1052	0.04110
16	0.02954	0.02954	0.00000	0.00000	0.1118	0.1356	0.04027
17	0.02748	0.02748	0.00000	0.00000	0.1108	0.1194	0.04096
18	0.02687	0.02687	0.00000	0.00000	0.1118	0.1201	0.03978
19	0.02709	0.02709	0.00000	0.00000	0.1116	0.1089	0.04082
20	0.02659	0.02659	0.00000	0.00000	0.1117	0.1066	0.04266
21	0.02542	0.02542	0.00000	0.00000	0.1106	0.1133	0.04070
22	0.02524	0.02524	0.00000	0.00000	0.1102	0.1426	0.04241
23	0.02456	0.02456	0.00000	0.00000	0.1111	0.1330	0.04242
24	0.02383	0.02383	0.00000	0.00000	0.1127	0.0923	0.04167
25	0.02392	0.02392	0.00000	0.00000	0.1112	0.1045	0.04182
26	0.02308	0.02308	0.00000	0.00000	0.1119	0.1244	0.04214
27	0.02424	0.02424	0.00000	0.00000	0.1112	0.1107	0.04233
28	0.02288	0.02288	0.00000	0.00000	0.1118	0.0937	0.04173
29	0.02369	0.02369	0.00000	0.00000	0.1110	0.1195	0.04330
30	0.02176	0.02176	0.00000	0.00000	0.1111	0.1102	0.04191
31	0.02110	0.02110	0.00000	0.00000	0.1120	0.1161	0.04213
32	0.02081	0.02081	0.00000	0.00000	0.1097	0.1210	0.04212
33	0.02119	0.02119	0.00000	0.00000	0.1154	0.0966	0.04215
34	0.02075	0.02075	0.00000	0.00000	0.1108	0.0879	0.04323
35	0.02069	0.02069	0.00000	0.00000	0.1121	0.1037	0.04283
36	0.02001	0.02001	0.00000	0.00000	0.1109	0.0964	0.04319
37	0.01925	0.01925	0.00000	0.00000	0.1113	0.1171	0.04372
38	0.01871	0.01871	0.00000	0.00000	0.1112	0.1004	0.04310
39	0.01858	0.01858	0.00000	0.00000	0.1117	0.0970	0.04379
40	0.01954	0.01954	0.00000	0.00000	0.1100	0.1166	0.04223
41	0.01868	0.01868	0.00000	0.00000	0.1134	0.1072	0.04257
42	0.01848	0.01848	0.00000	0.00000	0.1100	0.1215	0.04369
43	0.01776	0.01776	0.00000	0.00000	0.1108	0.1280	0.04454
44	0.01835	0.01835	0.00000	0.00000	0.1109	0.1178	0.04319
45	0.01729	0.01729	0.00000	0.00000	0.1130	0.0946	0.04414
46	0.01755	0.01755	0.00000	0.00000	0.1118	0.1059	0.04267
47	0.01735	0.01735	0.00000	0.00000	0.1089	0.1189	0.04328
48	0.01672	0.01672	0.00000	0.00000	0.1121	0.1192	0.04480
49	0.01667	0.01667	0.00000	0.00000	0.1119	0.0967	0.04189
50	0.01631	0.01631	0.00000	0.00000	0.1125	0.0865	0.04336
51	0.01680	0.01680	0.00000	0.00000	0.1128	0.1007	0.04547
52	0.01672	0.01672	0.00000	0.00000	0.1103	0.1028	0.04437
53	0.01624	0.01624	0.00000	0.00000	0.1112	0.1133	0.04369
54	0.01683	0.01683	0.00000	0.00000	0.1129	0.1062	0.04407
55	0.01586	0.01586	0.00000	0.00000	0.1112	0.1010	0.04416
56	0.01577	0.01577	0.00000	0.00000	0.1122	0.0964	0.04237
57	0.01544	0.01544	0.00000	0.00000	0.1115	0.1089	0.04535
58	0.01470	0.01470	0.00000	0.00000	0.1112	0.1159	0.04405
59	0.01455	0.01455	0.00000	0.00000	0.1109	0.1428	0.04543
60	0.01466	0.01466	0.00000	0.00000	0.1099	0.1184	0.04416
61	0.01389	0.01389	0.00000	0.00000	0.1128	0.1121	0.04264
62	0.01372	0.01372	0.00000	0.00000	0.1113	0.1160	0.04377
63	0.01411	0.01411	0.00000	0.00000	0.1115	0.1073	0.04467
64	0.01368	0.01368	0.00000	0.00000	0.1109	0.1339	0.04404
65	0.01379	0.01379	0.00000	0.00000	0.1111	0.1175	0.04673
66	0.01337	0.01337	0.00000	0.00000	0.1117	0.1213	0.04443
67	0.01340	0.01340	0.00000	0.00000	0.1122	0.1039	0.04452
68	0.01361	0.01361	0.00000	0.00000	0.1126	0.0877	0.04449
69	0.01332	0.01332	0.00000	0.00000	0.1104	0.1187	0.04534
70	0.01333	0.01333	0.00000	0.00000	0.1113	0.0992	0.04358
71	0.01352	0.01352	0.00000	0.00000	0.1140	0.0919	0.04608
72	0.01348	0.01348	0.00000	0.00000	0.1097	0.1097	0.04404
73	0.01254	0.01254	0.00000	0.00000	0.1112	0.1242	0.04406
74	0.01255	0.01255	0.00000	0.00000	0.1109	0.1175	0.04395
75	0.01269	0.01269	0.00000	0.00000	0.1126	0.1228	0.04517
76	0.01321	0.01321	0.00000	0.00000	0.1122	0.0965	0.04602
77	0.01207	0.01207	0.00000	0.00000	0.1109	0.1060	0.04434
78	0.01150	0.01150	0.00000	0.00000	0.1101	0.1281	0.04484
79	0.01176	0.01176	0.00000	0.00000	0.1133	0.1105	0.04428
80	0.01166	0.01166	0.00000	0.00000	0.1123	0.0797	0.04555
81	0.01218	0.01218	0.00000	0.00000	0.1112	0.1049	0.04537
82	0.01156	0.01156	0.00000	0.00000	0.1092	0.1247	0.04472
83	0.01206	0.01206	0.00000	0.00000	0.1120	0.0998	0.04492
84	0.01179	0.01179	0.00000	0.00000	0.1128	0.1018	0.04384
85	0.01240	0.01240	0.00000	0.00000	0.1139	0.0781	0.04399
86	0.01219	0.01219	0.00000	0.00000	0.1107	0.0952	0.04495
87	0.01123	0.01123	0.00000	0.00000	0.1108	0.1214	0.04385
88	0.01123	0.01123	0.00000	0.00000	0.1121	0.1096	0.04514
89	0.01123	0.01123	0.00000	0.00000	0.1108	0.1101	0.04452
90	0.01145	0.01145	0.00000	0.00000	0.1100	0.1255	0.04560
91	0.01086	0.01086	0.00000	0.00000	0.1113	0.1118	0.04640
92	0.01141	0.01141	0.00000	0.00000	0.1100	0.1046	0.04419
93	0.01090	0.01090	0.00000	0.00000	0.1138	0.0897	0.04481
94	0.01046	0.01046	0.00000	0.00000	0.1123	0.1045	0.04546
95	0.01082	0.01082	0.00000	0.00000	0.1115	0.1102	0.04412
96	0.01051	0.01051	0.00000	0.00000	0.1105	0.1080	0.04491
97	0.01045	0.01045	0.00000	0.00000	0.1100	0.1116	0.04537
98	0.01097	0.01097	0.00000	0.00000	0.1128	0.0882	0.04668
99	0.01072	0.01072	0.00000	0.00000	0.1120	0.1025	0.04543
100	0.01027	0.01027	0.00000	0.00000	0.1104	0.1114	0.04618
101	0.01025	0.01025	0.00000	0.00000	0.1119	0.1056	0.04553
102	0.01039	0.01039	0.00000	0.00000	0.1129	0.0904	0.04705
103	0.01006	0.01006	0.00000	0.00000	0.1105	0.1181	0.04526
104	0.01016	0.01016	0.00000	0.00000	0.1109	0.1034	0.04706
105	0.00970	0.00970	0.00000	0.00000	0.1122	0.0991	0.04590
106	0.01063	0.01063	0.00000	0.00000	0.1111	0.1085	0.04620
107	0.01046	0.01046	0.00000	0.00000	0.1101	0.1164	0.04609
108	0.00989	0.00989	0.00000	0.00000	0.1109	0.1092	0.04603
109	0.00969	0.00969	0.00000	0.00000	0.1109	0.1107	0.04632
110	0.01009	0.01009	0.00000	0.00000	0.1103	0.1041	0.04543
111	0.00961	0.00961	0.00000	0.00000	0.1112	0.1274	0.04495
112	0.00972	0.00972	0.00000	0.00000	0.1123	0.1096	0.04745
113	0.00981	0.00981	0.00000	0.00000	0.1124	0.1062	0.04532
114	0.00962	0.00962	0.00000	0.00000	0.1103	0.1043	0.04773
115	0.00963	0.00963	0.00000	0.00000	0.1114	0.1209	0.04727
116	0.00982	0.00982	0.00000	0.00000	0.1117	0.1226	0.04702
117	0.00980	0.00980	0.00000	0.00000	0.1127	0.1006	0.04601
118	0.00957	0.00957	0.00000	0.00000	0.1114	0.1061	0.04551
119	0.00987	0.00987	0.00000	0.00000	0.1113	0.0933	0.04535
120	0.00969	0.00969	0.00000	0.00000	0.1117	0.1173	0.04726
121	0.00959	0.00959	0.00000	0.00000	0.1120	0.1067	0.04655
122	0.00945	0.00945	0.00000	0.00000	0.1104	0.1167	0.04724
123	0.00921	0.00921	0.00000	0.00000	0.1125	0.1049	0.04725
124	0.00977	0.00977	0.00000	0.00000	0.1104	0.0957	0.04639
125	0.00929	0.00929	0.00000	0.00000	0.1101	0.1255	0.04564
126	0.00905	0.00905	0.00000	0.00000	0.1124	0.1042	0.04728
127	0.00973	0.00973	0.00000	0.00000	0.1121	0.1060	0.04654
128	0.01002	0.01002	0.00000	0.00000	0.1097	0.1170	0.04700
129	0.00952	0.00952	0.00000	0.00000	0.1107	0.1250	0.04760
130	0.00930	0.00930	0.00000	0.00000	0.1117	0.1150	0.04722
131	0.00937	0.00937	0.00000	0.00000	0.1113	0.1137	0.04671
132	0.00875	0.00875	0.00000	0.00000	0.1127	0.0936	0.04758
133	0.00896	0.00896	0.00000	0.00000	0.1113	0.1265	0.04457
134	0.00920	0.00920	0.00000	0.00000	0.1111	0.1115	0.04716
135	0.00896	0.00896	0.00000	0.00000	0.1111	0.1105	0.04797
136	0.00885	0.00885	0.00000	0.00000	0.1118	0.1100	0.04591
137	0.00855	0.00855	0.00000	0.00000	0.1094	0.1367	0.04803
138	0.00909	0.00909	0.00000	0.00000	0.1114	0.1313	0.04717
139	0.00892	0.00892	0.00000	0.00000	0.1114	0.1163	0.04824
140	0.00883	0.00883	0.00000	0.00000	0.1111	0.1136	0.04534
141	0.00918	0.00918	0.00000	0.00000	0.1111	0.1265	0.04779
142	0.00910	0.00910	0.00000	0.00000	0.1121	0.1288	0.04674
143	0.00865	0.00865	0.00000	0.00000	0.1119	0.1191	0.04664
144	0.00888	0.00888	0.00000	0.00000	0.1130	0.1198	0.04660
145	0.00831	0.00831	0.00000	0.00000	0.1112	0.1155	0.04581
146	0.00874	0.00874	0.00000	0.00000	0.1099	0.1387	0.04673
147	0.00904	0.00904	0.00000	0.00000	0.1114	0.1159	0.04750
148	0.00883	0.00883	0.00000	0.00000	0.1121	0.1120	0.04616
149	0.00851	0.00851	0.00000	0.00000	0.1123	0.1132	0.04563
150	0.00827	0.00827	0.00000	0.00000	0.1098	0.1148	0.04636
151	0.00869	0.00869	0.00000	0.00000	0.1121	0.1051	0.04671
152	0.00881	0.00881	0.00000	0.00000	0.1124	0.1047	0.04609
153	0.00921	0.00921	0.00000	0.00000	0.1109	0.1145	0.04648
154	0.00839	0.00839	0.00000	0.00000	0.1104	0.1180	0.04628
155	0.00852	0.00852	0.00000	0.00000	0.1116	0.1147	0.04504
156	0.00812	0.00812	0.00000	0.00000	0.1114	0.1082	0.04660
157	0.00858	0.00858	0.00000	0.00000	0.1119	0.1077	0.04646
158	0.00823	0.00823	0.00000	0.00000	0.1109	0.1202	0.04594
159	0.00786	0.00786	0.00000	0.00000	0.1118	0.1194	0.04619
160	0.00817	0.00817	0.00000	0.00000	0.1111	0.1142	0.04689
161	0.00783	0.00783	0.00000	0.00000	0.1116	0.1195	0.04807
162	0.00831	0.00831	0.00000	0.00000	0.1123	0.0944	0.04828
163	0.00843	0.00843	0.00000	0.00000	0.1110	0.0947	0.04609
164	0.00803	0.00803	0.00000	0.00000	0.1122	0.1055	0.04736
165	0.00775	0.00775	0.00000	0.00000	0.1119	0.0989	0.04659
166	0.00804	0.00804	0.00000	0.00000	0.1095	0.1308	0.04715
167	0.00861	0.00861	0.00000	0.00000	0.1135	0.1137	0.04588
168	0.00880	0.00880	0.00000	0.00000	0.1111	0.1298	0.04693
169	0.00805	0.00805	0.00000	0.00000	0.1116	0.1099	0.04540
170	0.00794	0.00794	0.00000	0.00000	0.1096	0.1235	0.04628
171	0.00861	0.00861	0.00000	0.00000	0.1123	0.1146	0.04653
172	0.00780	0.00780	0.00000	0.00000	0.1117	0.0940	0.04645
173	0.00790	0.00790	0.00000	0.00000	0.1108	0.1042	0.04766
174	0.00774	0.00774	0.00000	0.00000	0.1120	0.0980	0.04765
175	0.00767	0.00767	0.00000	0.00000	0.1110	0.1202	0.04729
176	0.00756	0.00756	0.00000	0.00000	0.1119	0.1011	0.04745
177	0.00749	0.00749	0.00000	0.00000	0.1117	0.1080	0.04729
178	0.00773	0.00773	0.00000	0.00000	0.1113	0.1104	0.04711
179	0.00728	0.00728	0.00000	0.00000	0.1118	0.0933	0.04726
180	0.00762	0.00762	0.00000	0.00000	0.1107	0.1062	0.04695
181	0.00803	0.00803	0.00000	0.00000	0.1124	0.1206	0.04785
182	0.00794	0.00794	0.00000	0.00000	0.1105	0.1262	0.04863
183	0.00758	0.00758	0.00000	0.00000	0.1120	0.1224	0.04698
184	0.00772	0.00772	0.00000	0.00000	0.1108	0.1251	0.04700
185	0.00763	0.00763	0.00000	0.00000	0.1112	0.1161	0.04873
186	0.00754	0.00754	0.00000	0.00000	0.1115	0.1228	0.04818
187	0.00803	0.00803	0.00000	0.00000	0.1111	0.1235	0.04648
188	0.00765	0.00765	0.00000	0.00000	0.1119	0.1048	0.04854
189	0.00774	0.00774	0.00000	0.00000	0.1113	0.1065	0.04719
190	0.00737	0.00737	0.00000	0.00000	0.1115	0.1035	0.04812
191	0.00776	0.00776	0.00000	0.00000	0.1110	0.1163	0.04615
192	0.00757	0.00757	0.00000	0.00000	0.1117	0.1143	0.04811
193	0.00765	0.00765	0.00000	0.00000	0.1110	0.1160	0.04687
194	0.00741	0.00741	0.00000	0.00000	0.1108	0.1059	0.04774
195	0.00743	0.00743	0.00000	0.00000	0.1126	0.0957	0.04732
196	0.00809	0.00809	0.00000	0.00000	0.1105	0.1040	0.04626
197	0.00802	0.00802	0.00000	0.00000	0.1110	0.0886	0.04662
198	0.00755	0.00755	0.00000	0.00000	0.1101	0.1239	0.04732
199	0.00724	0.00724	0.00000	0.00000	0.1124	0.1014	0.04727
200	0.00704	0.00704	0.00000	0.00000	0.1117	0.1062	0.04614
201	0.00701	0.00701	0.00000	0.00000	0.1105	0.1131	0.04835
202	0.00699	0.00699	0.00000	0.00000	0.1113	0.1112	0.04787
203	0.00671	0.00671	0.00000	0.00000	0.1114	0.1106	0.04707
204	0.00700	0.00700	0.00000	0.00000	0.1118	0.1126	0.04836
205	0.00745	0.00745	0.00000	0.00000	0.1105	0.1007	0.04602
206	0.00707	0.00707	0.00000	0.00000	0.1114	0.1156	0.04781
207	0.00700	0.00700	0.00000	0.00000	0.1120	0.1175	0.04738
208	0.00659	0.00659	0.00000	0.00000	0.1118	0.1263	0.04746
209	0.00797	0.00797	0.00000	0.00000	0.1116	0.1185	0.04720
210	0.00734	0.00734	0.00000	0.00000	0.1120	0.1050	0.04588
211	0.00718	0.00718	0.00000	0.00000	0.1103	0.1184	0.04814
212	0.00699	0.00699	0.00000	0.00000	0.1126	0.1074	0.04710
213	0.00704	0.00704	0.00000	0.00000	0.1114	0.0989	0.04718
214	0.00744	0.00744	0.00000	0.00000	0.1122	0.0932	0.04927
215	0.00810	0.00810	0.00000	0.00000	0.1098	0.1164	0.04652
216	0.00777	0.00777	0.00000	0.00000	0.1112	0.1192	0.04740
217	0.00731	0.00731	0.00000	0.00000	0.1123	0.1058	0.04683
218	0.00709	0.00709	0.00000	0.00000	0.1127	0.0881	0.04703
219	0.00753	0.00753	0.00000	0.00000	0.1101	0.0999	0.04734
220	0.00696	0.00696	0.00000	0.00000	0.1113	0.1040	0.04594
221	0.00700	0.00700	0.00000	0.00000	0.1105	0.1292	0.04704
222	0.00711	0.00711	0.00000	0.00000	0.1109	0.1305	0.04654
223	0.00700	0.00700	0.00000	0.00000	0.1122	0.1117	0.04715
224	0.00656	0.00656	0.00000	0.00000	0.1116	0.1038	0.04799
225	0.00680	0.00680	0.00000	0.00000	0.1112	0.1225	0.04659
226	0.00664	0.00664	0.00000	0.00000	0.1119	0.1214	0.04734
227	0.00744	0.00744	0.00000	0.00000	0.1118	0.1012	0.04680
228	0.00724	0.00724	0.00000	0.00000	0.1107	0.1064	0.04755
229	0.00679	0.00679	0.00000	0.00000	0.1120	0.1202	0.04539
230	0.00787	0.00787	0.00000	0.00000	0.1126	0.1122	0.04737
231	0.00729	0.00729	0.00000	0.00000	0.1116	0.1015	0.04736
232	0.00697	0.00697	0.00000	0.00000	0.1104	0.0998	0.04699
233	0.00676	0.00676	0.00000	0.00000	0.1117	0.1112	0.04638
234	0.00657	0.00657	0.00000	0.00000	0.1121	0.1183	0.04653
235	0.00690	0.00690	0.00000	0.00000	0.1108	0.1107	0.04743
236	0.00665	0.00665	0.00000	0.00000	0.1120	0.1079	0.04570
237	0.00668	0.00668	0.00000	0.00000	0.1110	0.1136	0.04670
238	0.00693	0.00693	0.00000	0.00000	0.1114	0.1121	0.04837
239	0.00701	0.00701	0.00000	0.00000	0.1125	0.1067	0.04780
240	0.00698	0.00698	0.00000	0.00000	0.1107	0.1265	0.04602
241	0.00663	0.00663	0.00000	0.00000	0.1117	0.1164	0.04811
242	0.00686	0.00686	0.00000	0.00000	0.1105	0.1172	0.04803
243	0.00659	0.00659	0.00000	0.00000	0.1108	0.0994	0.04793
244	0.00718	0.00718	0.00000	0.00000	0.1116	0.1017	0.04652
245	0.00717	0.00717	0.00000	0.00000	0.1097	0.1182	0.04687
246	0.00667	0.00667	0.00000	0.00000	0.1120	0.1274	0.04642
247	0.00697	0.00697	0.00000	0.00000	0.1121	0.1147	0.04775
248	0.00694	0.00694	0.00000	0.00000	0.1117	0.1145	0.04713
249	0.00646	0.00646	0.00000	0.00000	0.1113	0.1187	0.04788
250	0.00664	0.00664	0.00000	0.00000	0.1125	0.1189	0.04573
251	0.00691	0.00691	0.00000	0.00000	0.1110	0.1138	0.04933
252	0.00688	0.00688	0.00000	0.00000	0.1094	0.1209	0.04785
253	0.00636	0.00636	0.00000	0.00000	0.1122	0.1092	0.04675
254	0.00649	0.00649	0.00000	0.00000	0.1106	0.1169	0.04727
255	0.00647	0.00647	0.00000	0.00000	0.1116	0.1287	0.04726
256	0.00660	0.00660	0.00000	0.00000	0.1112	0.1290	0.04869
257	0.00630	0.00630	0.00000	0.00000	0.1111	0.1271	0.04714
258	0.00647	0.00647	0.00000	0.00000	0.1118	0.1141	0.04727
259	0.00659	0.00659	0.00000	0.00000	0.1106	0.1179	0.04693
260	0.00650	0.00650	0.00000	0.00000	0.1120	0.1149	0.04911
261	0.00736	0.00736	0.00000	0.00000	0.1113	0.1125	0.04728
262	0.00660	0.00660	0.00000	0.00000	0.1105	0.1190	0.04727
263	0.00637	0.00637	0.00000	0.00000	0.1114	0.1228	0.04648
264	0.00623	0.00623	0.00000	0.00000	0.1128	0.1185	0.04751
265	0.00608	0.00608	0.00000	0.00000	0.1109	0.1308	0.04682
266	0.00642	0.00642	0.00000	0.00000	0.1123	0.1104	0.04705
267	0.00732	0.00732	0.00000	0.00000	0.1119	0.1043	0.04668
268	0.00689	0.00689	0.00000	0.00000	0.1107	0.1195	0.04882
269	0.00695	0.00695	0.00000	0.00000	0.1117	0.1028	0.04761
270	0.00625	0.00625	0.00000	0.00000	0.1100	0.1090	0.04715
271	0.00634	0.00634	0.00000	0.00000	0.1119	0.1072	0.04756
272	0.00602	0.00602	0.00000	0.00000	0.1120	0.1114	0.04619
273	0.00628	0.00628	0.00000	0.00000	0.1103	0.1041	0.04597
274	0.00585	0.00585	0.00000	0.00000	0.1119	0.1160	0.04639
275	0.00563	0.00563	0.00000	0.00000	0.1109	0.1305	0.04701
276	0.00610	0.00610	0.00000	0.00000	0.1106	0.1169	0.04740
277	0.00586	0.00586	0.00000	0.00000	0.1121	0.1083	0.04613
278	0.00594	0.00594	0.00000	0.00000	0.1116	0.1121	0.04628
279	0.00598	0.00598	0.00000	0.00000	0.1117	0.1052	0.04750
280	0.00595	0.00595	0.00000	0.00000	0.1107	0.1111	0.04681
281	0.00594	0.00594	0.00000	0.00000	0.1121	0.1024	0.04550
282	0.00620	0.00620	0.00000	0.00000	0.1110	0.1206	0.04696
283	0.00649	0.00649	0.00000	0.00000	0.1117	0.1202	0.04561
284	0.00601	0.00601	0.00000	0.00000	0.1126	0.1057	0.04846
285	0.00568	0.00568	0.00000	0.00000	0.1111	0.1148	0.04769
286	0.00586	0.00586	0.00000	0.00000	0.1122	0.1037	0.04773
287	0.00547	0.00547	0.00000	0.00000	0.1105	0.1098	0.04802
288	0.00582	0.00582	0.00000	0.00000	0.1111	0.1133	0.04756
289	0.00565	0.00565	0.00000	0.00000	0.1110	0.1268	0.04625
290	0.00563	0.00563	0.00000	0.00000	0.1126	0.1133	0.04666
291	0.00559	0.00559	0.00000	0.00000	0.1111	0.1150	0.04686
292	0.00592	0.00592	0.00000	0.00000	0.1118	0.1166	0.04924
293	0.00706	0.00706	0.00000	0.00000	0.1109	0.1319	0.04817
294	0.00622	0.00622	0.00000	0.00000	0.1119	0.0959	0.04731
295	0.00679	0.00679	0.00000	0.00000	0.1108	0.0996	0.04766
296	0.00671	0.00671	0.00000	0.00000	0.1113	0.1191	0.04615
297	0.00601	0.00601	0.00000	0.00000	0.1108	0.1180	0.04768
298	0.00606	0.00606	0.00000	0.00000	0.1118	0.1123	0.04732
299	0.00582	0.00582	0.00000	0.00000	0.1115	0.1295	0.04649
