# {"dataset": "kitti", "cache": "/home/hslee/Desktop/Embedded_AI/context-anydepth-det/anydepth-yolov12/method01_advantage_regress/outputs/kitti/cache_train.pt", "val_cache": "/home/hslee/Desktop/Embedded_AI/context-anydepth-det/anydepth-yolov12/method01_advantage_regress/outputs/kitti/cache_val.pt", "flops": "/home/hslee/Desktop/Embedded_AI/context-anydepth-det/anydepth-yolov12/method01_advantage_regress/outputs/kitti/flops_table.json", "epochs": 300, "batch": 256, "lr": 0.001, "lambda_flops": 1.0, "lambda_uni": 0.1, "hidden": 128, "group_dim": 64, "feat": "input", "norm": "none", "dropout": 0.0, "weight_decay": 0.0, "select": "val_corr", "mode": "regress", "margin": 0.0, "seed": 0, "device": "cuda:0", "out": "method01_advantage_regress/outputs/kitti/A3_none/policy_input_s0.pt", "logdir": "method01_advantage_regress/outputs/kitti/A3_none/logs", "tag": "A3_none_s0"}
epoch	total	l_acc	l_flops	l_uni	p_super	val_p_super	val_l_acc
0	0.04393	0.04393	0.00000	0.00000	0.1046	0.1395	0.04328
1	0.04330	0.04330	0.00000	0.00000	0.1163	0.1136	0.04278
2	0.04312	0.04312	0.00000	0.00000	0.1134	0.1153	0.04220
3	0.04303	0.04303	0.00000	0.00000	0.1067	0.1158	0.04269
4	0.04301	0.04301	0.00000	0.00000	0.1150	0.1018	0.04197
5	0.04273	0.04273	0.00000	0.00000	0.1131	0.1016	0.04182
6	0.04281	0.04281	0.00000	0.00000	0.1098	0.1056	0.04174
7	0.04251	0.04251	0.00000	0.00000	0.1108	0.1424	0.04271
8	0.04239	0.04239	0.00000	0.00000	0.1145	0.0860	0.04207
9	0.04234	0.04234	0.00000	0.00000	0.1079	0.1231	0.04185
10	0.04242	0.04242	0.00000	0.00000	0.1130	0.1292	0.04201
11	0.04238	0.04238	0.00000	0.00000	0.1129	0.1070	0.04160
12	0.04176	0.04176	0.00000	0.00000	0.1096	0.1173	0.04150
13	0.04186	0.04186	0.00000	0.00000	0.1114	0.0979	0.04163
14	0.04148	0.04148	0.00000	0.00000	0.1131	0.0768	0.04236
15	0.04150	0.04150	0.00000	0.00000	0.1118	0.1155	0.04124
16	0.04146	0.04146	0.00000	0.00000	0.1097	0.1043	0.04102
17	0.04104	0.04104	0.00000	0.00000	0.1143	0.0760	0.04200
18	0.04099	0.04099	0.00000	0.00000	0.1106	0.1145	0.04090
19	0.04083	0.04083	0.00000	0.00000	0.1124	0.0783	0.04161
20	0.04121	0.04121	0.00000	0.00000	0.1093	0.1000	0.04079
21	0.04050	0.04050	0.00000	0.00000	0.1123	0.0784	0.04127
22	0.04070	0.04070	0.00000	0.00000	0.1127	0.0738	0.04194
23	0.04068	0.04068	0.00000	0.00000	0.1086	0.1163	0.04035
24	0.04026	0.04026	0.00000	0.00000	0.1130	0.0950	0.04087
25	0.04138	0.04138	0.00000	0.00000	0.1109	0.1403	0.04186
26	0.04056	0.04056	0.00000	0.00000	0.1103	0.0788	0.04143
27	0.04067	0.04067	0.00000	0.00000	0.1081	0.1166	0.04094
28	0.04071	0.04071	0.00000	0.00000	0.1108	0.1216	0.04121
29	0.04027	0.04027	0.00000	0.00000	0.1150	0.1263	0.04077
30	0.03987	0.03987	0.00000	0.00000	0.1111	0.0952	0.04056
31	0.03964	0.03964	0.00000	0.00000	0.1114	0.1018	0.04035
32	0.04027	0.04027	0.00000	0.00000	0.1105	0.1119	0.04043
33	0.04005	0.04005	0.00000	0.00000	0.1158	0.0562	0.04337
34	0.04166	0.04166	0.00000	0.00000	0.1091	0.0654	0.04262
35	0.03996	0.03996	0.00000	0.00000	0.1110	0.1183	0.04068
36	0.03956	0.03956	0.00000	0.00000	0.1125	0.0681	0.04209
37	0.03970	0.03970	0.00000	0.00000	0.1095	0.1304	0.04093
38	0.03945	0.03945	0.00000	0.00000	0.1120	0.1344	0.04077
39	0.03898	0.03898	0.00000	0.00000	0.1121	0.1079	0.04017
40	0.03918	0.03918	0.00000	0.00000	0.1115	0.1132	0.04033
41	0.03900	0.03900	0.00000	0.00000	0.1122	0.0800	0.04084
42	0.03915	0.03915	0.00000	0.00000	0.1120	0.0866	0.04046
43	0.03876	0.03876	0.00000	0.00000	0.1118	0.1180	0.04008
44	0.03899	0.03899	0.00000	0.00000	0.1085	0.1208	0.04027
45	0.03948	0.03948	0.00000	0.00000	0.1125	0.0858	0.04087
46	0.03960	0.03960	0.00000	0.00000	0.1144	0.1028	0.04001
47	0.03889	0.03889	0.00000	0.00000	0.1085	0.1131	0.03981
48	0.03848	0.03848	0.00000	0.00000	0.1109	0.1461	0.04224
49	0.03853	0.03853	0.00000	0.00000	0.1130	0.1164	0.04016
50	0.03858	0.03858	0.00000	0.00000	0.1094	0.1087	0.03975
51	0.03945	0.03945	0.00000	0.00000	0.1154	0.1226	0.04021
52	0.03870	0.03870	0.00000	0.00000	0.1098	0.1100	0.03992
53	0.03807	0.03807	0.00000	0.00000	0.1112	0.1030	0.03971
54	0.03816	0.03816	0.00000	0.00000	0.1133	0.1211	0.04030
55	0.03794	0.03794	0.00000	0.00000	0.1112	0.1171	0.04039
56	0.03822	0.03822	0.00000	0.00000	0.1125	0.0876	0.04033
57	0.03747	0.03747	0.00000	0.00000	0.1123	0.1150	0.04031
58	0.03795	0.03795	0.00000	0.00000	0.1108	0.1116	0.03998
59	0.03760	0.03760	0.00000	0.00000	0.1114	0.1167	0.04033
60	0.03805	0.03805	0.00000	0.00000	0.1123	0.1137	0.03956
61	0.03755	0.03755	0.00000	0.00000	0.1113	0.0851	0.04017
62	0.03840	0.03840	0.00000	0.00000	0.1089	0.1500	0.04201
63	0.03904	0.03904	0.00000	0.00000	0.1174	0.0830	0.04085
64	0.03847	0.03847	0.00000	0.00000	0.1073	0.1149	0.04133
65	0.03755	0.03755	0.00000	0.00000	0.1115	0.0931	0.03997
66	0.03749	0.03749	0.00000	0.00000	0.1137	0.0818	0.04105
67	0.03793	0.03793	0.00000	0.00000	0.1095	0.0863	0.04051
68	0.03889	0.03889	0.00000	0.00000	0.1129	0.1231	0.04001
69	0.03803	0.03803	0.00000	0.00000	0.1098	0.1151	0.04008
70	0.03736	0.03736	0.00000	0.00000	0.1121	0.1396	0.04148
71	0.03677	0.03677	0.00000	0.00000	0.1113	0.1187	0.03972
72	0.03674	0.03674	0.00000	0.00000	0.1124	0.1070	0.03927
73	0.03715	0.03715	0.00000	0.00000	0.1107	0.1030	0.03917
74	0.03658	0.03658	0.00000	0.00000	0.1129	0.0805	0.04006
75	0.03723	0.03723	0.00000	0.00000	0.1100	0.1282	0.03952
76	0.03743	0.03743	0.00000	0.00000	0.1105	0.1481	0.04171
77	0.03669	0.03669	0.00000	0.00000	0.1156	0.1001	0.03891
78	0.03602	0.03602	0.00000	0.00000	0.1125	0.1350	0.04043
79	0.03664	0.03664	0.00000	0.00000	0.1111	0.0907	0.03916
80	0.03607	0.03607	0.00000	0.00000	0.1136	0.0671	0.04149
81	0.03700	0.03700	0.00000	0.00000	0.1089	0.1344	0.03999
82	0.03676	0.03676	0.00000	0.00000	0.1108	0.1116	0.03892
83	0.03700	0.03700	0.00000	0.00000	0.1103	0.1261	0.03949
84	0.03751	0.03751	0.00000	0.00000	0.1148	0.1154	0.03940
85	0.03577	0.03577	0.00000	0.00000	0.1136	0.1008	0.03943
86	0.03640	0.03640	0.00000	0.00000	0.1104	0.0983	0.03953
87	0.03642	0.03642	0.00000	0.00000	0.1090	0.1166	0.03893
88	0.03575	0.03575	0.00000	0.00000	0.1124	0.0963	0.03909
89	0.03604	0.03604	0.00000	0.00000	0.1108	0.1168	0.03929
90	0.03573	0.03573	0.00000	0.00000	0.1121	0.1135	0.03911
91	0.03609	0.03609	0.00000	0.00000	0.1104	0.1065	0.03951
92	0.03584	0.03584	0.00000	0.00000	0.1146	0.0820	0.03962
93	0.03637	0.03637	0.00000	0.00000	0.1094	0.0887	0.03945
94	0.03561	0.03561	0.00000	0.00000	0.1114	0.1124	0.03896
95	0.03673	0.03673	0.00000	0.00000	0.1127	0.0684	0.04056
96	0.03715	0.03715	0.00000	0.00000	0.1094	0.1029	0.04117
97	0.03555	0.03555	0.00000	0.00000	0.1121	0.0926	0.03958
98	0.03660	0.03660	0.00000	0.00000	0.1154	0.0687	0.04072
99	0.03545	0.03545	0.00000	0.00000	0.1080	0.0964	0.03923
100	0.03506	0.03506	0.00000	0.00000	0.1114	0.1199	0.03901
101	0.03515	0.03515	0.00000	0.00000	0.1138	0.1008	0.03848
102	0.03498	0.03498	0.00000	0.00000	0.1099	0.1465	0.04069
103	0.03611	0.03611	0.00000	0.00000	0.1149	0.0711	0.04112
104	0.03695	0.03695	0.00000	0.00000	0.1109	0.1058	0.03937
105	0.03496	0.03496	0.00000	0.00000	0.1111	0.1106	0.04030
106	0.03499	0.03499	0.00000	0.00000	0.1122	0.0658	0.04049
107	0.03613	0.03613	0.00000	0.00000	0.1086	0.1277	0.03933
108	0.03558	0.03558	0.00000	0.00000	0.1147	0.0784	0.04058
109	0.03528	0.03528	0.00000	0.00000	0.1091	0.1235	0.03942
110	0.03490	0.03490	0.00000	0.00000	0.1121	0.1254	0.04014
111	0.03617	0.03617	0.00000	0.00000	0.1088	0.1448	0.04109
112	0.03582	0.03582	0.00000	0.00000	0.1106	0.1380	0.03940
113	0.03473	0.03473	0.00000	0.00000	0.1141	0.1259	0.03963
114	0.03474	0.03474	0.00000	0.00000	0.1115	0.1075	0.04038
115	0.03489	0.03489	0.00000	0.00000	0.1117	0.1178	0.03861
116	0.03533	0.03533	0.00000	0.00000	0.1112	0.1154	0.03861
117	0.03465	0.03465	0.00000	0.00000	0.1114	0.1077	0.03845
118	0.03485	0.03485	0.00000	0.00000	0.1123	0.0818	0.03878
119	0.03445	0.03445	0.00000	0.00000	0.1124	0.1044	0.03829
120	0.03447	0.03447	0.00000	0.00000	0.1091	0.1306	0.04000
121	0.03491	0.03491	0.00000	0.00000	0.1142	0.0900	0.03899
122	0.03443	0.03443	0.00000	0.00000	0.1128	0.1149	0.03886
123	0.03505	0.03505	0.00000	0.00000	0.1087	0.1152	0.03906
124	0.03490	0.03490	0.00000	0.00000	0.1133	0.0823	0.04004
125	0.03514	0.03514	0.00000	0.00000	0.1108	0.1308	0.03911
126	0.03510	0.03510	0.00000	0.00000	0.1111	0.1030	0.03871
127	0.03522	0.03522	0.00000	0.00000	0.1104	0.1298	0.04036
128	0.03432	0.03432	0.00000	0.00000	0.1161	0.0918	0.03897
129	0.03561	0.03561	0.00000	0.00000	0.1075	0.0918	0.03844
130	0.03471	0.03471	0.00000	0.00000	0.1127	0.1179	0.03869
131	0.03426	0.03426	0.00000	0.00000	0.1119	0.1087	0.03836
132	0.03450	0.03450	0.00000	0.00000	0.1143	0.0752	0.03912
133	0.03502	0.03502	0.00000	0.00000	0.1092	0.0935	0.03902
134	0.03447	0.03447	0.00000	0.00000	0.1124	0.1166	0.03837
135	0.03375	0.03375	0.00000	0.00000	0.1126	0.0754	0.03941
136	0.03410	0.03410	0.00000	0.00000	0.1105	0.0909	0.03872
137	0.03416	0.03416	0.00000	0.00000	0.1131	0.0897	0.03872
138	0.03502	0.03502	0.00000	0.00000	0.1145	0.0998	0.03989
139	0.03454	0.03454	0.00000	0.00000	0.1071	0.1165	0.03879
140	0.03441	0.03441	0.00000	0.00000	0.1106	0.1010	0.03891
141	0.03563	0.03563	0.00000	0.00000	0.1098	0.1279	0.03842
142	0.03510	0.03510	0.00000	0.00000	0.1148	0.1423	0.04113
143	0.03432	0.03432	0.00000	0.00000	0.1110	0.1024	0.04031
144	0.03437	0.03437	0.00000	0.00000	0.1138	0.1045	0.03862
145	0.03351	0.03351	0.00000	0.00000	0.1109	0.1245	0.03969
146	0.03375	0.03375	0.00000	0.00000	0.1122	0.1122	0.03873
147	0.03347	0.03347	0.00000	0.00000	0.1095	0.1228	0.03876
148	0.03351	0.03351	0.00000	0.00000	0.1113	0.1211	0.03908
149	0.03442	0.03442	0.00000	0.00000	0.1130	0.1030	0.03833
150	0.03335	0.03335	0.00000	0.00000	0.1115	0.1042	0.03872
151	0.03385	0.03385	0.00000	0.00000	0.1084	0.1131	0.03836
152	0.03376	0.03376	0.00000	0.00000	0.1113	0.1083	0.03935
153	0.03389	0.03389	0.00000	0.00000	0.1120	0.0797	0.03913
154	0.03314	0.03314	0.00000	0.00000	0.1102	0.1191	0.03914
155	0.03360	0.03360	0.00000	0.00000	0.1115	0.0734	0.03972
156	0.03398	0.03398	0.00000	0.00000	0.1101	0.1589	0.04336
157	0.03460	0.03460	0.00000	0.00000	0.1140	0.0842	0.03976
158	0.03408	0.03408	0.00000	0.00000	0.1125	0.0911	0.03989
159	0.03351	0.03351	0.00000	0.00000	0.1114	0.1198	0.04043
160	0.03453	0.03453	0.00000	0.00000	0.1078	0.1082	0.03866
161	0.03660	0.03660	0.00000	0.00000	0.1121	0.1329	0.03920
162	0.03483	0.03483	0.00000	0.00000	0.1175	0.0859	0.03937
163	0.03303	0.03303	0.00000	0.00000	0.1082	0.1004	0.03904
164	0.03370	0.03370	0.00000	0.00000	0.1105	0.1235	0.04066
165	0.03341	0.03341	0.00000	0.00000	0.1107	0.1513	0.04142
166	0.03426	0.03426	0.00000	0.00000	0.1128	0.1022	0.03814
167	0.03404	0.03404	0.00000	0.00000	0.1116	0.0993	0.03816
168	0.03379	0.03379	0.00000	0.00000	0.1108	0.1212	0.03885
169	0.03319	0.03319	0.00000	0.00000	0.1101	0.1130	0.03858
170	0.03446	0.03446	0.00000	0.00000	0.1112	0.1147	0.03875
171	0.03362	0.03362	0.00000	0.00000	0.1120	0.1183	0.03828
172	0.03435	0.03435	0.00000	0.00000	0.1174	0.0904	0.03948
173	0.03282	0.03282	0.00000	0.00000	0.1071	0.1175	0.04061
174	0.03397	0.03397	0.00000	0.00000	0.1141	0.0936	0.03820
175	0.03278	0.03278	0.00000	0.00000	0.1115	0.0748	0.03929
176	0.03449	0.03449	0.00000	0.00000	0.1091	0.1252	0.03934
177	0.03492	0.03492	0.00000	0.00000	0.1127	0.0870	0.03961
178	0.03306	0.03306	0.00000	0.00000	0.1110	0.0852	0.03857
179	0.03326	0.03326	0.00000	0.00000	0.1131	0.1011	0.03851
180	0.03308	0.03308	0.00000	0.00000	0.1113	0.0851	0.03916
181	0.03653	0.03653	0.00000	0.00000	0.1087	0.1042	0.04029
182	0.03356	0.03356	0.00000	0.00000	0.1126	0.1232	0.03956
183	0.03274	0.03274	0.00000	0.00000	0.1122	0.1231	0.03913
184	0.03286	0.03286	0.00000	0.00000	0.1099	0.1137	0.03904
185	0.03307	0.03307	0.00000	0.00000	0.1111	0.0802	0.03951
186	0.03412	0.03412	0.00000	0.00000	0.1095	0.1337	0.03862
187	0.03380	0.03380	0.00000	0.00000	0.1155	0.0984	0.03949
188	0.03352	0.03352	0.00000	0.00000	0.1101	0.0689	0.04016
189	0.03379	0.03379	0.00000	0.00000	0.1111	0.1131	0.03854
190	0.03479	0.03479	0.00000	0.00000	0.1132	0.0751	0.04008
191	0.03429	0.03429	0.00000	0.00000	0.1123	0.0948	0.03794
192	0.03279	0.03279	0.00000	0.00000	0.1101	0.0912	0.03932
193	0.03293	0.03293	0.00000	0.00000	0.1118	0.1140	0.03845
194	0.03266	0.03266	0.00000	0.00000	0.1116	0.1130	0.03904
195	0.03241	0.03241	0.00000	0.00000	0.1107	0.1218	0.03925
196	0.03320	0.03320	0.00000	0.00000	0.1142	0.0989	0.03804
197	0.03270	0.03270	0.00000	0.00000	0.1103	0.1262	0.04196
198	0.03260	0.03260	0.00000	0.00000	0.1097	0.1190	0.03976
199	0.03220	0.03220	0.00000	0.00000	0.1113	0.1324	0.03974
200	0.03329	0.03329	0.00000	0.00000	0.1095	0.1611	0.04249
201	0.03377	0.03377	0.00000	0.00000	0.1126	0.1320	0.04114
202	0.03260	0.03260	0.00000	0.00000	0.1131	0.0976	0.04058
203	0.03265	0.03265	0.00000	0.00000	0.1095	0.1271	0.03929
204	0.03279	0.03279	0.00000	0.00000	0.1135	0.1167	0.03912
205	0.03338	0.03338	0.00000	0.00000	0.1104	0.1069	0.03823
206	0.03237	0.03237	0.00000	0.00000	0.1134	0.1099	0.03890
207	0.03261	0.03261	0.00000	0.00000	0.1089	0.1238	0.03936
208	0.03340	0.03340	0.00000	0.00000	0.1102	0.1334	0.04023
209	0.03334	0.03334	0.00000	0.00000	0.1142	0.0955	0.03957
210	0.03190	0.03190	0.00000	0.00000	0.1118	0.0650	0.04059
211	0.03230	0.03230	0.00000	0.00000	0.1080	0.1028	0.03918
212	0.03289	0.03289	0.00000	0.00000	0.1161	0.0893	0.03890
213	0.03201	0.03201	0.00000	0.00000	0.1098	0.1111	0.03860
214	0.03198	0.03198	0.00000	0.00000	0.1140	0.0681	0.04025
215	0.03321	0.03321	0.00000	0.00000	0.1121	0.0796	0.04017
216	0.03373	0.03373	0.00000	0.00000	0.1098	0.0970	0.03782
217	0.03258	0.03258	0.00000	0.00000	0.1093	0.0707	0.04028
218	0.03456	0.03456	0.00000	0.00000	0.1146	0.1066	0.03858
219	0.03321	0.03321	0.00000	0.00000	0.1135	0.1105	0.03947
220	0.03326	0.03326	0.00000	0.00000	0.1089	0.0960	0.03866
221	0.03244	0.03244	0.00000	0.00000	0.1089	0.1183	0.03848
222	0.03242	0.03242	0.00000	0.00000	0.1116	0.1164	0.04032
223	0.03193	0.03193	0.00000	0.00000	0.1132	0.1194	0.03847
224	0.03188	0.03188	0.00000	0.00000	0.1124	0.0996	0.03901
225	0.03256	0.03256	0.00000	0.00000	0.1117	0.0755	0.03991
226	0.03339	0.03339	0.00000	0.00000	0.1102	0.1313	0.03907
227	0.03222	0.03222	0.00000	0.00000	0.1132	0.0859	0.04077
228	0.03226	0.03226	0.00000	0.00000	0.1087	0.1216	0.03901
229	0.03326	0.03326	0.00000	0.00000	0.1126	0.1101	0.03924
230	0.03233	0.03233	0.00000	0.00000	0.1124	0.0733	0.04054
231	0.03307	0.03307	0.00000	0.00000	0.1089	0.1328	0.03883
232	0.03216	0.03216	0.00000	0.00000	0.1129	0.1074	0.03888
233	0.03223	0.03223	0.00000	0.00000	0.1094	0.1290	0.03994
234	0.03203	0.03203	0.00000	0.00000	0.1116	0.1183	0.03864
235	0.03204	0.03204	0.00000	0.00000	0.1116	0.1089	0.03892
236	0.03291	0.03291	0.00000	0.00000	0.1157	0.1059	0.03837
237	0.03205	0.03205	0.00000	0.00000	0.1097	0.0963	0.03974
238	0.03359	0.03359	0.00000	0.00000	0.1072	0.1283	0.04224
239	0.03233	0.03233	0.00000	0.00000	0.1114	0.1029	0.03886
240	0.03210	0.03210	0.00000	0.00000	0.1135	0.0812	0.03967
241	0.03252	0.03252	0.00000	0.00000	0.1084	0.1357	0.04047
242	0.03184	0.03184	0.00000	0.00000	0.1110	0.1345	0.04047
243	0.03156	0.03156	0.00000	0.00000	0.1120	0.0873	0.03873
244	0.03185	0.03185	0.00000	0.00000	0.1109	0.0953	0.03907
245	0.03316	0.03316	0.00000	0.00000	0.1149	0.1306	0.03888
246	0.03253	0.03253	0.00000	0.00000	0.1100	0.1059	0.03890
247	0.03175	0.03175	0.00000	0.00000	0.1106	0.1168	0.04133
248	0.03182	0.03182	0.00000	0.00000	0.1092	0.1414	0.04020
249	0.03160	0.03160	0.00000	0.00000	0.1112	0.1088	0.04002
250	0.03165	0.03165	0.00000	0.00000	0.1113	0.1236	0.03877
251	0.03170	0.03170	0.00000	0.00000	0.1142	0.0706	0.04191
252	0.03159	0.03159	0.00000	0.00000	0.1097	0.0902	0.03916
253	0.03177	0.03177	0.00000	0.00000	0.1107	0.1204	0.03974
254	0.03188	0.03188	0.00000	0.00000	0.1110	0.0944	0.03902
255	0.03094	0.03094	0.00000	0.00000	0.1121	0.1053	0.03936
256	0.03153	0.03153	0.00000	0.00000	0.1075	0.1227	0.03858
257	0.03258	0.03258	0.00000	0.00000	0.1152	0.0694	0.04125
258	0.03281	0.03281	0.00000	0.00000	0.1103	0.1434	0.04085
259	0.03196	0.03196	0.00000	0.00000	0.1115	0.1356	0.03984
260	0.03144	0.03144	0.00000	0.00000	0.1155	0.0984	0.04002
261	0.03114	0.03114	0.00000	0.00000	0.1102	0.0973	0.03843
262	0.03234	0.03234	0.00000	0.00000	0.1090	0.0963	0.03994
263	0.03209	0.03209	0.00000	0.00000	0.1108	0.1329	0.03945
264	0.03153	0.03153	0.00000	0.00000	0.1180	0.0686	0.04175
265	0.03180	0.03180	0.00000	0.00000	0.1093	0.0517	0.04207
266	0.03117	0.03117	0.00000	0.00000	0.1112	0.0878	0.03902
267	0.03131	0.03131	0.00000	0.00000	0.1115	0.1060	0.03960
268	0.03108	0.03108	0.00000	0.00000	0.1114	0.1236	0.04005
269	0.03176	0.03176	0.00000	0.00000	0.1127	0.1234	0.04221
270	0.03219	0.03219	0.00000	0.00000	0.1132	0.0768	0.03931
271	0.03251	0.03251	0.00000	0.00000	0.1090	0.1322	0.04150
272	0.03194	0.03194	0.00000	0.00000	0.1157	0.0526	0.04247
273	0.03336	0.03336	0.00000	0.00000	0.1048	0.1229	0.04106
274	0.03168	0.03168	0.00000	0.00000	0.1171	0.0762	0.03953
275	0.03165	0.03165	0.00000	0.00000	0.1084	0.1017	0.03918
276	0.03160	0.03160	0.00000	0.00000	0.1134	0.1338	0.04001
277	0.03156	0.03156	0.00000	0.00000	0.1112	0.1279	0.04107
278	0.03090	0.03090	0.00000	0.00000	0.1104	0.1054	0.03965
279	0.03179	0.03179	0.00000	0.00000	0.1156	0.1073	0.03956
280	0.03169	0.03169	0.00000	0.00000	0.1101	0.1365	0.04017
281	0.03309	0.03309	0.00000	0.00000	0.1110	0.0915	0.03931
282	0.03129	0.03129	0.00000	0.00000	0.1127	0.1097	0.03898
283	0.03112	0.03112	0.00000	0.00000	0.1083	0.0862	0.03949
284	0.03163	0.03163	0.00000	0.00000	0.1117	0.1055	0.03837
285	0.03186	0.03186	0.00000	0.00000	0.1105	0.1028	0.03935
286	0.03146	0.03146	0.00000	0.00000	0.1129	0.1187	0.03913
287	0.03084	0.03084	0.00000	0.00000	0.1131	0.0781	0.03980
288	0.03176	0.03176	0.00000	0.00000	0.1100	0.1034	0.03953
289	0.03142	0.03142	0.00000	0.00000	0.1136	0.0867	0.03926
290	0.03110	0.03110	0.00000	0.00000	0.1095	0.1267	0.04048
291	0.03069	0.03069	0.00000	0.00000	0.1102	0.0903	0.03943
292	0.03370	0.03370	0.00000	0.00000	0.1132	0.0958	0.03851
293	0.03097	0.03097	0.00000	0.00000	0.1112	0.1073	0.04030
294	0.03188	0.03188	0.00000	0.00000	0.1151	0.1005	0.03926
295	0.03109	0.03109	0.00000	0.00000	0.1111	0.1250	0.04599
296	0.03241	0.03241	0.00000	0.00000	0.1108	0.0520	0.04238
297	0.03210	0.03210	0.00000	0.00000	0.1085	0.1255	0.03908
298	0.03259	0.03259	0.00000	0.00000	0.1122	0.0990	0.03952
299	0.03200	0.03200	0.00000	0.00000	0.1145	0.0849	0.03976
