# {"dataset": "kitti", "cache": "/home/hslee/Desktop/Embedded_AI/context-anydepth-det/anydepth-yolov12/method01_advantage_regress/outputs/kitti/cache_train.pt", "val_cache": "/home/hslee/Desktop/Embedded_AI/context-anydepth-det/anydepth-yolov12/method01_advantage_regress/outputs/kitti/cache_val.pt", "flops": "/home/hslee/Desktop/Embedded_AI/context-anydepth-det/anydepth-yolov12/method01_advantage_regress/outputs/kitti/flops_table.json", "epochs": 300, "batch": 256, "lr": 0.001, "lambda_flops": 1.0, "lambda_uni": 0.1, "hidden": 128, "group_dim": 64, "path_dim": 8, "feat": "input", "norm": "batch", "dropout": 0.0, "weight_decay": 0.0, "select": "val_corr", "mode": "regress", "regress_loss": "mae", "margin": 0.0, "seed": 1, "device": "cuda:0", "out": "method01_advantage_regress/outputs/kitti/C1_mae/policy_input_s1.pt", "logdir": "method01_advantage_regress/outputs/kitti/C1_mae/logs", "tag": "C1_mae_s1"}
epoch	total	l_acc	l_flops	l_uni	p_super	val_p_super	val_l_acc
0	0.15351	0.15351	0.00000	0.00000	0.0958	0.0680	0.14367
1	0.14101	0.14101	0.00000	0.00000	0.1047	0.0761	0.14204
2	0.13777	0.13777	0.00000	0.00000	0.1041	0.1009	0.14073
3	0.13527	0.13527	0.00000	0.00000	0.1040	0.0881	0.14083
4	0.13264	0.13264	0.00000	0.00000	0.1045	0.0982	0.14056
5	0.13131	0.13131	0.00000	0.00000	0.1070	0.0996	0.14163
6	0.13077	0.13077	0.00000	0.00000	0.1045	0.0861	0.14075
7	0.12803	0.12803	0.00000	0.00000	0.1072	0.0946	0.14247
8	0.12731	0.12731	0.00000	0.00000	0.1052	0.1170	0.14249
9	0.12687	0.12687	0.00000	0.00000	0.1045	0.1135	0.14113
10	0.12491	0.12491	0.00000	0.00000	0.1089	0.0868	0.14327
11	0.12348	0.12348	0.00000	0.00000	0.1046	0.0975	0.14039
12	0.12376	0.12376	0.00000	0.00000	0.1060	0.1138	0.14320
13	0.12194	0.12194	0.00000	0.00000	0.1076	0.1039	0.14261
14	0.12026	0.12026	0.00000	0.00000	0.1105	0.0980	0.14370
15	0.11820	0.11820	0.00000	0.00000	0.1068	0.0917	0.14226
16	0.11761	0.11761	0.00000	0.00000	0.1074	0.1115	0.14235
17	0.11690	0.11690	0.00000	0.00000	0.1082	0.1155	0.14250
18	0.11565	0.11565	0.00000	0.00000	0.1086	0.1057	0.13986
19	0.11430	0.11430	0.00000	0.00000	0.1097	0.1080	0.14101
20	0.11462	0.11462	0.00000	0.00000	0.1102	0.0947	0.14461
21	0.11598	0.11598	0.00000	0.00000	0.1086	0.0921	0.14024
22	0.11176	0.11176	0.00000	0.00000	0.1081	0.1063	0.13993
23	0.11204	0.11204	0.00000	0.00000	0.1068	0.1101	0.14189
24	0.11071	0.11071	0.00000	0.00000	0.1089	0.1066	0.14445
25	0.11001	0.11001	0.00000	0.00000	0.1106	0.1088	0.14152
26	0.11154	0.11154	0.00000	0.00000	0.1088	0.1214	0.14470
27	0.10949	0.10949	0.00000	0.00000	0.1101	0.1091	0.14471
28	0.10824	0.10824	0.00000	0.00000	0.1084	0.0945	0.14301
29	0.10976	0.10976	0.00000	0.00000	0.1080	0.1231	0.14731
30	0.10730	0.10730	0.00000	0.00000	0.1082	0.1187	0.14213
31	0.10632	0.10632	0.00000	0.00000	0.1101	0.1210	0.14420
32	0.10551	0.10551	0.00000	0.00000	0.1098	0.1142	0.14330
33	0.10465	0.10465	0.00000	0.00000	0.1090	0.0899	0.14471
34	0.10407	0.10407	0.00000	0.00000	0.1100	0.0962	0.14583
35	0.10310	0.10310	0.00000	0.00000	0.1091	0.0891	0.14696
36	0.10354	0.10354	0.00000	0.00000	0.1100	0.1066	0.14477
37	0.10271	0.10271	0.00000	0.00000	0.1105	0.0935	0.14709
38	0.10333	0.10333	0.00000	0.00000	0.1094	0.0992	0.14607
39	0.10244	0.10244	0.00000	0.00000	0.1071	0.1211	0.14666
40	0.10072	0.10072	0.00000	0.00000	0.1083	0.1231	0.14634
41	0.09962	0.09962	0.00000	0.00000	0.1097	0.1163	0.14487
42	0.09786	0.09786	0.00000	0.00000	0.1104	0.1053	0.14597
43	0.09868	0.09868	0.00000	0.00000	0.1091	0.1087	0.14507
44	0.09752	0.09752	0.00000	0.00000	0.1127	0.1056	0.14548
45	0.09831	0.09831	0.00000	0.00000	0.1081	0.1034	0.14641
46	0.09604	0.09604	0.00000	0.00000	0.1098	0.1066	0.14713
47	0.09492	0.09492	0.00000	0.00000	0.1101	0.0983	0.14696
48	0.09571	0.09571	0.00000	0.00000	0.1105	0.0750	0.14633
49	0.09526	0.09526	0.00000	0.00000	0.1097	0.0826	0.14654
50	0.09470	0.09470	0.00000	0.00000	0.1065	0.1100	0.14845
51	0.09368	0.09368	0.00000	0.00000	0.1109	0.0984	0.14640
52	0.09308	0.09308	0.00000	0.00000	0.1103	0.0882	0.14639
53	0.09593	0.09593	0.00000	0.00000	0.1102	0.0948	0.14558
54	0.09496	0.09496	0.00000	0.00000	0.1113	0.0975	0.14649
55	0.09236	0.09236	0.00000	0.00000	0.1098	0.1029	0.14745
56	0.09146	0.09146	0.00000	0.00000	0.1093	0.1099	0.14560
57	0.09145	0.09145	0.00000	0.00000	0.1090	0.1188	0.14625
58	0.09313	0.09313	0.00000	0.00000	0.1081	0.1162	0.14708
59	0.09019	0.09019	0.00000	0.00000	0.1102	0.1204	0.14706
60	0.09075	0.09075	0.00000	0.00000	0.1092	0.1189	0.14646
61	0.09089	0.09089	0.00000	0.00000	0.1104	0.1225	0.14640
62	0.09041	0.09041	0.00000	0.00000	0.1133	0.1142	0.14453
63	0.08875	0.08875	0.00000	0.00000	0.1096	0.1178	0.14837
64	0.08938	0.08938	0.00000	0.00000	0.1112	0.1081	0.14676
65	0.08900	0.08900	0.00000	0.00000	0.1107	0.1214	0.14776
66	0.08738	0.08738	0.00000	0.00000	0.1096	0.1001	0.14775
67	0.08843	0.08843	0.00000	0.00000	0.1089	0.1190	0.14634
68	0.08588	0.08588	0.00000	0.00000	0.1090	0.1084	0.14618
69	0.08584	0.08584	0.00000	0.00000	0.1103	0.0859	0.15046
70	0.08831	0.08831	0.00000	0.00000	0.1065	0.1047	0.14792
71	0.08658	0.08658	0.00000	0.00000	0.1106	0.1176	0.14740
72	0.08484	0.08484	0.00000	0.00000	0.1110	0.1061	0.14621
73	0.08368	0.08368	0.00000	0.00000	0.1097	0.1152	0.14638
74	0.08483	0.08483	0.00000	0.00000	0.1092	0.1202	0.14909
75	0.08386	0.08386	0.00000	0.00000	0.1096	0.1075	0.14704
76	0.08342	0.08342	0.00000	0.00000	0.1104	0.0987	0.14633
77	0.08388	0.08388	0.00000	0.00000	0.1099	0.1083	0.14675
78	0.08227	0.08227	0.00000	0.00000	0.1097	0.1120	0.14587
79	0.08168	0.08168	0.00000	0.00000	0.1097	0.1074	0.14870
80	0.08098	0.08098	0.00000	0.00000	0.1097	0.0892	0.14948
81	0.08136	0.08136	0.00000	0.00000	0.1122	0.0676	0.15231
82	0.08218	0.08218	0.00000	0.00000	0.1078	0.0954	0.14917
83	0.08199	0.08199	0.00000	0.00000	0.1103	0.1060	0.14766
84	0.08138	0.08138	0.00000	0.00000	0.1107	0.1056	0.14923
85	0.08039	0.08039	0.00000	0.00000	0.1098	0.0986	0.15006
86	0.08037	0.08037	0.00000	0.00000	0.1085	0.1069	0.14799
87	0.07914	0.07914	0.00000	0.00000	0.1111	0.1033	0.14798
88	0.07888	0.07888	0.00000	0.00000	0.1095	0.1128	0.15060
89	0.07876	0.07876	0.00000	0.00000	0.1102	0.1007	0.14871
90	0.07816	0.07816	0.00000	0.00000	0.1093	0.1154	0.15192
91	0.07714	0.07714	0.00000	0.00000	0.1103	0.1216	0.15129
92	0.07694	0.07694	0.00000	0.00000	0.1102	0.0978	0.14895
93	0.07765	0.07765	0.00000	0.00000	0.1097	0.1202	0.14753
94	0.07736	0.07736	0.00000	0.00000	0.1125	0.0913	0.15088
95	0.07835	0.07835	0.00000	0.00000	0.1109	0.0864	0.14868
96	0.07979	0.07979	0.00000	0.00000	0.1109	0.0813	0.15279
97	0.07625	0.07625	0.00000	0.00000	0.1089	0.0948	0.15028
98	0.07475	0.07475	0.00000	0.00000	0.1091	0.0889	0.14907
99	0.07583	0.07583	0.00000	0.00000	0.1109	0.0989	0.14791
100	0.07601	0.07601	0.00000	0.00000	0.1108	0.1069	0.14872
101	0.07542	0.07542	0.00000	0.00000	0.1108	0.0997	0.14962
102	0.07470	0.07470	0.00000	0.00000	0.1097	0.1191	0.14909
103	0.07576	0.07576	0.00000	0.00000	0.1110	0.1160	0.15121
104	0.07474	0.07474	0.00000	0.00000	0.1107	0.1081	0.15141
105	0.07366	0.07366	0.00000	0.00000	0.1093	0.1072	0.14835
106	0.07404	0.07404	0.00000	0.00000	0.1116	0.1134	0.15096
107	0.07357	0.07357	0.00000	0.00000	0.1100	0.0965	0.15091
108	0.07405	0.07405	0.00000	0.00000	0.1089	0.1109	0.15197
109	0.07371	0.07371	0.00000	0.00000	0.1118	0.1088	0.14905
110	0.07256	0.07256	0.00000	0.00000	0.1117	0.1078	0.14883
111	0.07301	0.07301	0.00000	0.00000	0.1107	0.1011	0.14944
112	0.07053	0.07053	0.00000	0.00000	0.1095	0.1089	0.15046
113	0.07138	0.07138	0.00000	0.00000	0.1108	0.1189	0.15192
114	0.07183	0.07183	0.00000	0.00000	0.1117	0.1026	0.15010
115	0.07281	0.07281	0.00000	0.00000	0.1100	0.1146	0.15196
116	0.07301	0.07301	0.00000	0.00000	0.1116	0.0894	0.15441
117	0.07289	0.07289	0.00000	0.00000	0.1107	0.1281	0.15093
118	0.07158	0.07158	0.00000	0.00000	0.1123	0.1147	0.15298
119	0.07445	0.07445	0.00000	0.00000	0.1083	0.1256	0.14961
120	0.07167	0.07167	0.00000	0.00000	0.1108	0.1055	0.14910
121	0.07084	0.07084	0.00000	0.00000	0.1129	0.0971	0.14953
122	0.07073	0.07073	0.00000	0.00000	0.1097	0.1107	0.15194
123	0.07106	0.07106	0.00000	0.00000	0.1123	0.0991	0.15040
124	0.06892	0.06892	0.00000	0.00000	0.1090	0.1037	0.14888
125	0.06904	0.06904	0.00000	0.00000	0.1102	0.1134	0.15020
126	0.07001	0.07001	0.00000	0.00000	0.1106	0.1127	0.15108
127	0.06881	0.06881	0.00000	0.00000	0.1109	0.1054	0.15055
128	0.06890	0.06890	0.00000	0.00000	0.1108	0.1146	0.14995
129	0.06686	0.06686	0.00000	0.00000	0.1102	0.1177	0.15190
130	0.06794	0.06794	0.00000	0.00000	0.1110	0.1101	0.15238
131	0.06928	0.06928	0.00000	0.00000	0.1102	0.1128	0.15192
132	0.06968	0.06968	0.00000	0.00000	0.1114	0.0918	0.15080
133	0.07045	0.07045	0.00000	0.00000	0.1100	0.0892	0.15395
134	0.06872	0.06872	0.00000	0.00000	0.1109	0.1093	0.15294
135	0.06887	0.06887	0.00000	0.00000	0.1114	0.1072	0.15073
136	0.06954	0.06954	0.00000	0.00000	0.1124	0.1074	0.15076
137	0.06790	0.06790	0.00000	0.00000	0.1110	0.1190	0.14987
138	0.06634	0.06634	0.00000	0.00000	0.1128	0.1116	0.15337
139	0.06686	0.06686	0.00000	0.00000	0.1104	0.1041	0.15019
140	0.06615	0.06615	0.00000	0.00000	0.1115	0.1164	0.14934
141	0.06766	0.06766	0.00000	0.00000	0.1106	0.1125	0.15130
142	0.06609	0.06609	0.00000	0.00000	0.1110	0.1092	0.15183
143	0.06580	0.06580	0.00000	0.00000	0.1121	0.0888	0.15125
144	0.06539	0.06539	0.00000	0.00000	0.1120	0.1043	0.15193
145	0.06641	0.06641	0.00000	0.00000	0.1108	0.1026	0.15253
146	0.06478	0.06478	0.00000	0.00000	0.1105	0.1048	0.15156
147	0.06432	0.06432	0.00000	0.00000	0.1105	0.1029	0.15232
148	0.06575	0.06575	0.00000	0.00000	0.1104	0.0960	0.15252
149	0.06482	0.06482	0.00000	0.00000	0.1110	0.0976	0.15175
150	0.06365	0.06365	0.00000	0.00000	0.1097	0.1165	0.15249
151	0.06352	0.06352	0.00000	0.00000	0.1111	0.1187	0.15378
152	0.06628	0.06628	0.00000	0.00000	0.1126	0.1006	0.15189
153	0.06510	0.06510	0.00000	0.00000	0.1105	0.1033	0.15137
154	0.06545	0.06545	0.00000	0.00000	0.1124	0.0831	0.15477
155	0.06708	0.06708	0.00000	0.00000	0.1115	0.1069	0.15259
156	0.06466	0.06466	0.00000	0.00000	0.1124	0.0961	0.15259
157	0.06357	0.06357	0.00000	0.00000	0.1099	0.1223	0.15173
158	0.06385	0.06385	0.00000	0.00000	0.1121	0.1008	0.15335
159	0.06497	0.06497	0.00000	0.00000	0.1111	0.0860	0.15198
160	0.06233	0.06233	0.00000	0.00000	0.1116	0.0997	0.15245
161	0.06351	0.06351	0.00000	0.00000	0.1123	0.1096	0.15298
162	0.06407	0.06407	0.00000	0.00000	0.1118	0.0926	0.15283
163	0.06470	0.06470	0.00000	0.00000	0.1113	0.0886	0.15274
164	0.06409	0.06409	0.00000	0.00000	0.1106	0.1130	0.15210
165	0.06253	0.06253	0.00000	0.00000	0.1108	0.1026	0.15354
166	0.06225	0.06225	0.00000	0.00000	0.1109	0.1003	0.15159
167	0.06304	0.06304	0.00000	0.00000	0.1099	0.1079	0.15093
168	0.06333	0.06333	0.00000	0.00000	0.1126	0.1012	0.15422
169	0.06117	0.06117	0.00000	0.00000	0.1101	0.0987	0.15527
170	0.06431	0.06431	0.00000	0.00000	0.1107	0.1130	0.15246
171	0.06246	0.06246	0.00000	0.00000	0.1125	0.1121	0.15086
172	0.06251	0.06251	0.00000	0.00000	0.1102	0.1191	0.15221
173	0.06234	0.06234	0.00000	0.00000	0.1127	0.1005	0.15165
174	0.06071	0.06071	0.00000	0.00000	0.1115	0.0996	0.15332
175	0.06247	0.06247	0.00000	0.00000	0.1122	0.0976	0.15532
176	0.06194	0.06194	0.00000	0.00000	0.1127	0.1018	0.15168
177	0.06144	0.06144	0.00000	0.00000	0.1104	0.1099	0.15470
178	0.06065	0.06065	0.00000	0.00000	0.1107	0.1090	0.15505
179	0.06040	0.06040	0.00000	0.00000	0.1127	0.1029	0.15409
180	0.06101	0.06101	0.00000	0.00000	0.1107	0.1100	0.15323
181	0.06234	0.06234	0.00000	0.00000	0.1126	0.1113	0.15080
182	0.06248	0.06248	0.00000	0.00000	0.1110	0.0932	0.15715
183	0.06076	0.06076	0.00000	0.00000	0.1112	0.1196	0.15246
184	0.06224	0.06224	0.00000	0.00000	0.1118	0.1195	0.15358
185	0.06121	0.06121	0.00000	0.00000	0.1126	0.1165	0.15254
186	0.06051	0.06051	0.00000	0.00000	0.1129	0.1051	0.15286
187	0.05839	0.05839	0.00000	0.00000	0.1101	0.1054	0.15463
188	0.06071	0.06071	0.00000	0.00000	0.1126	0.1001	0.15446
189	0.05948	0.05948	0.00000	0.00000	0.1118	0.0882	0.15535
190	0.06075	0.06075	0.00000	0.00000	0.1112	0.0962	0.15372
191	0.06025	0.06025	0.00000	0.00000	0.1119	0.0992	0.15511
192	0.06059	0.06059	0.00000	0.00000	0.1114	0.1071	0.15667
193	0.06081	0.06081	0.00000	0.00000	0.1105	0.1023	0.15342
194	0.05927	0.05927	0.00000	0.00000	0.1106	0.0823	0.15627
195	0.06106	0.06106	0.00000	0.00000	0.1104	0.0876	0.15258
196	0.05914	0.05914	0.00000	0.00000	0.1122	0.0896	0.15379
197	0.06094	0.06094	0.00000	0.00000	0.1114	0.1066	0.15515
198	0.06005	0.06005	0.00000	0.00000	0.1111	0.0988	0.15352
199	0.05857	0.05857	0.00000	0.00000	0.1112	0.0932	0.15331
200	0.05825	0.05825	0.00000	0.00000	0.1101	0.0992	0.15420
201	0.05755	0.05755	0.00000	0.00000	0.1125	0.1172	0.15381
202	0.05951	0.05951	0.00000	0.00000	0.1117	0.1070	0.15635
203	0.05864	0.05864	0.00000	0.00000	0.1113	0.1091	0.15397
204	0.05816	0.05816	0.00000	0.00000	0.1116	0.0999	0.15324
205	0.05923	0.05923	0.00000	0.00000	0.1128	0.0828	0.15654
206	0.05933	0.05933	0.00000	0.00000	0.1115	0.0943	0.15489
207	0.05762	0.05762	0.00000	0.00000	0.1112	0.1105	0.15375
208	0.05725	0.05725	0.00000	0.00000	0.1123	0.1010	0.15264
209	0.05708	0.05708	0.00000	0.00000	0.1116	0.1085	0.15552
210	0.05866	0.05866	0.00000	0.00000	0.1116	0.0905	0.15567
211	0.05820	0.05820	0.00000	0.00000	0.1122	0.0929	0.15376
212	0.05780	0.05780	0.00000	0.00000	0.1112	0.1023	0.15388
213	0.05683	0.05683	0.00000	0.00000	0.1127	0.0976	0.15271
214	0.05683	0.05683	0.00000	0.00000	0.1117	0.0967	0.15348
215	0.05743	0.05743	0.00000	0.00000	0.1109	0.1130	0.15324
216	0.05672	0.05672	0.00000	0.00000	0.1114	0.1013	0.15255
217	0.05810	0.05810	0.00000	0.00000	0.1099	0.1048	0.15233
218	0.05619	0.05619	0.00000	0.00000	0.1129	0.1037	0.15588
219	0.05673	0.05673	0.00000	0.00000	0.1120	0.0901	0.15763
220	0.05702	0.05702	0.00000	0.00000	0.1093	0.1079	0.15259
221	0.05654	0.05654	0.00000	0.00000	0.1125	0.0894	0.15696
222	0.05670	0.05670	0.00000	0.00000	0.1108	0.1101	0.15418
223	0.05614	0.05614	0.00000	0.00000	0.1129	0.0874	0.15497
224	0.05766	0.05766	0.00000	0.00000	0.1121	0.0927	0.15474
225	0.05580	0.05580	0.00000	0.00000	0.1113	0.1231	0.15577
226	0.05827	0.05827	0.00000	0.00000	0.1114	0.1134	0.15387
227	0.05657	0.05657	0.00000	0.00000	0.1136	0.1012	0.15372
228	0.05587	0.05587	0.00000	0.00000	0.1107	0.0949	0.15469
229	0.05579	0.05579	0.00000	0.00000	0.1117	0.1005	0.15414
230	0.05564	0.05564	0.00000	0.00000	0.1122	0.1059	0.15513
231	0.05588	0.05588	0.00000	0.00000	0.1109	0.1165	0.15583
232	0.05559	0.05559	0.00000	0.00000	0.1141	0.0955	0.15498
233	0.05625	0.05625	0.00000	0.00000	0.1108	0.0970	0.15469
234	0.05510	0.05510	0.00000	0.00000	0.1130	0.0958	0.15441
235	0.05485	0.05485	0.00000	0.00000	0.1105	0.1296	0.15580
236	0.05599	0.05599	0.00000	0.00000	0.1118	0.1007	0.15428
237	0.05487	0.05487	0.00000	0.00000	0.1128	0.1014	0.15441
238	0.05465	0.05465	0.00000	0.00000	0.1121	0.1011	0.15824
239	0.05484	0.05484	0.00000	0.00000	0.1111	0.1079	0.15514
240	0.05590	0.05590	0.00000	0.00000	0.1111	0.1113	0.15601
241	0.05661	0.05661	0.00000	0.00000	0.1128	0.0989	0.15433
242	0.05516	0.05516	0.00000	0.00000	0.1103	0.0998	0.15394
243	0.05557	0.05557	0.00000	0.00000	0.1117	0.0935	0.15569
244	0.05578	0.05578	0.00000	0.00000	0.1106	0.0801	0.15649
245	0.05484	0.05484	0.00000	0.00000	0.1107	0.1056	0.15648
246	0.05431	0.05431	0.00000	0.00000	0.1105	0.1115	0.15387
247	0.05500	0.05500	0.00000	0.00000	0.1123	0.1176	0.15332
248	0.05491	0.05491	0.00000	0.00000	0.1124	0.0994	0.15396
249	0.05417	0.05417	0.00000	0.00000	0.1098	0.1061	0.15346
250	0.05321	0.05321	0.00000	0.00000	0.1112	0.1118	0.15304
251	0.05475	0.05475	0.00000	0.00000	0.1119	0.1072	0.15453
252	0.05413	0.05413	0.00000	0.00000	0.1119	0.0922	0.15693
253	0.05315	0.05315	0.00000	0.00000	0.1112	0.1111	0.15561
254	0.05476	0.05476	0.00000	0.00000	0.1131	0.0834	0.15625
255	0.05536	0.05536	0.00000	0.00000	0.1116	0.1069	0.15533
256	0.05382	0.05382	0.00000	0.00000	0.1118	0.1117	0.15470
257	0.05298	0.05298	0.00000	0.00000	0.1124	0.1199	0.15688
258	0.05491	0.05491	0.00000	0.00000	0.1116	0.1192	0.15280
259	0.05415	0.05415	0.00000	0.00000	0.1118	0.1055	0.15460
260	0.05321	0.05321	0.00000	0.00000	0.1107	0.1024	0.15421
261	0.05356	0.05356	0.00000	0.00000	0.1104	0.1000	0.15585
262	0.05426	0.05426	0.00000	0.00000	0.1102	0.1055	0.15598
263	0.05407	0.05407	0.00000	0.00000	0.1112	0.0882	0.15577
264	0.05411	0.05411	0.00000	0.00000	0.1097	0.1125	0.15600
265	0.05268	0.05268	0.00000	0.00000	0.1118	0.1096	0.15516
266	0.05174	0.05174	0.00000	0.00000	0.1115	0.1061	0.15363
267	0.05277	0.05277	0.00000	0.00000	0.1133	0.1073	0.15382
268	0.05243	0.05243	0.00000	0.00000	0.1116	0.1167	0.15408
269	0.05422	0.05422	0.00000	0.00000	0.1122	0.1059	0.15199
270	0.05321	0.05321	0.00000	0.00000	0.1117	0.1126	0.15456
271	0.05214	0.05214	0.00000	0.00000	0.1118	0.0953	0.15626
272	0.05330	0.05330	0.00000	0.00000	0.1107	0.1055	0.15526
273	0.05264	0.05264	0.00000	0.00000	0.1112	0.1137	0.15566
274	0.05308	0.05308	0.00000	0.00000	0.1123	0.1006	0.15552
275	0.05174	0.05174	0.00000	0.00000	0.1111	0.1097	0.15521
276	0.05154	0.05154	0.00000	0.00000	0.1119	0.1038	0.15306
277	0.05234	0.05234	0.00000	0.00000	0.1122	0.0916	0.15475
278	0.05208	0.05208	0.00000	0.00000	0.1127	0.0952	0.15330
279	0.05196	0.05196	0.00000	0.00000	0.1122	0.1065	0.15402
280	0.05282	0.05282	0.00000	0.00000	0.1112	0.1046	0.15362
281	0.05277	0.05277	0.00000	0.00000	0.1131	0.0936	0.15445
282	0.05228	0.05228	0.00000	0.00000	0.1106	0.0963	0.15409
283	0.05117	0.05117	0.00000	0.00000	0.1100	0.0970	0.15447
284	0.05200	0.05200	0.00000	0.00000	0.1101	0.0957	0.15343
285	0.05176	0.05176	0.00000	0.00000	0.1114	0.1033	0.15455
286	0.05285	0.05285	0.00000	0.00000	0.1136	0.1149	0.15193
287	0.05274	0.05274	0.00000	0.00000	0.1118	0.1175	0.15217
288	0.05139	0.05139	0.00000	0.00000	0.1122	0.1081	0.15374
289	0.05110	0.05110	0.00000	0.00000	0.1113	0.1125	0.15229
290	0.05122	0.05122	0.00000	0.00000	0.1121	0.1144	0.15617
291	0.05209	0.05209	0.00000	0.00000	0.1120	0.1183	0.15483
292	0.05412	0.05412	0.00000	0.00000	0.1123	0.1067	0.15664
293	0.05197	0.05197	0.00000	0.00000	0.1108	0.0932	0.15447
294	0.05353	0.05353	0.00000	0.00000	0.1124	0.0878	0.15541
295	0.05136	0.05136	0.00000	0.00000	0.1110	0.1017	0.15564
296	0.05148	0.05148	0.00000	0.00000	0.1121	0.0931	0.15317
297	0.05111	0.05111	0.00000	0.00000	0.1112	0.1084	0.15560
298	0.05038	0.05038	0.00000	0.00000	0.1122	0.1062	0.15717
299	0.05040	0.05040	0.00000	0.00000	0.1112	0.1040	0.15544
