WARNING:__main__:
*****************************************
Setting OMP_NUM_THREADS environment variable for each process to be 1 in default, to avoid your system being overloaded, please further tune the variable for optimal performance in your application as needed. 
*****************************************
[*] Image size: 640
[*] Starting new training using weight: ./pretrained/yolov12l.pt
task: detect
Transferred 1341/1341 items from pretrained weights
Ultralytics 8.3.63 🚀 Python-3.11.13 torch-2.2.2+cu121 CUDA:0 (NVIDIA RTX 6000 Ada Generation, 48509MiB)
                                                       CUDA:1 (NVIDIA RTX 6000 Ada Generation, 48509MiB)
Overriding model.yaml nc=80 with nc=10
Transferred 1335/1341 items from pretrained weights
Not transferred items (6):
  - [Shape Mismatch] model.21.cv3.0.2.bias: model [10] != pretrained [80]
  - [Shape Mismatch] model.21.cv3.0.2.weight: model [10, 256, 1, 1] != pretrained [80, 256, 1, 1]
  - [Shape Mismatch] model.21.cv3.1.2.bias: model [10] != pretrained [80]
  - [Shape Mismatch] model.21.cv3.1.2.weight: model [10, 256, 1, 1] != pretrained [80, 256, 1, 1]
  - [Shape Mismatch] model.21.cv3.2.2.bias: model [10] != pretrained [80]
  - [Shape Mismatch] model.21.cv3.2.2.weight: model [10, 256, 1, 1] != pretrained [80, 256, 1, 1]
Freezing layer 'model.21.dfl.conv.weight'
[34m[1mAMP: [0mrunning Automatic Mixed Precision (AMP) checks...
task: None
[34m[1mAMP: [0mchecks passed ✅
[34m[1mtrain: [0mScanning /media/data/bdd100k_yolo/train/labels.cache... 70000 images, 0 backgrounds, 0 corrupt: 100%|██████████| 70000/70000 [00:00<?, ?it/s][34m[1mtrain: [0mScanning /media/data/bdd100k_yolo/train/labels.cache... 70000 images, 0 backgrounds, 0 corrupt: 100%|██████████| 70000/70000 [00:00<?, ?it/s]
[34m[1mtrain: [0mWARNING ⚠️ /media/data/bdd100k_yolo/train/images/75055858-7d04a650.jpg: 1 duplicate labels removed
/home/hslee/anaconda3/envs/yolov12/lib/python3.11/site-packages/albumentations/__init__.py:28: UserWarning: A new version of Albumentations is available: '2.0.8' (you have '2.0.4'). Upgrade using: pip install -U albumentations. To disable automatic update checks, set the environment variable NO_ALBUMENTATIONS_UPDATE to 1.
  check_for_updates()
[34m[1malbumentations: [0mBlur(p=0.01, blur_limit=(3, 7)), MedianBlur(p=0.01, blur_limit=(3, 7)), ToGray(p=0.01, num_output_channels=3, method='weighted_average'), CLAHE(p=0.01, clip_limit=(1.0, 4.0), tile_grid_size=(8, 8))
WARNING ⚠️ 'rect=True' is incompatible with DataLoader shuffle, setting shuffle=False
[34m[1mval: [0mScanning /media/data/bdd100k_yolo/val/labels.cache... 10000 images, 0 backgrounds, 0 corrupt: 100%|██████████| 10000/10000 [00:00<?, ?it/s][34m[1mval: [0mScanning /media/data/bdd100k_yolo/val/labels.cache... 10000 images, 0 backgrounds, 0 corrupt: 100%|██████████| 10000/10000 [00:00<?, ?it/s]
Plotting labels to runs/bdd100k/detect/baseline-yolov12l/train/labels.jpg... 
/home/hslee/anaconda3/envs/yolov12/lib/python3.11/site-packages/albumentations/__init__.py:28: UserWarning: A new version of Albumentations is available: '2.0.8' (you have '2.0.4'). Upgrade using: pip install -U albumentations. To disable automatic update checks, set the environment variable NO_ALBUMENTATIONS_UPDATE to 1.
  check_for_updates()
[34m[1moptimizer:[0m SGD(lr=0.01, momentum=0.9) with parameter groups 221 weight(decay=0.0), 230 weight(decay=0.0005), 227 bias(decay=0.0)
DistributedDataParallel(
  (module): DetectionModel(
    (model): Sequential(
      (0): Conv(
        (conv): Conv2d(3, 64, kernel_size=(3, 3), stride=(2, 2), padding=(1, 1), bias=False)
        (bn): BatchNorm2d(64, eps=0.001, momentum=0.03, affine=True, track_running_stats=True)
        (act): SiLU(inplace=True)
      )
      (1): Conv(
        (conv): Conv2d(64, 128, kernel_size=(3, 3), stride=(2, 2), padding=(1, 1), groups=2, bias=False)
        (bn): BatchNorm2d(128, eps=0.001, momentum=0.03, affine=True, track_running_stats=True)
        (act): SiLU(inplace=True)
      )
      (2): C3k2(
        (cv1): Conv(
          (conv): Conv2d(128, 128, kernel_size=(1, 1), stride=(1, 1), bias=False)
          (bn): BatchNorm2d(128, eps=0.001, momentum=0.03, affine=True, track_running_stats=True)
          (act): SiLU(inplace=True)
        )
        (cv2): Conv(
          (conv): Conv2d(256, 256, kernel_size=(1, 1), stride=(1, 1), bias=False)
          (bn): BatchNorm2d(256, eps=0.001, momentum=0.03, affine=True, track_running_stats=True)
          (act): SiLU(inplace=True)
        )
        (m): ModuleList(
          (0-1): 2 x C3k(
            (cv1): Conv(
              (conv): Conv2d(64, 32, kernel_size=(1, 1), stride=(1, 1), bias=False)
              (bn): BatchNorm2d(32, eps=0.001, momentum=0.03, affine=True, track_running_stats=True)
              (act): SiLU(inplace=True)
            )
            (cv2): Conv(
              (conv): Conv2d(64, 32, kernel_size=(1, 1), stride=(1, 1), bias=False)
              (bn): BatchNorm2d(32, eps=0.001, momentum=0.03, affine=True, track_running_stats=True)
              (act): SiLU(inplace=True)
            )
            (cv3): Conv(
              (conv): Conv2d(64, 64, kernel_size=(1, 1), stride=(1, 1), bias=False)
              (bn): BatchNorm2d(64, eps=0.001, momentum=0.03, affine=True, track_running_stats=True)
              (act): SiLU(inplace=True)
            )
            (m): Sequential(
              (0): Bottleneck(
                (cv1): Conv(
                  (conv): Conv2d(32, 32, kernel_size=(3, 3), stride=(1, 1), padding=(1, 1), bias=False)
                  (bn): BatchNorm2d(32, eps=0.001, momentum=0.03, affine=True, track_running_stats=True)
                  (act): SiLU(inplace=True)
                )
                (cv2): Conv(
                  (conv): Conv2d(32, 32, kernel_size=(3, 3), stride=(1, 1), padding=(1, 1), bias=False)
                  (bn): BatchNorm2d(32, eps=0.001, momentum=0.03, affine=True, track_running_stats=True)
                  (act): SiLU(inplace=True)
                )
              )
              (1): Bottleneck(
                (cv1): Conv(
                  (conv): Conv2d(32, 32, kernel_size=(3, 3), stride=(1, 1), padding=(1, 1), bias=False)
                  (bn): BatchNorm2d(32, eps=0.001, momentum=0.03, affine=True, track_running_stats=True)
                  (act): SiLU(inplace=True)
                )
                (cv2): Conv(
                  (conv): Conv2d(32, 32, kernel_size=(3, 3), stride=(1, 1), padding=(1, 1), bias=False)
                  (bn): BatchNorm2d(32, eps=0.001, momentum=0.03, affine=True, track_running_stats=True)
                  (act): SiLU(inplace=True)
                )
              )
            )
          )
        )
      )
      (3): Conv(
        (conv): Conv2d(256, 256, kernel_size=(3, 3), stride=(2, 2), padding=(1, 1), groups=4, bias=False)
        (bn): BatchNorm2d(256, eps=0.001, momentum=0.03, affine=True, track_running_stats=True)
        (act): SiLU(inplace=True)
      )
      (4): C3k2(
        (cv1): Conv(
          (conv): Conv2d(256, 256, kernel_size=(1, 1), stride=(1, 1), bias=False)
          (bn): BatchNorm2d(256, eps=0.001, momentum=0.03, affine=True, track_running_stats=True)
          (act): SiLU(inplace=True)
        )
        (cv2): Conv(
          (conv): Conv2d(512, 512, kernel_size=(1, 1), stride=(1, 1), bias=False)
          (bn): BatchNorm2d(512, eps=0.001, momentum=0.03, affine=True, track_running_stats=True)
          (act): SiLU(inplace=True)
        )
        (m): ModuleList(
          (0-1): 2 x C3k(
            (cv1): Conv(
              (conv): Conv2d(128, 64, kernel_size=(1, 1), stride=(1, 1), bias=False)
              (bn): BatchNorm2d(64, eps=0.001, momentum=0.03, affine=True, track_running_stats=True)
              (act): SiLU(inplace=True)
            )
            (cv2): Conv(
              (conv): Conv2d(128, 64, kernel_size=(1, 1), stride=(1, 1), bias=False)
              (bn): BatchNorm2d(64, eps=0.001, momentum=0.03, affine=True, track_running_stats=True)
              (act): SiLU(inplace=True)
            )
            (cv3): Conv(
              (conv): Conv2d(128, 128, kernel_size=(1, 1), stride=(1, 1), bias=False)
              (bn): BatchNorm2d(128, eps=0.001, momentum=0.03, affine=True, track_running_stats=True)
              (act): SiLU(inplace=True)
            )
            (m): Sequential(
              (0): Bottleneck(
                (cv1): Conv(
                  (conv): Conv2d(64, 64, kernel_size=(3, 3), stride=(1, 1), padding=(1, 1), bias=False)
                  (bn): BatchNorm2d(64, eps=0.001, momentum=0.03, affine=True, track_running_stats=True)
                  (act): SiLU(inplace=True)
                )
                (cv2): Conv(
                  (conv): Conv2d(64, 64, kernel_size=(3, 3), stride=(1, 1), padding=(1, 1), bias=False)
                  (bn): BatchNorm2d(64, eps=0.001, momentum=0.03, affine=True, track_running_stats=True)
                  (act): SiLU(inplace=True)
                )
              )
              (1): Bottleneck(
                (cv1): Conv(
                  (conv): Conv2d(64, 64, kernel_size=(3, 3), stride=(1, 1), padding=(1, 1), bias=False)
                  (bn): BatchNorm2d(64, eps=0.001, momentum=0.03, affine=True, track_running_stats=True)
                  (act): SiLU(inplace=True)
                )
                (cv2): Conv(
                  (conv): Conv2d(64, 64, kernel_size=(3, 3), stride=(1, 1), padding=(1, 1), bias=False)
                  (bn): BatchNorm2d(64, eps=0.001, momentum=0.03, affine=True, track_running_stats=True)
                  (act): SiLU(inplace=True)
                )
              )
            )
          )
        )
      )
      (5): Conv(
        (conv): Conv2d(512, 512, kernel_size=(3, 3), stride=(2, 2), padding=(1, 1), bias=False)
        (bn): BatchNorm2d(512, eps=0.001, momentum=0.03, affine=True, track_running_stats=True)
        (act): SiLU(inplace=True)
      )
      (6): A2C2f(
        (cv1): Conv(
          (conv): Conv2d(512, 256, kernel_size=(1, 1), stride=(1, 1), bias=False)
          (bn): BatchNorm2d(256, eps=0.001, momentum=0.03, affine=True, track_running_stats=True)
          (act): SiLU(inplace=True)
        )
        (cv2): Conv(
          (conv): Conv2d(1280, 512, kernel_size=(1, 1), stride=(1, 1), bias=False)
          (bn): BatchNorm2d(512, eps=0.001, momentum=0.03, affine=True, track_running_stats=True)
          (act): SiLU(inplace=True)
        )
        (m): ModuleList(
          (0-3): 4 x Sequential(
            (0): ABlock(
              (attn): AAttn(
                (qk): Conv(
                  (conv): Conv2d(256, 512, kernel_size=(1, 1), stride=(1, 1), bias=False)
                  (bn): BatchNorm2d(512, eps=0.001, momentum=0.03, affine=True, track_running_stats=True)
                  (act): Identity()
                )
                (v): Conv(
                  (conv): Conv2d(256, 256, kernel_size=(1, 1), stride=(1, 1), bias=False)
                  (bn): BatchNorm2d(256, eps=0.001, momentum=0.03, affine=True, track_running_stats=True)
                  (act): Identity()
                )
                (proj): Conv(
                  (conv): Conv2d(256, 256, kernel_size=(1, 1), stride=(1, 1), bias=False)
                  (bn): BatchNorm2d(256, eps=0.001, momentum=0.03, affine=True, track_running_stats=True)
                  (act): Identity()
                )
                (pe): Conv(
                  (conv): Conv2d(256, 256, kernel_size=(5, 5), stride=(1, 1), padding=(2, 2), groups=256, bias=False)
                  (bn): BatchNorm2d(256, eps=0.001, momentum=0.03, affine=True, track_running_stats=True)
                  (act): Identity()
                )
              )
              (mlp): Sequential(
                (0): Conv(
                  (conv): Conv2d(256, 384, kernel_size=(1, 1), stride=(1, 1), bias=False)
                  (bn): BatchNorm2d(384, eps=0.001, momentum=0.03, affine=True, track_running_stats=True)
                  (act): SiLU(inplace=True)
                )
                (1): Conv(
                  (conv): Conv2d(384, 256, kernel_size=(1, 1), stride=(1, 1), bias=False)
                  (bn): BatchNorm2d(256, eps=0.001, momentum=0.03, affine=True, track_running_stats=True)
                  (act): Identity()
                )
              )
            )
            (1): ABlock(
              (attn): AAttn(
                (qk): Conv(
                  (conv): Conv2d(256, 512, kernel_size=(1, 1), stride=(1, 1), bias=False)
                  (bn): BatchNorm2d(512, eps=0.001, momentum=0.03, affine=True, track_running_stats=True)
                  (act): Identity()
                )
                (v): Conv(
                  (conv): Conv2d(256, 256, kernel_size=(1, 1), stride=(1, 1), bias=False)
                  (bn): BatchNorm2d(256, eps=0.001, momentum=0.03, affine=True, track_running_stats=True)
                  (act): Identity()
                )
                (proj): Conv(
                  (conv): Conv2d(256, 256, kernel_size=(1, 1), stride=(1, 1), bias=False)
                  (bn): BatchNorm2d(256, eps=0.001, momentum=0.03, affine=True, track_running_stats=True)
                  (act): Identity()
                )
                (pe): Conv(
                  (conv): Conv2d(256, 256, kernel_size=(5, 5), stride=(1, 1), padding=(2, 2), groups=256, bias=False)
                  (bn): BatchNorm2d(256, eps=0.001, momentum=0.03, affine=True, track_running_stats=True)
                  (act): Identity()
                )
              )
              (mlp): Sequential(
                (0): Conv(
                  (conv): Conv2d(256, 384, kernel_size=(1, 1), stride=(1, 1), bias=False)
                  (bn): BatchNorm2d(384, eps=0.001, momentum=0.03, affine=True, track_running_stats=True)
                  (act): SiLU(inplace=True)
                )
                (1): Conv(
                  (conv): Conv2d(384, 256, kernel_size=(1, 1), stride=(1, 1), bias=False)
                  (bn): BatchNorm2d(256, eps=0.001, momentum=0.03, affine=True, track_running_stats=True)
                  (act): Identity()
                )
              )
            )
          )
        )
      )
      (7): Conv(
        (conv): Conv2d(512, 512, kernel_size=(3, 3), stride=(2, 2), padding=(1, 1), bias=False)
        (bn): BatchNorm2d(512, eps=0.001, momentum=0.03, affine=True, track_running_stats=True)
        (act): SiLU(inplace=True)
      )
      (8): A2C2f(
        (cv1): Conv(
          (conv): Conv2d(512, 256, kernel_size=(1, 1), stride=(1, 1), bias=False)
          (bn): BatchNorm2d(256, eps=0.001, momentum=0.03, affine=True, track_running_stats=True)
          (act): SiLU(inplace=True)
        )
        (cv2): Conv(
          (conv): Conv2d(1280, 512, kernel_size=(1, 1), stride=(1, 1), bias=False)
          (bn): BatchNorm2d(512, eps=0.001, momentum=0.03, affine=True, track_running_stats=True)
          (act): SiLU(inplace=True)
        )
        (m): ModuleList(
          (0-3): 4 x Sequential(
            (0): ABlock(
              (attn): AAttn(
                (qk): Conv(
                  (conv): Conv2d(256, 512, kernel_size=(1, 1), stride=(1, 1), bias=False)
                  (bn): BatchNorm2d(512, eps=0.001, momentum=0.03, affine=True, track_running_stats=True)
                  (act): Identity()
                )
                (v): Conv(
                  (conv): Conv2d(256, 256, kernel_size=(1, 1), stride=(1, 1), bias=False)
                  (bn): BatchNorm2d(256, eps=0.001, momentum=0.03, affine=True, track_running_stats=True)
                  (act): Identity()
                )
                (proj): Conv(
                  (conv): Conv2d(256, 256, kernel_size=(1, 1), stride=(1, 1), bias=False)
                  (bn): BatchNorm2d(256, eps=0.001, momentum=0.03, affine=True, track_running_stats=True)
                  (act): Identity()
                )
                (pe): Conv(
                  (conv): Conv2d(256, 256, kernel_size=(5, 5), stride=(1, 1), padding=(2, 2), groups=256, bias=False)
                  (bn): BatchNorm2d(256, eps=0.001, momentum=0.03, affine=True, track_running_stats=True)
                  (act): Identity()
                )
              )
              (mlp): Sequential(
                (0): Conv(
                  (conv): Conv2d(256, 384, kernel_size=(1, 1), stride=(1, 1), bias=False)
                  (bn): BatchNorm2d(384, eps=0.001, momentum=0.03, affine=True, track_running_stats=True)
                  (act): SiLU(inplace=True)
                )
                (1): Conv(
                  (conv): Conv2d(384, 256, kernel_size=(1, 1), stride=(1, 1), bias=False)
                  (bn): BatchNorm2d(256, eps=0.001, momentum=0.03, affine=True, track_running_stats=True)
                  (act): Identity()
                )
              )
            )
            (1): ABlock(
              (attn): AAttn(
                (qk): Conv(
                  (conv): Conv2d(256, 512, kernel_size=(1, 1), stride=(1, 1), bias=False)
                  (bn): BatchNorm2d(512, eps=0.001, momentum=0.03, affine=True, track_running_stats=True)
                  (act): Identity()
                )
                (v): Conv(
                  (conv): Conv2d(256, 256, kernel_size=(1, 1), stride=(1, 1), bias=False)
                  (bn): BatchNorm2d(256, eps=0.001, momentum=0.03, affine=True, track_running_stats=True)
                  (act): Identity()
                )
                (proj): Conv(
                  (conv): Conv2d(256, 256, kernel_size=(1, 1), stride=(1, 1), bias=False)
                  (bn): BatchNorm2d(256, eps=0.001, momentum=0.03, affine=True, track_running_stats=True)
                  (act): Identity()
                )
                (pe): Conv(
                  (conv): Conv2d(256, 256, kernel_size=(5, 5), stride=(1, 1), padding=(2, 2), groups=256, bias=False)
                  (bn): BatchNorm2d(256, eps=0.001, momentum=0.03, affine=True, track_running_stats=True)
                  (act): Identity()
                )
              )
              (mlp): Sequential(
                (0): Conv(
                  (conv): Conv2d(256, 384, kernel_size=(1, 1), stride=(1, 1), bias=False)
                  (bn): BatchNorm2d(384, eps=0.001, momentum=0.03, affine=True, track_running_stats=True)
                  (act): SiLU(inplace=True)
                )
                (1): Conv(
                  (conv): Conv2d(384, 256, kernel_size=(1, 1), stride=(1, 1), bias=False)
                  (bn): BatchNorm2d(256, eps=0.001, momentum=0.03, affine=True, track_running_stats=True)
                  (act): Identity()
                )
              )
            )
          )
        )
      )
      (9): Upsample(scale_factor=2.0, mode='nearest')
      (10): Concat()
      (11): A2C2f(
        (cv1): Conv(
          (conv): Conv2d(1024, 256, kernel_size=(1, 1), stride=(1, 1), bias=False)
          (bn): BatchNorm2d(256, eps=0.001, momentum=0.03, affine=True, track_running_stats=True)
          (act): SiLU(inplace=True)
        )
        (cv2): Conv(
          (conv): Conv2d(768, 512, kernel_size=(1, 1), stride=(1, 1), bias=False)
          (bn): BatchNorm2d(512, eps=0.001, momentum=0.03, affine=True, track_running_stats=True)
          (act): SiLU(inplace=True)
        )
        (m): ModuleList(
          (0-1): 2 x C3k(
            (cv1): Conv(
              (conv): Conv2d(256, 128, kernel_size=(1, 1), stride=(1, 1), bias=False)
              (bn): BatchNorm2d(128, eps=0.001, momentum=0.03, affine=True, track_running_stats=True)
              (act): SiLU(inplace=True)
            )
            (cv2): Conv(
              (conv): Conv2d(256, 128, kernel_size=(1, 1), stride=(1, 1), bias=False)
              (bn): BatchNorm2d(128, eps=0.001, momentum=0.03, affine=True, track_running_stats=True)
              (act): SiLU(inplace=True)
            )
            (cv3): Conv(
              (conv): Conv2d(256, 256, kernel_size=(1, 1), stride=(1, 1), bias=False)
              (bn): BatchNorm2d(256, eps=0.001, momentum=0.03, affine=True, track_running_stats=True)
              (act): SiLU(inplace=True)
            )
            (m): Sequential(
              (0): Bottleneck(
                (cv1): Conv(
                  (conv): Conv2d(128, 128, kernel_size=(3, 3), stride=(1, 1), padding=(1, 1), bias=False)
                  (bn): BatchNorm2d(128, eps=0.001, momentum=0.03, affine=True, track_running_stats=True)
                  (act): SiLU(inplace=True)
                )
                (cv2): Conv(
                  (conv): Conv2d(128, 128, kernel_size=(3, 3), stride=(1, 1), padding=(1, 1), bias=False)
                  (bn): BatchNorm2d(128, eps=0.001, momentum=0.03, affine=True, track_running_stats=True)
                  (act): SiLU(inplace=True)
                )
              )
              (1): Bottleneck(
                (cv1): Conv(
                  (conv): Conv2d(128, 128, kernel_size=(3, 3), stride=(1, 1), padding=(1, 1), bias=False)
                  (bn): BatchNorm2d(128, eps=0.001, momentum=0.03, affine=True, track_running_stats=True)
                  (act): SiLU(inplace=True)
                )
                (cv2): Conv(
                  (conv): Conv2d(128, 128, kernel_size=(3, 3), stride=(1, 1), padding=(1, 1), bias=False)
                  (bn): BatchNorm2d(128, eps=0.001, momentum=0.03, affine=True, track_running_stats=True)
                  (act): SiLU(inplace=True)
                )
              )
            )
          )
        )
      )
      (12): Upsample(scale_factor=2.0, mode='nearest')
      (13): Concat()
      (14): A2C2f(
        (cv1): Conv(
          (conv): Conv2d(1024, 128, kernel_size=(1, 1), stride=(1, 1), bias=False)
          (bn): BatchNorm2d(128, eps=0.001, momentum=0.03, affine=True, track_running_stats=True)
          (act): SiLU(inplace=True)
        )
        (cv2): Conv(
          (conv): Conv2d(384, 256, kernel_size=(1, 1), stride=(1, 1), bias=False)
          (bn): BatchNorm2d(256, eps=0.001, momentum=0.03, affine=True, track_running_stats=True)
          (act): SiLU(inplace=True)
        )
        (m): ModuleList(
          (0-1): 2 x C3k(
            (cv1): Conv(
              (conv): Conv2d(128, 64, kernel_size=(1, 1), stride=(1, 1), bias=False)
              (bn): BatchNorm2d(64, eps=0.001, momentum=0.03, affine=True, track_running_stats=True)
              (act): SiLU(inplace=True)
            )
            (cv2): Conv(
              (conv): Conv2d(128, 64, kernel_size=(1, 1), stride=(1, 1), bias=False)
              (bn): BatchNorm2d(64, eps=0.001, momentum=0.03, affine=True, track_running_stats=True)
              (act): SiLU(inplace=True)
            )
            (cv3): Conv(
              (conv): Conv2d(128, 128, kernel_size=(1, 1), stride=(1, 1), bias=False)
              (bn): BatchNorm2d(128, eps=0.001, momentum=0.03, affine=True, track_running_stats=True)
              (act): SiLU(inplace=True)
            )
            (m): Sequential(
              (0): Bottleneck(
                (cv1): Conv(
                  (conv): Conv2d(64, 64, kernel_size=(3, 3), stride=(1, 1), padding=(1, 1), bias=False)
                  (bn): BatchNorm2d(64, eps=0.001, momentum=0.03, affine=True, track_running_stats=True)
                  (act): SiLU(inplace=True)
                )
                (cv2): Conv(
                  (conv): Conv2d(64, 64, kernel_size=(3, 3), stride=(1, 1), padding=(1, 1), bias=False)
                  (bn): BatchNorm2d(64, eps=0.001, momentum=0.03, affine=True, track_running_stats=True)
                  (act): SiLU(inplace=True)
                )
              )
              (1): Bottleneck(
                (cv1): Conv(
                  (conv): Conv2d(64, 64, kernel_size=(3, 3), stride=(1, 1), padding=(1, 1), bias=False)
                  (bn): BatchNorm2d(64, eps=0.001, momentum=0.03, affine=True, track_running_stats=True)
                  (act): SiLU(inplace=True)
                )
                (cv2): Conv(
                  (conv): Conv2d(64, 64, kernel_size=(3, 3), stride=(1, 1), padding=(1, 1), bias=False)
                  (bn): BatchNorm2d(64, eps=0.001, momentum=0.03, affine=True, track_running_stats=True)
                  (act): SiLU(inplace=True)
                )
              )
            )
          )
        )
      )
      (15): Conv(
        (conv): Conv2d(256, 256, kernel_size=(3, 3), stride=(2, 2), padding=(1, 1), bias=False)
        (bn): BatchNorm2d(256, eps=0.001, momentum=0.03, affine=True, track_running_stats=True)
        (act): SiLU(inplace=True)
      )
      (16): Concat()
      (17): A2C2f(
        (cv1): Conv(
          (conv): Conv2d(768, 256, kernel_size=(1, 1), stride=(1, 1), bias=False)
          (bn): BatchNorm2d(256, eps=0.001, momentum=0.03, affine=True, track_running_stats=True)
          (act): SiLU(inplace=True)
        )
        (cv2): Conv(
          (conv): Conv2d(768, 512, kernel_size=(1, 1), stride=(1, 1), bias=False)
          (bn): BatchNorm2d(512, eps=0.001, momentum=0.03, affine=True, track_running_stats=True)
          (act): SiLU(inplace=True)
        )
        (m): ModuleList(
          (0-1): 2 x C3k(
            (cv1): Conv(
              (conv): Conv2d(256, 128, kernel_size=(1, 1), stride=(1, 1), bias=False)
              (bn): BatchNorm2d(128, eps=0.001, momentum=0.03, affine=True, track_running_stats=True)
              (act): SiLU(inplace=True)
            )
            (cv2): Conv(
              (conv): Conv2d(256, 128, kernel_size=(1, 1), stride=(1, 1), bias=False)
              (bn): BatchNorm2d(128, eps=0.001, momentum=0.03, affine=True, track_running_stats=True)
              (act): SiLU(inplace=True)
            )
            (cv3): Conv(
              (conv): Conv2d(256, 256, kernel_size=(1, 1), stride=(1, 1), bias=False)
              (bn): BatchNorm2d(256, eps=0.001, momentum=0.03, affine=True, track_running_stats=True)
              (act): SiLU(inplace=True)
            )
            (m): Sequential(
              (0): Bottleneck(
                (cv1): Conv(
                  (conv): Conv2d(128, 128, kernel_size=(3, 3), stride=(1, 1), padding=(1, 1), bias=False)
                  (bn): BatchNorm2d(128, eps=0.001, momentum=0.03, affine=True, track_running_stats=True)
                  (act): SiLU(inplace=True)
                )
                (cv2): Conv(
                  (conv): Conv2d(128, 128, kernel_size=(3, 3), stride=(1, 1), padding=(1, 1), bias=False)
                  (bn): BatchNorm2d(128, eps=0.001, momentum=0.03, affine=True, track_running_stats=True)
                  (act): SiLU(inplace=True)
                )
              )
              (1): Bottleneck(
                (cv1): Conv(
                  (conv): Conv2d(128, 128, kernel_size=(3, 3), stride=(1, 1), padding=(1, 1), bias=False)
                  (bn): BatchNorm2d(128, eps=0.001, momentum=0.03, affine=True, track_running_stats=True)
                  (act): SiLU(inplace=True)
                )
                (cv2): Conv(
                  (conv): Conv2d(128, 128, kernel_size=(3, 3), stride=(1, 1), padding=(1, 1), bias=False)
                  (bn): BatchNorm2d(128, eps=0.001, momentum=0.03, affine=True, track_running_stats=True)
                  (act): SiLU(inplace=True)
                )
              )
            )
          )
        )
      )
      (18): Conv(
        (conv): Conv2d(512, 512, kernel_size=(3, 3), stride=(2, 2), padding=(1, 1), bias=False)
        (bn): BatchNorm2d(512, eps=0.001, momentum=0.03, affine=True, track_running_stats=True)
        (act): SiLU(inplace=True)
      )
      (19): Concat()
      (20): C3k2(
        (cv1): Conv(
          (conv): Conv2d(1024, 512, kernel_size=(1, 1), stride=(1, 1), bias=False)
          (bn): BatchNorm2d(512, eps=0.001, momentum=0.03, affine=True, track_running_stats=True)
          (act): SiLU(inplace=True)
        )
        (cv2): Conv(
          (conv): Conv2d(1024, 512, kernel_size=(1, 1), stride=(1, 1), bias=False)
          (bn): BatchNorm2d(512, eps=0.001, momentum=0.03, affine=True, track_running_stats=True)
          (act): SiLU(inplace=True)
        )
        (m): ModuleList(
          (0-1): 2 x C3k(
            (cv1): Conv(
              (conv): Conv2d(256, 128, kernel_size=(1, 1), stride=(1, 1), bias=False)
              (bn): BatchNorm2d(128, eps=0.001, momentum=0.03, affine=True, track_running_stats=True)
              (act): SiLU(inplace=True)
            )
            (cv2): Conv(
              (conv): Conv2d(256, 128, kernel_size=(1, 1), stride=(1, 1), bias=False)
              (bn): BatchNorm2d(128, eps=0.001, momentum=0.03, affine=True, track_running_stats=True)
              (act): SiLU(inplace=True)
            )
            (cv3): Conv(
              (conv): Conv2d(256, 256, kernel_size=(1, 1), stride=(1, 1), bias=False)
              (bn): BatchNorm2d(256, eps=0.001, momentum=0.03, affine=True, track_running_stats=True)
              (act): SiLU(inplace=True)
            )
            (m): Sequential(
              (0): Bottleneck(
                (cv1): Conv(
                  (conv): Conv2d(128, 128, kernel_size=(3, 3), stride=(1, 1), padding=(1, 1), bias=False)
                  (bn): BatchNorm2d(128, eps=0.001, momentum=0.03, affine=True, track_running_stats=True)
                  (act): SiLU(inplace=True)
                )
                (cv2): Conv(
                  (conv): Conv2d(128, 128, kernel_size=(3, 3), stride=(1, 1), padding=(1, 1), bias=False)
                  (bn): BatchNorm2d(128, eps=0.001, momentum=0.03, affine=True, track_running_stats=True)
                  (act): SiLU(inplace=True)
                )
              )
              (1): Bottleneck(
                (cv1): Conv(
                  (conv): Conv2d(128, 128, kernel_size=(3, 3), stride=(1, 1), padding=(1, 1), bias=False)
                  (bn): BatchNorm2d(128, eps=0.001, momentum=0.03, affine=True, track_running_stats=True)
                  (act): SiLU(inplace=True)
                )
                (cv2): Conv(
                  (conv): Conv2d(128, 128, kernel_size=(3, 3), stride=(1, 1), padding=(1, 1), bias=False)
                  (bn): BatchNorm2d(128, eps=0.001, momentum=0.03, affine=True, track_running_stats=True)
                  (act): SiLU(inplace=True)
                )
              )
            )
          )
        )
      )
      (21): Detect(
        (cv2): ModuleList(
          (0): Sequential(
            (0): Conv(
              (conv): Conv2d(256, 64, kernel_size=(3, 3), stride=(1, 1), padding=(1, 1), bias=False)
              (bn): BatchNorm2d(64, eps=0.001, momentum=0.03, affine=True, track_running_stats=True)
              (act): SiLU(inplace=True)
            )
            (1): Conv(
              (conv): Conv2d(64, 64, kernel_size=(3, 3), stride=(1, 1), padding=(1, 1), bias=False)
              (bn): BatchNorm2d(64, eps=0.001, momentum=0.03, affine=True, track_running_stats=True)
              (act): SiLU(inplace=True)
            )
            (2): Conv2d(64, 64, kernel_size=(1, 1), stride=(1, 1))
          )
          (1-2): 2 x Sequential(
            (0): Conv(
              (conv): Conv2d(512, 64, kernel_size=(3, 3), stride=(1, 1), padding=(1, 1), bias=False)
              (bn): BatchNorm2d(64, eps=0.001, momentum=0.03, affine=True, track_running_stats=True)
              (act): SiLU(inplace=True)
            )
            (1): Conv(
              (conv): Conv2d(64, 64, kernel_size=(3, 3), stride=(1, 1), padding=(1, 1), bias=False)
              (bn): BatchNorm2d(64, eps=0.001, momentum=0.03, affine=True, track_running_stats=True)
              (act): SiLU(inplace=True)
            )
            (2): Conv2d(64, 64, kernel_size=(1, 1), stride=(1, 1))
          )
        )
        (cv3): ModuleList(
          (0): Sequential(
            (0): Sequential(
              (0): DWConv(
                (conv): Conv2d(256, 256, kernel_size=(3, 3), stride=(1, 1), padding=(1, 1), groups=256, bias=False)
                (bn): BatchNorm2d(256, eps=0.001, momentum=0.03, affine=True, track_running_stats=True)
                (act): SiLU(inplace=True)
              )
              (1): Conv(
                (conv): Conv2d(256, 256, kernel_size=(1, 1), stride=(1, 1), bias=False)
                (bn): BatchNorm2d(256, eps=0.001, momentum=0.03, affine=True, track_running_stats=True)
                (act): SiLU(inplace=True)
              )
            )
            (1): Sequential(
              (0): DWConv(
                (conv): Conv2d(256, 256, kernel_size=(3, 3), stride=(1, 1), padding=(1, 1), groups=256, bias=False)
                (bn): BatchNorm2d(256, eps=0.001, momentum=0.03, affine=True, track_running_stats=True)
                (act): SiLU(inplace=True)
              )
              (1): Conv(
                (conv): Conv2d(256, 256, kernel_size=(1, 1), stride=(1, 1), bias=False)
                (bn): BatchNorm2d(256, eps=0.001, momentum=0.03, affine=True, track_running_stats=True)
                (act): SiLU(inplace=True)
              )
            )
            (2): Conv2d(256, 10, kernel_size=(1, 1), stride=(1, 1))
          )
          (1-2): 2 x Sequential(
            (0): Sequential(
              (0): DWConv(
                (conv): Conv2d(512, 512, kernel_size=(3, 3), stride=(1, 1), padding=(1, 1), groups=512, bias=False)
                (bn): BatchNorm2d(512, eps=0.001, momentum=0.03, affine=True, track_running_stats=True)
                (act): SiLU(inplace=True)
              )
              (1): Conv(
                (conv): Conv2d(512, 256, kernel_size=(1, 1), stride=(1, 1), bias=False)
                (bn): BatchNorm2d(256, eps=0.001, momentum=0.03, affine=True, track_running_stats=True)
                (act): SiLU(inplace=True)
              )
            )
            (1): Sequential(
              (0): DWConv(
                (conv): Conv2d(256, 256, kernel_size=(3, 3), stride=(1, 1), padding=(1, 1), groups=256, bias=False)
                (bn): BatchNorm2d(256, eps=0.001, momentum=0.03, affine=True, track_running_stats=True)
                (act): SiLU(inplace=True)
              )
              (1): Conv(
                (conv): Conv2d(256, 256, kernel_size=(1, 1), stride=(1, 1), bias=False)
                (bn): BatchNorm2d(256, eps=0.001, momentum=0.03, affine=True, track_running_stats=True)
                (act): SiLU(inplace=True)
              )
            )
            (2): Conv2d(256, 10, kernel_size=(1, 1), stride=(1, 1))
          )
        )
        (dfl): DFL(
          (conv): Conv2d(16, 1, kernel_size=(1, 1), stride=(1, 1), bias=False)
        )
      )
    )
  )
)
[*] Training input tensor shape: torch.Size([16, 3, 384, 640])

[*] FLOPs calculated at resolution: 384x640
| module             | #parameters or shape   | #flops   |
|:-------------------|:-----------------------|:---------|
| model              | 26.453M                | 24.957G  |
| 0                  | 1.856K                 | 0.126G   |
| 0.conv             | 1.728K                 | 0.106G   |
| 0.conv.weight      | (64, 3, 3, 3)          |          |
| 0.bn               | 0.128K                 | 19.661M  |
| 0.bn.weight        | (64,)                  |          |
| 0.bn.bias          | (64,)                  |          |
| 1                  | 37.12K                 | 0.576G   |
| 1.conv             | 36.864K                | 0.566G   |
| 1.conv.weight      | (128, 32, 3, 3)        |          |
| 1.bn               | 0.256K                 | 9.83M    |
| 1.bn.weight        | (128,)                 |          |
| 1.bn.bias          | (128,)                 |          |
| 2                  | 0.174M                 | 2.711G   |
| 2.cv1              | 16.64K                 | 0.261G   |
| 2.cv1.conv         | 16.384K                | 0.252G   |
| 2.cv1.bn           | 0.256K                 | 9.83M    |
| 2.cv2              | 66.048K                | 1.026G   |
| 2.cv2.conv         | 65.536K                | 1.007G   |
| 2.cv2.bn           | 0.512K                 | 19.661M  |
| 2.m                | 91.136K                | 1.423G   |
| 2.m.0              | 45.568K                | 0.712G   |
| 2.m.1              | 45.568K                | 0.712G   |
| 3                  | 0.148M                 | 0.571G   |
| 3.conv             | 0.147M                 | 0.566G   |
| 3.conv.weight      | (256, 64, 3, 3)        |          |
| 3.bn               | 0.512K                 | 4.915M   |
| 3.bn.weight        | (256,)                 |          |
| 3.bn.bias          | (256,)                 |          |
| 4                  | 0.692M                 | 2.677G   |
| 4.cv1              | 66.048K                | 0.257G   |
| 4.cv1.conv         | 65.536K                | 0.252G   |
| 4.cv1.bn           | 0.512K                 | 4.915M   |
| 4.cv2              | 0.263M                 | 1.016G   |
| 4.cv2.conv         | 0.262M                 | 1.007G   |
| 4.cv2.bn           | 1.024K                 | 9.83M    |
| 4.m                | 0.362M                 | 1.404G   |
| 4.m.0              | 0.181M                 | 0.702G   |
| 4.m.1              | 0.181M                 | 0.702G   |
| 5                  | 2.36M                  | 2.267G   |
| 5.conv             | 2.359M                 | 2.265G   |
| 5.conv.weight      | (512, 512, 3, 3)       |          |
| 5.bn               | 1.024K                 | 2.458M   |
| 5.bn.weight        | (512,)                 |          |
| 5.bn.bias          | (512,)                 |          |
| 6                  | 4.54M                  | 4.405G   |
| 6.gamma            | (512,)                 |          |
| 6.cv1              | 0.132M                 | 0.127G   |
| 6.cv1.conv         | 0.131M                 | 0.126G   |
| 6.cv1.bn           | 0.512K                 | 1.229M   |
| 6.cv2              | 0.656M                 | 0.632G   |
| 6.cv2.conv         | 0.655M                 | 0.629G   |
| 6.cv2.bn           | 1.024K                 | 2.458M   |
| 6.m                | 3.752M                 | 3.646G   |
| 6.m.0              | 0.938M                 | 0.912G   |
| 6.m.1              | 0.938M                 | 0.912G   |
| 6.m.2              | 0.938M                 | 0.912G   |
| 6.m.3              | 0.938M                 | 0.912G   |
| 7                  | 2.36M                  | 0.567G   |
| 7.conv             | 2.359M                 | 0.566G   |
| 7.conv.weight      | (512, 512, 3, 3)       |          |
| 7.bn               | 1.024K                 | 0.614M   |
| 7.bn.weight        | (512,)                 |          |
| 7.bn.bias          | (512,)                 |          |
| 8                  | 4.54M                  | 1.101G   |
| 8.gamma            | (512,)                 |          |
| 8.cv1              | 0.132M                 | 31.764M  |
| 8.cv1.conv         | 0.131M                 | 31.457M  |
| 8.cv1.bn           | 0.512K                 | 0.307M   |
| 8.cv2              | 0.656M                 | 0.158G   |
| 8.cv2.conv         | 0.655M                 | 0.157G   |
| 8.cv2.bn           | 1.024K                 | 0.614M   |
| 8.m                | 3.752M                 | 0.912G   |
| 8.m.0              | 0.938M                 | 0.228G   |
| 8.m.1              | 0.938M                 | 0.228G   |
| 8.m.2              | 0.938M                 | 0.228G   |
| 8.m.3              | 0.938M                 | 0.228G   |
| 11                 | 2.103M                 | 2.027G   |
| 11.cv1             | 0.263M                 | 0.253G   |
| 11.cv1.conv        | 0.262M                 | 0.252G   |
| 11.cv1.bn          | 0.512K                 | 1.229M   |
| 11.cv2             | 0.394M                 | 0.38G    |
| 11.cv2.conv        | 0.393M                 | 0.377G   |
| 11.cv2.bn          | 1.024K                 | 2.458M   |
| 11.m               | 1.446M                 | 1.394G   |
| 11.m.0             | 0.723M                 | 0.697G   |
| 11.m.1             | 0.723M                 | 0.697G   |
| 14                 | 0.593M                 | 2.292G   |
| 14.cv1             | 0.131M                 | 0.506G   |
| 14.cv1.conv        | 0.131M                 | 0.503G   |
| 14.cv1.bn          | 0.256K                 | 2.458M   |
| 14.cv2             | 98.816K                | 0.382G   |
| 14.cv2.conv        | 98.304K                | 0.377G   |
| 14.cv2.bn          | 0.512K                 | 4.915M   |
| 14.m               | 0.362M                 | 1.404G   |
| 14.m.0             | 0.181M                 | 0.702G   |
| 14.m.1             | 0.181M                 | 0.702G   |
| 15                 | 0.59M                  | 0.567G   |
| 15.conv            | 0.59M                  | 0.566G   |
| 15.conv.weight     | (256, 256, 3, 3)       |          |
| 15.bn              | 0.512K                 | 1.229M   |
| 15.bn.weight       | (256,)                 |          |
| 15.bn.bias         | (256,)                 |          |
| 17                 | 2.037M                 | 1.964G   |
| 17.cv1             | 0.197M                 | 0.19G    |
| 17.cv1.conv        | 0.197M                 | 0.189G   |
| 17.cv1.bn          | 0.512K                 | 1.229M   |
| 17.cv2             | 0.394M                 | 0.38G    |
| 17.cv2.conv        | 0.393M                 | 0.377G   |
| 17.cv2.bn          | 1.024K                 | 2.458M   |
| 17.m               | 1.446M                 | 1.394G   |
| 17.m.0             | 0.723M                 | 0.697G   |
| 17.m.1             | 0.723M                 | 0.697G   |
| 18                 | 2.36M                  | 0.567G   |
| 18.conv            | 2.359M                 | 0.566G   |
| 18.conv.weight     | (512, 512, 3, 3)       |          |
| 18.bn              | 1.024K                 | 0.614M   |
| 18.bn.weight       | (512,)                 |          |
| 18.bn.bias         | (512,)                 |          |
| 20                 | 2.497M                 | 0.601G   |
| 20.cv1             | 0.525M                 | 0.126G   |
| 20.cv1.conv        | 0.524M                 | 0.126G   |
| 20.cv1.bn          | 1.024K                 | 0.614M   |
| 20.cv2             | 0.525M                 | 0.126G   |
| 20.cv2.conv        | 0.524M                 | 0.126G   |
| 20.cv2.bn          | 1.024K                 | 0.614M   |
| 20.m               | 1.446M                 | 0.348G   |
| 20.m.0             | 0.723M                 | 0.174G   |
| 20.m.1             | 0.723M                 | 0.174G   |
| 21                 | 1.419M                 | 1.935G   |
| 21.cv2             | 0.861M                 | 1.13G    |
| 21.cv2.0           | 0.189M                 | 0.726G   |
| 21.cv2.1           | 0.336M                 | 0.323G   |
| 21.cv2.2           | 0.336M                 | 80.763M  |
| 21.cv3             | 0.558M                 | 0.805G   |
| 21.cv3.0           | 0.14M                  | 0.551G   |
| 21.cv3.1           | 0.209M                 | 0.204G   |
| 21.cv3.2           | 0.209M                 | 50.995M  |
| 21.dfl.conv        | 16                     |          |
| 21.dfl.conv.weight | (1, 16, 1, 1)          |          |
| 9                  |                        | 0.492M   |
| 12                 |                        | 1.966M   |
  MACs  : 24.96 GMACs
  FLOPs : 49.91 GFLOPs
Image sizes 640 train(rect=True), val(rect=True)
Using 16 dataloader workers
Logging results to [1mruns/bdd100k/detect/baseline-yolov12l/train[0m
Starting training for 30 epochs...

           Epoch         GPU_mem        box_loss        cls_loss        dfl_loss       Instances            Size
[rank0]:[W reducer.cpp:1360] Warning: find_unused_parameters=True was specified in DDP constructor, but did not find any unused parameters in the forward pass. This flag results in an extra traversal of the autograd graph every iteration,  which can adversely affect performance. If your model indeed never has any unused parameters in the forward pass, consider turning this flag off. Note that this warning may be a false positive if your model has flow control causing later iterations to have unused parameters. (function operator())
[rank1]:[W reducer.cpp:1360] Warning: find_unused_parameters=True was specified in DDP constructor, but did not find any unused parameters in the forward pass. This flag results in an extra traversal of the autograd graph every iteration,  which can adversely affect performance. If your model indeed never has any unused parameters in the forward pass, consider turning this flag off. Note that this warning may be a false positive if your model has flow control causing later iterations to have unused parameters. (function operator())
/home/hslee/anaconda3/envs/yolov12/lib/python3.11/site-packages/torch/autograd/__init__.py:266: UserWarning: Grad strides do not match bucket view strides. This may indicate grad was not created according to the gradient layout contract, or that the param's strides changed since DDP was constructed.  This is not an error, but may impair performance.
grad.sizes() = [256, 256, 1, 1], strides() = [256, 1, 256, 256]
bucket_view.sizes() = [256, 256, 1, 1], strides() = [256, 1, 1, 1] (Triggered internally at ../torch/csrc/distributed/c10d/reducer.cpp:322.)
  Variable._execution_engine.run_backward(  # Calls into the C++ engine to run the backward pass
/home/hslee/anaconda3/envs/yolov12/lib/python3.11/site-packages/torch/autograd/__init__.py:266: UserWarning: Grad strides do not match bucket view strides. This may indicate grad was not created according to the gradient layout contract, or that the param's strides changed since DDP was constructed.  This is not an error, but may impair performance.
grad.sizes() = [256, 256, 1, 1], strides() = [256, 1, 256, 256]
bucket_view.sizes() = [256, 256, 1, 1], strides() = [256, 1, 1, 1] (Triggered internally at ../torch/csrc/distributed/c10d/reducer.cpp:322.)
  Variable._execution_engine.run_backward(  # Calls into the C++ engine to run the backward pass
Epoch 1/30, Batch 1/2188 (0.0%) - Loss: 145.149, box,cls,dfl: 1.399,1.973,1.164
Epoch 1/30, Batch 219/2188 (10.0%) - Loss: 107.508, box,cls,dfl: 1.407,0.894,1.059
Epoch 1/30, Batch 437/2188 (20.0%) - Loss: 113.188, box,cls,dfl: 1.531,0.957,1.049
Epoch 1/30, Batch 655/2188 (29.9%) - Loss: 94.794, box,cls,dfl: 1.260,0.730,0.972
Epoch 1/30, Batch 873/2188 (39.9%) - Loss: 110.235, box,cls,dfl: 1.431,0.936,1.078
Epoch 1/30, Batch 1091/2188 (49.9%) - Loss: 95.193, box,cls,dfl: 1.262,0.743,0.970
Epoch 1/30, Batch 1309/2188 (59.8%) - Loss: 85.672, box,cls,dfl: 1.080,0.665,0.932
Epoch 1/30, Batch 1527/2188 (69.8%) - Loss: 99.365, box,cls,dfl: 1.279,0.845,0.981
Epoch 1/30, Batch 1745/2188 (79.8%) - Loss: 98.514, box,cls,dfl: 1.304,0.782,0.992
Epoch 1/30, Batch 1963/2188 (89.7%) - Loss: 94.654, box,cls,dfl: 1.235,0.745,0.978
Epoch 1/30, Batch 2181/2188 (99.7%) - Loss: 100.565, box,cls,dfl: 1.325,0.798,1.020
[*] Validation input tensor shape: torch.Size([32, 3, 384, 672])
                 Class     Images  Instances      Box(P          R      mAP50  mAP50-95)
                   all      10000     185578      0.683      0.417      0.456      0.258

           Epoch         GPU_mem        box_loss        cls_loss        dfl_loss       Instances            Size
Epoch 2/30, Batch 1/2188 (0.0%) - Loss: 104.981, box,cls,dfl: 1.360,0.850,1.071
Epoch 2/30, Batch 219/2188 (10.0%) - Loss: 98.335, box,cls,dfl: 1.315,0.752,1.007
Epoch 2/30, Batch 437/2188 (20.0%) - Loss: 111.833, box,cls,dfl: 1.566,0.842,1.087
Epoch 2/30, Batch 655/2188 (29.9%) - Loss: 96.741, box,cls,dfl: 1.269,0.754,1.000
Epoch 2/30, Batch 873/2188 (39.9%) - Loss: 108.333, box,cls,dfl: 1.414,0.883,1.089
Epoch 2/30, Batch 1091/2188 (49.9%) - Loss: 92.738, box,cls,dfl: 1.244,0.705,0.949
Epoch 2/30, Batch 1309/2188 (59.8%) - Loss: 88.817, box,cls,dfl: 1.134,0.684,0.958
Epoch 2/30, Batch 1527/2188 (69.8%) - Loss: 98.985, box,cls,dfl: 1.256,0.854,0.984
Epoch 2/30, Batch 1745/2188 (79.8%) - Loss: 97.177, box,cls,dfl: 1.328,0.724,0.984
Epoch 2/30, Batch 1963/2188 (89.7%) - Loss: 99.975, box,cls,dfl: 1.319,0.820,0.986
Epoch 2/30, Batch 2181/2188 (99.7%) - Loss: 107.738, box,cls,dfl: 1.451,0.803,1.113
[*] Validation input tensor shape: torch.Size([32, 3, 384, 672])
                 Class     Images  Instances      Box(P          R      mAP50  mAP50-95)
                   all      10000     185578      0.661      0.418      0.453      0.253

           Epoch         GPU_mem        box_loss        cls_loss        dfl_loss       Instances            Size
Epoch 3/30, Batch 1/2188 (0.0%) - Loss: 101.978, box,cls,dfl: 1.323,0.815,1.049
Epoch 3/30, Batch 219/2188 (10.0%) - Loss: 102.197, box,cls,dfl: 1.388,0.753,1.052
Epoch 3/30, Batch 437/2188 (20.0%) - Loss: 109.991, box,cls,dfl: 1.531,0.888,1.019
Epoch 3/30, Batch 655/2188 (29.9%) - Loss: 98.625, box,cls,dfl: 1.344,0.738,1.000
Epoch 3/30, Batch 873/2188 (39.9%) - Loss: 110.009, box,cls,dfl: 1.480,0.900,1.057
Epoch 3/30, Batch 1091/2188 (49.9%) - Loss: 95.999, box,cls,dfl: 1.274,0.724,1.002
Epoch 3/30, Batch 1309/2188 (59.8%) - Loss: 100.241, box,cls,dfl: 1.310,0.773,1.049
Epoch 3/30, Batch 1527/2188 (69.8%) - Loss: 103.682, box,cls,dfl: 1.319,0.895,1.027
Epoch 3/30, Batch 1745/2188 (79.8%) - Loss: 101.463, box,cls,dfl: 1.315,0.842,1.013
Epoch 3/30, Batch 1963/2188 (89.7%) - Loss: 101.265, box,cls,dfl: 1.339,0.820,1.005
Epoch 3/30, Batch 2181/2188 (99.7%) - Loss: 105.599, box,cls,dfl: 1.397,0.747,1.156
[*] Validation input tensor shape: torch.Size([32, 3, 384, 672])
                 Class     Images  Instances      Box(P          R      mAP50  mAP50-95)
                   all      10000     185578       0.67      0.416      0.452      0.252

           Epoch         GPU_mem        box_loss        cls_loss        dfl_loss       Instances            Size
Epoch 4/30, Batch 1/2188 (0.0%) - Loss: 104.176, box,cls,dfl: 1.342,0.857,1.057
Epoch 4/30, Batch 219/2188 (10.0%) - Loss: 104.710, box,cls,dfl: 1.372,0.808,1.091
Epoch 4/30, Batch 437/2188 (20.0%) - Loss: 112.689, box,cls,dfl: 1.607,0.881,1.034
Epoch 4/30, Batch 655/2188 (29.9%) - Loss: 97.340, box,cls,dfl: 1.273,0.754,1.014
Epoch 4/30, Batch 873/2188 (39.9%) - Loss: 108.435, box,cls,dfl: 1.449,0.855,1.084
Epoch 4/30, Batch 1091/2188 (49.9%) - Loss: 94.366, box,cls,dfl: 1.268,0.691,0.989
Epoch 4/30, Batch 1309/2188 (59.8%) - Loss: 94.684, box,cls,dfl: 1.261,0.679,1.020
Epoch 4/30, Batch 1527/2188 (69.8%) - Loss: 101.705, box,cls,dfl: 1.319,0.836,1.024
Epoch 4/30, Batch 1745/2188 (79.8%) - Loss: 94.952, box,cls,dfl: 1.269,0.718,0.980
Epoch 4/30, Batch 1963/2188 (89.7%) - Loss: 98.551, box,cls,dfl: 1.323,0.807,0.949
Epoch 4/30, Batch 2181/2188 (99.7%) - Loss: 103.011, box,cls,dfl: 1.381,0.734,1.104
[*] Validation input tensor shape: torch.Size([32, 3, 384, 672])
                 Class     Images  Instances      Box(P          R      mAP50  mAP50-95)
                   all      10000     185578      0.677      0.411      0.455      0.253

           Epoch         GPU_mem        box_loss        cls_loss        dfl_loss       Instances            Size
Epoch 5/30, Batch 1/2188 (0.0%) - Loss: 103.028, box,cls,dfl: 1.366,0.821,1.033
Epoch 5/30, Batch 219/2188 (10.0%) - Loss: 101.284, box,cls,dfl: 1.392,0.804,0.969
Epoch 5/30, Batch 437/2188 (20.0%) - Loss: 110.584, box,cls,dfl: 1.531,0.890,1.035
Epoch 5/30, Batch 655/2188 (29.9%) - Loss: 95.698, box,cls,dfl: 1.273,0.727,0.991
Epoch 5/30, Batch 873/2188 (39.9%) - Loss: 106.337, box,cls,dfl: 1.390,0.853,1.080
Epoch 5/30, Batch 1091/2188 (49.9%) - Loss: 94.904, box,cls,dfl: 1.237,0.715,1.014
Epoch 5/30, Batch 1309/2188 (59.8%) - Loss: 91.297, box,cls,dfl: 1.192,0.651,1.010
Epoch 5/30, Batch 1527/2188 (69.8%) - Loss: 103.537, box,cls,dfl: 1.337,0.867,1.032
Epoch 5/30, Batch 1745/2188 (79.8%) - Loss: 95.421, box,cls,dfl: 1.282,0.703,0.997
Epoch 5/30, Batch 1963/2188 (89.7%) - Loss: 94.355, box,cls,dfl: 1.209,0.762,0.978
Epoch 5/30, Batch 2181/2188 (99.7%) - Loss: 105.336, box,cls,dfl: 1.423,0.737,1.131
[*] Validation input tensor shape: torch.Size([32, 3, 384, 672])
                 Class     Images  Instances      Box(P          R      mAP50  mAP50-95)
                   all      10000     185578      0.693      0.425      0.472      0.261

           Epoch         GPU_mem        box_loss        cls_loss        dfl_loss       Instances            Size
Epoch 6/30, Batch 1/2188 (0.0%) - Loss: 96.750, box,cls,dfl: 1.256,0.754,1.013
Epoch 6/30, Batch 219/2188 (10.0%) - Loss: 97.049, box,cls,dfl: 1.283,0.724,1.026
Epoch 6/30, Batch 437/2188 (20.0%) - Loss: 108.002, box,cls,dfl: 1.552,0.818,1.005
Epoch 6/30, Batch 655/2188 (29.9%) - Loss: 94.508, box,cls,dfl: 1.243,0.703,1.008
Epoch 6/30, Batch 873/2188 (39.9%) - Loss: 104.386, box,cls,dfl: 1.353,0.815,1.094
Epoch 6/30, Batch 1091/2188 (49.9%) - Loss: 89.522, box,cls,dfl: 1.198,0.648,0.952
Epoch 6/30, Batch 1309/2188 (59.8%) - Loss: 93.781, box,cls,dfl: 1.231,0.701,0.998
Epoch 6/30, Batch 1527/2188 (69.8%) - Loss: 99.345, box,cls,dfl: 1.279,0.838,0.987
Epoch 6/30, Batch 1745/2188 (79.8%) - Loss: 91.527, box,cls,dfl: 1.203,0.686,0.971
Epoch 6/30, Batch 1963/2188 (89.7%) - Loss: 97.739, box,cls,dfl: 1.290,0.747,1.017
Epoch 6/30, Batch 2181/2188 (99.7%) - Loss: 100.035, box,cls,dfl: 1.355,0.714,1.057
[*] Validation input tensor shape: torch.Size([32, 3, 384, 672])
                 Class     Images  Instances      Box(P          R      mAP50  mAP50-95)
                   all      10000     185578      0.701      0.433      0.477      0.269

           Epoch         GPU_mem        box_loss        cls_loss        dfl_loss       Instances            Size
Epoch 7/30, Batch 1/2188 (0.0%) - Loss: 97.827, box,cls,dfl: 1.289,0.763,1.005
Epoch 7/30, Batch 219/2188 (10.0%) - Loss: 98.496, box,cls,dfl: 1.355,0.725,0.997
Epoch 7/30, Batch 437/2188 (20.0%) - Loss: 105.458, box,cls,dfl: 1.492,0.802,1.001
Epoch 7/30, Batch 655/2188 (29.9%) - Loss: 92.490, box,cls,dfl: 1.251,0.676,0.963
Epoch 7/30, Batch 873/2188 (39.9%) - Loss: 103.027, box,cls,dfl: 1.374,0.794,1.051
Epoch 7/30, Batch 1091/2188 (49.9%) - Loss: 88.946, box,cls,dfl: 1.180,0.663,0.937
Epoch 7/30, Batch 1309/2188 (59.8%) - Loss: 90.404, box,cls,dfl: 1.171,0.644,1.010
Epoch 7/30, Batch 1527/2188 (69.8%) - Loss: 96.325, box,cls,dfl: 1.267,0.735,1.008
Epoch 7/30, Batch 1745/2188 (79.8%) - Loss: 92.867, box,cls,dfl: 1.224,0.713,0.965
Epoch 7/30, Batch 1963/2188 (89.7%) - Loss: 97.918, box,cls,dfl: 1.301,0.776,0.984
Epoch 7/30, Batch 2181/2188 (99.7%) - Loss: 103.103, box,cls,dfl: 1.387,0.750,1.085
[*] Validation input tensor shape: torch.Size([32, 3, 384, 672])
                 Class     Images  Instances      Box(P          R      mAP50  mAP50-95)
                   all      10000     185578      0.692       0.45      0.492      0.276

           Epoch         GPU_mem        box_loss        cls_loss        dfl_loss       Instances            Size
Epoch 8/30, Batch 1/2188 (0.0%) - Loss: 96.691, box,cls,dfl: 1.267,0.742,1.013
Epoch 8/30, Batch 219/2188 (10.0%) - Loss: 93.245, box,cls,dfl: 1.260,0.655,0.999
Epoch 8/30, Batch 437/2188 (20.0%) - Loss: 108.056, box,cls,dfl: 1.511,0.812,1.054
Epoch 8/30, Batch 655/2188 (29.9%) - Loss: 89.889, box,cls,dfl: 1.197,0.660,0.952
Epoch 8/30, Batch 873/2188 (39.9%) - Loss: 107.360, box,cls,dfl: 1.408,0.907,1.040
Epoch 8/30, Batch 1091/2188 (49.9%) - Loss: 90.397, box,cls,dfl: 1.206,0.643,0.977
Epoch 8/30, Batch 1309/2188 (59.8%) - Loss: 89.591, box,cls,dfl: 1.164,0.662,0.974
Epoch 8/30, Batch 1527/2188 (69.8%) - Loss: 99.563, box,cls,dfl: 1.301,0.793,1.017
Epoch 8/30, Batch 1745/2188 (79.8%) - Loss: 94.504, box,cls,dfl: 1.270,0.674,1.009
Epoch 8/30, Batch 1963/2188 (89.7%) - Loss: 95.821, box,cls,dfl: 1.283,0.718,0.994
Epoch 8/30, Batch 2181/2188 (99.7%) - Loss: 101.665, box,cls,dfl: 1.371,0.710,1.096
[*] Validation input tensor shape: torch.Size([32, 3, 384, 672])
                 Class     Images  Instances      Box(P          R      mAP50  mAP50-95)
                   all      10000     185578      0.699      0.452      0.498      0.281

           Epoch         GPU_mem        box_loss        cls_loss        dfl_loss       Instances            Size
Epoch 9/30, Batch 1/2188 (0.0%) - Loss: 91.126, box,cls,dfl: 1.200,0.687,0.960
Epoch 9/30, Batch 219/2188 (10.0%) - Loss: 99.000, box,cls,dfl: 1.324,0.734,1.036
Epoch 9/30, Batch 437/2188 (20.0%) - Loss: 106.773, box,cls,dfl: 1.529,0.791,1.017
Epoch 9/30, Batch 655/2188 (29.9%) - Loss: 88.924, box,cls,dfl: 1.170,0.663,0.946
Epoch 9/30, Batch 873/2188 (39.9%) - Loss: 104.255, box,cls,dfl: 1.386,0.817,1.055
Epoch 9/30, Batch 1091/2188 (49.9%) - Loss: 90.374, box,cls,dfl: 1.206,0.637,0.981
Epoch 9/30, Batch 1309/2188 (59.8%) - Loss: 88.254, box,cls,dfl: 1.142,0.639,0.978
Epoch 9/30, Batch 1527/2188 (69.8%) - Loss: 94.874, box,cls,dfl: 1.249,0.744,0.972
Epoch 9/30, Batch 1745/2188 (79.8%) - Loss: 92.006, box,cls,dfl: 1.219,0.677,0.979
Epoch 9/30, Batch 1963/2188 (89.7%) - Loss: 86.902, box,cls,dfl: 1.117,0.654,0.945
Epoch 9/30, Batch 2181/2188 (99.7%) - Loss: 100.889, box,cls,dfl: 1.352,0.724,1.076
[*] Validation input tensor shape: torch.Size([32, 3, 384, 672])
                 Class     Images  Instances      Box(P          R      mAP50  mAP50-95)
                   all      10000     185578      0.711       0.46      0.509      0.288

           Epoch         GPU_mem        box_loss        cls_loss        dfl_loss       Instances            Size
Epoch 10/30, Batch 1/2188 (0.0%) - Loss: 93.853, box,cls,dfl: 1.216,0.701,1.015
Epoch 10/30, Batch 219/2188 (10.0%) - Loss: 96.742, box,cls,dfl: 1.279,0.690,1.054
Epoch 10/30, Batch 437/2188 (20.0%) - Loss: 104.528, box,cls,dfl: 1.461,0.774,1.032
Epoch 10/30, Batch 655/2188 (29.9%) - Loss: 94.539, box,cls,dfl: 1.264,0.689,1.002
Epoch 10/30, Batch 873/2188 (39.9%) - Loss: 102.897, box,cls,dfl: 1.338,0.827,1.050
Epoch 10/30, Batch 1091/2188 (49.9%) - Loss: 91.338, box,cls,dfl: 1.198,0.685,0.972
Epoch 10/30, Batch 1309/2188 (59.8%) - Loss: 89.647, box,cls,dfl: 1.154,0.636,1.011
Epoch 10/30, Batch 1527/2188 (69.8%) - Loss: 95.085, box,cls,dfl: 1.243,0.738,0.990
Epoch 10/30, Batch 1745/2188 (79.8%) - Loss: 92.250, box,cls,dfl: 1.229,0.668,0.986
Epoch 10/30, Batch 1963/2188 (89.7%) - Loss: 92.854, box,cls,dfl: 1.200,0.694,1.007
Epoch 10/30, Batch 2181/2188 (99.7%) - Loss: 97.776, box,cls,dfl: 1.301,0.715,1.040
[*] Validation input tensor shape: torch.Size([32, 3, 384, 672])
                 Class     Images  Instances      Box(P          R      mAP50  mAP50-95)
                   all      10000     185578      0.722      0.455      0.511       0.29

           Epoch         GPU_mem        box_loss        cls_loss        dfl_loss       Instances            Size
Epoch 11/30, Batch 1/2188 (0.0%) - Loss: 91.667, box,cls,dfl: 1.193,0.682,0.990
Epoch 11/30, Batch 219/2188 (10.0%) - Loss: 100.073, box,cls,dfl: 1.394,0.709,1.024
Epoch 11/30, Batch 437/2188 (20.0%) - Loss: 100.794, box,cls,dfl: 1.456,0.729,0.965
Epoch 11/30, Batch 655/2188 (29.9%) - Loss: 90.492, box,cls,dfl: 1.226,0.645,0.957
Epoch 11/30, Batch 873/2188 (39.9%) - Loss: 104.492, box,cls,dfl: 1.392,0.804,1.070
Epoch 11/30, Batch 1091/2188 (49.9%) - Loss: 87.949, box,cls,dfl: 1.176,0.635,0.937
Epoch 11/30, Batch 1309/2188 (59.8%) - Loss: 84.603, box,cls,dfl: 1.099,0.581,0.964
Epoch 11/30, Batch 1527/2188 (69.8%) - Loss: 98.999, box,cls,dfl: 1.319,0.777,0.998
Epoch 11/30, Batch 1745/2188 (79.8%) - Loss: 90.840, box,cls,dfl: 1.204,0.628,1.007
Epoch 11/30, Batch 1963/2188 (89.7%) - Loss: 90.814, box,cls,dfl: 1.189,0.669,0.980
Epoch 11/30, Batch 2181/2188 (99.7%) - Loss: 99.798, box,cls,dfl: 1.314,0.705,1.099
[*] Validation input tensor shape: torch.Size([32, 3, 384, 672])
                 Class     Images  Instances      Box(P          R      mAP50  mAP50-95)
                   all      10000     185578      0.723      0.465      0.519      0.294

           Epoch         GPU_mem        box_loss        cls_loss        dfl_loss       Instances            Size
Epoch 12/30, Batch 1/2188 (0.0%) - Loss: 94.017, box,cls,dfl: 1.258,0.694,0.986
Epoch 12/30, Batch 219/2188 (10.0%) - Loss: 95.402, box,cls,dfl: 1.284,0.697,1.001
Epoch 12/30, Batch 437/2188 (20.0%) - Loss: 101.943, box,cls,dfl: 1.414,0.757,1.015
Epoch 12/30, Batch 655/2188 (29.9%) - Loss: 88.023, box,cls,dfl: 1.156,0.648,0.948
Epoch 12/30, Batch 873/2188 (39.9%) - Loss: 105.421, box,cls,dfl: 1.344,0.826,1.124
Epoch 12/30, Batch 1091/2188 (49.9%) - Loss: 87.393, box,cls,dfl: 1.176,0.603,0.951
Epoch 12/30, Batch 1309/2188 (59.8%) - Loss: 87.499, box,cls,dfl: 1.130,0.636,0.968
Epoch 12/30, Batch 1527/2188 (69.8%) - Loss: 94.657, box,cls,dfl: 1.247,0.735,0.976
Epoch 12/30, Batch 1745/2188 (79.8%) - Loss: 91.700, box,cls,dfl: 1.234,0.637,0.995
Epoch 12/30, Batch 1963/2188 (89.7%) - Loss: 92.284, box,cls,dfl: 1.204,0.698,0.982
Epoch 12/30, Batch 2181/2188 (99.7%) - Loss: 97.830, box,cls,dfl: 1.320,0.689,1.048
[*] Validation input tensor shape: torch.Size([32, 3, 384, 672])
                 Class     Images  Instances      Box(P          R      mAP50  mAP50-95)
                   all      10000     185578      0.618       0.47      0.521      0.295

           Epoch         GPU_mem        box_loss        cls_loss        dfl_loss       Instances            Size
Epoch 13/30, Batch 1/2188 (0.0%) - Loss: 96.039, box,cls,dfl: 1.270,0.713,1.019
Epoch 13/30, Batch 219/2188 (10.0%) - Loss: 92.592, box,cls,dfl: 1.253,0.663,0.977
Epoch 13/30, Batch 437/2188 (20.0%) - Loss: 101.711, box,cls,dfl: 1.433,0.739,1.006
Epoch 13/30, Batch 655/2188 (29.9%) - Loss: 90.047, box,cls,dfl: 1.231,0.626,0.957
Epoch 13/30, Batch 873/2188 (39.9%) - Loss: 102.048, box,cls,dfl: 1.364,0.761,1.064
Epoch 13/30, Batch 1091/2188 (49.9%) - Loss: 88.974, box,cls,dfl: 1.203,0.619,0.959
Epoch 13/30, Batch 1309/2188 (59.8%) - Loss: 86.414, box,cls,dfl: 1.090,0.618,0.992
Epoch 13/30, Batch 1527/2188 (69.8%) - Loss: 93.664, box,cls,dfl: 1.230,0.715,0.983
Epoch 13/30, Batch 1745/2188 (79.8%) - Loss: 91.322, box,cls,dfl: 1.244,0.627,0.983
Epoch 13/30, Batch 1963/2188 (89.7%) - Loss: 90.167, box,cls,dfl: 1.170,0.691,0.956
Epoch 13/30, Batch 2181/2188 (99.7%) - Loss: 96.108, box,cls,dfl: 1.281,0.679,1.043
[*] Validation input tensor shape: torch.Size([32, 3, 384, 672])
                 Class     Images  Instances      Box(P          R      mAP50  mAP50-95)
                   all      10000     185578       0.72      0.477       0.53      0.301

           Epoch         GPU_mem        box_loss        cls_loss        dfl_loss       Instances            Size
Epoch 14/30, Batch 1/2188 (0.0%) - Loss: 92.006, box,cls,dfl: 1.209,0.665,1.001
Epoch 14/30, Batch 219/2188 (10.0%) - Loss: 96.912, box,cls,dfl: 1.310,0.672,1.046
Epoch 14/30, Batch 437/2188 (20.0%) - Loss: 100.723, box,cls,dfl: 1.419,0.727,1.002
Epoch 14/30, Batch 655/2188 (29.9%) - Loss: 87.863, box,cls,dfl: 1.151,0.641,0.954
Epoch 14/30, Batch 873/2188 (39.9%) - Loss: 103.747, box,cls,dfl: 1.407,0.751,1.084
Epoch 14/30, Batch 1091/2188 (49.9%) - Loss: 89.928, box,cls,dfl: 1.205,0.637,0.968
Epoch 14/30, Batch 1309/2188 (59.8%) - Loss: 87.531, box,cls,dfl: 1.125,0.636,0.974
Epoch 14/30, Batch 1527/2188 (69.8%) - Loss: 91.285, box,cls,dfl: 1.221,0.673,0.959
Epoch 14/30, Batch 1745/2188 (79.8%) - Loss: 85.586, box,cls,dfl: 1.156,0.599,0.919
Epoch 14/30, Batch 1963/2188 (89.7%) - Loss: 93.554, box,cls,dfl: 1.230,0.695,0.998
Epoch 14/30, Batch 2181/2188 (99.7%) - Loss: 94.890, box,cls,dfl: 1.259,0.667,1.039
[*] Validation input tensor shape: torch.Size([32, 3, 384, 672])
                 Class     Images  Instances      Box(P          R      mAP50  mAP50-95)
                   all      10000     185578      0.625      0.478      0.532      0.304

           Epoch         GPU_mem        box_loss        cls_loss        dfl_loss       Instances            Size
Epoch 15/30, Batch 1/2188 (0.0%) - Loss: 93.470, box,cls,dfl: 1.246,0.662,1.013
Epoch 15/30, Batch 219/2188 (10.0%) - Loss: 97.147, box,cls,dfl: 1.330,0.671,1.036
Epoch 15/30, Batch 437/2188 (20.0%) - Loss: 98.725, box,cls,dfl: 1.377,0.738,0.969
Epoch 15/30, Batch 655/2188 (29.9%) - Loss: 88.282, box,cls,dfl: 1.190,0.625,0.944
Epoch 15/30, Batch 873/2188 (39.9%) - Loss: 98.179, box,cls,dfl: 1.290,0.766,1.011
Epoch 15/30, Batch 1091/2188 (49.9%) - Loss: 86.450, box,cls,dfl: 1.142,0.611,0.949
Epoch 15/30, Batch 1309/2188 (59.8%) - Loss: 85.088, box,cls,dfl: 1.134,0.600,0.925
Epoch 15/30, Batch 1527/2188 (69.8%) - Loss: 90.214, box,cls,dfl: 1.232,0.646,0.942
Epoch 15/30, Batch 1745/2188 (79.8%) - Loss: 90.189, box,cls,dfl: 1.221,0.643,0.954
Epoch 15/30, Batch 1963/2188 (89.7%) - Loss: 89.826, box,cls,dfl: 1.193,0.637,0.977
Epoch 15/30, Batch 2181/2188 (99.7%) - Loss: 95.763, box,cls,dfl: 1.262,0.707,1.023
[*] Validation input tensor shape: torch.Size([32, 3, 384, 672])
                 Class     Images  Instances      Box(P          R      mAP50  mAP50-95)
                   all      10000     185578      0.631      0.482      0.535      0.306

           Epoch         GPU_mem        box_loss        cls_loss        dfl_loss       Instances            Size
Epoch 16/30, Batch 1/2188 (0.0%) - Loss: 93.860, box,cls,dfl: 1.240,0.676,1.018
Epoch 16/30, Batch 219/2188 (10.0%) - Loss: 92.499, box,cls,dfl: 1.219,0.658,1.014
Epoch 16/30, Batch 437/2188 (20.0%) - Loss: 99.585, box,cls,dfl: 1.407,0.711,0.995
Epoch 16/30, Batch 655/2188 (29.9%) - Loss: 87.404, box,cls,dfl: 1.154,0.610,0.967
Epoch 16/30, Batch 873/2188 (39.9%) - Loss: 100.543, box,cls,dfl: 1.316,0.772,1.055
Epoch 16/30, Batch 1091/2188 (49.9%) - Loss: 83.279, box,cls,dfl: 1.104,0.566,0.932
Epoch 16/30, Batch 1309/2188 (59.8%) - Loss: 82.457, box,cls,dfl: 1.055,0.577,0.944
Epoch 16/30, Batch 1527/2188 (69.8%) - Loss: 91.116, box,cls,dfl: 1.209,0.659,0.979
Epoch 16/30, Batch 1745/2188 (79.8%) - Loss: 92.910, box,cls,dfl: 1.254,0.671,0.979
Epoch 16/30, Batch 1963/2188 (89.7%) - Loss: 82.182, box,cls,dfl: 1.058,0.559,0.951
Epoch 16/30, Batch 2181/2188 (99.7%) - Loss: 90.835, box,cls,dfl: 1.188,0.659,0.992
[*] Validation input tensor shape: torch.Size([32, 3, 384, 672])
                 Class     Images  Instances      Box(P          R      mAP50  mAP50-95)
                   all      10000     185578      0.639      0.482      0.542       0.31

           Epoch         GPU_mem        box_loss        cls_loss        dfl_loss       Instances            Size
Epoch 17/30, Batch 1/2188 (0.0%) - Loss: 96.847, box,cls,dfl: 1.315,0.685,1.026
Epoch 17/30, Batch 219/2188 (10.0%) - Loss: 90.848, box,cls,dfl: 1.233,0.624,0.983
Epoch 17/30, Batch 437/2188 (20.0%) - Loss: 97.559, box,cls,dfl: 1.399,0.682,0.967
Epoch 17/30, Batch 655/2188 (29.9%) - Loss: 90.838, box,cls,dfl: 1.233,0.643,0.963
Epoch 17/30, Batch 873/2188 (39.9%) - Loss: 99.076, box,cls,dfl: 1.299,0.749,1.048
Epoch 17/30, Batch 1091/2188 (49.9%) - Loss: 85.617, box,cls,dfl: 1.120,0.620,0.936
Epoch 17/30, Batch 1309/2188 (59.8%) - Loss: 82.007, box,cls,dfl: 1.054,0.586,0.923
Epoch 17/30, Batch 1527/2188 (69.8%) - Loss: 93.230, box,cls,dfl: 1.248,0.710,0.955
Epoch 17/30, Batch 1745/2188 (79.8%) - Loss: 90.356, box,cls,dfl: 1.226,0.659,0.938
Epoch 17/30, Batch 1963/2188 (89.7%) - Loss: 94.111, box,cls,dfl: 1.249,0.709,0.983
Epoch 17/30, Batch 2181/2188 (99.7%) - Loss: 92.902, box,cls,dfl: 1.242,0.659,1.002
[*] Validation input tensor shape: torch.Size([32, 3, 384, 672])
                 Class     Images  Instances      Box(P          R      mAP50  mAP50-95)
                   all      10000     185578      0.634      0.487      0.542      0.312

           Epoch         GPU_mem        box_loss        cls_loss        dfl_loss       Instances            Size
Epoch 18/30, Batch 1/2188 (0.0%) - Loss: 88.136, box,cls,dfl: 1.148,0.646,0.960
Epoch 18/30, Batch 219/2188 (10.0%) - Loss: 92.802, box,cls,dfl: 1.257,0.646,0.997
Epoch 18/30, Batch 437/2188 (20.0%) - Loss: 98.449, box,cls,dfl: 1.396,0.673,1.007
Epoch 18/30, Batch 655/2188 (29.9%) - Loss: 88.604, box,cls,dfl: 1.210,0.600,0.958
Epoch 18/30, Batch 873/2188 (39.9%) - Loss: 96.619, box,cls,dfl: 1.252,0.757,1.010
Epoch 18/30, Batch 1091/2188 (49.9%) - Loss: 83.987, box,cls,dfl: 1.119,0.584,0.922
Epoch 18/30, Batch 1309/2188 (59.8%) - Loss: 83.880, box,cls,dfl: 1.093,0.586,0.942
Epoch 18/30, Batch 1527/2188 (69.8%) - Loss: 91.481, box,cls,dfl: 1.218,0.674,0.967
Epoch 18/30, Batch 1745/2188 (79.8%) - Loss: 92.408, box,cls,dfl: 1.238,0.658,0.992
Epoch 18/30, Batch 1963/2188 (89.7%) - Loss: 86.052, box,cls,dfl: 1.097,0.646,0.946
Epoch 18/30, Batch 2181/2188 (99.7%) - Loss: 93.589, box,cls,dfl: 1.230,0.685,1.010
[*] Validation input tensor shape: torch.Size([32, 3, 384, 672])
                 Class     Images  Instances      Box(P          R      mAP50  mAP50-95)
                   all      10000     185578      0.636      0.489      0.545      0.313

           Epoch         GPU_mem        box_loss        cls_loss        dfl_loss       Instances            Size
Epoch 19/30, Batch 1/2188 (0.0%) - Loss: 89.560, box,cls,dfl: 1.159,0.646,0.993
Epoch 19/30, Batch 219/2188 (10.0%) - Loss: 94.787, box,cls,dfl: 1.291,0.690,0.981
Epoch 19/30, Batch 437/2188 (20.0%) - Loss: 95.805, box,cls,dfl: 1.351,0.688,0.955
Epoch 19/30, Batch 655/2188 (29.9%) - Loss: 87.697, box,cls,dfl: 1.164,0.625,0.952
Epoch 19/30, Batch 873/2188 (39.9%) - Loss: 102.443, box,cls,dfl: 1.340,0.777,1.084
Epoch 19/30, Batch 1091/2188 (49.9%) - Loss: 86.558, box,cls,dfl: 1.169,0.593,0.942
Epoch 19/30, Batch 1309/2188 (59.8%) - Loss: 87.980, box,cls,dfl: 1.160,0.616,0.973
Epoch 19/30, Batch 1527/2188 (69.8%) - Loss: 87.138, box,cls,dfl: 1.154,0.627,0.942
Epoch 19/30, Batch 1745/2188 (79.8%) - Loss: 90.026, box,cls,dfl: 1.221,0.604,0.988
Epoch 19/30, Batch 1963/2188 (89.7%) - Loss: 85.362, box,cls,dfl: 1.121,0.623,0.924
Epoch 19/30, Batch 2181/2188 (99.7%) - Loss: 92.686, box,cls,dfl: 1.254,0.632,1.010
[*] Validation input tensor shape: torch.Size([32, 3, 384, 672])
                 Class     Images  Instances      Box(P          R      mAP50  mAP50-95)
                   all      10000     185578      0.632      0.492      0.546      0.315

           Epoch         GPU_mem        box_loss        cls_loss        dfl_loss       Instances            Size
Epoch 20/30, Batch 1/2188 (0.0%) - Loss: 90.875, box,cls,dfl: 1.212,0.654,0.975
Epoch 20/30, Batch 219/2188 (10.0%) - Loss: 96.436, box,cls,dfl: 1.307,0.667,1.039
Epoch 20/30, Batch 437/2188 (20.0%) - Loss: 98.846, box,cls,dfl: 1.418,0.674,0.997
Epoch 20/30, Batch 655/2188 (29.9%) - Loss: 83.855, box,cls,dfl: 1.104,0.588,0.928
Epoch 20/30, Batch 873/2188 (39.9%) - Loss: 96.317, box,cls,dfl: 1.295,0.693,1.023
Epoch 20/30, Batch 1091/2188 (49.9%) - Loss: 86.379, box,cls,dfl: 1.172,0.576,0.951
Epoch 20/30, Batch 1309/2188 (59.8%) - Loss: 83.275, box,cls,dfl: 1.073,0.592,0.937
Epoch 20/30, Batch 1527/2188 (69.8%) - Loss: 91.283, box,cls,dfl: 1.226,0.655,0.972
Epoch 20/30, Batch 1745/2188 (79.8%) - Loss: 86.030, box,cls,dfl: 1.157,0.592,0.939
Epoch 20/30, Batch 1963/2188 (89.7%) - Loss: 91.812, box,cls,dfl: 1.218,0.660,0.991
Epoch 20/30, Batch 2181/2188 (99.7%) - Loss: 93.103, box,cls,dfl: 1.244,0.665,1.000
[*] Validation input tensor shape: torch.Size([32, 3, 384, 672])
                 Class     Images  Instances      Box(P          R      mAP50  mAP50-95)
                   all      10000     185578      0.646      0.488      0.549      0.317

           Epoch         GPU_mem        box_loss        cls_loss        dfl_loss       Instances            Size
Epoch 21/30, Batch 1/2188 (0.0%) - Loss: 88.633, box,cls,dfl: 1.169,0.635,0.965
Epoch 21/30, Batch 219/2188 (10.0%) - Loss: 95.119, box,cls,dfl: 1.266,0.683,1.023
Epoch 21/30, Batch 437/2188 (20.0%) - Loss: 98.286, box,cls,dfl: 1.384,0.707,0.981
Epoch 21/30, Batch 655/2188 (29.9%) - Loss: 85.424, box,cls,dfl: 1.128,0.620,0.922
Epoch 21/30, Batch 873/2188 (39.9%) - Loss: 93.765, box,cls,dfl: 1.231,0.694,1.005
Epoch 21/30, Batch 1091/2188 (49.9%) - Loss: 82.632, box,cls,dfl: 1.116,0.541,0.925
Epoch 21/30, Batch 1309/2188 (59.8%) - Loss: 81.678, box,cls,dfl: 1.049,0.555,0.948
Epoch 21/30, Batch 1527/2188 (69.8%) - Loss: 88.639, box,cls,dfl: 1.170,0.656,0.944
Epoch 21/30, Batch 1745/2188 (79.8%) - Loss: 85.474, box,cls,dfl: 1.162,0.588,0.921
Epoch 21/30, Batch 1963/2188 (89.7%) - Loss: 84.189, box,cls,dfl: 1.136,0.584,0.912
Epoch 21/30, Batch 2181/2188 (99.7%) - Loss: 95.085, box,cls,dfl: 1.283,0.642,1.047
[*] Validation input tensor shape: torch.Size([32, 3, 384, 672])
                 Class     Images  Instances      Box(P          R      mAP50  mAP50-95)
                   all      10000     185578      0.637      0.499      0.552      0.319

           Epoch         GPU_mem        box_loss        cls_loss        dfl_loss       Instances            Size
Epoch 22/30, Batch 1/2188 (0.0%) - Loss: 90.677, box,cls,dfl: 1.200,0.638,0.995
Epoch 22/30, Batch 219/2188 (10.0%) - Loss: 87.651, box,cls,dfl: 1.181,0.621,0.938
Epoch 22/30, Batch 437/2188 (20.0%) - Loss: 95.921, box,cls,dfl: 1.351,0.676,0.971
Epoch 22/30, Batch 655/2188 (29.9%) - Loss: 86.010, box,cls,dfl: 1.167,0.576,0.946
Epoch 22/30, Batch 873/2188 (39.9%) - Loss: 98.398, box,cls,dfl: 1.312,0.718,1.046
Epoch 22/30, Batch 1091/2188 (49.9%) - Loss: 84.175, box,cls,dfl: 1.139,0.552,0.940
Epoch 22/30, Batch 1309/2188 (59.8%) - Loss: 86.398, box,cls,dfl: 1.123,0.617,0.960
Epoch 22/30, Batch 1527/2188 (69.8%) - Loss: 93.195, box,cls,dfl: 1.241,0.664,1.007
Epoch 22/30, Batch 1745/2188 (79.8%) - Loss: 86.504, box,cls,dfl: 1.153,0.594,0.956
Epoch 22/30, Batch 1963/2188 (89.7%) - Loss: 87.431, box,cls,dfl: 1.168,0.616,0.948
Epoch 22/30, Batch 2181/2188 (99.7%) - Loss: 92.922, box,cls,dfl: 1.253,0.633,1.018
[*] Validation input tensor shape: torch.Size([32, 3, 384, 672])
                 Class     Images  Instances      Box(P          R      mAP50  mAP50-95)
                   all      10000     185578      0.732      0.507      0.554       0.32

           Epoch         GPU_mem        box_loss        cls_loss        dfl_loss       Instances            Size
Epoch 23/30, Batch 1/2188 (0.0%) - Loss: 87.844, box,cls,dfl: 1.140,0.632,0.974
Epoch 23/30, Batch 219/2188 (10.0%) - Loss: 93.873, box,cls,dfl: 1.269,0.675,0.989
Epoch 23/30, Batch 437/2188 (20.0%) - Loss: 101.196, box,cls,dfl: 1.407,0.707,1.048
Epoch 23/30, Batch 655/2188 (29.9%) - Loss: 83.559, box,cls,dfl: 1.128,0.565,0.919
Epoch 23/30, Batch 873/2188 (39.9%) - Loss: 95.043, box,cls,dfl: 1.273,0.709,0.988
Epoch 23/30, Batch 1091/2188 (49.9%) - Loss: 82.351, box,cls,dfl: 1.082,0.567,0.924
Epoch 23/30, Batch 1309/2188 (59.8%) - Loss: 86.280, box,cls,dfl: 1.115,0.600,0.981
Epoch 23/30, Batch 1527/2188 (69.8%) - Loss: 87.126, box,cls,dfl: 1.151,0.628,0.943
Epoch 23/30, Batch 1745/2188 (79.8%) - Loss: 86.017, box,cls,dfl: 1.147,0.583,0.959
Epoch 23/30, Batch 1963/2188 (89.7%) - Loss: 87.843, box,cls,dfl: 1.181,0.612,0.952
Epoch 23/30, Batch 2181/2188 (99.7%) - Loss: 90.236, box,cls,dfl: 1.209,0.625,0.986
[*] Validation input tensor shape: torch.Size([32, 3, 384, 672])
                 Class     Images  Instances      Box(P          R      mAP50  mAP50-95)
                   all      10000     185578      0.642      0.496      0.552      0.319

           Epoch         GPU_mem        box_loss        cls_loss        dfl_loss       Instances            Size
Epoch 24/30, Batch 1/2188 (0.0%) - Loss: 86.783, box,cls,dfl: 1.147,0.616,0.949
Epoch 24/30, Batch 219/2188 (10.0%) - Loss: 91.558, box,cls,dfl: 1.241,0.618,1.002
Epoch 24/30, Batch 437/2188 (20.0%) - Loss: 95.086, box,cls,dfl: 1.339,0.671,0.962
Epoch 24/30, Batch 655/2188 (29.9%) - Loss: 82.874, box,cls,dfl: 1.100,0.560,0.929
Epoch 24/30, Batch 873/2188 (39.9%) - Loss: 98.058, box,cls,dfl: 1.285,0.756,1.023
Epoch 24/30, Batch 1091/2188 (49.9%) - Loss: 86.205, box,cls,dfl: 1.156,0.583,0.955
Epoch 24/30, Batch 1309/2188 (59.8%) - Loss: 83.995, box,cls,dfl: 1.090,0.573,0.962
Epoch 24/30, Batch 1527/2188 (69.8%) - Loss: 90.505, box,cls,dfl: 1.216,0.653,0.959
Epoch 24/30, Batch 1745/2188 (79.8%) - Loss: 85.660, box,cls,dfl: 1.158,0.563,0.956
Epoch 24/30, Batch 1963/2188 (89.7%) - Loss: 91.312, box,cls,dfl: 1.219,0.674,0.960
Epoch 24/30, Batch 2181/2188 (99.7%) - Loss: 90.835, box,cls,dfl: 1.238,0.589,1.012
[*] Validation input tensor shape: torch.Size([32, 3, 384, 672])
                 Class     Images  Instances      Box(P          R      mAP50  mAP50-95)
                   all      10000     185578       0.64      0.503      0.558      0.322

           Epoch         GPU_mem        box_loss        cls_loss        dfl_loss       Instances            Size
Epoch 25/30, Batch 1/2188 (0.0%) - Loss: 83.869, box,cls,dfl: 1.091,0.568,0.962
Epoch 25/30, Batch 219/2188 (10.0%) - Loss: 90.204, box,cls,dfl: 1.255,0.589,0.975
Epoch 25/30, Batch 437/2188 (20.0%) - Loss: 99.009, box,cls,dfl: 1.411,0.691,0.993
Epoch 25/30, Batch 655/2188 (29.9%) - Loss: 85.928, box,cls,dfl: 1.169,0.559,0.957
Epoch 25/30, Batch 873/2188 (39.9%) - Loss: 94.056, box,cls,dfl: 1.235,0.695,1.010
Epoch 25/30, Batch 1091/2188 (49.9%) - Loss: 85.957, box,cls,dfl: 1.174,0.581,0.932
Epoch 25/30, Batch 1309/2188 (59.8%) - Loss: 81.996, box,cls,dfl: 1.079,0.536,0.947
Epoch 25/30, Batch 1527/2188 (69.8%) - Loss: 89.926, box,cls,dfl: 1.212,0.619,0.980
Epoch 25/30, Batch 1745/2188 (79.8%) - Loss: 87.584, box,cls,dfl: 1.162,0.612,0.963
Epoch 25/30, Batch 1963/2188 (89.7%) - Loss: 86.976, box,cls,dfl: 1.169,0.608,0.941
Epoch 25/30, Batch 2181/2188 (99.7%) - Loss: 93.784, box,cls,dfl: 1.253,0.623,1.056
[*] Validation input tensor shape: torch.Size([32, 3, 384, 672])
                 Class     Images  Instances      Box(P          R      mAP50  mAP50-95)
                   all      10000     185578      0.735      0.507      0.558      0.323

           Epoch         GPU_mem        box_loss        cls_loss        dfl_loss       Instances            Size
Epoch 26/30, Batch 1/2188 (0.0%) - Loss: 90.232, box,cls,dfl: 1.199,0.614,1.007
Epoch 26/30, Batch 219/2188 (10.0%) - Loss: 91.271, box,cls,dfl: 1.225,0.653,0.974
Epoch 26/30, Batch 437/2188 (20.0%) - Loss: 95.127, box,cls,dfl: 1.352,0.658,0.962
Epoch 26/30, Batch 655/2188 (29.9%) - Loss: 84.667, box,cls,dfl: 1.128,0.572,0.946
Epoch 26/30, Batch 873/2188 (39.9%) - Loss: 89.959, box,cls,dfl: 1.204,0.626,0.981
Epoch 26/30, Batch 1091/2188 (49.9%) - Loss: 87.387, box,cls,dfl: 1.195,0.576,0.960
Epoch 26/30, Batch 1309/2188 (59.8%) - Loss: 79.136, box,cls,dfl: 1.030,0.533,0.910
Epoch 26/30, Batch 1527/2188 (69.8%) - Loss: 87.853, box,cls,dfl: 1.179,0.596,0.970
Epoch 26/30, Batch 1745/2188 (79.8%) - Loss: 85.535, box,cls,dfl: 1.147,0.551,0.975
Epoch 26/30, Batch 1963/2188 (89.7%) - Loss: 86.760, box,cls,dfl: 1.159,0.609,0.943
Epoch 26/30, Batch 2181/2188 (99.7%) - Loss: 92.555, box,cls,dfl: 1.237,0.607,1.049
[*] Validation input tensor shape: torch.Size([32, 3, 384, 672])
                 Class     Images  Instances      Box(P          R      mAP50  mAP50-95)
                   all      10000     185578       0.64      0.504      0.558      0.323

           Epoch         GPU_mem        box_loss        cls_loss        dfl_loss       Instances            Size
Epoch 27/30, Batch 1/2188 (0.0%) - Loss: 87.349, box,cls,dfl: 1.151,0.607,0.972
Epoch 27/30, Batch 219/2188 (10.0%) - Loss: 86.535, box,cls,dfl: 1.172,0.599,0.933
Epoch 27/30, Batch 437/2188 (20.0%) - Loss: 93.972, box,cls,dfl: 1.353,0.641,0.943
Epoch 27/30, Batch 655/2188 (29.9%) - Loss: 83.583, box,cls,dfl: 1.119,0.558,0.935
Epoch 27/30, Batch 873/2188 (39.9%) - Loss: 94.812, box,cls,dfl: 1.273,0.682,1.008
Epoch 27/30, Batch 1091/2188 (49.9%) - Loss: 83.977, box,cls,dfl: 1.139,0.550,0.935
Epoch 27/30, Batch 1309/2188 (59.8%) - Loss: 82.655, box,cls,dfl: 1.070,0.563,0.949
Epoch 27/30, Batch 1527/2188 (69.8%) - Loss: 88.037, box,cls,dfl: 1.213,0.597,0.941
Epoch 27/30, Batch 1745/2188 (79.8%) - Loss: 87.263, box,cls,dfl: 1.173,0.593,0.961
Epoch 27/30, Batch 1963/2188 (89.7%) - Loss: 88.789, box,cls,dfl: 1.211,0.605,0.958
Epoch 27/30, Batch 2181/2188 (99.7%) - Loss: 94.742, box,cls,dfl: 1.277,0.625,1.060
[*] Validation input tensor shape: torch.Size([32, 3, 384, 672])
                 Class     Images  Instances      Box(P          R      mAP50  mAP50-95)
                   all      10000     185578      0.639      0.503      0.559      0.324

           Epoch         GPU_mem        box_loss        cls_loss        dfl_loss       Instances            Size
Epoch 28/30, Batch 1/2188 (0.0%) - Loss: 87.615, box,cls,dfl: 1.158,0.589,0.991
Epoch 28/30, Batch 219/2188 (10.0%) - Loss: 85.443, box,cls,dfl: 1.145,0.591,0.934
Epoch 28/30, Batch 437/2188 (20.0%) - Loss: 94.293, box,cls,dfl: 1.352,0.650,0.944
Epoch 28/30, Batch 655/2188 (29.9%) - Loss: 82.464, box,cls,dfl: 1.115,0.552,0.910
Epoch 28/30, Batch 873/2188 (39.9%) - Loss: 93.307, box,cls,dfl: 1.236,0.653,1.027
Epoch 28/30, Batch 1091/2188 (49.9%) - Loss: 81.163, box,cls,dfl: 1.077,0.529,0.930
Epoch 28/30, Batch 1309/2188 (59.8%) - Loss: 76.726, box,cls,dfl: 0.986,0.518,0.894
Epoch 28/30, Batch 1527/2188 (69.8%) - Loss: 90.803, box,cls,dfl: 1.221,0.654,0.962
Epoch 28/30, Batch 1745/2188 (79.8%) - Loss: 81.984, box,cls,dfl: 1.089,0.541,0.931
Epoch 28/30, Batch 1963/2188 (89.7%) - Loss: 86.362, box,cls,dfl: 1.131,0.615,0.953
Epoch 28/30, Batch 2181/2188 (99.7%) - Loss: 91.104, box,cls,dfl: 1.202,0.639,1.006
[*] Validation input tensor shape: torch.Size([32, 3, 384, 672])
                 Class     Images  Instances      Box(P          R      mAP50  mAP50-95)
                   all      10000     185578      0.747      0.502      0.561      0.325

           Epoch         GPU_mem        box_loss        cls_loss        dfl_loss       Instances            Size
Epoch 29/30, Batch 1/2188 (0.0%) - Loss: 87.918, box,cls,dfl: 1.165,0.588,0.995
Epoch 29/30, Batch 219/2188 (10.0%) - Loss: 85.566, box,cls,dfl: 1.160,0.561,0.954
Epoch 29/30, Batch 437/2188 (20.0%) - Loss: 95.185, box,cls,dfl: 1.327,0.674,0.973
Epoch 29/30, Batch 655/2188 (29.9%) - Loss: 83.190, box,cls,dfl: 1.126,0.565,0.909
Epoch 29/30, Batch 873/2188 (39.9%) - Loss: 90.420, box,cls,dfl: 1.200,0.665,0.960
Epoch 29/30, Batch 1091/2188 (49.9%) - Loss: 84.384, box,cls,dfl: 1.135,0.545,0.957
Epoch 29/30, Batch 1309/2188 (59.8%) - Loss: 80.082, box,cls,dfl: 1.060,0.533,0.909
Epoch 29/30, Batch 1527/2188 (69.8%) - Loss: 88.457, box,cls,dfl: 1.200,0.588,0.976
Epoch 29/30, Batch 1745/2188 (79.8%) - Loss: 84.551, box,cls,dfl: 1.115,0.577,0.951
Epoch 29/30, Batch 1963/2188 (89.7%) - Loss: 85.076, box,cls,dfl: 1.138,0.577,0.943
Epoch 29/30, Batch 2181/2188 (99.7%) - Loss: 90.678, box,cls,dfl: 1.224,0.615,0.995
[*] Validation input tensor shape: torch.Size([32, 3, 384, 672])
                 Class     Images  Instances      Box(P          R      mAP50  mAP50-95)
                   all      10000     185578      0.644      0.503       0.56      0.324

           Epoch         GPU_mem        box_loss        cls_loss        dfl_loss       Instances            Size
Epoch 30/30, Batch 1/2188 (0.0%) - Loss: 87.088, box,cls,dfl: 1.144,0.589,0.989
Epoch 30/30, Batch 219/2188 (10.0%) - Loss: 87.329, box,cls,dfl: 1.168,0.570,0.991
Epoch 30/30, Batch 437/2188 (20.0%) - Loss: 93.907, box,cls,dfl: 1.339,0.645,0.951
Epoch 30/30, Batch 655/2188 (29.9%) - Loss: 85.193, box,cls,dfl: 1.135,0.569,0.958
Epoch 30/30, Batch 873/2188 (39.9%) - Loss: 95.273, box,cls,dfl: 1.210,0.744,1.023
Epoch 30/30, Batch 1091/2188 (49.9%) - Loss: 82.833, box,cls,dfl: 1.125,0.535,0.928
Epoch 30/30, Batch 1309/2188 (59.8%) - Loss: 77.010, box,cls,dfl: 1.001,0.498,0.908
Epoch 30/30, Batch 1527/2188 (69.8%) - Loss: 88.760, box,cls,dfl: 1.169,0.616,0.988
Epoch 30/30, Batch 1745/2188 (79.8%) - Loss: 82.308, box,cls,dfl: 1.092,0.545,0.935
Epoch 30/30, Batch 1963/2188 (89.7%) - Loss: 82.958, box,cls,dfl: 1.112,0.548,0.932
Epoch 30/30, Batch 2181/2188 (99.7%) - Loss: 89.709, box,cls,dfl: 1.192,0.600,1.012
[*] Validation input tensor shape: torch.Size([32, 3, 384, 672])
                 Class     Images  Instances      Box(P          R      mAP50  mAP50-95)
                   all      10000     185578      0.638       0.51       0.56      0.324

30 epochs completed in 2.429 hours.
Optimizer stripped from runs/bdd100k/detect/baseline-yolov12l/train/weights/last.pt, 53.7MB
Optimizer stripped from runs/bdd100k/detect/baseline-yolov12l/train/weights/best.pt, 53.7MB

Validating runs/bdd100k/detect/baseline-yolov12l/train/weights/best.pt...
Ultralytics 8.3.63 🚀 Python-3.11.13 torch-2.2.2+cu121 CUDA:0 (NVIDIA RTX 6000 Ada Generation, 48509MiB)
                                                       CUDA:1 (NVIDIA RTX 6000 Ada Generation, 48509MiB)
YOLOv12l summary (fused): 674 layers, 26,401,262 parameters, 0 gradients, 82.1 GFLOPs

[*] FLOPs calculated at resolution: 384x672
| module                 | #parameters or shape   | #flops   |
|:-----------------------|:-----------------------|:---------|
| base_model.model.model | 26.401M                | 25.861G  |
| 0.conv                 | 1.792K                 | 0.111G   |
| 0.conv.weight          | (64, 3, 3, 3)          |          |
| 0.conv.bias            | (64,)                  |          |
| 1.conv                 | 36.992K                | 0.595G   |
| 1.conv.weight          | (128, 32, 3, 3)        |          |
| 1.conv.bias            | (128,)                 |          |
| 2                      | 0.173M                 | 2.775G   |
| 2.cv1.conv             | 16.512K                | 0.264G   |
| 2.cv1.conv.weight      | (128, 128, 1, 1)       |          |
| 2.cv1.conv.bias        | (128,)                 |          |
| 2.cv2.conv             | 65.792K                | 1.057G   |
| 2.cv2.conv.weight      | (256, 256, 1, 1)       |          |
| 2.cv2.conv.bias        | (256,)                 |          |
| 2.m                    | 90.624K                | 1.453G   |
| 2.m.0                  | 45.312K                | 0.727G   |
| 2.m.1                  | 45.312K                | 0.727G   |
| 3.conv                 | 0.148M                 | 0.595G   |
| 3.conv.weight          | (256, 64, 3, 3)        |          |
| 3.conv.bias            | (256,)                 |          |
| 4                      | 0.69M                  | 2.775G   |
| 4.cv1.conv             | 65.792K                | 0.264G   |
| 4.cv1.conv.weight      | (256, 256, 1, 1)       |          |
| 4.cv1.conv.bias        | (256,)                 |          |
| 4.cv2.conv             | 0.263M                 | 1.057G   |
| 4.cv2.conv.weight      | (512, 512, 1, 1)       |          |
| 4.cv2.conv.bias        | (512,)                 |          |
| 4.m                    | 0.361M                 | 1.453G   |
| 4.m.0                  | 0.181M                 | 0.727G   |
| 4.m.1                  | 0.181M                 | 0.727G   |
| 5.conv                 | 2.36M                  | 2.378G   |
| 5.conv.weight          | (512, 512, 3, 3)       |          |
| 5.conv.bias            | (512,)                 |          |
| 6                      | 4.524M                 | 4.544G   |
| 6.gamma                | (512,)                 |          |
| 6.cv1.conv             | 0.131M                 | 0.132G   |
| 6.cv1.conv.weight      | (256, 512, 1, 1)       |          |
| 6.cv1.conv.bias        | (256,)                 |          |
| 6.cv2.conv             | 0.656M                 | 0.661G   |
| 6.cv2.conv.weight      | (512, 1280, 1, 1)      |          |
| 6.cv2.conv.bias        | (512,)                 |          |
| 6.m                    | 3.737M                 | 3.751G   |
| 6.m.0                  | 0.934M                 | 0.938G   |
| 6.m.1                  | 0.934M                 | 0.938G   |
| 6.m.2                  | 0.934M                 | 0.938G   |
| 6.m.3                  | 0.934M                 | 0.938G   |
| 7.conv                 | 2.36M                  | 0.595G   |
| 7.conv.weight          | (512, 512, 3, 3)       |          |
| 7.conv.bias            | (512,)                 |          |
| 8                      | 4.524M                 | 1.136G   |
| 8.gamma                | (512,)                 |          |
| 8.cv1.conv             | 0.131M                 | 33.03M   |
| 8.cv1.conv.weight      | (256, 512, 1, 1)       |          |
| 8.cv1.conv.bias        | (256,)                 |          |
| 8.cv2.conv             | 0.656M                 | 0.165G   |
| 8.cv2.conv.weight      | (512, 1280, 1, 1)      |          |
| 8.cv2.conv.bias        | (512,)                 |          |
| 8.m                    | 3.737M                 | 0.938G   |
| 8.m.0                  | 0.934M                 | 0.234G   |
| 8.m.1                  | 0.934M                 | 0.234G   |
| 8.m.2                  | 0.934M                 | 0.234G   |
| 8.m.3                  | 0.934M                 | 0.234G   |
| 11                     | 2.1M                   | 2.114G   |
| 11.cv1.conv            | 0.262M                 | 0.264G   |
| 11.cv1.conv.weight     | (256, 1024, 1, 1)      |          |
| 11.cv1.conv.bias       | (256,)                 |          |
| 11.cv2.conv            | 0.394M                 | 0.396G   |
| 11.cv2.conv.weight     | (512, 768, 1, 1)       |          |
| 11.cv2.conv.bias       | (512,)                 |          |
| 11.m                   | 1.444M                 | 1.453G   |
| 11.m.0                 | 0.722M                 | 0.727G   |
| 11.m.1                 | 0.722M                 | 0.727G   |
| 14                     | 0.591M                 | 2.378G   |
| 14.cv1.conv            | 0.131M                 | 0.528G   |
| 14.cv1.conv.weight     | (128, 1024, 1, 1)      |          |
| 14.cv1.conv.bias       | (128,)                 |          |
| 14.cv2.conv            | 98.56K                 | 0.396G   |
| 14.cv2.conv.weight     | (256, 384, 1, 1)       |          |
| 14.cv2.conv.bias       | (256,)                 |          |
| 14.m                   | 0.361M                 | 1.453G   |
| 14.m.0                 | 0.181M                 | 0.727G   |
| 14.m.1                 | 0.181M                 | 0.727G   |
| 15.conv                | 0.59M                  | 0.595G   |
| 15.conv.weight         | (256, 256, 3, 3)       |          |
| 15.conv.bias           | (256,)                 |          |
| 17                     | 2.034M                 | 2.048G   |
| 17.cv1.conv            | 0.197M                 | 0.198G   |
| 17.cv1.conv.weight     | (256, 768, 1, 1)       |          |
| 17.cv1.conv.bias       | (256,)                 |          |
| 17.cv2.conv            | 0.394M                 | 0.396G   |
| 17.cv2.conv.weight     | (512, 768, 1, 1)       |          |
| 17.cv2.conv.bias       | (512,)                 |          |
| 17.m                   | 1.444M                 | 1.453G   |
| 17.m.0                 | 0.722M                 | 0.727G   |
| 17.m.1                 | 0.722M                 | 0.727G   |
| 18.conv                | 2.36M                  | 0.595G   |
| 18.conv.weight         | (512, 512, 3, 3)       |          |
| 18.conv.bias           | (512,)                 |          |
| 20                     | 2.493M                 | 0.628G   |
| 20.cv1.conv            | 0.525M                 | 0.132G   |
| 20.cv1.conv.weight     | (512, 1024, 1, 1)      |          |
| 20.cv1.conv.bias       | (512,)                 |          |
| 20.cv2.conv            | 0.525M                 | 0.132G   |
| 20.cv2.conv.weight     | (512, 1024, 1, 1)      |          |
| 20.cv2.conv.bias       | (512,)                 |          |
| 20.m                   | 1.444M                 | 0.363G   |
| 20.m.0                 | 0.722M                 | 0.182G   |
| 20.m.1                 | 0.722M                 | 0.182G   |
| 21                     | 1.415M                 | 2G       |
| 21.cv2                 | 0.861M                 | 1.183G   |
| 21.cv2.0               | 0.189M                 | 0.76G    |
| 21.cv2.1               | 0.336M                 | 0.339G   |
| 21.cv2.2               | 0.336M                 | 84.64M   |
| 21.cv3                 | 0.554M                 | 0.817G   |
| 21.cv3.0               | 0.139M                 | 0.557G   |
| 21.cv3.1               | 0.207M                 | 0.208G   |
| 21.cv3.2               | 0.207M                 | 51.932M  |
| 21.dfl.conv            | 16                     | 0.339M   |
| 21.dfl.conv.weight     | (1, 16, 1, 1)          |          |
| 9                      |                        | 0.516M   |
| 12                     |                        | 2.064M   |
  MACs  : 25.86 GMACs
  FLOPs : 51.72 GFLOPs
[*] Validation input tensor shape: torch.Size([32, 3, 384, 672])
                 Class     Images  Instances      Box(P          R      mAP50  mAP50-95)
                   all      10000     185578      0.746      0.502      0.561      0.325
                person       3220      13265      0.762       0.58      0.665      0.347
                 rider        515        649      0.697      0.445      0.498      0.261
                   car       9879     102540      0.826      0.726      0.804      0.509
                   bus       1242       1597      0.709       0.57      0.652      0.506
                 truck       2689       4247      0.662      0.619      0.661      0.489
                  bike        578       1007      0.627      0.468       0.51      0.259
                 motor        334        452       0.68      0.469      0.491       0.25
         traffic light       5653      26891      0.751      0.534      0.624      0.247
          traffic sign       8221      34915      0.749       0.61      0.688      0.373
                 train         14         15          1          0      0.012    0.00472
Speed: 0.0ms preprocess, 1.2ms inference, 0.0ms loss, 0.3ms postprocess per image
Results saved to [1mruns/bdd100k/detect/baseline-yolov12l/train[0m
