# {"dataset": "kitti", "cache": "/home/hslee/Desktop/Embedded_AI/context-anydepth-det/anydepth-yolov12/method01_advantage_regress/outputs/kitti/cache_train.pt", "val_cache": "/home/hslee/Desktop/Embedded_AI/context-anydepth-det/anydepth-yolov12/method01_advantage_regress/outputs/kitti/cache_val.pt", "flops": "/home/hslee/Desktop/Embedded_AI/context-anydepth-det/anydepth-yolov12/method01_advantage_regress/outputs/kitti/flops_table.json", "epochs": 300, "batch": 256, "lr": 0.001, "lambda_flops": 1.0, "lambda_uni": 0.1, "hidden": 128, "group_dim": 64, "path_dim": 768, "feat": "input", "norm": "batch", "dropout": 0.0, "weight_decay": 0.0, "select": "val_corr", "mode": "regress", "regress_loss": "mse", "margin": 0.0, "prev_p": 0.5, "seed": 0, "device": "cuda:0", "out": "method01_advantage_regress/outputs/kitti/B1_pd768/policy_input_s0.pt", "logdir": "method01_advantage_regress/outputs/kitti/B1_pd768/logs", "tag": "B1_pd768_s0"}
epoch	total	l_acc	l_flops	l_uni	p_super	val_p_super	val_l_acc
0	0.20696	0.20696	0.00000	0.00000	0.1017	0.0556	0.05067
1	0.04601	0.04601	0.00000	0.00000	0.1233	0.1018	0.04199
2	0.04280	0.04280	0.00000	0.00000	0.1097	0.1014	0.04177
3	0.04197	0.04197	0.00000	0.00000	0.1121	0.1143	0.04115
4	0.04195	0.04195	0.00000	0.00000	0.1096	0.1275	0.04147
5	0.04029	0.04029	0.00000	0.00000	0.1118	0.0844	0.04066
6	0.03984	0.03984	0.00000	0.00000	0.1120	0.0971	0.04118
7	0.03942	0.03942	0.00000	0.00000	0.1097	0.1115	0.04030
8	0.03955	0.03955	0.00000	0.00000	0.1131	0.1147	0.03897
9	0.03851	0.03851	0.00000	0.00000	0.1104	0.0812	0.04071
10	0.03735	0.03735	0.00000	0.00000	0.1119	0.1420	0.04037
11	0.03659	0.03659	0.00000	0.00000	0.1128	0.1297	0.04027
12	0.03731	0.03731	0.00000	0.00000	0.1116	0.1315	0.04177
13	0.03587	0.03587	0.00000	0.00000	0.1129	0.0997	0.03923
14	0.03505	0.03505	0.00000	0.00000	0.1104	0.1476	0.04060
15	0.03453	0.03453	0.00000	0.00000	0.1099	0.1483	0.04303
16	0.03670	0.03670	0.00000	0.00000	0.1138	0.0982	0.04318
17	0.03450	0.03450	0.00000	0.00000	0.1115	0.0717	0.04196
18	0.03504	0.03504	0.00000	0.00000	0.1083	0.1236	0.04195
19	0.03490	0.03490	0.00000	0.00000	0.1141	0.0732	0.04268
20	0.03445	0.03445	0.00000	0.00000	0.1098	0.1243	0.04065
21	0.03349	0.03349	0.00000	0.00000	0.1125	0.1301	0.04097
22	0.03184	0.03184	0.00000	0.00000	0.1132	0.1034	0.04042
23	0.03393	0.03393	0.00000	0.00000	0.1096	0.1348	0.04306
24	0.03151	0.03151	0.00000	0.00000	0.1119	0.0886	0.03972
25	0.03073	0.03073	0.00000	0.00000	0.1118	0.0662	0.04147
26	0.03206	0.03206	0.00000	0.00000	0.1089	0.1153	0.04183
27	0.03174	0.03174	0.00000	0.00000	0.1118	0.1297	0.04437
28	0.03341	0.03341	0.00000	0.00000	0.1138	0.0767	0.04710
29	0.03218	0.03218	0.00000	0.00000	0.1079	0.1289	0.04045
30	0.02973	0.02973	0.00000	0.00000	0.1121	0.1201	0.04211
31	0.02930	0.02930	0.00000	0.00000	0.1131	0.1115	0.04238
32	0.02985	0.02985	0.00000	0.00000	0.1124	0.0861	0.04571
33	0.03133	0.03133	0.00000	0.00000	0.1121	0.0852	0.04161
34	0.02961	0.02961	0.00000	0.00000	0.1113	0.1256	0.04009
35	0.02809	0.02809	0.00000	0.00000	0.1127	0.1260	0.04428
36	0.02842	0.02842	0.00000	0.00000	0.1132	0.0607	0.04325
37	0.02853	0.02853	0.00000	0.00000	0.1083	0.1204	0.04040
38	0.02764	0.02764	0.00000	0.00000	0.1119	0.1097	0.04350
39	0.02740	0.02740	0.00000	0.00000	0.1123	0.0954	0.04239
40	0.02772	0.02772	0.00000	0.00000	0.1119	0.1198	0.04280
41	0.02796	0.02796	0.00000	0.00000	0.1128	0.0567	0.04331
42	0.02790	0.02790	0.00000	0.00000	0.1090	0.0956	0.04361
43	0.02736	0.02736	0.00000	0.00000	0.1119	0.1128	0.04291
44	0.02643	0.02643	0.00000	0.00000	0.1135	0.1163	0.04003
45	0.02626	0.02626	0.00000	0.00000	0.1116	0.1149	0.04022
46	0.02868	0.02868	0.00000	0.00000	0.1135	0.0938	0.04198
47	0.02500	0.02500	0.00000	0.00000	0.1122	0.0852	0.04452
48	0.02536	0.02536	0.00000	0.00000	0.1113	0.1290	0.04251
49	0.02601	0.02601	0.00000	0.00000	0.1123	0.0927	0.04244
50	0.02621	0.02621	0.00000	0.00000	0.1129	0.1143	0.04360
51	0.02483	0.02483	0.00000	0.00000	0.1123	0.0949	0.04258
52	0.02467	0.02467	0.00000	0.00000	0.1089	0.1397	0.04436
53	0.02420	0.02420	0.00000	0.00000	0.1138	0.1150	0.04379
54	0.02403	0.02403	0.00000	0.00000	0.1103	0.1176	0.04260
55	0.02325	0.02325	0.00000	0.00000	0.1118	0.1057	0.04462
56	0.02279	0.02279	0.00000	0.00000	0.1129	0.0805	0.04299
57	0.02289	0.02289	0.00000	0.00000	0.1110	0.0969	0.04346
58	0.02325	0.02325	0.00000	0.00000	0.1136	0.0567	0.05031
59	0.02423	0.02423	0.00000	0.00000	0.1076	0.0967	0.04358
60	0.02230	0.02230	0.00000	0.00000	0.1132	0.0981	0.04555
61	0.02335	0.02335	0.00000	0.00000	0.1131	0.0835	0.04573
62	0.02199	0.02199	0.00000	0.00000	0.1103	0.1075	0.04428
63	0.02285	0.02285	0.00000	0.00000	0.1107	0.1065	0.04457
64	0.02243	0.02243	0.00000	0.00000	0.1122	0.0993	0.04355
65	0.02228	0.02228	0.00000	0.00000	0.1109	0.1144	0.04366
66	0.02123	0.02123	0.00000	0.00000	0.1115	0.1136	0.04638
67	0.02256	0.02256	0.00000	0.00000	0.1115	0.1235	0.05301
68	0.02200	0.02200	0.00000	0.00000	0.1115	0.1066	0.04261
69	0.02111	0.02111	0.00000	0.00000	0.1139	0.0774	0.04798
70	0.02158	0.02158	0.00000	0.00000	0.1094	0.1247	0.04325
71	0.01975	0.01975	0.00000	0.00000	0.1119	0.0809	0.04418
72	0.02065	0.02065	0.00000	0.00000	0.1102	0.1410	0.04429
73	0.02098	0.02098	0.00000	0.00000	0.1134	0.0860	0.04615
74	0.02008	0.02008	0.00000	0.00000	0.1108	0.0856	0.04431
75	0.02077	0.02077	0.00000	0.00000	0.1134	0.0559	0.04607
76	0.02051	0.02051	0.00000	0.00000	0.1116	0.0616	0.04568
77	0.01988	0.01988	0.00000	0.00000	0.1097	0.1040	0.04282
78	0.01904	0.01904	0.00000	0.00000	0.1123	0.0775	0.04458
79	0.01873	0.01873	0.00000	0.00000	0.1100	0.1205	0.04477
80	0.01895	0.01895	0.00000	0.00000	0.1125	0.1107	0.04391
81	0.01864	0.01864	0.00000	0.00000	0.1118	0.1050	0.04575
82	0.01922	0.01922	0.00000	0.00000	0.1088	0.1660	0.04670
83	0.01979	0.01979	0.00000	0.00000	0.1113	0.1479	0.04601
84	0.01953	0.01953	0.00000	0.00000	0.1126	0.1132	0.04550
85	0.01907	0.01907	0.00000	0.00000	0.1125	0.1061	0.04487
86	0.01886	0.01886	0.00000	0.00000	0.1108	0.1183	0.04681
87	0.01891	0.01891	0.00000	0.00000	0.1147	0.0678	0.04597
88	0.01899	0.01899	0.00000	0.00000	0.1106	0.0702	0.04718
89	0.01829	0.01829	0.00000	0.00000	0.1104	0.1155	0.04621
90	0.01853	0.01853	0.00000	0.00000	0.1111	0.0897	0.04731
91	0.01784	0.01784	0.00000	0.00000	0.1132	0.1016	0.04338
92	0.01796	0.01796	0.00000	0.00000	0.1107	0.0822	0.04491
93	0.01732	0.01732	0.00000	0.00000	0.1091	0.1227	0.04382
94	0.01839	0.01839	0.00000	0.00000	0.1113	0.1178	0.04636
95	0.01791	0.01791	0.00000	0.00000	0.1130	0.0930	0.04378
96	0.01842	0.01842	0.00000	0.00000	0.1102	0.1229	0.04465
97	0.01706	0.01706	0.00000	0.00000	0.1094	0.1388	0.04685
98	0.01686	0.01686	0.00000	0.00000	0.1160	0.0605	0.04711
99	0.01716	0.01716	0.00000	0.00000	0.1096	0.0941	0.04634
100	0.01689	0.01689	0.00000	0.00000	0.1096	0.1303	0.04581
101	0.01615	0.01615	0.00000	0.00000	0.1102	0.1227	0.04726
102	0.01632	0.01632	0.00000	0.00000	0.1128	0.0917	0.04512
103	0.01609	0.01609	0.00000	0.00000	0.1108	0.1103	0.04559
104	0.01725	0.01725	0.00000	0.00000	0.1114	0.0799	0.04755
105	0.01841	0.01841	0.00000	0.00000	0.1097	0.1262	0.04712
106	0.01681	0.01681	0.00000	0.00000	0.1112	0.1411	0.04454
107	0.01677	0.01677	0.00000	0.00000	0.1118	0.1368	0.04756
108	0.01607	0.01607	0.00000	0.00000	0.1124	0.0881	0.04633
109	0.01606	0.01606	0.00000	0.00000	0.1108	0.1445	0.04647
110	0.01598	0.01598	0.00000	0.00000	0.1133	0.1034	0.04816
111	0.01590	0.01590	0.00000	0.00000	0.1102	0.1309	0.04616
112	0.01568	0.01568	0.00000	0.00000	0.1107	0.1235	0.04711
113	0.01515	0.01515	0.00000	0.00000	0.1132	0.1169	0.04603
114	0.01550	0.01550	0.00000	0.00000	0.1124	0.0773	0.04812
115	0.01630	0.01630	0.00000	0.00000	0.1093	0.1073	0.04503
116	0.01459	0.01459	0.00000	0.00000	0.1121	0.1014	0.04548
117	0.01477	0.01477	0.00000	0.00000	0.1120	0.1098	0.04788
118	0.01454	0.01454	0.00000	0.00000	0.1137	0.0603	0.04850
119	0.01486	0.01486	0.00000	0.00000	0.1112	0.0870	0.04691
120	0.01500	0.01500	0.00000	0.00000	0.1101	0.1133	0.04667
121	0.01439	0.01439	0.00000	0.00000	0.1100	0.1200	0.04559
122	0.01522	0.01522	0.00000	0.00000	0.1127	0.0901	0.04927
123	0.01609	0.01609	0.00000	0.00000	0.1116	0.1223	0.04569
124	0.01498	0.01498	0.00000	0.00000	0.1113	0.1082	0.04609
125	0.01487	0.01487	0.00000	0.00000	0.1124	0.0894	0.04818
126	0.01528	0.01528	0.00000	0.00000	0.1101	0.1052	0.04611
127	0.01445	0.01445	0.00000	0.00000	0.1113	0.1113	0.05135
128	0.01608	0.01608	0.00000	0.00000	0.1126	0.1182	0.04332
129	0.01516	0.01516	0.00000	0.00000	0.1111	0.1144	0.04846
130	0.01426	0.01426	0.00000	0.00000	0.1148	0.0646	0.04719
131	0.01473	0.01473	0.00000	0.00000	0.1122	0.0905	0.04741
132	0.01569	0.01569	0.00000	0.00000	0.1086	0.1046	0.04540
133	0.01403	0.01403	0.00000	0.00000	0.1112	0.1077	0.04583
134	0.01358	0.01358	0.00000	0.00000	0.1112	0.1096	0.04670
135	0.01327	0.01327	0.00000	0.00000	0.1114	0.0986	0.04587
136	0.01372	0.01372	0.00000	0.00000	0.1101	0.1336	0.04666
137	0.01357	0.01357	0.00000	0.00000	0.1135	0.0940	0.04809
138	0.01355	0.01355	0.00000	0.00000	0.1126	0.0755	0.04788
139	0.01395	0.01395	0.00000	0.00000	0.1094	0.1303	0.04670
140	0.01339	0.01339	0.00000	0.00000	0.1108	0.1200	0.04427
141	0.01315	0.01315	0.00000	0.00000	0.1119	0.1128	0.04768
142	0.01301	0.01301	0.00000	0.00000	0.1120	0.1001	0.04710
143	0.01412	0.01412	0.00000	0.00000	0.1100	0.1202	0.04428
144	0.01409	0.01409	0.00000	0.00000	0.1137	0.1034	0.04683
145	0.01396	0.01396	0.00000	0.00000	0.1097	0.1069	0.04501
146	0.01511	0.01511	0.00000	0.00000	0.1118	0.0854	0.04705
147	0.01271	0.01271	0.00000	0.00000	0.1125	0.1059	0.04550
148	0.01319	0.01319	0.00000	0.00000	0.1115	0.1101	0.04789
149	0.01318	0.01318	0.00000	0.00000	0.1125	0.0743	0.05024
150	0.01321	0.01321	0.00000	0.00000	0.1123	0.0873	0.04777
151	0.01465	0.01465	0.00000	0.00000	0.1095	0.0942	0.04596
152	0.01346	0.01346	0.00000	0.00000	0.1134	0.0839	0.04655
153	0.01286	0.01286	0.00000	0.00000	0.1102	0.1229	0.04753
154	0.01283	0.01283	0.00000	0.00000	0.1100	0.1426	0.04772
155	0.01296	0.01296	0.00000	0.00000	0.1149	0.0691	0.04939
156	0.01377	0.01377	0.00000	0.00000	0.1108	0.1233	0.04578
157	0.01288	0.01288	0.00000	0.00000	0.1095	0.1122	0.04464
158	0.01306	0.01306	0.00000	0.00000	0.1131	0.0941	0.04809
159	0.01238	0.01238	0.00000	0.00000	0.1111	0.1366	0.04998
160	0.01311	0.01311	0.00000	0.00000	0.1129	0.0993	0.04864
161	0.01210	0.01210	0.00000	0.00000	0.1111	0.0917	0.04797
162	0.01289	0.01289	0.00000	0.00000	0.1104	0.1385	0.04523
163	0.01230	0.01230	0.00000	0.00000	0.1108	0.0917	0.04614
164	0.01220	0.01220	0.00000	0.00000	0.1133	0.0929	0.04647
165	0.01207	0.01207	0.00000	0.00000	0.1098	0.1299	0.04958
166	0.01183	0.01183	0.00000	0.00000	0.1105	0.1344	0.04823
167	0.01211	0.01211	0.00000	0.00000	0.1139	0.1050	0.04893
168	0.01230	0.01230	0.00000	0.00000	0.1097	0.1154	0.04817
169	0.01193	0.01193	0.00000	0.00000	0.1115	0.1073	0.04639
170	0.01108	0.01108	0.00000	0.00000	0.1110	0.1223	0.04771
171	0.01178	0.01178	0.00000	0.00000	0.1111	0.1267	0.04823
172	0.01118	0.01118	0.00000	0.00000	0.1106	0.1140	0.04649
173	0.01382	0.01382	0.00000	0.00000	0.1091	0.1153	0.04493
174	0.01301	0.01301	0.00000	0.00000	0.1133	0.1151	0.04701
175	0.01233	0.01233	0.00000	0.00000	0.1136	0.0892	0.04712
176	0.01174	0.01174	0.00000	0.00000	0.1105	0.0943	0.04596
177	0.01206	0.01206	0.00000	0.00000	0.1110	0.1341	0.04862
178	0.01199	0.01199	0.00000	0.00000	0.1137	0.0721	0.04828
179	0.01339	0.01339	0.00000	0.00000	0.1097	0.1245	0.04930
180	0.01183	0.01183	0.00000	0.00000	0.1124	0.1022	0.04695
181	0.01123	0.01123	0.00000	0.00000	0.1106	0.1414	0.04743
182	0.01337	0.01337	0.00000	0.00000	0.1132	0.0841	0.04742
183	0.01211	0.01211	0.00000	0.00000	0.1105	0.1243	0.04552
184	0.01171	0.01171	0.00000	0.00000	0.1102	0.1176	0.04695
185	0.01207	0.01207	0.00000	0.00000	0.1117	0.1058	0.04645
186	0.01256	0.01256	0.00000	0.00000	0.1125	0.0612	0.05030
187	0.01231	0.01231	0.00000	0.00000	0.1112	0.1024	0.04585
188	0.01212	0.01212	0.00000	0.00000	0.1095	0.1148	0.04567
189	0.01110	0.01110	0.00000	0.00000	0.1124	0.1139	0.04590
190	0.01146	0.01146	0.00000	0.00000	0.1126	0.1031	0.04706
191	0.01146	0.01146	0.00000	0.00000	0.1114	0.0885	0.04657
192	0.01163	0.01163	0.00000	0.00000	0.1099	0.1180	0.04616
193	0.01224	0.01224	0.00000	0.00000	0.1113	0.1170	0.04610
194	0.01134	0.01134	0.00000	0.00000	0.1121	0.0857	0.04767
195	0.01105	0.01105	0.00000	0.00000	0.1106	0.1226	0.04658
196	0.01122	0.01122	0.00000	0.00000	0.1111	0.1240	0.04782
197	0.01080	0.01080	0.00000	0.00000	0.1117	0.0697	0.04793
198	0.01080	0.01080	0.00000	0.00000	0.1107	0.1028	0.04943
199	0.01070	0.01070	0.00000	0.00000	0.1109	0.1011	0.04897
200	0.01075	0.01075	0.00000	0.00000	0.1124	0.1048	0.04848
201	0.01184	0.01184	0.00000	0.00000	0.1118	0.1142	0.04511
202	0.01066	0.01066	0.00000	0.00000	0.1107	0.1108	0.04765
203	0.01056	0.01056	0.00000	0.00000	0.1114	0.1029	0.04606
204	0.01077	0.01077	0.00000	0.00000	0.1102	0.1245	0.04987
205	0.01114	0.01114	0.00000	0.00000	0.1129	0.0696	0.04752
206	0.01115	0.01115	0.00000	0.00000	0.1103	0.1102	0.04557
207	0.01162	0.01162	0.00000	0.00000	0.1105	0.1036	0.04870
208	0.01133	0.01133	0.00000	0.00000	0.1096	0.0992	0.04726
209	0.01094	0.01094	0.00000	0.00000	0.1125	0.1258	0.04866
210	0.01228	0.01228	0.00000	0.00000	0.1122	0.1073	0.04753
211	0.01134	0.01134	0.00000	0.00000	0.1112	0.1052	0.04645
212	0.01076	0.01076	0.00000	0.00000	0.1101	0.1226	0.04705
213	0.01079	0.01079	0.00000	0.00000	0.1131	0.1126	0.04673
214	0.01013	0.01013	0.00000	0.00000	0.1107	0.1010	0.04693
215	0.01022	0.01022	0.00000	0.00000	0.1110	0.1023	0.04808
216	0.01028	0.01028	0.00000	0.00000	0.1106	0.1148	0.04498
217	0.01076	0.01076	0.00000	0.00000	0.1124	0.1185	0.04891
218	0.01008	0.01008	0.00000	0.00000	0.1130	0.1182	0.05117
219	0.01080	0.01080	0.00000	0.00000	0.1120	0.0904	0.04718
220	0.00959	0.00959	0.00000	0.00000	0.1116	0.0917	0.04954
221	0.00959	0.00959	0.00000	0.00000	0.1114	0.1040	0.04598
222	0.01005	0.01005	0.00000	0.00000	0.1110	0.1148	0.04741
223	0.01045	0.01045	0.00000	0.00000	0.1125	0.0839	0.04778
224	0.01038	0.01038	0.00000	0.00000	0.1099	0.1368	0.04982
225	0.01016	0.01016	0.00000	0.00000	0.1120	0.1219	0.04731
226	0.01001	0.01001	0.00000	0.00000	0.1135	0.0772	0.04859
227	0.00952	0.00952	0.00000	0.00000	0.1101	0.1258	0.04675
228	0.00960	0.00960	0.00000	0.00000	0.1117	0.1183	0.04879
229	0.01017	0.01017	0.00000	0.00000	0.1103	0.1104	0.04611
230	0.00996	0.00996	0.00000	0.00000	0.1119	0.1151	0.04566
231	0.00988	0.00988	0.00000	0.00000	0.1131	0.0971	0.04977
232	0.01057	0.01057	0.00000	0.00000	0.1093	0.1438	0.04812
233	0.01184	0.01184	0.00000	0.00000	0.1113	0.1113	0.04589
234	0.00999	0.00999	0.00000	0.00000	0.1112	0.1455	0.04909
235	0.01031	0.01031	0.00000	0.00000	0.1126	0.0997	0.04674
236	0.01001	0.01001	0.00000	0.00000	0.1122	0.1010	0.04988
237	0.01041	0.01041	0.00000	0.00000	0.1116	0.1160	0.04693
238	0.01020	0.01020	0.00000	0.00000	0.1103	0.1361	0.04771
239	0.00997	0.00997	0.00000	0.00000	0.1131	0.1157	0.04659
240	0.01084	0.01084	0.00000	0.00000	0.1120	0.1078	0.04724
241	0.01009	0.01009	0.00000	0.00000	0.1113	0.0832	0.04670
242	0.00922	0.00922	0.00000	0.00000	0.1114	0.1190	0.04795
243	0.00911	0.00911	0.00000	0.00000	0.1109	0.1316	0.04931
244	0.00958	0.00958	0.00000	0.00000	0.1118	0.0794	0.04715
245	0.00991	0.00991	0.00000	0.00000	0.1114	0.0766	0.04823
246	0.01000	0.01000	0.00000	0.00000	0.1098	0.1146	0.04821
247	0.00988	0.00988	0.00000	0.00000	0.1092	0.1141	0.04965
248	0.00969	0.00969	0.00000	0.00000	0.1115	0.1083	0.04697
249	0.00948	0.00948	0.00000	0.00000	0.1123	0.1361	0.05043
250	0.01033	0.01033	0.00000	0.00000	0.1116	0.1101	0.04833
251	0.01002	0.01002	0.00000	0.00000	0.1110	0.1227	0.05025
252	0.01191	0.01191	0.00000	0.00000	0.1113	0.1314	0.04944
253	0.01135	0.01135	0.00000	0.00000	0.1127	0.1167	0.04774
254	0.01001	0.01001	0.00000	0.00000	0.1127	0.0962	0.04758
255	0.00935	0.00935	0.00000	0.00000	0.1101	0.1163	0.04649
256	0.00971	0.00971	0.00000	0.00000	0.1124	0.0869	0.04899
257	0.00955	0.00955	0.00000	0.00000	0.1100	0.1039	0.04745
258	0.00912	0.00912	0.00000	0.00000	0.1102	0.1244	0.04709
259	0.00873	0.00873	0.00000	0.00000	0.1118	0.1177	0.04973
260	0.00873	0.00873	0.00000	0.00000	0.1121	0.0902	0.04853
261	0.01039	0.01039	0.00000	0.00000	0.1123	0.0895	0.04850
262	0.00966	0.00966	0.00000	0.00000	0.1116	0.1059	0.04677
263	0.00971	0.00971	0.00000	0.00000	0.1100	0.1000	0.04747
264	0.00927	0.00927	0.00000	0.00000	0.1112	0.1281	0.04815
265	0.01076	0.01076	0.00000	0.00000	0.1135	0.1153	0.04756
266	0.00995	0.00995	0.00000	0.00000	0.1102	0.1533	0.04861
267	0.01064	0.01064	0.00000	0.00000	0.1136	0.0731	0.05176
268	0.00984	0.00984	0.00000	0.00000	0.1102	0.1237	0.04649
269	0.00962	0.00962	0.00000	0.00000	0.1130	0.0742	0.04697
270	0.01083	0.01083	0.00000	0.00000	0.1083	0.1225	0.05068
271	0.01020	0.01020	0.00000	0.00000	0.1114	0.1251	0.04739
272	0.00897	0.00897	0.00000	0.00000	0.1117	0.1169	0.04742
273	0.00892	0.00892	0.00000	0.00000	0.1109	0.1035	0.04988
274	0.00875	0.00875	0.00000	0.00000	0.1117	0.0962	0.04916
275	0.00916	0.00916	0.00000	0.00000	0.1117	0.0894	0.04840
276	0.00918	0.00918	0.00000	0.00000	0.1111	0.1047	0.04858
277	0.00975	0.00975	0.00000	0.00000	0.1114	0.1008	0.04939
278	0.00971	0.00971	0.00000	0.00000	0.1119	0.0930	0.04636
279	0.00935	0.00935	0.00000	0.00000	0.1099	0.1191	0.04620
280	0.00941	0.00941	0.00000	0.00000	0.1148	0.0645	0.05020
281	0.00876	0.00876	0.00000	0.00000	0.1091	0.1051	0.04752
282	0.00812	0.00812	0.00000	0.00000	0.1126	0.1010	0.04920
283	0.00841	0.00841	0.00000	0.00000	0.1115	0.0932	0.04993
284	0.00883	0.00883	0.00000	0.00000	0.1100	0.1079	0.04623
285	0.00838	0.00838	0.00000	0.00000	0.1121	0.1284	0.05003
286	0.00951	0.00951	0.00000	0.00000	0.1106	0.1264	0.05298
287	0.01131	0.01131	0.00000	0.00000	0.1124	0.0933	0.04888
288	0.00947	0.00947	0.00000	0.00000	0.1100	0.1155	0.05243
289	0.00930	0.00930	0.00000	0.00000	0.1109	0.1327	0.04876
290	0.00848	0.00848	0.00000	0.00000	0.1132	0.1024	0.04832
291	0.00920	0.00920	0.00000	0.00000	0.1100	0.1231	0.04965
292	0.00979	0.00979	0.00000	0.00000	0.1128	0.0909	0.04667
293	0.00930	0.00930	0.00000	0.00000	0.1114	0.0977	0.04880
294	0.00852	0.00852	0.00000	0.00000	0.1111	0.1150	0.04865
295	0.00814	0.00814	0.00000	0.00000	0.1117	0.1176	0.04838
296	0.00859	0.00859	0.00000	0.00000	0.1131	0.0870	0.04937
297	0.00883	0.00883	0.00000	0.00000	0.1096	0.1299	0.04687
298	0.00868	0.00868	0.00000	0.00000	0.1123	0.1038	0.04802
299	0.00810	0.00810	0.00000	0.00000	0.1115	0.1214	0.04942
