# {"dataset": "kitti", "cache": "/home/hslee/Desktop/Embedded_AI/context-anydepth-det/anydepth-yolov12/method01_advantage_regress/outputs/kitti/cache_train.pt", "val_cache": "/home/hslee/Desktop/Embedded_AI/context-anydepth-det/anydepth-yolov12/method01_advantage_regress/outputs/kitti/cache_val.pt", "flops": "/home/hslee/Desktop/Embedded_AI/context-anydepth-det/anydepth-yolov12/method01_advantage_regress/outputs/kitti/flops_table.json", "epochs": 300, "batch": 256, "lr": 0.001, "lambda_flops": 1.0, "lambda_uni": 0.1, "hidden": 128, "group_dim": 64, "feat": "input", "norm": "batch", "dropout": 0.0, "weight_decay": 0.0, "select": "val_corr", "mode": "regress", "margin": 0.0, "seed": 3, "device": "cuda:0", "out": "method01_advantage_regress/outputs/kitti/sel_corr/policy_input_s3.pt", "logdir": "method01_advantage_regress/outputs/kitti/sel_corr/logs", "tag": "corr_input_s3"}
epoch	total	l_acc	l_flops	l_uni	p_super	val_p_super	val_l_acc
0	0.04389	0.04389	0.00000	0.00000	0.1108	0.1017	0.04206
1	0.04023	0.04023	0.00000	0.00000	0.1128	0.0887	0.04129
2	0.03855	0.03855	0.00000	0.00000	0.1090	0.1052	0.03945
3	0.03721	0.03721	0.00000	0.00000	0.1109	0.0943	0.04087
4	0.03664	0.03664	0.00000	0.00000	0.1142	0.1170	0.03955
5	0.03551	0.03551	0.00000	0.00000	0.1096	0.1157	0.03997
6	0.03408	0.03408	0.00000	0.00000	0.1123	0.1226	0.03955
7	0.03334	0.03334	0.00000	0.00000	0.1125	0.0881	0.03896
8	0.03357	0.03357	0.00000	0.00000	0.1119	0.1247	0.03994
9	0.03241	0.03241	0.00000	0.00000	0.1117	0.1350	0.03939
10	0.03166	0.03166	0.00000	0.00000	0.1147	0.1162	0.03905
11	0.03209	0.03209	0.00000	0.00000	0.1102	0.0468	0.04418
12	0.03097	0.03097	0.00000	0.00000	0.1102	0.1154	0.03935
13	0.03019	0.03019	0.00000	0.00000	0.1127	0.1267	0.03941
14	0.02999	0.02999	0.00000	0.00000	0.1136	0.1052	0.03962
15	0.02848	0.02848	0.00000	0.00000	0.1135	0.0885	0.03933
16	0.02858	0.02858	0.00000	0.00000	0.1100	0.1058	0.04028
17	0.02741	0.02741	0.00000	0.00000	0.1127	0.1221	0.04132
18	0.02762	0.02762	0.00000	0.00000	0.1114	0.0968	0.04208
19	0.02697	0.02697	0.00000	0.00000	0.1094	0.1055	0.04063
20	0.02654	0.02654	0.00000	0.00000	0.1112	0.1177	0.03933
21	0.02602	0.02602	0.00000	0.00000	0.1110	0.1181	0.04110
22	0.02596	0.02596	0.00000	0.00000	0.1138	0.0831	0.04042
23	0.02501	0.02501	0.00000	0.00000	0.1112	0.1010	0.04125
24	0.02427	0.02427	0.00000	0.00000	0.1098	0.1126	0.04112
25	0.02416	0.02416	0.00000	0.00000	0.1124	0.1003	0.03987
26	0.02374	0.02374	0.00000	0.00000	0.1109	0.0909	0.04180
27	0.02284	0.02284	0.00000	0.00000	0.1138	0.1012	0.04038
28	0.02266	0.02266	0.00000	0.00000	0.1102	0.1240	0.04070
29	0.02181	0.02181	0.00000	0.00000	0.1122	0.1144	0.04091
30	0.02184	0.02184	0.00000	0.00000	0.1129	0.0828	0.04241
31	0.02132	0.02132	0.00000	0.00000	0.1102	0.1057	0.04166
32	0.02042	0.02042	0.00000	0.00000	0.1112	0.0941	0.04287
33	0.02089	0.02089	0.00000	0.00000	0.1106	0.0982	0.04289
34	0.02134	0.02134	0.00000	0.00000	0.1156	0.0781	0.04302
35	0.02085	0.02085	0.00000	0.00000	0.1095	0.0980	0.04345
36	0.02016	0.02016	0.00000	0.00000	0.1103	0.1378	0.04251
37	0.01962	0.01962	0.00000	0.00000	0.1100	0.1172	0.04194
38	0.01954	0.01954	0.00000	0.00000	0.1133	0.1027	0.04118
39	0.01847	0.01847	0.00000	0.00000	0.1111	0.1120	0.04183
40	0.01814	0.01814	0.00000	0.00000	0.1119	0.1062	0.04281
41	0.01737	0.01737	0.00000	0.00000	0.1111	0.1060	0.04287
42	0.01785	0.01785	0.00000	0.00000	0.1094	0.1301	0.04278
43	0.01793	0.01793	0.00000	0.00000	0.1129	0.1050	0.04211
44	0.01721	0.01721	0.00000	0.00000	0.1110	0.0907	0.04362
45	0.01719	0.01719	0.00000	0.00000	0.1122	0.1185	0.04455
46	0.01672	0.01672	0.00000	0.00000	0.1120	0.1094	0.04392
47	0.01647	0.01647	0.00000	0.00000	0.1128	0.0919	0.04316
48	0.01635	0.01635	0.00000	0.00000	0.1117	0.1115	0.04397
49	0.01636	0.01636	0.00000	0.00000	0.1112	0.1092	0.04255
50	0.01561	0.01561	0.00000	0.00000	0.1101	0.1074	0.04583
51	0.01513	0.01513	0.00000	0.00000	0.1103	0.1127	0.04570
52	0.01514	0.01514	0.00000	0.00000	0.1118	0.1263	0.04313
53	0.01570	0.01570	0.00000	0.00000	0.1111	0.1207	0.04574
54	0.01542	0.01542	0.00000	0.00000	0.1115	0.1293	0.04366
55	0.01465	0.01465	0.00000	0.00000	0.1107	0.1185	0.04463
56	0.01517	0.01517	0.00000	0.00000	0.1136	0.0977	0.04430
57	0.01478	0.01478	0.00000	0.00000	0.1106	0.1121	0.04484
58	0.01439	0.01439	0.00000	0.00000	0.1091	0.1161	0.04391
59	0.01404	0.01404	0.00000	0.00000	0.1104	0.1226	0.04348
60	0.01372	0.01372	0.00000	0.00000	0.1125	0.1177	0.04418
61	0.01392	0.01392	0.00000	0.00000	0.1132	0.1036	0.04646
62	0.01393	0.01393	0.00000	0.00000	0.1094	0.1204	0.04358
63	0.01308	0.01308	0.00000	0.00000	0.1135	0.0778	0.04516
64	0.01370	0.01370	0.00000	0.00000	0.1111	0.1016	0.04483
65	0.01315	0.01315	0.00000	0.00000	0.1119	0.1172	0.04482
66	0.01299	0.01299	0.00000	0.00000	0.1122	0.0969	0.04552
67	0.01278	0.01278	0.00000	0.00000	0.1109	0.1030	0.04590
68	0.01338	0.01338	0.00000	0.00000	0.1112	0.0927	0.04516
69	0.01308	0.01308	0.00000	0.00000	0.1111	0.1143	0.04523
70	0.01299	0.01299	0.00000	0.00000	0.1130	0.1020	0.04574
71	0.01288	0.01288	0.00000	0.00000	0.1121	0.1105	0.04705
72	0.01264	0.01264	0.00000	0.00000	0.1104	0.1125	0.04629
73	0.01254	0.01254	0.00000	0.00000	0.1114	0.1161	0.04648
74	0.01152	0.01152	0.00000	0.00000	0.1103	0.1258	0.04364
75	0.01192	0.01192	0.00000	0.00000	0.1119	0.1091	0.04513
76	0.01234	0.01234	0.00000	0.00000	0.1136	0.1033	0.04445
77	0.01162	0.01162	0.00000	0.00000	0.1116	0.1028	0.04609
78	0.01131	0.01131	0.00000	0.00000	0.1096	0.1322	0.04552
79	0.01220	0.01220	0.00000	0.00000	0.1136	0.1254	0.04534
80	0.01182	0.01182	0.00000	0.00000	0.1102	0.1065	0.04669
81	0.01129	0.01129	0.00000	0.00000	0.1132	0.0906	0.04647
82	0.01129	0.01129	0.00000	0.00000	0.1111	0.0997	0.04484
83	0.01178	0.01178	0.00000	0.00000	0.1117	0.1105	0.04560
84	0.01091	0.01091	0.00000	0.00000	0.1102	0.1217	0.04543
85	0.01095	0.01095	0.00000	0.00000	0.1134	0.0978	0.04605
86	0.01114	0.01114	0.00000	0.00000	0.1107	0.1117	0.04337
87	0.01089	0.01089	0.00000	0.00000	0.1124	0.1001	0.04685
88	0.01084	0.01084	0.00000	0.00000	0.1115	0.1118	0.04674
89	0.01081	0.01081	0.00000	0.00000	0.1109	0.1127	0.04529
90	0.01042	0.01042	0.00000	0.00000	0.1108	0.1225	0.04464
91	0.01106	0.01106	0.00000	0.00000	0.1122	0.1032	0.04623
92	0.01117	0.01117	0.00000	0.00000	0.1104	0.0950	0.04537
93	0.01101	0.01101	0.00000	0.00000	0.1102	0.1114	0.04677
94	0.01107	0.01107	0.00000	0.00000	0.1110	0.1273	0.04613
95	0.01127	0.01127	0.00000	0.00000	0.1131	0.1034	0.04761
96	0.01081	0.01081	0.00000	0.00000	0.1109	0.1101	0.04767
97	0.01019	0.01019	0.00000	0.00000	0.1116	0.0958	0.04717
98	0.01008	0.01008	0.00000	0.00000	0.1120	0.1173	0.04457
99	0.01004	0.01004	0.00000	0.00000	0.1112	0.1039	0.04681
100	0.01029	0.01029	0.00000	0.00000	0.1110	0.1186	0.04453
101	0.00994	0.00994	0.00000	0.00000	0.1100	0.1233	0.04526
102	0.00974	0.00974	0.00000	0.00000	0.1117	0.1123	0.04683
103	0.00944	0.00944	0.00000	0.00000	0.1127	0.1066	0.04596
104	0.00985	0.00985	0.00000	0.00000	0.1120	0.0964	0.04543
105	0.00993	0.00993	0.00000	0.00000	0.1103	0.1143	0.04664
106	0.00966	0.00966	0.00000	0.00000	0.1125	0.0948	0.04632
107	0.01016	0.01016	0.00000	0.00000	0.1089	0.1323	0.04765
108	0.00980	0.00980	0.00000	0.00000	0.1124	0.1075	0.04521
109	0.00956	0.00956	0.00000	0.00000	0.1114	0.1062	0.04542
110	0.00977	0.00977	0.00000	0.00000	0.1128	0.1000	0.04648
111	0.00936	0.00936	0.00000	0.00000	0.1113	0.0950	0.04592
112	0.00923	0.00923	0.00000	0.00000	0.1108	0.0932	0.04724
113	0.00935	0.00935	0.00000	0.00000	0.1112	0.1098	0.04707
114	0.00939	0.00939	0.00000	0.00000	0.1113	0.1076	0.04799
115	0.00906	0.00906	0.00000	0.00000	0.1117	0.1014	0.04616
116	0.00946	0.00946	0.00000	0.00000	0.1111	0.1143	0.04539
117	0.00919	0.00919	0.00000	0.00000	0.1111	0.1172	0.04578
118	0.00906	0.00906	0.00000	0.00000	0.1128	0.1102	0.04616
119	0.00969	0.00969	0.00000	0.00000	0.1112	0.0878	0.04772
120	0.00931	0.00931	0.00000	0.00000	0.1117	0.0953	0.04683
121	0.00890	0.00890	0.00000	0.00000	0.1098	0.0962	0.04436
122	0.00896	0.00896	0.00000	0.00000	0.1122	0.1016	0.04604
123	0.00916	0.00916	0.00000	0.00000	0.1121	0.0922	0.04624
124	0.00900	0.00900	0.00000	0.00000	0.1109	0.1018	0.04585
125	0.00906	0.00906	0.00000	0.00000	0.1104	0.1210	0.04617
126	0.00842	0.00842	0.00000	0.00000	0.1125	0.1065	0.04537
127	0.00903	0.00903	0.00000	0.00000	0.1104	0.1081	0.04644
128	0.00899	0.00899	0.00000	0.00000	0.1108	0.1114	0.04465
129	0.00877	0.00877	0.00000	0.00000	0.1106	0.1179	0.04584
130	0.00885	0.00885	0.00000	0.00000	0.1124	0.1207	0.04705
131	0.00865	0.00865	0.00000	0.00000	0.1110	0.0998	0.04452
132	0.00850	0.00850	0.00000	0.00000	0.1119	0.1009	0.04653
133	0.00868	0.00868	0.00000	0.00000	0.1103	0.1144	0.04654
134	0.00802	0.00802	0.00000	0.00000	0.1126	0.1011	0.04547
135	0.00875	0.00875	0.00000	0.00000	0.1104	0.1214	0.04553
136	0.00871	0.00871	0.00000	0.00000	0.1125	0.0966	0.04653
137	0.00877	0.00877	0.00000	0.00000	0.1108	0.1139	0.04609
138	0.00852	0.00852	0.00000	0.00000	0.1137	0.0950	0.04668
139	0.00836	0.00836	0.00000	0.00000	0.1108	0.1019	0.04742
140	0.00862	0.00862	0.00000	0.00000	0.1113	0.1187	0.04625
141	0.00865	0.00865	0.00000	0.00000	0.1123	0.0966	0.04544
142	0.00869	0.00869	0.00000	0.00000	0.1103	0.1130	0.04659
143	0.00847	0.00847	0.00000	0.00000	0.1133	0.1097	0.04597
144	0.00843	0.00843	0.00000	0.00000	0.1108	0.1095	0.04622
145	0.00809	0.00809	0.00000	0.00000	0.1122	0.0951	0.04608
146	0.00854	0.00854	0.00000	0.00000	0.1097	0.1126	0.04638
147	0.00838	0.00838	0.00000	0.00000	0.1122	0.1069	0.04588
148	0.00886	0.00886	0.00000	0.00000	0.1117	0.1035	0.04653
149	0.00818	0.00818	0.00000	0.00000	0.1127	0.0957	0.04640
150	0.00862	0.00862	0.00000	0.00000	0.1094	0.1179	0.04620
151	0.00828	0.00828	0.00000	0.00000	0.1117	0.1048	0.04554
152	0.00823	0.00823	0.00000	0.00000	0.1122	0.1077	0.04542
153	0.00822	0.00822	0.00000	0.00000	0.1119	0.1030	0.04682
154	0.00849	0.00849	0.00000	0.00000	0.1121	0.0964	0.04602
155	0.00809	0.00809	0.00000	0.00000	0.1119	0.1135	0.04654
156	0.00778	0.00778	0.00000	0.00000	0.1119	0.1008	0.04595
157	0.00775	0.00775	0.00000	0.00000	0.1114	0.1029	0.04588
158	0.00759	0.00759	0.00000	0.00000	0.1117	0.0890	0.04609
159	0.00803	0.00803	0.00000	0.00000	0.1100	0.1111	0.04433
160	0.00794	0.00794	0.00000	0.00000	0.1124	0.0980	0.04516
161	0.00760	0.00760	0.00000	0.00000	0.1111	0.0975	0.04684
162	0.00767	0.00767	0.00000	0.00000	0.1108	0.1180	0.04551
163	0.00769	0.00769	0.00000	0.00000	0.1125	0.0859	0.04633
164	0.00811	0.00811	0.00000	0.00000	0.1111	0.1046	0.04678
165	0.00760	0.00760	0.00000	0.00000	0.1115	0.1175	0.04664
166	0.00757	0.00757	0.00000	0.00000	0.1112	0.1222	0.04522
167	0.00782	0.00782	0.00000	0.00000	0.1129	0.0927	0.04719
168	0.00723	0.00723	0.00000	0.00000	0.1112	0.0971	0.04626
169	0.00765	0.00765	0.00000	0.00000	0.1107	0.1064	0.04578
170	0.00811	0.00811	0.00000	0.00000	0.1110	0.1072	0.04607
171	0.00797	0.00797	0.00000	0.00000	0.1108	0.0992	0.04530
172	0.00790	0.00790	0.00000	0.00000	0.1118	0.1073	0.04635
173	0.00790	0.00790	0.00000	0.00000	0.1120	0.0973	0.04696
174	0.00767	0.00767	0.00000	0.00000	0.1113	0.1090	0.04570
175	0.00789	0.00789	0.00000	0.00000	0.1121	0.1155	0.04690
176	0.00830	0.00830	0.00000	0.00000	0.1112	0.1129	0.04748
177	0.00860	0.00860	0.00000	0.00000	0.1103	0.1060	0.04570
178	0.00846	0.00846	0.00000	0.00000	0.1123	0.0889	0.04689
179	0.00798	0.00798	0.00000	0.00000	0.1107	0.0987	0.04516
180	0.00755	0.00755	0.00000	0.00000	0.1112	0.1141	0.04605
181	0.00773	0.00773	0.00000	0.00000	0.1115	0.0967	0.04599
182	0.00766	0.00766	0.00000	0.00000	0.1110	0.0963	0.04440
183	0.00769	0.00769	0.00000	0.00000	0.1110	0.1167	0.04513
184	0.00729	0.00729	0.00000	0.00000	0.1112	0.1113	0.04571
185	0.00737	0.00737	0.00000	0.00000	0.1114	0.1223	0.04522
186	0.00759	0.00759	0.00000	0.00000	0.1117	0.1010	0.04733
187	0.00739	0.00739	0.00000	0.00000	0.1105	0.1306	0.04589
188	0.00724	0.00724	0.00000	0.00000	0.1117	0.1022	0.04533
189	0.00725	0.00725	0.00000	0.00000	0.1107	0.1030	0.04562
190	0.00773	0.00773	0.00000	0.00000	0.1122	0.0877	0.04760
191	0.00741	0.00741	0.00000	0.00000	0.1102	0.1159	0.04618
192	0.00777	0.00777	0.00000	0.00000	0.1131	0.1097	0.04603
193	0.00735	0.00735	0.00000	0.00000	0.1109	0.1249	0.04582
194	0.00744	0.00744	0.00000	0.00000	0.1111	0.1068	0.04607
195	0.00764	0.00764	0.00000	0.00000	0.1121	0.0998	0.04518
196	0.00735	0.00735	0.00000	0.00000	0.1117	0.0958	0.04623
197	0.00725	0.00725	0.00000	0.00000	0.1121	0.0953	0.04643
198	0.00751	0.00751	0.00000	0.00000	0.1101	0.1093	0.04509
199	0.00730	0.00730	0.00000	0.00000	0.1126	0.1038	0.04607
200	0.00726	0.00726	0.00000	0.00000	0.1101	0.1103	0.04594
201	0.00689	0.00689	0.00000	0.00000	0.1108	0.1131	0.04633
202	0.00692	0.00692	0.00000	0.00000	0.1126	0.1100	0.04687
203	0.00667	0.00667	0.00000	0.00000	0.1109	0.1117	0.04575
204	0.00684	0.00684	0.00000	0.00000	0.1123	0.0946	0.04585
205	0.00679	0.00679	0.00000	0.00000	0.1119	0.1039	0.04531
206	0.00679	0.00679	0.00000	0.00000	0.1105	0.0977	0.04645
207	0.00682	0.00682	0.00000	0.00000	0.1120	0.1169	0.04548
208	0.00692	0.00692	0.00000	0.00000	0.1105	0.1295	0.04695
209	0.00741	0.00741	0.00000	0.00000	0.1121	0.1139	0.04701
210	0.00668	0.00668	0.00000	0.00000	0.1123	0.1030	0.04650
211	0.00705	0.00705	0.00000	0.00000	0.1110	0.1020	0.04649
212	0.00742	0.00742	0.00000	0.00000	0.1113	0.1078	0.04684
213	0.00724	0.00724	0.00000	0.00000	0.1116	0.1028	0.04575
214	0.00719	0.00719	0.00000	0.00000	0.1113	0.0974	0.04654
215	0.00710	0.00710	0.00000	0.00000	0.1108	0.1146	0.04602
216	0.00702	0.00702	0.00000	0.00000	0.1122	0.0998	0.04675
217	0.00702	0.00702	0.00000	0.00000	0.1121	0.0961	0.04754
218	0.00692	0.00692	0.00000	0.00000	0.1108	0.1200	0.04616
219	0.00668	0.00668	0.00000	0.00000	0.1116	0.1207	0.04569
220	0.00657	0.00657	0.00000	0.00000	0.1111	0.1266	0.04608
221	0.00770	0.00770	0.00000	0.00000	0.1117	0.1350	0.04732
222	0.00752	0.00752	0.00000	0.00000	0.1122	0.1001	0.04616
223	0.00696	0.00696	0.00000	0.00000	0.1111	0.1096	0.04545
224	0.00701	0.00701	0.00000	0.00000	0.1122	0.0993	0.04692
225	0.00694	0.00694	0.00000	0.00000	0.1116	0.0953	0.04700
226	0.00708	0.00708	0.00000	0.00000	0.1101	0.1171	0.04647
227	0.00710	0.00710	0.00000	0.00000	0.1130	0.0984	0.04535
228	0.00695	0.00695	0.00000	0.00000	0.1115	0.0986	0.04448
229	0.00685	0.00685	0.00000	0.00000	0.1119	0.0874	0.04643
230	0.00688	0.00688	0.00000	0.00000	0.1111	0.1044	0.04545
231	0.00668	0.00668	0.00000	0.00000	0.1116	0.1062	0.04580
232	0.00656	0.00656	0.00000	0.00000	0.1133	0.0906	0.04780
233	0.00739	0.00739	0.00000	0.00000	0.1099	0.1125	0.04672
234	0.00699	0.00699	0.00000	0.00000	0.1117	0.1146	0.04634
235	0.00661	0.00661	0.00000	0.00000	0.1122	0.0998	0.04618
236	0.00654	0.00654	0.00000	0.00000	0.1115	0.1087	0.04604
237	0.00718	0.00718	0.00000	0.00000	0.1117	0.1143	0.04450
238	0.00736	0.00736	0.00000	0.00000	0.1107	0.1098	0.04681
239	0.00682	0.00682	0.00000	0.00000	0.1113	0.1049	0.04564
240	0.00704	0.00704	0.00000	0.00000	0.1108	0.0995	0.04805
241	0.00723	0.00723	0.00000	0.00000	0.1128	0.0899	0.04515
242	0.00727	0.00727	0.00000	0.00000	0.1107	0.0991	0.04675
243	0.00677	0.00677	0.00000	0.00000	0.1117	0.1036	0.04622
244	0.00620	0.00620	0.00000	0.00000	0.1114	0.1051	0.04588
245	0.00686	0.00686	0.00000	0.00000	0.1112	0.1070	0.04709
246	0.00665	0.00665	0.00000	0.00000	0.1104	0.1210	0.04626
247	0.00650	0.00650	0.00000	0.00000	0.1128	0.1127	0.04560
248	0.00652	0.00652	0.00000	0.00000	0.1120	0.1098	0.04567
249	0.00613	0.00613	0.00000	0.00000	0.1110	0.0946	0.04462
250	0.00626	0.00626	0.00000	0.00000	0.1116	0.1058	0.04554
251	0.00594	0.00594	0.00000	0.00000	0.1108	0.1194	0.04765
252	0.00669	0.00669	0.00000	0.00000	0.1113	0.1148	0.04573
253	0.00672	0.00672	0.00000	0.00000	0.1113	0.1110	0.04539
254	0.00626	0.00626	0.00000	0.00000	0.1122	0.1154	0.04725
255	0.00674	0.00674	0.00000	0.00000	0.1104	0.1196	0.04577
256	0.00657	0.00657	0.00000	0.00000	0.1104	0.1248	0.04523
257	0.00656	0.00656	0.00000	0.00000	0.1120	0.1181	0.04766
258	0.00698	0.00698	0.00000	0.00000	0.1121	0.1082	0.04810
259	0.00644	0.00644	0.00000	0.00000	0.1109	0.0992	0.04594
260	0.00642	0.00642	0.00000	0.00000	0.1108	0.1145	0.04579
261	0.00572	0.00572	0.00000	0.00000	0.1124	0.1002	0.04486
262	0.00598	0.00598	0.00000	0.00000	0.1105	0.1094	0.04538
263	0.00669	0.00669	0.00000	0.00000	0.1125	0.1059	0.04635
264	0.00608	0.00608	0.00000	0.00000	0.1109	0.1043	0.04609
265	0.00613	0.00613	0.00000	0.00000	0.1114	0.1004	0.04583
266	0.00658	0.00658	0.00000	0.00000	0.1112	0.1085	0.04681
267	0.00679	0.00679	0.00000	0.00000	0.1108	0.1236	0.04720
268	0.00629	0.00629	0.00000	0.00000	0.1128	0.1146	0.04507
269	0.00607	0.00607	0.00000	0.00000	0.1113	0.1081	0.04716
270	0.00615	0.00615	0.00000	0.00000	0.1117	0.0991	0.04515
271	0.00667	0.00667	0.00000	0.00000	0.1118	0.1070	0.04652
272	0.00667	0.00667	0.00000	0.00000	0.1108	0.1091	0.04418
273	0.00618	0.00618	0.00000	0.00000	0.1119	0.1061	0.04500
274	0.00670	0.00670	0.00000	0.00000	0.1128	0.1021	0.04504
275	0.00594	0.00594	0.00000	0.00000	0.1102	0.1133	0.04460
276	0.00615	0.00615	0.00000	0.00000	0.1122	0.1114	0.04527
277	0.00577	0.00577	0.00000	0.00000	0.1110	0.1094	0.04565
278	0.00659	0.00659	0.00000	0.00000	0.1123	0.1053	0.04495
279	0.00581	0.00581	0.00000	0.00000	0.1096	0.1265	0.04533
280	0.00667	0.00667	0.00000	0.00000	0.1141	0.1155	0.04685
281	0.00645	0.00645	0.00000	0.00000	0.1112	0.1000	0.04564
282	0.00642	0.00642	0.00000	0.00000	0.1119	0.1060	0.04443
283	0.00612	0.00612	0.00000	0.00000	0.1113	0.1174	0.04586
284	0.00585	0.00585	0.00000	0.00000	0.1119	0.1070	0.04587
285	0.00587	0.00587	0.00000	0.00000	0.1114	0.1127	0.04553
286	0.00547	0.00547	0.00000	0.00000	0.1112	0.1013	0.04572
287	0.00571	0.00571	0.00000	0.00000	0.1107	0.1091	0.04571
288	0.00569	0.00569	0.00000	0.00000	0.1118	0.1187	0.04658
289	0.00568	0.00568	0.00000	0.00000	0.1121	0.0990	0.04600
290	0.00546	0.00546	0.00000	0.00000	0.1112	0.0991	0.04723
291	0.00580	0.00580	0.00000	0.00000	0.1110	0.1089	0.04601
292	0.00565	0.00565	0.00000	0.00000	0.1104	0.1081	0.04460
293	0.00603	0.00603	0.00000	0.00000	0.1112	0.1196	0.04529
294	0.00685	0.00685	0.00000	0.00000	0.1125	0.0982	0.04545
295	0.00642	0.00642	0.00000	0.00000	0.1104	0.1031	0.04572
296	0.00646	0.00646	0.00000	0.00000	0.1118	0.1059	0.04739
297	0.00646	0.00646	0.00000	0.00000	0.1101	0.1089	0.04579
298	0.00611	0.00611	0.00000	0.00000	0.1112	0.1151	0.04416
299	0.00662	0.00662	0.00000	0.00000	0.1124	0.1104	0.04492
