# {"dataset": "kitti", "cache": "/home/hslee/Desktop/Embedded_AI/context-anydepth-det/anydepth-yolov12/method01_advantage_regress/outputs/kitti/cache_train.pt", "val_cache": "/home/hslee/Desktop/Embedded_AI/context-anydepth-det/anydepth-yolov12/method01_advantage_regress/outputs/kitti/cache_val.pt", "flops": "/home/hslee/Desktop/Embedded_AI/context-anydepth-det/anydepth-yolov12/method01_advantage_regress/outputs/kitti/flops_table.json", "epochs": 300, "batch": 256, "lr": 0.001, "lambda_flops": 1.0, "lambda_uni": 0.1, "hidden": 128, "group_dim": 64, "feat": "input", "norm": "batch", "dropout": 0.2, "weight_decay": 0.0001, "select": "last", "mode": "regress", "margin": 0.0, "seed": 0, "device": "cuda:0", "out": "method01_advantage_regress/outputs/kitti/sel_reglast/policy_input_s0.pt", "logdir": "method01_advantage_regress/outputs/kitti/sel_reglast/logs", "tag": "reglast_input_s0"}
epoch	total	l_acc	l_flops	l_uni	p_super	val_p_super	val_l_acc
0	0.04950	0.04950	0.00000	0.00000	0.1085	0.1282	0.04230
1	0.04259	0.04259	0.00000	0.00000	0.1098	0.1093	0.04137
2	0.04116	0.04116	0.00000	0.00000	0.1126	0.1084	0.04019
3	0.03927	0.03927	0.00000	0.00000	0.1066	0.1100	0.03931
4	0.03785	0.03785	0.00000	0.00000	0.1145	0.0947	0.03907
5	0.03698	0.03698	0.00000	0.00000	0.1119	0.0975	0.03886
6	0.03560	0.03560	0.00000	0.00000	0.1087	0.1119	0.03882
7	0.03554	0.03554	0.00000	0.00000	0.1111	0.1160	0.04019
8	0.03500	0.03500	0.00000	0.00000	0.1127	0.0929	0.03963
9	0.03468	0.03468	0.00000	0.00000	0.1078	0.1086	0.03813
10	0.03401	0.03401	0.00000	0.00000	0.1146	0.1045	0.03823
11	0.03325	0.03325	0.00000	0.00000	0.1117	0.1075	0.03849
12	0.03309	0.03309	0.00000	0.00000	0.1099	0.1059	0.03895
13	0.03172	0.03172	0.00000	0.00000	0.1126	0.1111	0.03884
14	0.03237	0.03237	0.00000	0.00000	0.1121	0.0939	0.03953
15	0.03122	0.03122	0.00000	0.00000	0.1090	0.1009	0.03818
16	0.03123	0.03123	0.00000	0.00000	0.1095	0.1269	0.03887
17	0.03126	0.03126	0.00000	0.00000	0.1125	0.0926	0.03883
18	0.03040	0.03040	0.00000	0.00000	0.1104	0.1121	0.03896
19	0.03065	0.03065	0.00000	0.00000	0.1092	0.1084	0.03870
20	0.03035	0.03035	0.00000	0.00000	0.1115	0.0869	0.03968
21	0.02976	0.02976	0.00000	0.00000	0.1118	0.1014	0.03974
22	0.02924	0.02924	0.00000	0.00000	0.1092	0.1220	0.03849
23	0.02872	0.02872	0.00000	0.00000	0.1123	0.0944	0.03863
24	0.02877	0.02877	0.00000	0.00000	0.1098	0.1110	0.03904
25	0.02815	0.02815	0.00000	0.00000	0.1102	0.1234	0.04034
26	0.02803	0.02803	0.00000	0.00000	0.1130	0.1005	0.03943
27	0.02766	0.02766	0.00000	0.00000	0.1098	0.1080	0.03977
28	0.02728	0.02728	0.00000	0.00000	0.1111	0.1106	0.03954
29	0.02752	0.02752	0.00000	0.00000	0.1124	0.1145	0.04022
30	0.02701	0.02701	0.00000	0.00000	0.1100	0.1181	0.03987
31	0.02603	0.02603	0.00000	0.00000	0.1117	0.1145	0.04013
32	0.02614	0.02614	0.00000	0.00000	0.1137	0.0802	0.04092
33	0.02563	0.02563	0.00000	0.00000	0.1100	0.1013	0.03889
34	0.02562	0.02562	0.00000	0.00000	0.1100	0.0916	0.04064
35	0.02614	0.02614	0.00000	0.00000	0.1106	0.1230	0.03952
36	0.02522	0.02522	0.00000	0.00000	0.1113	0.0982	0.03981
37	0.02437	0.02437	0.00000	0.00000	0.1097	0.1188	0.03980
38	0.02415	0.02415	0.00000	0.00000	0.1119	0.1095	0.04030
39	0.02435	0.02435	0.00000	0.00000	0.1136	0.1027	0.04068
40	0.02405	0.02405	0.00000	0.00000	0.1113	0.1017	0.03949
41	0.02402	0.02402	0.00000	0.00000	0.1116	0.0980	0.04035
42	0.02398	0.02398	0.00000	0.00000	0.1094	0.1314	0.04092
43	0.02364	0.02364	0.00000	0.00000	0.1114	0.1179	0.04015
44	0.02280	0.02280	0.00000	0.00000	0.1118	0.1029	0.04079
45	0.02245	0.02245	0.00000	0.00000	0.1135	0.0863	0.04275
46	0.02318	0.02318	0.00000	0.00000	0.1094	0.1131	0.04100
47	0.02198	0.02198	0.00000	0.00000	0.1120	0.1024	0.04039
48	0.02213	0.02213	0.00000	0.00000	0.1095	0.1042	0.04185
49	0.02229	0.02229	0.00000	0.00000	0.1137	0.0912	0.04246
50	0.02217	0.02217	0.00000	0.00000	0.1107	0.1006	0.04047
51	0.02242	0.02242	0.00000	0.00000	0.1114	0.1006	0.04081
52	0.02291	0.02291	0.00000	0.00000	0.1118	0.1122	0.03956
53	0.02177	0.02177	0.00000	0.00000	0.1110	0.0925	0.04085
54	0.02146	0.02146	0.00000	0.00000	0.1107	0.1082	0.04156
55	0.02179	0.02179	0.00000	0.00000	0.1121	0.1205	0.04226
56	0.02132	0.02132	0.00000	0.00000	0.1130	0.0900	0.04270
57	0.02099	0.02099	0.00000	0.00000	0.1102	0.1111	0.04147
58	0.02059	0.02059	0.00000	0.00000	0.1115	0.1150	0.04234
59	0.02068	0.02068	0.00000	0.00000	0.1115	0.1226	0.04149
60	0.01998	0.01998	0.00000	0.00000	0.1138	0.1106	0.04118
61	0.01995	0.01995	0.00000	0.00000	0.1102	0.1041	0.04170
62	0.01982	0.01982	0.00000	0.00000	0.1099	0.1210	0.04236
63	0.01953	0.01953	0.00000	0.00000	0.1139	0.1113	0.04198
64	0.02003	0.02003	0.00000	0.00000	0.1099	0.1198	0.04180
65	0.01937	0.01937	0.00000	0.00000	0.1122	0.0978	0.04268
66	0.01850	0.01850	0.00000	0.00000	0.1116	0.1064	0.04198
67	0.01921	0.01921	0.00000	0.00000	0.1112	0.1120	0.04140
68	0.01867	0.01867	0.00000	0.00000	0.1108	0.1041	0.04184
69	0.01874	0.01874	0.00000	0.00000	0.1116	0.1137	0.04260
70	0.01841	0.01841	0.00000	0.00000	0.1120	0.1191	0.04585
71	0.01841	0.01841	0.00000	0.00000	0.1114	0.1097	0.04236
72	0.01853	0.01853	0.00000	0.00000	0.1110	0.1050	0.04192
73	0.01814	0.01814	0.00000	0.00000	0.1128	0.1162	0.04182
74	0.01873	0.01873	0.00000	0.00000	0.1112	0.1065	0.04172
75	0.01782	0.01782	0.00000	0.00000	0.1097	0.1097	0.04351
76	0.01825	0.01825	0.00000	0.00000	0.1104	0.1071	0.04303
77	0.01778	0.01778	0.00000	0.00000	0.1133	0.1012	0.04147
78	0.01721	0.01721	0.00000	0.00000	0.1098	0.1221	0.04456
79	0.01787	0.01787	0.00000	0.00000	0.1125	0.1164	0.04408
80	0.01781	0.01781	0.00000	0.00000	0.1115	0.0959	0.04268
81	0.01717	0.01717	0.00000	0.00000	0.1107	0.1117	0.04417
82	0.01771	0.01771	0.00000	0.00000	0.1123	0.0940	0.04289
83	0.01774	0.01774	0.00000	0.00000	0.1092	0.1174	0.04497
84	0.01734	0.01734	0.00000	0.00000	0.1114	0.1051	0.04334
85	0.01743	0.01743	0.00000	0.00000	0.1141	0.1000	0.04338
86	0.01681	0.01681	0.00000	0.00000	0.1104	0.1052	0.04263
87	0.01646	0.01646	0.00000	0.00000	0.1115	0.1145	0.04247
88	0.01651	0.01651	0.00000	0.00000	0.1112	0.1109	0.04331
89	0.01654	0.01654	0.00000	0.00000	0.1106	0.1035	0.04245
90	0.01640	0.01640	0.00000	0.00000	0.1124	0.1118	0.04198
91	0.01651	0.01651	0.00000	0.00000	0.1115	0.1191	0.04317
92	0.01583	0.01583	0.00000	0.00000	0.1135	0.1060	0.04269
93	0.01623	0.01623	0.00000	0.00000	0.1095	0.0932	0.04416
94	0.01632	0.01632	0.00000	0.00000	0.1105	0.1143	0.04283
95	0.01630	0.01630	0.00000	0.00000	0.1120	0.0992	0.04309
96	0.01593	0.01593	0.00000	0.00000	0.1118	0.0891	0.04554
97	0.01642	0.01642	0.00000	0.00000	0.1116	0.1137	0.04257
98	0.01625	0.01625	0.00000	0.00000	0.1114	0.1071	0.04455
99	0.01605	0.01605	0.00000	0.00000	0.1109	0.0985	0.04341
100	0.01554	0.01554	0.00000	0.00000	0.1107	0.1132	0.04409
101	0.01613	0.01613	0.00000	0.00000	0.1107	0.1081	0.04227
102	0.01506	0.01506	0.00000	0.00000	0.1118	0.1141	0.04496
103	0.01526	0.01526	0.00000	0.00000	0.1134	0.1068	0.04344
104	0.01609	0.01609	0.00000	0.00000	0.1105	0.1237	0.04312
105	0.01701	0.01701	0.00000	0.00000	0.1120	0.1138	0.04376
106	0.01635	0.01635	0.00000	0.00000	0.1125	0.0914	0.04313
107	0.01669	0.01669	0.00000	0.00000	0.1098	0.1101	0.04501
108	0.01555	0.01555	0.00000	0.00000	0.1121	0.0939	0.04436
109	0.01594	0.01594	0.00000	0.00000	0.1101	0.1123	0.04357
110	0.01571	0.01571	0.00000	0.00000	0.1107	0.1273	0.04544
111	0.01590	0.01590	0.00000	0.00000	0.1127	0.1078	0.04406
112	0.01552	0.01552	0.00000	0.00000	0.1101	0.1082	0.04388
113	0.01452	0.01452	0.00000	0.00000	0.1117	0.1079	0.04440
114	0.01481	0.01481	0.00000	0.00000	0.1116	0.1136	0.04394
115	0.01492	0.01492	0.00000	0.00000	0.1114	0.1117	0.04242
116	0.01537	0.01537	0.00000	0.00000	0.1115	0.1050	0.04329
117	0.01487	0.01487	0.00000	0.00000	0.1133	0.0938	0.04456
118	0.01415	0.01415	0.00000	0.00000	0.1117	0.1052	0.04369
119	0.01380	0.01380	0.00000	0.00000	0.1110	0.1139	0.04319
120	0.01433	0.01433	0.00000	0.00000	0.1116	0.1074	0.04360
121	0.01428	0.01428	0.00000	0.00000	0.1110	0.1055	0.04178
122	0.01467	0.01467	0.00000	0.00000	0.1123	0.1098	0.04449
123	0.01541	0.01541	0.00000	0.00000	0.1118	0.1072	0.04388
124	0.01528	0.01528	0.00000	0.00000	0.1093	0.1078	0.04334
125	0.01446	0.01446	0.00000	0.00000	0.1114	0.1222	0.04324
126	0.01436	0.01436	0.00000	0.00000	0.1127	0.0982	0.04457
127	0.01397	0.01397	0.00000	0.00000	0.1117	0.1160	0.04231
128	0.01412	0.01412	0.00000	0.00000	0.1118	0.1139	0.04569
129	0.01434	0.01434	0.00000	0.00000	0.1111	0.1027	0.04612
130	0.01453	0.01453	0.00000	0.00000	0.1108	0.1158	0.04375
131	0.01397	0.01397	0.00000	0.00000	0.1125	0.1093	0.04379
132	0.01436	0.01436	0.00000	0.00000	0.1125	0.1111	0.04442
133	0.01397	0.01397	0.00000	0.00000	0.1108	0.1140	0.04432
134	0.01419	0.01419	0.00000	0.00000	0.1111	0.1197	0.04452
135	0.01372	0.01372	0.00000	0.00000	0.1132	0.0902	0.04503
136	0.01348	0.01348	0.00000	0.00000	0.1120	0.0943	0.04406
137	0.01388	0.01388	0.00000	0.00000	0.1102	0.0876	0.04367
138	0.01470	0.01470	0.00000	0.00000	0.1113	0.1029	0.04534
139	0.01466	0.01466	0.00000	0.00000	0.1102	0.1049	0.04459
140	0.01401	0.01401	0.00000	0.00000	0.1117	0.1005	0.04454
141	0.01312	0.01312	0.00000	0.00000	0.1113	0.1264	0.04532
142	0.01368	0.01368	0.00000	0.00000	0.1114	0.1295	0.04486
143	0.01354	0.01354	0.00000	0.00000	0.1126	0.1177	0.04640
144	0.01355	0.01355	0.00000	0.00000	0.1120	0.0978	0.04549
145	0.01336	0.01336	0.00000	0.00000	0.1107	0.1078	0.04490
146	0.01332	0.01332	0.00000	0.00000	0.1114	0.1152	0.04550
147	0.01336	0.01336	0.00000	0.00000	0.1122	0.1031	0.04493
148	0.01370	0.01370	0.00000	0.00000	0.1133	0.0948	0.04623
149	0.01389	0.01389	0.00000	0.00000	0.1100	0.0969	0.04380
150	0.01363	0.01363	0.00000	0.00000	0.1108	0.1108	0.04348
151	0.01349	0.01349	0.00000	0.00000	0.1108	0.1044	0.04363
152	0.01355	0.01355	0.00000	0.00000	0.1094	0.1095	0.04366
153	0.01343	0.01343	0.00000	0.00000	0.1122	0.1077	0.04462
154	0.01304	0.01304	0.00000	0.00000	0.1120	0.0962	0.04433
155	0.01330	0.01330	0.00000	0.00000	0.1107	0.0997	0.04352
156	0.01248	0.01248	0.00000	0.00000	0.1098	0.1280	0.04473
157	0.01291	0.01291	0.00000	0.00000	0.1136	0.1131	0.04470
158	0.01282	0.01282	0.00000	0.00000	0.1118	0.1075	0.04391
159	0.01333	0.01333	0.00000	0.00000	0.1115	0.1058	0.04408
160	0.01277	0.01277	0.00000	0.00000	0.1104	0.1056	0.04271
161	0.01274	0.01274	0.00000	0.00000	0.1133	0.0995	0.04309
162	0.01346	0.01346	0.00000	0.00000	0.1114	0.0955	0.04289
163	0.01371	0.01371	0.00000	0.00000	0.1102	0.1027	0.04423
164	0.01288	0.01288	0.00000	0.00000	0.1092	0.1137	0.04438
165	0.01250	0.01250	0.00000	0.00000	0.1125	0.1255	0.04448
166	0.01264	0.01264	0.00000	0.00000	0.1130	0.0991	0.04425
167	0.01268	0.01268	0.00000	0.00000	0.1115	0.1071	0.04296
168	0.01244	0.01244	0.00000	0.00000	0.1126	0.1122	0.04340
169	0.01218	0.01218	0.00000	0.00000	0.1126	0.0960	0.04352
170	0.01249	0.01249	0.00000	0.00000	0.1113	0.1139	0.04433
171	0.01266	0.01266	0.00000	0.00000	0.1099	0.1162	0.04434
172	0.01341	0.01341	0.00000	0.00000	0.1125	0.1044	0.04569
173	0.01289	0.01289	0.00000	0.00000	0.1102	0.1102	0.04476
174	0.01263	0.01263	0.00000	0.00000	0.1133	0.1026	0.04357
175	0.01289	0.01289	0.00000	0.00000	0.1113	0.0978	0.04359
176	0.01215	0.01215	0.00000	0.00000	0.1102	0.1201	0.04423
177	0.01319	0.01319	0.00000	0.00000	0.1128	0.0794	0.04632
178	0.01405	0.01405	0.00000	0.00000	0.1112	0.0985	0.04452
179	0.01338	0.01338	0.00000	0.00000	0.1112	0.1097	0.04296
180	0.01285	0.01285	0.00000	0.00000	0.1125	0.1040	0.04556
181	0.01307	0.01307	0.00000	0.00000	0.1106	0.1193	0.04477
182	0.01305	0.01305	0.00000	0.00000	0.1116	0.0956	0.04503
183	0.01292	0.01292	0.00000	0.00000	0.1102	0.1220	0.04536
184	0.01250	0.01250	0.00000	0.00000	0.1131	0.1055	0.04360
185	0.01229	0.01229	0.00000	0.00000	0.1109	0.0968	0.04425
186	0.01235	0.01235	0.00000	0.00000	0.1102	0.1177	0.04428
187	0.01206	0.01206	0.00000	0.00000	0.1121	0.1106	0.04390
188	0.01219	0.01219	0.00000	0.00000	0.1132	0.1020	0.04554
189	0.01244	0.01244	0.00000	0.00000	0.1089	0.1150	0.04452
190	0.01255	0.01255	0.00000	0.00000	0.1107	0.1160	0.04402
191	0.01245	0.01245	0.00000	0.00000	0.1128	0.0927	0.04439
192	0.01247	0.01247	0.00000	0.00000	0.1109	0.1042	0.04464
193	0.01241	0.01241	0.00000	0.00000	0.1103	0.1195	0.04553
194	0.01265	0.01265	0.00000	0.00000	0.1118	0.1085	0.04483
195	0.01260	0.01260	0.00000	0.00000	0.1119	0.1200	0.04592
196	0.01226	0.01226	0.00000	0.00000	0.1127	0.1014	0.04566
197	0.01194	0.01194	0.00000	0.00000	0.1109	0.1052	0.04530
198	0.01203	0.01203	0.00000	0.00000	0.1116	0.1000	0.04607
199	0.01252	0.01252	0.00000	0.00000	0.1100	0.1156	0.04511
200	0.01197	0.01197	0.00000	0.00000	0.1127	0.1159	0.04398
201	0.01234	0.01234	0.00000	0.00000	0.1125	0.1198	0.04567
202	0.01239	0.01239	0.00000	0.00000	0.1119	0.0984	0.04534
203	0.01257	0.01257	0.00000	0.00000	0.1106	0.0954	0.04261
204	0.01224	0.01224	0.00000	0.00000	0.1121	0.0977	0.04450
205	0.01182	0.01182	0.00000	0.00000	0.1114	0.1027	0.04445
206	0.01164	0.01164	0.00000	0.00000	0.1100	0.1170	0.04318
207	0.01273	0.01273	0.00000	0.00000	0.1137	0.1000	0.04406
208	0.01187	0.01187	0.00000	0.00000	0.1111	0.1203	0.04391
209	0.01199	0.01199	0.00000	0.00000	0.1108	0.1083	0.04316
210	0.01183	0.01183	0.00000	0.00000	0.1116	0.1039	0.04714
211	0.01156	0.01156	0.00000	0.00000	0.1107	0.1118	0.04576
212	0.01162	0.01162	0.00000	0.00000	0.1125	0.1224	0.04257
213	0.01144	0.01144	0.00000	0.00000	0.1111	0.1150	0.04454
214	0.01110	0.01110	0.00000	0.00000	0.1117	0.1152	0.04455
215	0.01143	0.01143	0.00000	0.00000	0.1107	0.1113	0.04431
216	0.01134	0.01134	0.00000	0.00000	0.1111	0.0945	0.04535
217	0.01195	0.01195	0.00000	0.00000	0.1097	0.1123	0.04573
218	0.01197	0.01197	0.00000	0.00000	0.1133	0.0993	0.04598
219	0.01207	0.01207	0.00000	0.00000	0.1126	0.1028	0.04491
220	0.01170	0.01170	0.00000	0.00000	0.1112	0.1006	0.04583
221	0.01180	0.01180	0.00000	0.00000	0.1100	0.1151	0.04304
222	0.01186	0.01186	0.00000	0.00000	0.1120	0.1032	0.04412
223	0.01165	0.01165	0.00000	0.00000	0.1111	0.1075	0.04328
224	0.01148	0.01148	0.00000	0.00000	0.1107	0.1172	0.04250
225	0.01115	0.01115	0.00000	0.00000	0.1117	0.1179	0.04448
226	0.01126	0.01126	0.00000	0.00000	0.1123	0.1168	0.04478
227	0.01171	0.01171	0.00000	0.00000	0.1110	0.1012	0.04458
228	0.01125	0.01125	0.00000	0.00000	0.1114	0.0847	0.04637
229	0.01179	0.01179	0.00000	0.00000	0.1106	0.1156	0.04331
230	0.01106	0.01106	0.00000	0.00000	0.1132	0.1026	0.04503
231	0.01161	0.01161	0.00000	0.00000	0.1092	0.1040	0.04345
232	0.01211	0.01211	0.00000	0.00000	0.1133	0.1074	0.04445
233	0.01158	0.01158	0.00000	0.00000	0.1118	0.1005	0.04643
234	0.01234	0.01234	0.00000	0.00000	0.1121	0.0987	0.04738
235	0.01218	0.01218	0.00000	0.00000	0.1121	0.1135	0.04405
236	0.01169	0.01169	0.00000	0.00000	0.1112	0.1035	0.04402
237	0.01201	0.01201	0.00000	0.00000	0.1114	0.1098	0.04426
238	0.01181	0.01181	0.00000	0.00000	0.1095	0.1036	0.04441
239	0.01190	0.01190	0.00000	0.00000	0.1111	0.1089	0.04377
240	0.01193	0.01193	0.00000	0.00000	0.1100	0.1090	0.04301
241	0.01161	0.01161	0.00000	0.00000	0.1113	0.1141	0.04375
242	0.01168	0.01168	0.00000	0.00000	0.1127	0.1125	0.04319
243	0.01170	0.01170	0.00000	0.00000	0.1115	0.1000	0.04402
244	0.01138	0.01138	0.00000	0.00000	0.1107	0.1070	0.04401
245	0.01139	0.01139	0.00000	0.00000	0.1122	0.1033	0.04406
246	0.01136	0.01136	0.00000	0.00000	0.1104	0.1113	0.04525
247	0.01198	0.01198	0.00000	0.00000	0.1138	0.1141	0.04437
248	0.01109	0.01109	0.00000	0.00000	0.1115	0.1167	0.04519
249	0.01129	0.01129	0.00000	0.00000	0.1095	0.1192	0.04446
250	0.01078	0.01078	0.00000	0.00000	0.1122	0.1038	0.04335
251	0.01107	0.01107	0.00000	0.00000	0.1123	0.1000	0.04377
252	0.01133	0.01133	0.00000	0.00000	0.1111	0.0981	0.04398
253	0.01105	0.01105	0.00000	0.00000	0.1118	0.1038	0.04624
254	0.01169	0.01169	0.00000	0.00000	0.1104	0.1207	0.04726
255	0.01099	0.01099	0.00000	0.00000	0.1126	0.1099	0.04559
256	0.01083	0.01083	0.00000	0.00000	0.1093	0.1038	0.04376
257	0.01106	0.01106	0.00000	0.00000	0.1119	0.1204	0.04431
258	0.01123	0.01123	0.00000	0.00000	0.1104	0.1044	0.04517
259	0.01123	0.01123	0.00000	0.00000	0.1111	0.1215	0.04418
260	0.01098	0.01098	0.00000	0.00000	0.1125	0.1205	0.04650
261	0.01118	0.01118	0.00000	0.00000	0.1119	0.1101	0.04449
262	0.01137	0.01137	0.00000	0.00000	0.1117	0.0990	0.04271
263	0.01164	0.01164	0.00000	0.00000	0.1112	0.1003	0.04353
264	0.01131	0.01131	0.00000	0.00000	0.1124	0.1039	0.04510
265	0.01093	0.01093	0.00000	0.00000	0.1114	0.1103	0.04594
266	0.01099	0.01099	0.00000	0.00000	0.1112	0.1052	0.04358
267	0.01106	0.01106	0.00000	0.00000	0.1108	0.0915	0.04630
268	0.01087	0.01087	0.00000	0.00000	0.1107	0.1052	0.04528
269	0.01156	0.01156	0.00000	0.00000	0.1128	0.1097	0.04425
270	0.01108	0.01108	0.00000	0.00000	0.1111	0.1052	0.04252
271	0.01083	0.01083	0.00000	0.00000	0.1110	0.1140	0.04438
272	0.01102	0.01102	0.00000	0.00000	0.1124	0.1125	0.04435
273	0.01110	0.01110	0.00000	0.00000	0.1116	0.1033	0.04327
274	0.01163	0.01163	0.00000	0.00000	0.1100	0.1106	0.04525
275	0.01091	0.01091	0.00000	0.00000	0.1130	0.1040	0.04314
276	0.01109	0.01109	0.00000	0.00000	0.1110	0.1066	0.04464
277	0.01144	0.01144	0.00000	0.00000	0.1120	0.1100	0.04407
278	0.01073	0.01073	0.00000	0.00000	0.1111	0.1176	0.04453
279	0.01090	0.01090	0.00000	0.00000	0.1112	0.1113	0.04430
280	0.01100	0.01100	0.00000	0.00000	0.1111	0.1106	0.04477
281	0.01138	0.01138	0.00000	0.00000	0.1127	0.0971	0.04444
282	0.01168	0.01168	0.00000	0.00000	0.1111	0.1094	0.04514
283	0.01114	0.01114	0.00000	0.00000	0.1119	0.0859	0.04382
284	0.01123	0.01123	0.00000	0.00000	0.1120	0.0860	0.04492
285	0.01123	0.01123	0.00000	0.00000	0.1108	0.1041	0.04505
286	0.01081	0.01081	0.00000	0.00000	0.1096	0.1160	0.04682
287	0.01050	0.01050	0.00000	0.00000	0.1133	0.1121	0.04496
288	0.01051	0.01051	0.00000	0.00000	0.1105	0.1110	0.04451
289	0.01173	0.01173	0.00000	0.00000	0.1122	0.0981	0.04545
290	0.01097	0.01097	0.00000	0.00000	0.1116	0.1111	0.04322
291	0.01100	0.01100	0.00000	0.00000	0.1099	0.1065	0.04427
292	0.01151	0.01151	0.00000	0.00000	0.1126	0.1318	0.04526
293	0.01069	0.01069	0.00000	0.00000	0.1115	0.1060	0.04347
294	0.01049	0.01049	0.00000	0.00000	0.1110	0.1024	0.04379
295	0.01099	0.01099	0.00000	0.00000	0.1107	0.1096	0.04523
296	0.01055	0.01055	0.00000	0.00000	0.1127	0.1042	0.04478
297	0.01118	0.01118	0.00000	0.00000	0.1110	0.1102	0.04526
298	0.01083	0.01083	0.00000	0.00000	0.1101	0.1205	0.04380
299	0.01048	0.01048	0.00000	0.00000	0.1132	0.1141	0.04354
