# {"dataset": "kitti", "cache": "method01_advantage_regress/outputs/kitti/cache_train.pt", "val_cache": "method01_advantage_regress/outputs/kitti/cache_val.pt", "flops": "method01_advantage_regress/outputs/kitti/flops_table.json", "epochs": 300, "batch": 256, "lr": 0.001, "lambda_flops": 1.0, "lambda_uni": 0.1, "hidden": 128, "group_dim": 64, "path_dim": 8, "feat": "input", "norm": "batch", "dropout": 0.0, "weight_decay": 0.0, "select": "val_corr", "mode": "regress", "regress_loss": "mse", "margin": 0.0, "prev_p": 0.5, "seed": 0, "device": "cuda:0", "out": "method01_advantage_regress/outputs/kitti/B1_pd8/policy_input_s0.pt", "logdir": "method01_advantage_regress/outputs/kitti/B1_pd8/logs", "tag": "B1pd8_s0"}
epoch	total	l_acc	l_flops	l_uni	p_super	val_p_super	val_l_acc
0	0.04506	0.04506	0.00000	0.00000	0.1104	0.1282	0.04230
1	0.04011	0.04011	0.00000	0.00000	0.1108	0.1072	0.04089
2	0.03820	0.03820	0.00000	0.00000	0.1133	0.0807	0.04058
3	0.03763	0.03763	0.00000	0.00000	0.1066	0.1481	0.04224
4	0.03690	0.03690	0.00000	0.00000	0.1158	0.0856	0.04184
5	0.03558	0.03558	0.00000	0.00000	0.1126	0.0984	0.03896
6	0.03463	0.03463	0.00000	0.00000	0.1076	0.1196	0.03927
7	0.03404	0.03404	0.00000	0.00000	0.1123	0.1207	0.04133
8	0.03301	0.03301	0.00000	0.00000	0.1136	0.0811	0.04182
9	0.03269	0.03269	0.00000	0.00000	0.1077	0.1334	0.04082
10	0.03157	0.03157	0.00000	0.00000	0.1130	0.1213	0.03932
11	0.03076	0.03076	0.00000	0.00000	0.1115	0.1020	0.03993
12	0.03035	0.03035	0.00000	0.00000	0.1123	0.1129	0.04048
13	0.03017	0.03017	0.00000	0.00000	0.1086	0.1474	0.04206
14	0.03004	0.03004	0.00000	0.00000	0.1138	0.0770	0.04196
15	0.02851	0.02851	0.00000	0.00000	0.1130	0.1018	0.04019
16	0.02802	0.02802	0.00000	0.00000	0.1109	0.1052	0.04037
17	0.02790	0.02790	0.00000	0.00000	0.1119	0.0928	0.04202
18	0.02706	0.02706	0.00000	0.00000	0.1121	0.0971	0.04120
19	0.02681	0.02681	0.00000	0.00000	0.1113	0.0838	0.04113
20	0.02694	0.02694	0.00000	0.00000	0.1095	0.0912	0.04095
21	0.02578	0.02578	0.00000	0.00000	0.1121	0.1002	0.04249
22	0.02592	0.02592	0.00000	0.00000	0.1115	0.0834	0.04088
23	0.02499	0.02499	0.00000	0.00000	0.1091	0.1054	0.04326
24	0.02554	0.02554	0.00000	0.00000	0.1135	0.0966	0.04197
25	0.02479	0.02479	0.00000	0.00000	0.1120	0.0916	0.04261
26	0.02416	0.02416	0.00000	0.00000	0.1105	0.0831	0.04342
27	0.02398	0.02398	0.00000	0.00000	0.1099	0.1213	0.04232
28	0.02356	0.02356	0.00000	0.00000	0.1075	0.1525	0.04271
29	0.02321	0.02321	0.00000	0.00000	0.1156	0.0984	0.04206
30	0.02214	0.02214	0.00000	0.00000	0.1103	0.1134	0.04202
31	0.02136	0.02136	0.00000	0.00000	0.1128	0.0910	0.04299
32	0.02169	0.02169	0.00000	0.00000	0.1106	0.1049	0.04275
33	0.02145	0.02145	0.00000	0.00000	0.1122	0.0672	0.04430
34	0.02165	0.02165	0.00000	0.00000	0.1102	0.0879	0.04287
35	0.02141	0.02141	0.00000	0.00000	0.1119	0.1019	0.04142
36	0.02056	0.02056	0.00000	0.00000	0.1093	0.0948	0.04381
37	0.02037	0.02037	0.00000	0.00000	0.1142	0.0990	0.04238
38	0.02039	0.02039	0.00000	0.00000	0.1109	0.1251	0.04235
39	0.01904	0.01904	0.00000	0.00000	0.1110	0.1038	0.04139
40	0.01836	0.01836	0.00000	0.00000	0.1116	0.0973	0.04182
41	0.01882	0.01882	0.00000	0.00000	0.1094	0.0988	0.04431
42	0.01837	0.01837	0.00000	0.00000	0.1120	0.1081	0.04264
43	0.01866	0.01866	0.00000	0.00000	0.1128	0.0900	0.04400
44	0.01755	0.01755	0.00000	0.00000	0.1106	0.1165	0.04312
45	0.01784	0.01784	0.00000	0.00000	0.1112	0.1048	0.04382
46	0.01752	0.01752	0.00000	0.00000	0.1131	0.0847	0.04604
47	0.01703	0.01703	0.00000	0.00000	0.1089	0.1120	0.04310
48	0.01657	0.01657	0.00000	0.00000	0.1112	0.1306	0.04556
49	0.01666	0.01666	0.00000	0.00000	0.1130	0.0981	0.04402
50	0.01636	0.01636	0.00000	0.00000	0.1091	0.1179	0.04409
51	0.01625	0.01625	0.00000	0.00000	0.1130	0.0766	0.04436
52	0.01711	0.01711	0.00000	0.00000	0.1121	0.0863	0.04449
53	0.01617	0.01617	0.00000	0.00000	0.1101	0.1172	0.04468
54	0.01523	0.01523	0.00000	0.00000	0.1105	0.1177	0.04481
55	0.01615	0.01615	0.00000	0.00000	0.1125	0.1116	0.04616
56	0.01578	0.01578	0.00000	0.00000	0.1106	0.1165	0.04318
57	0.01513	0.01513	0.00000	0.00000	0.1120	0.1003	0.04548
58	0.01446	0.01446	0.00000	0.00000	0.1122	0.1249	0.04440
59	0.01482	0.01482	0.00000	0.00000	0.1127	0.1086	0.04502
60	0.01452	0.01452	0.00000	0.00000	0.1130	0.0965	0.04381
61	0.01464	0.01464	0.00000	0.00000	0.1113	0.0972	0.04477
62	0.01395	0.01395	0.00000	0.00000	0.1123	0.0955	0.04552
63	0.01361	0.01361	0.00000	0.00000	0.1114	0.1086	0.04384
64	0.01457	0.01457	0.00000	0.00000	0.1112	0.1292	0.04646
65	0.01381	0.01381	0.00000	0.00000	0.1106	0.1261	0.04411
66	0.01352	0.01352	0.00000	0.00000	0.1112	0.1142	0.04480
67	0.01363	0.01363	0.00000	0.00000	0.1120	0.0871	0.04474
68	0.01416	0.01416	0.00000	0.00000	0.1124	0.0906	0.04531
69	0.01398	0.01398	0.00000	0.00000	0.1117	0.0909	0.04540
70	0.01305	0.01305	0.00000	0.00000	0.1092	0.1307	0.04557
71	0.01267	0.01267	0.00000	0.00000	0.1115	0.0946	0.04470
72	0.01355	0.01355	0.00000	0.00000	0.1115	0.1031	0.04475
73	0.01285	0.01285	0.00000	0.00000	0.1116	0.0896	0.04581
74	0.01283	0.01283	0.00000	0.00000	0.1113	0.1006	0.04417
75	0.01193	0.01193	0.00000	0.00000	0.1103	0.1339	0.04503
76	0.01272	0.01272	0.00000	0.00000	0.1116	0.1070	0.04360
77	0.01254	0.01254	0.00000	0.00000	0.1123	0.0897	0.04648
78	0.01218	0.01218	0.00000	0.00000	0.1104	0.1409	0.04602
79	0.01198	0.01198	0.00000	0.00000	0.1122	0.1070	0.04523
80	0.01151	0.01151	0.00000	0.00000	0.1109	0.1060	0.04484
81	0.01158	0.01158	0.00000	0.00000	0.1122	0.1048	0.04532
82	0.01205	0.01205	0.00000	0.00000	0.1122	0.0817	0.04644
83	0.01239	0.01239	0.00000	0.00000	0.1080	0.1274	0.04472
84	0.01201	0.01201	0.00000	0.00000	0.1122	0.1318	0.04650
85	0.01163	0.01163	0.00000	0.00000	0.1126	0.1048	0.04588
86	0.01134	0.01134	0.00000	0.00000	0.1109	0.1114	0.04567
87	0.01135	0.01135	0.00000	0.00000	0.1119	0.0940	0.04560
88	0.01099	0.01099	0.00000	0.00000	0.1106	0.0983	0.04548
89	0.01062	0.01062	0.00000	0.00000	0.1105	0.1157	0.04362
90	0.01090	0.01090	0.00000	0.00000	0.1111	0.1166	0.04598
91	0.01166	0.01166	0.00000	0.00000	0.1129	0.1185	0.04605
92	0.01101	0.01101	0.00000	0.00000	0.1128	0.0779	0.04691
93	0.01080	0.01080	0.00000	0.00000	0.1102	0.0869	0.04602
94	0.01071	0.01071	0.00000	0.00000	0.1122	0.1077	0.04616
95	0.01098	0.01098	0.00000	0.00000	0.1107	0.1132	0.04594
96	0.01063	0.01063	0.00000	0.00000	0.1109	0.1134	0.04710
97	0.01012	0.01012	0.00000	0.00000	0.1113	0.1029	0.04721
98	0.01028	0.01028	0.00000	0.00000	0.1113	0.1196	0.04612
99	0.01043	0.01043	0.00000	0.00000	0.1108	0.1219	0.04705
100	0.01021	0.01021	0.00000	0.00000	0.1110	0.1412	0.04662
101	0.01102	0.01102	0.00000	0.00000	0.1122	0.1153	0.04569
102	0.01016	0.01016	0.00000	0.00000	0.1126	0.1092	0.04669
103	0.00949	0.00949	0.00000	0.00000	0.1116	0.0995	0.04499
104	0.00935	0.00935	0.00000	0.00000	0.1108	0.1274	0.04475
105	0.00964	0.00964	0.00000	0.00000	0.1117	0.1108	0.04631
106	0.00985	0.00985	0.00000	0.00000	0.1111	0.1090	0.04671
107	0.01029	0.01029	0.00000	0.00000	0.1105	0.1329	0.04811
108	0.01005	0.01005	0.00000	0.00000	0.1114	0.1132	0.04648
109	0.00999	0.00999	0.00000	0.00000	0.1107	0.1196	0.04751
110	0.01013	0.01013	0.00000	0.00000	0.1126	0.1184	0.04451
111	0.00999	0.00999	0.00000	0.00000	0.1110	0.1005	0.04543
112	0.00993	0.00993	0.00000	0.00000	0.1100	0.1270	0.04529
113	0.00952	0.00952	0.00000	0.00000	0.1123	0.1179	0.04426
114	0.00895	0.00895	0.00000	0.00000	0.1121	0.0934	0.04659
115	0.00979	0.00979	0.00000	0.00000	0.1100	0.0957	0.04550
116	0.01022	0.01022	0.00000	0.00000	0.1108	0.1459	0.04718
117	0.00975	0.00975	0.00000	0.00000	0.1122	0.1158	0.04734
118	0.00949	0.00949	0.00000	0.00000	0.1116	0.1093	0.04710
119	0.00892	0.00892	0.00000	0.00000	0.1114	0.1148	0.04613
120	0.00947	0.00947	0.00000	0.00000	0.1111	0.1204	0.04448
121	0.00960	0.00960	0.00000	0.00000	0.1126	0.1150	0.04553
122	0.00941	0.00941	0.00000	0.00000	0.1126	0.0830	0.04599
123	0.00952	0.00952	0.00000	0.00000	0.1106	0.1039	0.04475
124	0.00920	0.00920	0.00000	0.00000	0.1133	0.0966	0.04590
125	0.00878	0.00878	0.00000	0.00000	0.1107	0.1265	0.04655
126	0.00896	0.00896	0.00000	0.00000	0.1111	0.1105	0.04601
127	0.00901	0.00901	0.00000	0.00000	0.1120	0.1281	0.04498
128	0.00867	0.00867	0.00000	0.00000	0.1125	0.1084	0.04725
129	0.00939	0.00939	0.00000	0.00000	0.1119	0.0930	0.04583
130	0.00946	0.00946	0.00000	0.00000	0.1097	0.1289	0.04531
131	0.00950	0.00950	0.00000	0.00000	0.1125	0.1254	0.04732
132	0.00988	0.00988	0.00000	0.00000	0.1118	0.1123	0.04532
133	0.00918	0.00918	0.00000	0.00000	0.1113	0.1104	0.04493
134	0.00894	0.00894	0.00000	0.00000	0.1121	0.1126	0.04714
135	0.00897	0.00897	0.00000	0.00000	0.1109	0.1134	0.04581
136	0.00887	0.00887	0.00000	0.00000	0.1117	0.1225	0.04595
137	0.00848	0.00848	0.00000	0.00000	0.1105	0.1034	0.04543
138	0.00840	0.00840	0.00000	0.00000	0.1125	0.0917	0.04635
139	0.00857	0.00857	0.00000	0.00000	0.1106	0.1070	0.04536
140	0.00881	0.00881	0.00000	0.00000	0.1119	0.1454	0.04713
141	0.00898	0.00898	0.00000	0.00000	0.1119	0.1270	0.04641
142	0.00895	0.00895	0.00000	0.00000	0.1113	0.0977	0.04722
143	0.00861	0.00861	0.00000	0.00000	0.1104	0.1222	0.04631
144	0.00810	0.00810	0.00000	0.00000	0.1117	0.1055	0.04466
145	0.00821	0.00821	0.00000	0.00000	0.1112	0.1091	0.04532
146	0.00834	0.00834	0.00000	0.00000	0.1108	0.1149	0.04620
147	0.00864	0.00864	0.00000	0.00000	0.1118	0.1229	0.04493
148	0.00846	0.00846	0.00000	0.00000	0.1118	0.0973	0.04637
149	0.00866	0.00866	0.00000	0.00000	0.1120	0.0985	0.04699
150	0.00854	0.00854	0.00000	0.00000	0.1097	0.1039	0.04620
151	0.00829	0.00829	0.00000	0.00000	0.1110	0.1284	0.04503
152	0.00847	0.00847	0.00000	0.00000	0.1113	0.1063	0.04634
153	0.00867	0.00867	0.00000	0.00000	0.1107	0.1094	0.04623
154	0.00822	0.00822	0.00000	0.00000	0.1112	0.1032	0.04703
155	0.00799	0.00799	0.00000	0.00000	0.1127	0.0914	0.04680
156	0.00793	0.00793	0.00000	0.00000	0.1109	0.1179	0.04628
157	0.00776	0.00776	0.00000	0.00000	0.1122	0.1192	0.04507
158	0.00784	0.00784	0.00000	0.00000	0.1117	0.1100	0.04483
159	0.00776	0.00776	0.00000	0.00000	0.1112	0.0909	0.04681
160	0.00827	0.00827	0.00000	0.00000	0.1113	0.1233	0.04477
161	0.00795	0.00795	0.00000	0.00000	0.1116	0.1101	0.04522
162	0.00792	0.00792	0.00000	0.00000	0.1115	0.1092	0.04533
163	0.00809	0.00809	0.00000	0.00000	0.1114	0.0914	0.04663
164	0.00887	0.00887	0.00000	0.00000	0.1088	0.1207	0.04512
165	0.00806	0.00806	0.00000	0.00000	0.1130	0.1195	0.04611
166	0.00793	0.00793	0.00000	0.00000	0.1109	0.1132	0.04478
167	0.00769	0.00769	0.00000	0.00000	0.1112	0.1263	0.04697
168	0.00773	0.00773	0.00000	0.00000	0.1122	0.1133	0.04560
169	0.00731	0.00731	0.00000	0.00000	0.1115	0.0997	0.04662
170	0.00791	0.00791	0.00000	0.00000	0.1116	0.1118	0.04568
171	0.00763	0.00763	0.00000	0.00000	0.1116	0.1143	0.04589
172	0.00810	0.00810	0.00000	0.00000	0.1105	0.1166	0.04590
173	0.00793	0.00793	0.00000	0.00000	0.1117	0.1343	0.04604
174	0.00819	0.00819	0.00000	0.00000	0.1119	0.1100	0.04522
175	0.00785	0.00785	0.00000	0.00000	0.1121	0.1161	0.04531
176	0.00773	0.00773	0.00000	0.00000	0.1124	0.1012	0.04593
177	0.00785	0.00785	0.00000	0.00000	0.1108	0.1198	0.04618
178	0.00809	0.00809	0.00000	0.00000	0.1117	0.0888	0.04526
179	0.00823	0.00823	0.00000	0.00000	0.1103	0.1075	0.04469
180	0.00763	0.00763	0.00000	0.00000	0.1118	0.1036	0.04513
181	0.00755	0.00755	0.00000	0.00000	0.1104	0.1106	0.04582
182	0.00743	0.00743	0.00000	0.00000	0.1119	0.1024	0.04485
183	0.00756	0.00756	0.00000	0.00000	0.1108	0.1315	0.04651
184	0.00787	0.00787	0.00000	0.00000	0.1114	0.1126	0.04614
185	0.00760	0.00760	0.00000	0.00000	0.1114	0.1193	0.04624
186	0.00764	0.00764	0.00000	0.00000	0.1111	0.1114	0.04650
187	0.00731	0.00731	0.00000	0.00000	0.1114	0.1032	0.04487
188	0.00741	0.00741	0.00000	0.00000	0.1110	0.1122	0.04382
189	0.00764	0.00764	0.00000	0.00000	0.1118	0.1046	0.04594
190	0.00766	0.00766	0.00000	0.00000	0.1107	0.1151	0.04398
191	0.00779	0.00779	0.00000	0.00000	0.1106	0.1275	0.04700
192	0.00744	0.00744	0.00000	0.00000	0.1139	0.1057	0.04529
193	0.00782	0.00782	0.00000	0.00000	0.1110	0.1100	0.04508
194	0.00729	0.00729	0.00000	0.00000	0.1106	0.1124	0.04596
195	0.00740	0.00740	0.00000	0.00000	0.1122	0.1178	0.04638
196	0.00723	0.00723	0.00000	0.00000	0.1115	0.0890	0.04714
197	0.00715	0.00715	0.00000	0.00000	0.1114	0.1046	0.04616
198	0.00699	0.00699	0.00000	0.00000	0.1126	0.1146	0.04699
199	0.00729	0.00729	0.00000	0.00000	0.1108	0.1116	0.04519
200	0.00730	0.00730	0.00000	0.00000	0.1122	0.1158	0.04683
201	0.00712	0.00712	0.00000	0.00000	0.1127	0.1057	0.04585
202	0.00699	0.00699	0.00000	0.00000	0.1115	0.0933	0.04657
203	0.00714	0.00714	0.00000	0.00000	0.1096	0.1197	0.04547
204	0.00732	0.00732	0.00000	0.00000	0.1115	0.0989	0.04603
205	0.00688	0.00688	0.00000	0.00000	0.1121	0.1040	0.04517
206	0.00682	0.00682	0.00000	0.00000	0.1110	0.1190	0.04709
207	0.00735	0.00735	0.00000	0.00000	0.1115	0.1160	0.04661
208	0.00713	0.00713	0.00000	0.00000	0.1124	0.1133	0.04737
209	0.00752	0.00752	0.00000	0.00000	0.1115	0.1118	0.04479
210	0.00714	0.00714	0.00000	0.00000	0.1107	0.1116	0.04700
211	0.00725	0.00725	0.00000	0.00000	0.1122	0.1167	0.04529
212	0.00743	0.00743	0.00000	0.00000	0.1109	0.1140	0.04530
213	0.00720	0.00720	0.00000	0.00000	0.1112	0.1144	0.04412
214	0.00679	0.00679	0.00000	0.00000	0.1118	0.1104	0.04516
215	0.00690	0.00690	0.00000	0.00000	0.1123	0.0894	0.04543
216	0.00658	0.00658	0.00000	0.00000	0.1106	0.1078	0.04501
217	0.00668	0.00668	0.00000	0.00000	0.1119	0.1079	0.04655
218	0.00674	0.00674	0.00000	0.00000	0.1114	0.1104	0.04534
219	0.00689	0.00689	0.00000	0.00000	0.1121	0.1095	0.04587
220	0.00670	0.00670	0.00000	0.00000	0.1111	0.1073	0.04522
221	0.00681	0.00681	0.00000	0.00000	0.1113	0.1243	0.04582
222	0.00712	0.00712	0.00000	0.00000	0.1099	0.1254	0.04454
223	0.00713	0.00713	0.00000	0.00000	0.1132	0.1128	0.04507
224	0.00688	0.00688	0.00000	0.00000	0.1112	0.0924	0.04631
225	0.00681	0.00681	0.00000	0.00000	0.1115	0.1113	0.04624
226	0.00700	0.00700	0.00000	0.00000	0.1130	0.0979	0.04563
227	0.00705	0.00705	0.00000	0.00000	0.1093	0.1076	0.04397
228	0.00734	0.00734	0.00000	0.00000	0.1115	0.1061	0.04512
229	0.00781	0.00781	0.00000	0.00000	0.1112	0.1283	0.04716
230	0.00768	0.00768	0.00000	0.00000	0.1127	0.0867	0.04592
231	0.00757	0.00757	0.00000	0.00000	0.1098	0.1266	0.04481
232	0.00677	0.00677	0.00000	0.00000	0.1138	0.1034	0.04650
233	0.00705	0.00705	0.00000	0.00000	0.1110	0.1112	0.04668
234	0.00657	0.00657	0.00000	0.00000	0.1124	0.1118	0.04446
235	0.00634	0.00634	0.00000	0.00000	0.1118	0.1003	0.04595
236	0.00661	0.00661	0.00000	0.00000	0.1107	0.1097	0.04588
237	0.00643	0.00643	0.00000	0.00000	0.1115	0.1052	0.04504
238	0.00687	0.00687	0.00000	0.00000	0.1108	0.1230	0.04618
239	0.00680	0.00680	0.00000	0.00000	0.1116	0.1045	0.04540
240	0.00673	0.00673	0.00000	0.00000	0.1107	0.1019	0.04634
241	0.00659	0.00659	0.00000	0.00000	0.1117	0.0937	0.04576
242	0.00673	0.00673	0.00000	0.00000	0.1108	0.1085	0.04622
243	0.00709	0.00709	0.00000	0.00000	0.1120	0.1119	0.04570
244	0.00644	0.00644	0.00000	0.00000	0.1115	0.1157	0.04548
245	0.00669	0.00669	0.00000	0.00000	0.1112	0.1225	0.04503
246	0.00592	0.00592	0.00000	0.00000	0.1123	0.1144	0.04492
247	0.00612	0.00612	0.00000	0.00000	0.1111	0.1064	0.04548
248	0.00707	0.00707	0.00000	0.00000	0.1104	0.1080	0.04655
249	0.00715	0.00715	0.00000	0.00000	0.1123	0.1051	0.04466
250	0.00662	0.00662	0.00000	0.00000	0.1103	0.1328	0.04643
251	0.00671	0.00671	0.00000	0.00000	0.1125	0.0969	0.04512
252	0.00603	0.00603	0.00000	0.00000	0.1110	0.1207	0.04539
253	0.00607	0.00607	0.00000	0.00000	0.1123	0.0847	0.04603
254	0.00610	0.00610	0.00000	0.00000	0.1102	0.1184	0.04527
255	0.00606	0.00606	0.00000	0.00000	0.1112	0.1239	0.04680
256	0.00633	0.00633	0.00000	0.00000	0.1124	0.1211	0.04548
257	0.00675	0.00675	0.00000	0.00000	0.1110	0.1044	0.04549
258	0.00673	0.00673	0.00000	0.00000	0.1113	0.1319	0.04624
259	0.00616	0.00616	0.00000	0.00000	0.1118	0.1168	0.04500
260	0.00629	0.00629	0.00000	0.00000	0.1126	0.1045	0.04686
261	0.00681	0.00681	0.00000	0.00000	0.1096	0.1153	0.04546
262	0.00677	0.00677	0.00000	0.00000	0.1114	0.1083	0.04534
263	0.00660	0.00660	0.00000	0.00000	0.1114	0.1002	0.04517
264	0.00695	0.00695	0.00000	0.00000	0.1116	0.1141	0.04880
265	0.00650	0.00650	0.00000	0.00000	0.1123	0.1075	0.04590
266	0.00632	0.00632	0.00000	0.00000	0.1105	0.0958	0.04553
267	0.00587	0.00587	0.00000	0.00000	0.1124	0.1008	0.04625
268	0.00607	0.00607	0.00000	0.00000	0.1100	0.1204	0.04612
269	0.00622	0.00622	0.00000	0.00000	0.1123	0.1297	0.04664
270	0.00595	0.00595	0.00000	0.00000	0.1110	0.1270	0.04507
271	0.00633	0.00633	0.00000	0.00000	0.1120	0.1329	0.04607
272	0.00616	0.00616	0.00000	0.00000	0.1114	0.1155	0.04585
273	0.00589	0.00589	0.00000	0.00000	0.1113	0.1163	0.04471
274	0.00602	0.00602	0.00000	0.00000	0.1109	0.1317	0.04496
275	0.00592	0.00592	0.00000	0.00000	0.1112	0.1157	0.04556
276	0.00621	0.00621	0.00000	0.00000	0.1119	0.1100	0.04590
277	0.00583	0.00583	0.00000	0.00000	0.1115	0.1056	0.04539
278	0.00585	0.00585	0.00000	0.00000	0.1112	0.1133	0.04626
279	0.00620	0.00620	0.00000	0.00000	0.1118	0.1076	0.04576
280	0.00576	0.00576	0.00000	0.00000	0.1126	0.0973	0.04578
281	0.00663	0.00663	0.00000	0.00000	0.1116	0.1008	0.04576
282	0.00648	0.00648	0.00000	0.00000	0.1108	0.1130	0.04572
283	0.00584	0.00584	0.00000	0.00000	0.1118	0.1068	0.04570
284	0.00590	0.00590	0.00000	0.00000	0.1106	0.1122	0.04553
285	0.00594	0.00594	0.00000	0.00000	0.1117	0.1111	0.04543
286	0.00557	0.00557	0.00000	0.00000	0.1111	0.1184	0.04635
287	0.00568	0.00568	0.00000	0.00000	0.1132	0.0928	0.04593
288	0.00567	0.00567	0.00000	0.00000	0.1096	0.1024	0.04649
289	0.00632	0.00632	0.00000	0.00000	0.1117	0.1137	0.04643
290	0.00688	0.00688	0.00000	0.00000	0.1117	0.1072	0.04586
291	0.00651	0.00651	0.00000	0.00000	0.1118	0.1010	0.04544
292	0.00646	0.00646	0.00000	0.00000	0.1111	0.1047	0.04616
293	0.00567	0.00567	0.00000	0.00000	0.1114	0.1127	0.04456
294	0.00560	0.00560	0.00000	0.00000	0.1114	0.1038	0.04542
295	0.00626	0.00626	0.00000	0.00000	0.1117	0.1087	0.04660
296	0.00560	0.00560	0.00000	0.00000	0.1121	0.0996	0.04695
297	0.00586	0.00586	0.00000	0.00000	0.1121	0.1057	0.04570
298	0.00608	0.00608	0.00000	0.00000	0.1116	0.1096	0.04678
299	0.00638	0.00638	0.00000	0.00000	0.1110	0.1079	0.04515
