FlashAttention is not available on this device. Using scaled_dot_product_attention instead.
[*] TRT backend: trt_bench/onnx/bdd_pooled/base.fp16.engine / trt_bench/onnx/bdd_pooled/super.fp16.engine + router trt_bench/onnx/bdd_pooled/router.fp16.engine  feat=both
[*] night_dawn: 1011 frames, 5 segments
[*] city_highway: 915 frames, 5 segments
[*] clear_rainy: 1011 frames, 5 segments
[*] measured anchors: BASE=25.45  SUPER=42.54 ms  band [27.16, 40.83];  tau in [-0.002, 0.082]  gscale=0.0049 -> kp=1.96e-04 ki=9.82e-05

scenario      budget       SUPER%
    [night_dawn/step] 1011 frames in 69.9s
night_dawn    step          59.3%
    [night_dawn/sawtooth] 1011 frames in 68.8s
night_dawn    sawtooth      53.7%
    [city_highway/step] 915 frames in 61.3s
city_highway  step          58.0%
    [city_highway/sawtooth] 915 frames in 60.8s
city_highway  sawtooth      54.9%
    [clear_rainy/step] 1011 frames in 71.1s
clear_rainy   step          61.5%
    [clear_rainy/sawtooth] 1011 frames in 70.9s
clear_rainy   sawtooth      60.5%
[*] -> fig8_jetson/online_budget_demo_jetson.json

scenario      budget      MAE(ms)   SUPER%
night_dawn    step           2.44    59.3%
night_dawn    sawtooth       2.84    53.7%
city_highway  step           2.14    58.0%
city_highway  sawtooth       2.74    54.9%
clear_rainy   step           3.24    61.5%
clear_rainy   sawtooth       3.40    60.5%

[*] -> fig8_jetson/fig8_jetson.pdf
