# {"cache": "/home/hslee/Desktop/Embedded_AI/context-anydepth-det/anydepth-yolov12/method01_gumbel_binary/outputs/cache_train.pt", "val_cache": "/home/hslee/Desktop/Embedded_AI/context-anydepth-det/anydepth-yolov12/method01_gumbel_binary/outputs/cache_val.pt", "flops": "/home/hslee/Desktop/Embedded_AI/context-anydepth-det/anydepth-yolov12/method01_gumbel_binary/outputs/flops_table.json", "epochs": 300, "batch": 256, "lr": 0.001, "lambda_flops": 1.0, "lambda_uni": 0.1, "hidden": 128, "group_dim": 64, "feat": "input", "mode": "regress", "margin": 0.0, "device": "cuda:0", "out": "method01_gumbel_binary/outputs/policy_input.pt", "logdir": "/home/hslee/Desktop/Embedded_AI/context-anydepth-det/anydepth-yolov12/method01_gumbel_binary/outputs/logs", "tag": "feat_input"}
epoch	total	l_acc	l_flops	l_uni	p_super	val_p_super	val_l_acc
0	0.04586	0.04586	0.00000	0.00000	0.1082	0.0187	0.05072
1	0.03999	0.03999	0.00000	0.00000	0.1091	0.0631	0.04292
2	0.03842	0.03842	0.00000	0.00000	0.1108	0.0940	0.03913
3	0.03777	0.03777	0.00000	0.00000	0.1104	0.1143	0.03996
4	0.03611	0.03611	0.00000	0.00000	0.1113	0.1092	0.03952
5	0.03482	0.03482	0.00000	0.00000	0.1117	0.1152	0.04102
6	0.03463	0.03463	0.00000	0.00000	0.1140	0.1089	0.03969
7	0.03408	0.03408	0.00000	0.00000	0.1066	0.1204	0.04016
8	0.03314	0.03314	0.00000	0.00000	0.1140	0.1047	0.03990
9	0.03224	0.03224	0.00000	0.00000	0.1074	0.1294	0.04098
10	0.03218	0.03218	0.00000	0.00000	0.1162	0.0885	0.04106
11	0.03209	0.03209	0.00000	0.00000	0.1078	0.1224	0.04087
12	0.03107	0.03107	0.00000	0.00000	0.1111	0.1322	0.03941
13	0.02971	0.02971	0.00000	0.00000	0.1120	0.1357	0.04153
14	0.02923	0.02923	0.00000	0.00000	0.1128	0.1201	0.04159
15	0.02932	0.02932	0.00000	0.00000	0.1102	0.1065	0.04056
16	0.02893	0.02893	0.00000	0.00000	0.1148	0.0925	0.03905
17	0.02956	0.02956	0.00000	0.00000	0.1034	0.1189	0.04178
18	0.02728	0.02728	0.00000	0.00000	0.1159	0.1009	0.04118
19	0.02691	0.02691	0.00000	0.00000	0.1100	0.1223	0.04149
20	0.02602	0.02602	0.00000	0.00000	0.1116	0.0852	0.04131
21	0.02590	0.02590	0.00000	0.00000	0.1123	0.0980	0.04202
22	0.02474	0.02474	0.00000	0.00000	0.1121	0.0973	0.04279
23	0.02470	0.02470	0.00000	0.00000	0.1095	0.1283	0.04286
24	0.02456	0.02456	0.00000	0.00000	0.1123	0.1093	0.04183
25	0.02549	0.02549	0.00000	0.00000	0.1074	0.1273	0.04284
26	0.02370	0.02370	0.00000	0.00000	0.1146	0.1132	0.04251
27	0.02351	0.02351	0.00000	0.00000	0.1129	0.0783	0.04249
28	0.02367	0.02367	0.00000	0.00000	0.1096	0.1159	0.04272
29	0.02333	0.02333	0.00000	0.00000	0.1102	0.1143	0.04084
30	0.02246	0.02246	0.00000	0.00000	0.1114	0.1332	0.04253
31	0.02108	0.02108	0.00000	0.00000	0.1115	0.1386	0.04437
32	0.02128	0.02128	0.00000	0.00000	0.1124	0.1324	0.04360
33	0.02075	0.02075	0.00000	0.00000	0.1122	0.1002	0.04288
34	0.02019	0.02019	0.00000	0.00000	0.1129	0.1015	0.04276
35	0.02036	0.02036	0.00000	0.00000	0.1105	0.1203	0.04409
36	0.01978	0.01978	0.00000	0.00000	0.1104	0.1249	0.04411
37	0.01957	0.01957	0.00000	0.00000	0.1140	0.1057	0.04286
38	0.01999	0.01999	0.00000	0.00000	0.1110	0.1009	0.04397
39	0.01857	0.01857	0.00000	0.00000	0.1110	0.0850	0.04388
40	0.01978	0.01978	0.00000	0.00000	0.1107	0.0887	0.04337
41	0.01936	0.01936	0.00000	0.00000	0.1117	0.0928	0.04298
42	0.01830	0.01830	0.00000	0.00000	0.1096	0.1252	0.04470
43	0.01758	0.01758	0.00000	0.00000	0.1119	0.1194	0.04310
44	0.01712	0.01712	0.00000	0.00000	0.1113	0.1227	0.04337
45	0.01765	0.01765	0.00000	0.00000	0.1111	0.1113	0.04308
46	0.01815	0.01815	0.00000	0.00000	0.1110	0.1236	0.04399
47	0.01699	0.01699	0.00000	0.00000	0.1133	0.0930	0.04434
48	0.01703	0.01703	0.00000	0.00000	0.1109	0.1200	0.04392
49	0.01704	0.01704	0.00000	0.00000	0.1123	0.1199	0.04561
50	0.01648	0.01648	0.00000	0.00000	0.1132	0.0928	0.04337
51	0.01557	0.01557	0.00000	0.00000	0.1113	0.0988	0.04414
52	0.01567	0.01567	0.00000	0.00000	0.1131	0.0885	0.04424
53	0.01590	0.01590	0.00000	0.00000	0.1107	0.1152	0.04270
54	0.01538	0.01538	0.00000	0.00000	0.1118	0.0953	0.04447
55	0.01531	0.01531	0.00000	0.00000	0.1127	0.0926	0.04397
56	0.01503	0.01503	0.00000	0.00000	0.1117	0.1058	0.04354
57	0.01515	0.01515	0.00000	0.00000	0.1123	0.0976	0.04486
58	0.01486	0.01486	0.00000	0.00000	0.1092	0.1466	0.04651
59	0.01486	0.01486	0.00000	0.00000	0.1122	0.1159	0.04540
60	0.01417	0.01417	0.00000	0.00000	0.1122	0.0779	0.04475
61	0.01395	0.01395	0.00000	0.00000	0.1105	0.1188	0.04557
62	0.01352	0.01352	0.00000	0.00000	0.1118	0.1060	0.04514
63	0.01371	0.01371	0.00000	0.00000	0.1120	0.1041	0.04556
64	0.01333	0.01333	0.00000	0.00000	0.1107	0.1126	0.04566
65	0.01331	0.01331	0.00000	0.00000	0.1108	0.1225	0.04692
66	0.01333	0.01333	0.00000	0.00000	0.1110	0.1328	0.04594
67	0.01321	0.01321	0.00000	0.00000	0.1111	0.1233	0.04372
68	0.01308	0.01308	0.00000	0.00000	0.1135	0.0942	0.04640
69	0.01297	0.01297	0.00000	0.00000	0.1107	0.0964	0.04313
70	0.01323	0.01323	0.00000	0.00000	0.1111	0.1343	0.04568
71	0.01330	0.01330	0.00000	0.00000	0.1115	0.1178	0.04564
72	0.01297	0.01297	0.00000	0.00000	0.1134	0.0995	0.04522
73	0.01236	0.01236	0.00000	0.00000	0.1107	0.1012	0.04480
74	0.01255	0.01255	0.00000	0.00000	0.1104	0.1176	0.04617
75	0.01227	0.01227	0.00000	0.00000	0.1123	0.1085	0.04719
76	0.01180	0.01180	0.00000	0.00000	0.1103	0.1194	0.04573
77	0.01228	0.01228	0.00000	0.00000	0.1116	0.1358	0.04683
78	0.01260	0.01260	0.00000	0.00000	0.1123	0.1065	0.04553
79	0.01273	0.01273	0.00000	0.00000	0.1122	0.0794	0.04600
80	0.01225	0.01225	0.00000	0.00000	0.1100	0.1145	0.04533
81	0.01189	0.01189	0.00000	0.00000	0.1117	0.0940	0.04526
82	0.01239	0.01239	0.00000	0.00000	0.1108	0.1207	0.04716
83	0.01272	0.01272	0.00000	0.00000	0.1116	0.1536	0.04797
84	0.01207	0.01207	0.00000	0.00000	0.1115	0.1462	0.04775
85	0.01177	0.01177	0.00000	0.00000	0.1108	0.1232	0.04588
86	0.01112	0.01112	0.00000	0.00000	0.1115	0.1061	0.04551
87	0.01090	0.01090	0.00000	0.00000	0.1103	0.1181	0.04602
88	0.01069	0.01069	0.00000	0.00000	0.1126	0.1196	0.04780
89	0.01105	0.01105	0.00000	0.00000	0.1112	0.1112	0.04698
90	0.01104	0.01104	0.00000	0.00000	0.1115	0.1027	0.04553
91	0.01061	0.01061	0.00000	0.00000	0.1106	0.1286	0.04542
92	0.01046	0.01046	0.00000	0.00000	0.1116	0.1300	0.04792
93	0.01055	0.01055	0.00000	0.00000	0.1133	0.0999	0.04766
94	0.01079	0.01079	0.00000	0.00000	0.1107	0.0962	0.04711
95	0.01088	0.01088	0.00000	0.00000	0.1121	0.0833	0.04691
96	0.01019	0.01019	0.00000	0.00000	0.1108	0.1107	0.04733
97	0.01016	0.01016	0.00000	0.00000	0.1121	0.1068	0.04653
98	0.01039	0.01039	0.00000	0.00000	0.1117	0.1013	0.04589
99	0.01038	0.01038	0.00000	0.00000	0.1107	0.1208	0.04697
100	0.01016	0.01016	0.00000	0.00000	0.1134	0.1058	0.04753
101	0.01022	0.01022	0.00000	0.00000	0.1106	0.1234	0.04791
102	0.01004	0.01004	0.00000	0.00000	0.1134	0.0860	0.04715
103	0.00996	0.00996	0.00000	0.00000	0.1102	0.1081	0.04667
104	0.00972	0.00972	0.00000	0.00000	0.1123	0.1203	0.04641
105	0.00998	0.00998	0.00000	0.00000	0.1115	0.1148	0.04716
106	0.00988	0.00988	0.00000	0.00000	0.1111	0.1183	0.04856
107	0.00968	0.00968	0.00000	0.00000	0.1133	0.0862	0.04861
108	0.01035	0.01035	0.00000	0.00000	0.1096	0.1352	0.04750
109	0.01011	0.01011	0.00000	0.00000	0.1105	0.1382	0.04845
110	0.00982	0.00982	0.00000	0.00000	0.1123	0.1034	0.04852
111	0.00958	0.00958	0.00000	0.00000	0.1103	0.0990	0.04731
112	0.00952	0.00952	0.00000	0.00000	0.1123	0.0836	0.04831
113	0.00973	0.00973	0.00000	0.00000	0.1111	0.1093	0.04843
114	0.00923	0.00923	0.00000	0.00000	0.1118	0.1179	0.04626
115	0.00968	0.00968	0.00000	0.00000	0.1108	0.1118	0.04891
116	0.00968	0.00968	0.00000	0.00000	0.1115	0.1248	0.04782
117	0.01006	0.01006	0.00000	0.00000	0.1121	0.0944	0.04762
118	0.01031	0.01031	0.00000	0.00000	0.1107	0.1227	0.04813
119	0.00922	0.00922	0.00000	0.00000	0.1118	0.1056	0.04602
120	0.00919	0.00919	0.00000	0.00000	0.1114	0.1320	0.04803
121	0.00926	0.00926	0.00000	0.00000	0.1118	0.1254	0.04785
122	0.00889	0.00889	0.00000	0.00000	0.1112	0.1026	0.04638
123	0.00889	0.00889	0.00000	0.00000	0.1127	0.1015	0.04573
124	0.00918	0.00918	0.00000	0.00000	0.1100	0.1212	0.04740
125	0.00875	0.00875	0.00000	0.00000	0.1127	0.1145	0.04739
126	0.00858	0.00858	0.00000	0.00000	0.1119	0.1140	0.04830
127	0.00896	0.00896	0.00000	0.00000	0.1118	0.1032	0.04766
128	0.00886	0.00886	0.00000	0.00000	0.1125	0.0961	0.04710
129	0.00910	0.00910	0.00000	0.00000	0.1098	0.1187	0.04730
130	0.00888	0.00888	0.00000	0.00000	0.1110	0.1128	0.04853
131	0.00878	0.00878	0.00000	0.00000	0.1128	0.1184	0.04687
132	0.00892	0.00892	0.00000	0.00000	0.1105	0.1082	0.04808
133	0.00886	0.00886	0.00000	0.00000	0.1107	0.1183	0.04871
134	0.00861	0.00861	0.00000	0.00000	0.1112	0.1305	0.04815
135	0.01037	0.01037	0.00000	0.00000	0.1115	0.1090	0.04659
136	0.00917	0.00917	0.00000	0.00000	0.1121	0.1074	0.04662
137	0.00884	0.00884	0.00000	0.00000	0.1113	0.1107	0.04617
138	0.00877	0.00877	0.00000	0.00000	0.1123	0.1096	0.04764
139	0.00941	0.00941	0.00000	0.00000	0.1114	0.0953	0.04687
140	0.00836	0.00836	0.00000	0.00000	0.1112	0.0999	0.04704
141	0.00856	0.00856	0.00000	0.00000	0.1121	0.0938	0.04753
142	0.00850	0.00850	0.00000	0.00000	0.1105	0.1031	0.04775
143	0.00862	0.00862	0.00000	0.00000	0.1111	0.1104	0.04636
144	0.00843	0.00843	0.00000	0.00000	0.1118	0.1192	0.04722
145	0.00834	0.00834	0.00000	0.00000	0.1122	0.1040	0.04722
146	0.00893	0.00893	0.00000	0.00000	0.1109	0.1218	0.04831
147	0.00809	0.00809	0.00000	0.00000	0.1107	0.1245	0.04929
148	0.00831	0.00831	0.00000	0.00000	0.1117	0.1134	0.04647
149	0.00820	0.00820	0.00000	0.00000	0.1113	0.1269	0.04666
150	0.00816	0.00816	0.00000	0.00000	0.1123	0.1079	0.04801
151	0.00927	0.00927	0.00000	0.00000	0.1109	0.1154	0.04551
152	0.00918	0.00918	0.00000	0.00000	0.1109	0.1301	0.04798
153	0.00832	0.00832	0.00000	0.00000	0.1137	0.1081	0.04608
154	0.00804	0.00804	0.00000	0.00000	0.1099	0.1080	0.04775
155	0.00793	0.00793	0.00000	0.00000	0.1127	0.0948	0.04744
156	0.00802	0.00802	0.00000	0.00000	0.1092	0.1097	0.04651
157	0.00796	0.00796	0.00000	0.00000	0.1129	0.1227	0.04743
158	0.00768	0.00768	0.00000	0.00000	0.1121	0.1099	0.04878
159	0.00788	0.00788	0.00000	0.00000	0.1112	0.1042	0.04913
160	0.00814	0.00814	0.00000	0.00000	0.1111	0.1138	0.04701
161	0.00775	0.00775	0.00000	0.00000	0.1126	0.1074	0.04731
162	0.00838	0.00838	0.00000	0.00000	0.1102	0.1006	0.04790
163	0.00829	0.00829	0.00000	0.00000	0.1120	0.1020	0.04829
164	0.00790	0.00790	0.00000	0.00000	0.1111	0.1207	0.04791
165	0.00799	0.00799	0.00000	0.00000	0.1130	0.1059	0.04881
166	0.00811	0.00811	0.00000	0.00000	0.1095	0.1199	0.04807
167	0.00799	0.00799	0.00000	0.00000	0.1137	0.1059	0.04709
168	0.00725	0.00725	0.00000	0.00000	0.1107	0.1209	0.04700
169	0.00767	0.00767	0.00000	0.00000	0.1112	0.1078	0.04602
170	0.00786	0.00786	0.00000	0.00000	0.1121	0.1208	0.04738
171	0.00785	0.00785	0.00000	0.00000	0.1120	0.1172	0.04730
172	0.00750	0.00750	0.00000	0.00000	0.1117	0.0940	0.04711
173	0.00735	0.00735	0.00000	0.00000	0.1107	0.1244	0.04993
174	0.00774	0.00774	0.00000	0.00000	0.1130	0.0877	0.04861
175	0.00749	0.00749	0.00000	0.00000	0.1100	0.1076	0.04758
176	0.00717	0.00717	0.00000	0.00000	0.1118	0.1138	0.04650
177	0.00709	0.00709	0.00000	0.00000	0.1107	0.1238	0.04790
178	0.00796	0.00796	0.00000	0.00000	0.1127	0.0926	0.04866
179	0.00750	0.00750	0.00000	0.00000	0.1101	0.1241	0.04872
180	0.00792	0.00792	0.00000	0.00000	0.1119	0.1037	0.04649
181	0.00769	0.00769	0.00000	0.00000	0.1107	0.1236	0.04876
182	0.00747	0.00747	0.00000	0.00000	0.1104	0.1284	0.04758
183	0.00747	0.00747	0.00000	0.00000	0.1131	0.0876	0.04776
184	0.00760	0.00760	0.00000	0.00000	0.1102	0.0981	0.04758
185	0.00754	0.00754	0.00000	0.00000	0.1122	0.1071	0.04569
186	0.00721	0.00721	0.00000	0.00000	0.1127	0.1050	0.04695
187	0.00764	0.00764	0.00000	0.00000	0.1102	0.1196	0.04794
188	0.00745	0.00745	0.00000	0.00000	0.1113	0.1118	0.04760
189	0.00757	0.00757	0.00000	0.00000	0.1134	0.0820	0.04745
190	0.00773	0.00773	0.00000	0.00000	0.1097	0.1122	0.04790
191	0.00705	0.00705	0.00000	0.00000	0.1127	0.0901	0.04715
192	0.00742	0.00742	0.00000	0.00000	0.1111	0.1134	0.04546
193	0.00714	0.00714	0.00000	0.00000	0.1113	0.1150	0.04637
194	0.00744	0.00744	0.00000	0.00000	0.1118	0.1181	0.04632
195	0.00741	0.00741	0.00000	0.00000	0.1116	0.1053	0.04689
196	0.00706	0.00706	0.00000	0.00000	0.1118	0.1078	0.04787
197	0.00744	0.00744	0.00000	0.00000	0.1110	0.1142	0.04766
198	0.00676	0.00676	0.00000	0.00000	0.1123	0.0952	0.04690
199	0.00765	0.00765	0.00000	0.00000	0.1107	0.0980	0.04809
200	0.00763	0.00763	0.00000	0.00000	0.1113	0.1202	0.04660
201	0.00708	0.00708	0.00000	0.00000	0.1113	0.1115	0.04789
202	0.00768	0.00768	0.00000	0.00000	0.1110	0.1213	0.04713
203	0.00688	0.00688	0.00000	0.00000	0.1127	0.1059	0.04817
204	0.00663	0.00663	0.00000	0.00000	0.1113	0.1034	0.04803
205	0.00725	0.00725	0.00000	0.00000	0.1114	0.0902	0.04721
206	0.00705	0.00705	0.00000	0.00000	0.1119	0.1084	0.04703
207	0.00769	0.00769	0.00000	0.00000	0.1119	0.0966	0.04667
208	0.00704	0.00704	0.00000	0.00000	0.1106	0.1151	0.04843
209	0.00669	0.00669	0.00000	0.00000	0.1122	0.1183	0.04740
210	0.00698	0.00698	0.00000	0.00000	0.1103	0.1246	0.04681
211	0.00639	0.00639	0.00000	0.00000	0.1125	0.1014	0.04774
212	0.00713	0.00713	0.00000	0.00000	0.1111	0.1073	0.04745
213	0.00639	0.00639	0.00000	0.00000	0.1113	0.0970	0.04682
214	0.00692	0.00692	0.00000	0.00000	0.1113	0.1111	0.04716
215	0.00693	0.00693	0.00000	0.00000	0.1111	0.1143	0.04796
216	0.00650	0.00650	0.00000	0.00000	0.1110	0.1128	0.04683
217	0.00691	0.00691	0.00000	0.00000	0.1115	0.1029	0.04724
218	0.00646	0.00646	0.00000	0.00000	0.1121	0.0989	0.04745
219	0.00627	0.00627	0.00000	0.00000	0.1108	0.0978	0.04750
220	0.00672	0.00672	0.00000	0.00000	0.1112	0.0946	0.04658
221	0.00687	0.00687	0.00000	0.00000	0.1108	0.1116	0.04764
222	0.00665	0.00665	0.00000	0.00000	0.1118	0.1088	0.04753
223	0.00656	0.00656	0.00000	0.00000	0.1114	0.1034	0.04682
224	0.00661	0.00661	0.00000	0.00000	0.1116	0.1141	0.04812
225	0.00634	0.00634	0.00000	0.00000	0.1117	0.1046	0.04781
226	0.00609	0.00609	0.00000	0.00000	0.1109	0.1111	0.04869
227	0.00685	0.00685	0.00000	0.00000	0.1115	0.1249	0.04782
228	0.00649	0.00649	0.00000	0.00000	0.1116	0.1162	0.04619
229	0.00769	0.00769	0.00000	0.00000	0.1115	0.1214	0.04882
230	0.00746	0.00746	0.00000	0.00000	0.1113	0.1049	0.04813
231	0.00714	0.00714	0.00000	0.00000	0.1116	0.1068	0.04666
232	0.00750	0.00750	0.00000	0.00000	0.1105	0.1011	0.04774
233	0.00708	0.00708	0.00000	0.00000	0.1116	0.1165	0.04727
234	0.00628	0.00628	0.00000	0.00000	0.1113	0.1087	0.04727
235	0.00651	0.00651	0.00000	0.00000	0.1113	0.1236	0.04666
236	0.00657	0.00657	0.00000	0.00000	0.1119	0.1327	0.04787
237	0.00667	0.00667	0.00000	0.00000	0.1122	0.0951	0.04793
238	0.00675	0.00675	0.00000	0.00000	0.1101	0.1104	0.04805
239	0.00618	0.00618	0.00000	0.00000	0.1118	0.1046	0.04745
240	0.00629	0.00629	0.00000	0.00000	0.1106	0.1232	0.04757
241	0.00613	0.00613	0.00000	0.00000	0.1126	0.1077	0.04614
242	0.00646	0.00646	0.00000	0.00000	0.1108	0.1052	0.04858
243	0.00674	0.00674	0.00000	0.00000	0.1112	0.1205	0.04827
244	0.00658	0.00658	0.00000	0.00000	0.1114	0.1101	0.04785
245	0.00628	0.00628	0.00000	0.00000	0.1113	0.1080	0.04798
246	0.00619	0.00619	0.00000	0.00000	0.1117	0.1065	0.04762
247	0.00591	0.00591	0.00000	0.00000	0.1103	0.0922	0.04641
248	0.00668	0.00668	0.00000	0.00000	0.1101	0.1182	0.04877
249	0.00586	0.00586	0.00000	0.00000	0.1122	0.1097	0.04796
250	0.00635	0.00635	0.00000	0.00000	0.1112	0.1233	0.04730
251	0.00652	0.00652	0.00000	0.00000	0.1113	0.1226	0.04660
252	0.00629	0.00629	0.00000	0.00000	0.1110	0.1239	0.04587
253	0.00671	0.00671	0.00000	0.00000	0.1109	0.1324	0.04790
254	0.00701	0.00701	0.00000	0.00000	0.1118	0.1215	0.04673
255	0.00597	0.00597	0.00000	0.00000	0.1112	0.1164	0.04734
256	0.00586	0.00586	0.00000	0.00000	0.1112	0.1134	0.04631
257	0.00566	0.00566	0.00000	0.00000	0.1109	0.1329	0.04934
258	0.00609	0.00609	0.00000	0.00000	0.1128	0.1082	0.04901
259	0.00593	0.00593	0.00000	0.00000	0.1114	0.1065	0.04792
260	0.00597	0.00597	0.00000	0.00000	0.1119	0.1042	0.04773
261	0.00644	0.00644	0.00000	0.00000	0.1128	0.0904	0.04724
262	0.00686	0.00686	0.00000	0.00000	0.1101	0.1065	0.04721
263	0.00711	0.00711	0.00000	0.00000	0.1119	0.1099	0.04707
264	0.00600	0.00600	0.00000	0.00000	0.1114	0.1215	0.04783
265	0.00603	0.00603	0.00000	0.00000	0.1122	0.0979	0.04761
266	0.00642	0.00642	0.00000	0.00000	0.1106	0.1062	0.04694
267	0.00649	0.00649	0.00000	0.00000	0.1118	0.1112	0.04736
268	0.00620	0.00620	0.00000	0.00000	0.1122	0.1233	0.04748
269	0.00621	0.00621	0.00000	0.00000	0.1120	0.1027	0.04725
270	0.00607	0.00607	0.00000	0.00000	0.1112	0.1025	0.04659
271	0.00636	0.00636	0.00000	0.00000	0.1113	0.1121	0.04610
272	0.00561	0.00561	0.00000	0.00000	0.1103	0.1061	0.04644
273	0.00616	0.00616	0.00000	0.00000	0.1117	0.1170	0.04685
274	0.00624	0.00624	0.00000	0.00000	0.1124	0.1015	0.04790
275	0.00631	0.00631	0.00000	0.00000	0.1102	0.1091	0.04628
276	0.00563	0.00563	0.00000	0.00000	0.1113	0.1033	0.04618
277	0.00551	0.00551	0.00000	0.00000	0.1121	0.1125	0.04768
278	0.00595	0.00595	0.00000	0.00000	0.1108	0.1290	0.04825
279	0.00755	0.00755	0.00000	0.00000	0.1117	0.1038	0.04651
280	0.00726	0.00726	0.00000	0.00000	0.1113	0.1112	0.04820
281	0.00699	0.00699	0.00000	0.00000	0.1106	0.1120	0.04628
282	0.00668	0.00668	0.00000	0.00000	0.1115	0.1230	0.04649
283	0.00662	0.00662	0.00000	0.00000	0.1113	0.1070	0.04723
284	0.00638	0.00638	0.00000	0.00000	0.1110	0.1218	0.04727
285	0.00592	0.00592	0.00000	0.00000	0.1126	0.1049	0.04720
286	0.00782	0.00782	0.00000	0.00000	0.1109	0.0911	0.04653
287	0.00663	0.00663	0.00000	0.00000	0.1106	0.1081	0.04651
288	0.00610	0.00610	0.00000	0.00000	0.1107	0.1149	0.04497
289	0.00632	0.00632	0.00000	0.00000	0.1111	0.1201	0.04806
290	0.00615	0.00615	0.00000	0.00000	0.1118	0.1039	0.04627
291	0.00624	0.00624	0.00000	0.00000	0.1114	0.1142	0.04651
292	0.00588	0.00588	0.00000	0.00000	0.1107	0.1273	0.04589
293	0.00605	0.00605	0.00000	0.00000	0.1120	0.1142	0.04686
294	0.00565	0.00565	0.00000	0.00000	0.1124	0.0992	0.04649
295	0.00546	0.00546	0.00000	0.00000	0.1114	0.1120	0.04814
296	0.00607	0.00607	0.00000	0.00000	0.1115	0.1018	0.04713
297	0.00584	0.00584	0.00000	0.00000	0.1104	0.1063	0.04713
298	0.00677	0.00677	0.00000	0.00000	0.1122	0.1285	0.04765
299	0.00653	0.00653	0.00000	0.00000	0.1116	0.1083	0.04773
