# {"dataset": "kitti", "cache": "/home/hslee/Desktop/Embedded_AI/context-anydepth-det/anydepth-yolov12/method01_advantage_regress/outputs/kitti/cache_train.pt", "val_cache": "/home/hslee/Desktop/Embedded_AI/context-anydepth-det/anydepth-yolov12/method01_advantage_regress/outputs/kitti/cache_val.pt", "flops": "/home/hslee/Desktop/Embedded_AI/context-anydepth-det/anydepth-yolov12/method01_advantage_regress/outputs/kitti/flops_table.json", "epochs": 300, "batch": 256, "lr": 0.001, "lambda_flops": 1.0, "lambda_uni": 0.1, "hidden": 128, "group_dim": 64, "path_dim": 8, "feat": "input", "norm": "batch", "dropout": 0.0, "weight_decay": 0.0, "select": "val_corr", "mode": "regress", "regress_loss": "corr", "margin": 0.0, "seed": 4, "device": "cuda:0", "out": "method01_advantage_regress/outputs/kitti/C1_corr/policy_input_s4.pt", "logdir": "method01_advantage_regress/outputs/kitti/C1_corr/logs", "tag": "C1_corr_s4"}
epoch	total	l_acc	l_flops	l_uni	p_super	val_p_super	val_l_acc
0	0.89386	0.89386	0.00000	0.00000	0.0091	0.1394	0.85419
1	0.76292	0.76292	0.00000	0.00000	0.0849	0.0842	0.80693
2	0.69266	0.69266	0.00000	0.00000	0.0544	0.0395	0.76386
3	0.64051	0.64051	0.00000	0.00000	0.0584	0.0698	0.74330
4	0.60110	0.60110	0.00000	0.00000	0.0670	0.0206	0.72718
5	0.58691	0.58691	0.00000	0.00000	0.0460	0.0684	0.72884
6	0.55744	0.55744	0.00000	0.00000	0.0630	0.0554	0.70124
7	0.55461	0.55461	0.00000	0.00000	0.0739	0.0027	0.72696
8	0.56697	0.56697	0.00000	0.00000	0.0180	0.0304	0.72050
9	0.51055	0.51055	0.00000	0.00000	0.0460	0.0432	0.69431
10	0.48635	0.48635	0.00000	0.00000	0.0679	0.0657	0.72481
11	0.47517	0.47517	0.00000	0.00000	0.0574	0.0061	0.67511
12	0.46463	0.46463	0.00000	0.00000	0.0332	0.0779	0.70375
13	0.45159	0.45159	0.00000	0.00000	0.0873	0.1105	0.69179
14	0.43256	0.43256	0.00000	0.00000	0.0672	0.0295	0.72887
15	0.43762	0.43762	0.00000	0.00000	0.0468	0.0670	0.70666
16	0.41341	0.41341	0.00000	0.00000	0.0427	0.0876	0.71253
17	0.42812	0.42812	0.00000	0.00000	0.0491	0.0114	0.70345
18	0.41195	0.41195	0.00000	0.00000	0.0551	0.0384	0.67637
19	0.39446	0.39446	0.00000	0.00000	0.0370	0.0442	0.70727
20	0.38324	0.38324	0.00000	0.00000	0.0466	0.0603	0.66843
21	0.36494	0.36494	0.00000	0.00000	0.0532	0.0226	0.68629
22	0.36761	0.36761	0.00000	0.00000	0.0508	0.0713	0.70310
23	0.36466	0.36466	0.00000	0.00000	0.0575	0.0637	0.69101
24	0.34196	0.34196	0.00000	0.00000	0.0691	0.0732	0.67234
25	0.35545	0.35545	0.00000	0.00000	0.0820	0.0817	0.71475
26	0.33957	0.33957	0.00000	0.00000	0.0571	0.0694	0.69927
27	0.31898	0.31898	0.00000	0.00000	0.0675	0.0576	0.69696
28	0.31870	0.31870	0.00000	0.00000	0.0545	0.0667	0.70922
29	0.31447	0.31447	0.00000	0.00000	0.0633	0.0427	0.69034
30	0.30735	0.30735	0.00000	0.00000	0.0444	0.0851	0.68538
31	0.29771	0.29771	0.00000	0.00000	0.0646	0.0596	0.69217
32	0.29776	0.29776	0.00000	0.00000	0.0608	0.0487	0.73551
33	0.28725	0.28725	0.00000	0.00000	0.0712	0.0587	0.71273
34	0.29527	0.29527	0.00000	0.00000	0.0990	0.0990	0.69626
35	0.27862	0.27862	0.00000	0.00000	0.0811	0.0745	0.71664
36	0.27508	0.27508	0.00000	0.00000	0.0790	0.0657	0.72791
37	0.27360	0.27360	0.00000	0.00000	0.0696	0.0943	0.70841
38	0.25793	0.25793	0.00000	0.00000	0.0743	0.1046	0.71705
39	0.25035	0.25035	0.00000	0.00000	0.1034	0.0847	0.70054
40	0.25806	0.25806	0.00000	0.00000	0.0936	0.0879	0.69920
41	0.23613	0.23613	0.00000	0.00000	0.0945	0.0459	0.72627
42	0.26957	0.26957	0.00000	0.00000	0.0791	0.1041	0.73721
43	0.24506	0.24506	0.00000	0.00000	0.0859	0.0891	0.70800
44	0.24461	0.24461	0.00000	0.00000	0.0997	0.0895	0.69713
45	0.23809	0.23809	0.00000	0.00000	0.0869	0.0935	0.73276
46	0.23245	0.23245	0.00000	0.00000	0.0835	0.0862	0.70975
47	0.22472	0.22472	0.00000	0.00000	0.0934	0.0731	0.72826
48	0.22117	0.22117	0.00000	0.00000	0.0742	0.0882	0.71367
49	0.21663	0.21663	0.00000	0.00000	0.0845	0.0822	0.71323
50	0.21753	0.21753	0.00000	0.00000	0.0806	0.1264	0.69261
51	0.21219	0.21219	0.00000	0.00000	0.0936	0.0797	0.68907
52	0.20532	0.20532	0.00000	0.00000	0.0716	0.0854	0.70745
53	0.21711	0.21711	0.00000	0.00000	0.0822	0.0928	0.72654
54	0.22093	0.22093	0.00000	0.00000	0.0830	0.0556	0.72622
55	0.20448	0.20448	0.00000	0.00000	0.0748	0.0647	0.68886
56	0.19679	0.19679	0.00000	0.00000	0.0694	0.0845	0.70315
57	0.19011	0.19011	0.00000	0.00000	0.0736	0.0442	0.69151
58	0.19860	0.19860	0.00000	0.00000	0.0575	0.0629	0.71002
59	0.19478	0.19478	0.00000	0.00000	0.0657	0.0659	0.70984
60	0.18997	0.18997	0.00000	0.00000	0.0791	0.0688	0.72041
61	0.18471	0.18471	0.00000	0.00000	0.0750	0.0690	0.68006
62	0.19010	0.19010	0.00000	0.00000	0.0700	0.0758	0.69731
63	0.18260	0.18260	0.00000	0.00000	0.0750	0.0928	0.69564
64	0.18886	0.18886	0.00000	0.00000	0.0646	0.0530	0.72323
65	0.18250	0.18250	0.00000	0.00000	0.0570	0.0760	0.69727
66	0.16882	0.16882	0.00000	0.00000	0.0572	0.0640	0.70863
67	0.17074	0.17074	0.00000	0.00000	0.0693	0.0568	0.70313
68	0.18350	0.18350	0.00000	0.00000	0.0576	0.0516	0.72039
69	0.18089	0.18089	0.00000	0.00000	0.0696	0.0728	0.70557
70	0.16998	0.16998	0.00000	0.00000	0.0611	0.0578	0.71489
71	0.15679	0.15679	0.00000	0.00000	0.0635	0.0750	0.69198
72	0.15966	0.15966	0.00000	0.00000	0.0574	0.0603	0.69336
73	0.16588	0.16588	0.00000	0.00000	0.0499	0.0568	0.71469
74	0.16157	0.16157	0.00000	0.00000	0.0568	0.0581	0.70876
75	0.16491	0.16491	0.00000	0.00000	0.0698	0.0476	0.70394
76	0.16301	0.16301	0.00000	0.00000	0.0651	0.0779	0.68366
77	0.15315	0.15315	0.00000	0.00000	0.0634	0.0806	0.70829
78	0.14693	0.14693	0.00000	0.00000	0.0662	0.0688	0.71920
79	0.15543	0.15543	0.00000	0.00000	0.0755	0.0866	0.68603
80	0.15468	0.15468	0.00000	0.00000	0.0815	0.0837	0.72844
81	0.14741	0.14741	0.00000	0.00000	0.0808	0.0753	0.69384
82	0.14702	0.14702	0.00000	0.00000	0.0782	0.0801	0.71596
83	0.14271	0.14271	0.00000	0.00000	0.0739	0.0772	0.71861
84	0.14345	0.14345	0.00000	0.00000	0.0689	0.0767	0.69819
85	0.14795	0.14795	0.00000	0.00000	0.0695	0.0833	0.71390
86	0.15153	0.15153	0.00000	0.00000	0.0567	0.0739	0.72305
87	0.14550	0.14550	0.00000	0.00000	0.0747	0.0724	0.73026
88	0.13937	0.13937	0.00000	0.00000	0.0744	0.0597	0.70911
89	0.14374	0.14374	0.00000	0.00000	0.0727	0.0773	0.71721
90	0.14221	0.14221	0.00000	0.00000	0.0691	0.0788	0.72063
91	0.14371	0.14371	0.00000	0.00000	0.0848	0.0738	0.72277
92	0.13793	0.13793	0.00000	0.00000	0.0691	0.0670	0.69531
93	0.14413	0.14413	0.00000	0.00000	0.0769	0.0771	0.68252
94	0.13849	0.13849	0.00000	0.00000	0.0746	0.0752	0.71480
95	0.12895	0.12895	0.00000	0.00000	0.0825	0.0879	0.70550
96	0.12895	0.12895	0.00000	0.00000	0.0887	0.1143	0.73011
97	0.13014	0.13014	0.00000	0.00000	0.0881	0.1064	0.68772
98	0.12790	0.12790	0.00000	0.00000	0.0872	0.1081	0.72167
99	0.12940	0.12940	0.00000	0.00000	0.0986	0.0809	0.71579
100	0.13515	0.13515	0.00000	0.00000	0.0942	0.0886	0.69020
101	0.12577	0.12577	0.00000	0.00000	0.0781	0.0661	0.71913
102	0.13169	0.13169	0.00000	0.00000	0.0670	0.0795	0.69652
103	0.13589	0.13589	0.00000	0.00000	0.0834	0.0734	0.72680
104	0.13064	0.13064	0.00000	0.00000	0.0702	0.0809	0.69843
105	0.12639	0.12639	0.00000	0.00000	0.0832	0.0745	0.70241
106	0.12753	0.12753	0.00000	0.00000	0.0755	0.0652	0.69197
107	0.12861	0.12861	0.00000	0.00000	0.0685	0.0830	0.70199
108	0.12655	0.12655	0.00000	0.00000	0.0780	0.0860	0.70587
109	0.11824	0.11824	0.00000	0.00000	0.0852	0.0658	0.68627
110	0.12576	0.12576	0.00000	0.00000	0.0760	0.0841	0.70054
111	0.13196	0.13196	0.00000	0.00000	0.0799	0.0851	0.72669
112	0.12729	0.12729	0.00000	0.00000	0.0918	0.0706	0.70857
113	0.12172	0.12172	0.00000	0.00000	0.0787	0.0702	0.70000
114	0.11943	0.11943	0.00000	0.00000	0.0765	0.0811	0.71350
115	0.11850	0.11850	0.00000	0.00000	0.0852	0.0717	0.69919
116	0.12083	0.12083	0.00000	0.00000	0.0796	0.0727	0.71094
117	0.11558	0.11558	0.00000	0.00000	0.0833	0.0826	0.69135
118	0.12347	0.12347	0.00000	0.00000	0.0875	0.0998	0.70920
119	0.11951	0.11951	0.00000	0.00000	0.0810	0.0585	0.72864
120	0.11874	0.11874	0.00000	0.00000	0.0718	0.0730	0.72047
121	0.12069	0.12069	0.00000	0.00000	0.0791	0.0826	0.71031
122	0.11271	0.11271	0.00000	0.00000	0.0755	0.0601	0.71620
123	0.11277	0.11277	0.00000	0.00000	0.0739	0.0715	0.69032
124	0.11443	0.11443	0.00000	0.00000	0.0680	0.0818	0.72319
125	0.11214	0.11214	0.00000	0.00000	0.0701	0.0747	0.70242
126	0.11198	0.11198	0.00000	0.00000	0.0687	0.0616	0.70266
127	0.11373	0.11373	0.00000	0.00000	0.0548	0.0739	0.70548
128	0.11628	0.11628	0.00000	0.00000	0.0626	0.0714	0.69624
129	0.11631	0.11631	0.00000	0.00000	0.0722	0.0786	0.72089
130	0.11800	0.11800	0.00000	0.00000	0.0637	0.0826	0.70228
131	0.12154	0.12154	0.00000	0.00000	0.0721	0.0928	0.71487
132	0.11245	0.11245	0.00000	0.00000	0.0801	0.0711	0.69977
133	0.10526	0.10526	0.00000	0.00000	0.0769	0.0821	0.68981
134	0.11290	0.11290	0.00000	0.00000	0.0798	0.0577	0.69085
135	0.10948	0.10948	0.00000	0.00000	0.0851	0.0773	0.69821
136	0.10809	0.10809	0.00000	0.00000	0.0752	0.0775	0.70387
137	0.10997	0.10997	0.00000	0.00000	0.0794	0.0978	0.70996
138	0.10787	0.10787	0.00000	0.00000	0.0720	0.0755	0.70758
139	0.10689	0.10689	0.00000	0.00000	0.0768	0.0961	0.70881
140	0.10629	0.10629	0.00000	0.00000	0.0773	0.0849	0.69425
141	0.10081	0.10081	0.00000	0.00000	0.0674	0.0680	0.70345
142	0.10796	0.10796	0.00000	0.00000	0.0728	0.0787	0.70311
143	0.10644	0.10644	0.00000	0.00000	0.0795	0.0510	0.71012
144	0.11043	0.11043	0.00000	0.00000	0.0606	0.0894	0.68902
145	0.10456	0.10456	0.00000	0.00000	0.0769	0.0565	0.67685
146	0.10397	0.10397	0.00000	0.00000	0.0590	0.0689	0.71993
147	0.11226	0.11226	0.00000	0.00000	0.0467	0.0657	0.70112
148	0.10560	0.10560	0.00000	0.00000	0.0647	0.0644	0.68793
149	0.10295	0.10295	0.00000	0.00000	0.0515	0.0695	0.68880
150	0.10473	0.10473	0.00000	0.00000	0.0581	0.0598	0.71718
151	0.10106	0.10106	0.00000	0.00000	0.0670	0.0346	0.70328
152	0.10172	0.10172	0.00000	0.00000	0.0542	0.0457	0.67172
153	0.10607	0.10607	0.00000	0.00000	0.0559	0.0834	0.71212
154	0.10579	0.10579	0.00000	0.00000	0.0593	0.0446	0.73472
155	0.10904	0.10904	0.00000	0.00000	0.0533	0.0559	0.71515
156	0.10516	0.10516	0.00000	0.00000	0.0703	0.0449	0.70074
157	0.10387	0.10387	0.00000	0.00000	0.0373	0.0489	0.69253
158	0.09750	0.09750	0.00000	0.00000	0.0560	0.0521	0.69969
159	0.10823	0.10823	0.00000	0.00000	0.0435	0.0277	0.70147
160	0.09899	0.09899	0.00000	0.00000	0.0456	0.0587	0.69983
161	0.09669	0.09669	0.00000	0.00000	0.0608	0.0458	0.69943
162	0.09959	0.09959	0.00000	0.00000	0.0545	0.0568	0.69979
163	0.10012	0.10012	0.00000	0.00000	0.0494	0.0393	0.70371
164	0.10813	0.10813	0.00000	0.00000	0.0484	0.0418	0.69735
165	0.10051	0.10051	0.00000	0.00000	0.0471	0.0779	0.69921
166	0.10793	0.10793	0.00000	0.00000	0.0589	0.0561	0.69631
167	0.10506	0.10506	0.00000	0.00000	0.0461	0.0240	0.67278
168	0.10036	0.10036	0.00000	0.00000	0.0453	0.0243	0.70152
169	0.09844	0.09844	0.00000	0.00000	0.0387	0.0236	0.70744
170	0.09739	0.09739	0.00000	0.00000	0.0391	0.0518	0.72218
171	0.10864	0.10864	0.00000	0.00000	0.0650	0.0182	0.70712
172	0.10306	0.10306	0.00000	0.00000	0.0440	0.0867	0.70826
173	0.09937	0.09937	0.00000	0.00000	0.0566	0.0230	0.70243
174	0.09342	0.09342	0.00000	0.00000	0.0455	0.0328	0.70576
175	0.09476	0.09476	0.00000	0.00000	0.0493	0.0388	0.70188
176	0.09615	0.09615	0.00000	0.00000	0.0492	0.0397	0.69806
177	0.09339	0.09339	0.00000	0.00000	0.0458	0.0468	0.70250
178	0.09419	0.09419	0.00000	0.00000	0.0466	0.0282	0.69899
179	0.09610	0.09610	0.00000	0.00000	0.0430	0.0278	0.71339
180	0.09083	0.09083	0.00000	0.00000	0.0378	0.0462	0.69816
181	0.08968	0.08968	0.00000	0.00000	0.0389	0.0398	0.70835
182	0.09070	0.09070	0.00000	0.00000	0.0388	0.0531	0.70503
183	0.08791	0.08791	0.00000	0.00000	0.0363	0.0422	0.69070
184	0.09038	0.09038	0.00000	0.00000	0.0348	0.0731	0.69142
185	0.09833	0.09833	0.00000	0.00000	0.0458	0.0431	0.69774
186	0.09016	0.09016	0.00000	0.00000	0.0473	0.0443	0.72243
187	0.10577	0.10577	0.00000	0.00000	0.0465	0.0039	0.69705
188	0.09093	0.09093	0.00000	0.00000	0.0360	0.0323	0.67768
189	0.09691	0.09691	0.00000	0.00000	0.0516	0.0445	0.72545
190	0.09716	0.09716	0.00000	0.00000	0.0380	0.0419	0.68930
191	0.09270	0.09270	0.00000	0.00000	0.0523	0.0343	0.68740
192	0.08838	0.08838	0.00000	0.00000	0.0429	0.0783	0.70546
193	0.08971	0.08971	0.00000	0.00000	0.0494	0.0334	0.69942
194	0.09319	0.09319	0.00000	0.00000	0.0405	0.0680	0.73138
195	0.09170	0.09170	0.00000	0.00000	0.0572	0.0526	0.68974
196	0.08083	0.08083	0.00000	0.00000	0.0470	0.0674	0.70356
197	0.08904	0.08904	0.00000	0.00000	0.0618	0.0730	0.70646
198	0.08555	0.08555	0.00000	0.00000	0.0438	0.0621	0.70258
199	0.09591	0.09591	0.00000	0.00000	0.0477	0.0076	0.70950
200	0.09388	0.09388	0.00000	0.00000	0.0254	0.0520	0.69014
201	0.08899	0.08899	0.00000	0.00000	0.0463	0.0337	0.70593
202	0.09394	0.09394	0.00000	0.00000	0.0398	0.0520	0.69825
203	0.09148	0.09148	0.00000	0.00000	0.0392	0.0453	0.71339
204	0.09244	0.09244	0.00000	0.00000	0.0487	0.0507	0.70858
205	0.08967	0.08967	0.00000	0.00000	0.0579	0.0216	0.70467
206	0.08947	0.08947	0.00000	0.00000	0.0524	0.0338	0.70158
207	0.08522	0.08522	0.00000	0.00000	0.0480	0.0654	0.71381
208	0.08812	0.08812	0.00000	0.00000	0.0542	0.0476	0.71012
209	0.08481	0.08481	0.00000	0.00000	0.0444	0.0943	0.70805
210	0.08366	0.08366	0.00000	0.00000	0.0573	0.0426	0.71713
211	0.08381	0.08381	0.00000	0.00000	0.0383	0.0501	0.68611
212	0.08671	0.08671	0.00000	0.00000	0.0461	0.0537	0.67399
213	0.08021	0.08021	0.00000	0.00000	0.0548	0.0561	0.72585
214	0.08682	0.08682	0.00000	0.00000	0.0582	0.0632	0.70494
215	0.09524	0.09524	0.00000	0.00000	0.0502	0.0617	0.69092
216	0.09478	0.09478	0.00000	0.00000	0.0580	0.0267	0.69888
217	0.08798	0.08798	0.00000	0.00000	0.0442	0.0542	0.69982
218	0.08037	0.08037	0.00000	0.00000	0.0467	0.0407	0.70213
219	0.08359	0.08359	0.00000	0.00000	0.0499	0.0676	0.70443
220	0.08137	0.08137	0.00000	0.00000	0.0579	0.0186	0.69784
221	0.08648	0.08648	0.00000	0.00000	0.0515	0.0473	0.68537
222	0.09550	0.09550	0.00000	0.00000	0.0551	0.0551	0.69485
223	0.09346	0.09346	0.00000	0.00000	0.0477	0.0837	0.72928
224	0.09012	0.09012	0.00000	0.00000	0.0521	-0.0004	0.71408
225	0.08745	0.08745	0.00000	0.00000	0.0405	0.0623	0.70953
226	0.09287	0.09287	0.00000	0.00000	0.0382	0.0248	0.71545
227	0.08615	0.08615	0.00000	0.00000	0.0432	0.0357	0.70107
228	0.08507	0.08507	0.00000	0.00000	0.0564	0.0595	0.69448
229	0.08563	0.08563	0.00000	0.00000	0.0451	0.0505	0.70426
230	0.08970	0.08970	0.00000	0.00000	0.0536	0.0281	0.70127
231	0.08729	0.08729	0.00000	0.00000	0.0442	0.0679	0.69273
232	0.08513	0.08513	0.00000	0.00000	0.0450	0.0700	0.70701
233	0.08315	0.08315	0.00000	0.00000	0.0716	0.0418	0.72352
234	0.07763	0.07763	0.00000	0.00000	0.0425	0.0361	0.70024
235	0.07682	0.07682	0.00000	0.00000	0.0561	0.0378	0.71216
236	0.07768	0.07768	0.00000	0.00000	0.0497	0.0364	0.70595
237	0.08549	0.08549	0.00000	0.00000	0.0525	0.0242	0.70343
238	0.09050	0.09050	0.00000	0.00000	0.0286	0.0521	0.70100
239	0.09029	0.09029	0.00000	0.00000	0.0599	0.0439	0.69772
240	0.08227	0.08227	0.00000	0.00000	0.0439	0.0656	0.71215
241	0.07767	0.07767	0.00000	0.00000	0.0520	0.0636	0.69934
242	0.08414	0.08414	0.00000	0.00000	0.0519	0.0608	0.69678
243	0.08156	0.08156	0.00000	0.00000	0.0496	0.0584	0.67981
244	0.07618	0.07618	0.00000	0.00000	0.0502	0.0582	0.71031
245	0.08135	0.08135	0.00000	0.00000	0.0525	0.0217	0.70378
246	0.08426	0.08426	0.00000	0.00000	0.0458	0.0279	0.68163
247	0.07918	0.07918	0.00000	0.00000	0.0461	0.0490	0.68862
248	0.07823	0.07823	0.00000	0.00000	0.0372	0.0412	0.67896
249	0.07615	0.07615	0.00000	0.00000	0.0408	0.0537	0.69585
250	0.08428	0.08428	0.00000	0.00000	0.0400	0.0232	0.69423
251	0.08378	0.08378	0.00000	0.00000	0.0383	0.0579	0.69271
252	0.08093	0.08093	0.00000	0.00000	0.0537	0.0500	0.69312
253	0.08071	0.08071	0.00000	0.00000	0.0398	0.0389	0.70360
254	0.08152	0.08152	0.00000	0.00000	0.0552	0.0475	0.69229
255	0.07610	0.07610	0.00000	0.00000	0.0708	0.0784	0.67889
256	0.07651	0.07651	0.00000	0.00000	0.0645	0.0654	0.69252
257	0.08273	0.08273	0.00000	0.00000	0.0566	0.0488	0.70446
258	0.08227	0.08227	0.00000	0.00000	0.0710	0.0610	0.68029
259	0.07835	0.07835	0.00000	0.00000	0.0724	0.0634	0.69871
260	0.07749	0.07749	0.00000	0.00000	0.0636	0.0836	0.69646
261	0.07841	0.07841	0.00000	0.00000	0.0754	0.0951	0.69498
262	0.07594	0.07594	0.00000	0.00000	0.0781	0.0777	0.71275
263	0.07831	0.07831	0.00000	0.00000	0.0838	0.0831	0.69057
264	0.07689	0.07689	0.00000	0.00000	0.0646	0.0475	0.70369
265	0.09683	0.09683	0.00000	0.00000	0.0708	0.0628	0.71205
266	0.08648	0.08648	0.00000	0.00000	0.0492	0.1091	0.68803
267	0.08325	0.08325	0.00000	0.00000	0.0878	0.0925	0.70315
268	0.07491	0.07491	0.00000	0.00000	0.0578	0.0546	0.69047
269	0.07288	0.07288	0.00000	0.00000	0.0785	0.0813	0.69125
270	0.07696	0.07696	0.00000	0.00000	0.0847	0.0710	0.70197
271	0.07506	0.07506	0.00000	0.00000	0.0767	0.1026	0.66297
272	0.07351	0.07351	0.00000	0.00000	0.0880	0.0802	0.70764
273	0.07437	0.07437	0.00000	0.00000	0.0850	0.0909	0.69826
274	0.07540	0.07540	0.00000	0.00000	0.0812	0.1085	0.67407
275	0.08197	0.08197	0.00000	0.00000	0.0826	0.1042	0.68432
276	0.07814	0.07814	0.00000	0.00000	0.0779	0.0758	0.69722
277	0.07594	0.07594	0.00000	0.00000	0.0722	0.0664	0.70602
278	0.07263	0.07263	0.00000	0.00000	0.0692	0.0815	0.69265
279	0.07251	0.07251	0.00000	0.00000	0.0655	0.0890	0.68874
280	0.07082	0.07082	0.00000	0.00000	0.0794	0.0697	0.68966
281	0.07857	0.07857	0.00000	0.00000	0.0583	0.0897	0.70133
282	0.07663	0.07663	0.00000	0.00000	0.0843	0.0849	0.67912
283	0.07187	0.07187	0.00000	0.00000	0.0801	0.0422	0.69774
284	0.08175	0.08175	0.00000	0.00000	0.0757	0.0939	0.70173
285	0.07571	0.07571	0.00000	0.00000	0.0939	0.1018	0.70435
286	0.08300	0.08300	0.00000	0.00000	0.0905	0.0839	0.69827
287	0.07383	0.07383	0.00000	0.00000	0.0775	0.0938	0.69570
288	0.07288	0.07288	0.00000	0.00000	0.0924	0.0473	0.69721
289	0.06770	0.06770	0.00000	0.00000	0.0672	0.0730	0.69279
290	0.07355	0.07355	0.00000	0.00000	0.0931	0.0632	0.68263
291	0.06926	0.06926	0.00000	0.00000	0.0856	0.0747	0.70871
292	0.07510	0.07510	0.00000	0.00000	0.0986	0.0680	0.68304
293	0.08468	0.08468	0.00000	0.00000	0.0894	0.0925	0.68041
294	0.07950	0.07950	0.00000	0.00000	0.0887	0.1027	0.70155
295	0.08244	0.08244	0.00000	0.00000	0.0992	0.0707	0.69135
296	0.07156	0.07156	0.00000	0.00000	0.0851	0.1095	0.68679
297	0.07408	0.07408	0.00000	0.00000	0.1037	0.0877	0.69061
298	0.07714	0.07714	0.00000	0.00000	0.0995	0.0620	0.68931
299	0.07583	0.07583	0.00000	0.00000	0.0878	0.1089	0.69320
